[ENV] transformers=4.52.4 tokenizers=0.21.4 torch=2.6.0+cu124

Loading checkpoint shards:   0%|          | 0/4 [00:00<?, ?it/s]
Loading checkpoint shards:  25%|##5       | 1/4 [00:02<00:07,  2.56s/it]
Loading checkpoint shards:  50%|#####     | 2/4 [00:05<00:05,  2.52s/it]
Loading checkpoint shards:  75%|#######5  | 3/4 [00:07<00:02,  2.44s/it]
Loading checkpoint shards: 100%|##########| 4/4 [00:08<00:00,  1.85s/it]
Loading checkpoint shards: 100%|##########| 4/4 [00:08<00:00,  2.08s/it]

[MODEL_OUTPUT idx=0]
The observed trend in the current month's weekly dOT (proportion of influenza patients) shows a consistent increase, starting from around -1.02 and ending at approximately 0.02, with an overall amplitude of 1.04. This upward trend suggests a growing proportion of influenza cases within the population. Possible real-world causes could include seasonal factors such as colder weather driving more indoor gatherings, leading to increased viral transmission. Alternatively, it might indicate a new strain of influenza with higher transmissibility or reduced vaccine effectiveness against the current circulating strains. Additionally, public health measures from the previous month, such as reduced mask-wearing or fewer social distancing protocols, could have contributed to the rise in cases. These factors collectively explain the observed increase in the proportion of influenza patients. Based on the current month's trend, plausible real-time events include: 1) Centers for Disease Control and Prevention|detect|influenza|up, indicating a rise in influenza cases detected by the CDC. 2) Advisory Committee on Immunization Practices|recommend_vaccination|vaccination|up, suggesting a recommendation for additional vaccinations to counter the increasing cases. 3) National Institutes of Health|conduct_study|h1n1|up, as the rise in cases might prompt research into H1N1 subtypes. 4) Food and Drug Administration|approve_authorize|oseltamivir|up, with the FDA possibly authorizing more oseltamivir for treatment due to increased cases. 5) World Health Organization|report_release|cases|up, as the WHO might release a report on the rising global influenza cases. These events align with the observed upward trend in the current month's dOT data.
⟪FINAL⟫
{
"hypotheses": [
    {
    "key": "centers_for_disease_control|detect|influenza|up"
    },
    {
    "key": "advisory_committee_on_immunization_practices|recommend_vaccination|vaccination|up"
    },
    {
    "key": "national_institutes_of_health|conduct_study|h1n1|up"
    },
    {
    "key": "food_and_drug_administration|approve_authorize|oseltamivir|up"
    },
    {
    "key": "world_health_organization|report_release|cases|up"
    }
]
}
[PARSED_KEYS idx=0] ["centers_for_disease_control|detect|influenza|up", "advisory_committee_on_immunization_practices|recommend_vaccination|vaccination|up", "national_institutes_of_health|conduct_study|h1n1|up", "food_and_drug_administration|approve_authorize|oseltamivir|up", "world_health_organization|report_release|cases|up"]
recall_all: 0.0 precision_all: 0.0
[PROGRESS] 1/17 overall=0.0000

[MODEL_OUTPUT idx=1]
The observed trend in the current month's weekly dOT data shows a steady overall pattern with no significant periodic fluctuations, starting and ending at around -0.07, indicating a consistent baseline without notable seasonal variations. This stability suggests that the factors influencing the proportion of influenza patients have remained relatively constant during this period. Potential real-world causes could include consistent public health measures, stable population immunity levels, or a lack of significant viral mutations affecting transmission. Given the absence of local characteristics or noise, the data likely reflects a controlled environment with minimal external disruptions. Hypothesizing real-time events within the current month, possible explanations include: 1) Centers for Disease Control and Prevention|issue_guidance|vaccination|up, as updated vaccination guidelines might have been issued to maintain current patient proportions. 2) Advisory Committee on Immunization Practices|recommend_vaccination|influenza|up, as they might have recommended additional vaccinations to sustain the steady trend. 3) National Institutes of Health|conduct_study|influenza|ambiguous, as a study on influenza dynamics could have been ongoing, influencing patient proportions without significant changes. 4) Food and Drug Administration|approve_authorize|vaccine|up, as a new vaccine might have been authorized, contributing to the steady trend. 5) Health and Human Services|detect|hospitalizations|down, as they might have detected a decrease in hospitalizations related to influenza, aligning with the steady dOT trend.
⟪FINAL⟫
{
"hypotheses": [
    {
    "key": "centers_for_disease_control|issue_guidance|vaccination|up"
    },
    {
    "key": "advisory_committee_on_immunization_practices|recommend_vaccination|influenza|up"
    },
    {
    "key": "national_institutes_of_health|conduct_study|influenza|ambiguous"
    },
    {
    "key": "food_and_drug_administration|approve_authorize|vaccine|up"
    },
    {
    "key": "health_and_human_services|detect|hospitalizations|down"
    }
]
}
[PARSED_KEYS idx=1] ["centers_for_disease_control|issue_guidance|vaccination|up", "advisory_committee_on_immunization_practices|recommend_vaccination|influenza|up", "national_institutes_of_health|conduct_study|influenza|ambiguous", "food_and_drug_administration|approve_authorize|vaccine|up", "health_and_human_services|detect|hospitalizations|down"]
recall_all: 0.0 precision_all: 0.0

[MODEL_OUTPUT idx=2]
The observed trend in the current month's weekly dOT (change in OT) shows a consistent decrease from approximately 0.03 to -0.14, indicating a steady downward slope. This pattern suggests a gradual reduction in the rate of change of the influenza patients proportion, which could be due to several real-world factors. First, the implementation of effective public health interventions, such as increased vaccination rates or enhanced hygiene measures, might have reduced the spread of the flu. Second, seasonal factors, like the end of flu season, could naturally lead to a decline in cases. Third, the emergence of a less virulent strain of the influenza virus might have contributed to the observed trend. These factors are plausible because they align with the observed steady decrease in the rate of change of the influenza patients proportion. Potential real-time events that occurred within the current month include: 1) Centers for Disease Control and Prevention issue guidance on enhanced flu prevention measures; 2) United States recommend vaccination for high-risk groups; 3) Advisory Committee on Immunization Practices approve authorization of a new influenza vaccine; 4) National Institutes of Health conduct a study on the effectiveness of recent public health interventions; 5) Health and Human Services report a decline in hospitalizations related to influenza.
⟪FINAL⟫
{
"hypotheses": [
    {"key": "centers_for_disease_control|issue_guidance|influenza|down"},
    {"key": "united_states|recommend_vaccination|influenza|down"},
    {"key": "advisory_committee_on_immunization_practices|approve_authorize|vaccine|down"},
    {"key": "national_institutes_of_health|conduct_study|influenza|down"},
    {"key": "health_and_human_services|report_release|hospitalizations|down"}
]
}
[PARSED_KEYS idx=2] ["centers_for_disease_control|issue_guidance|influenza|down", "united_states|recommend_vaccination|influenza|down", "advisory_committee_on_immunization_practices|approve_authorize|vaccine|down", "national_institutes_of_health|conduct_study|influenza|down", "health_and_human_services|report_release|hospitalizations|down"]
recall_all: 0.0 precision_all: 0.0

[MODEL_OUTPUT idx=3]
The observed trend in the current month's weekly dOT data shows a consistent increase from approximately -0.13 to 0.04, indicating a gradual upward movement. This pattern suggests a potential real-world cause such as a delayed response to seasonal flu activity, where public health measures or vaccine distribution efforts may have been slow to implement, leading to a gradual rise in cases. Alternatively, it could reflect a shift in population immunity due to waning protection from previous vaccinations or a change in viral strain dominance. The absence of periodic fluctuations and minimal noise implies a steady, non-cyclical trend, which aligns with a gradual, systemic factor rather than sudden, isolated events. Given this context, plausible real-time events within the current month could include the advisory committee on immunization practices issuing guidance on updated vaccine formulations, the centers for disease control detecting a localized outbreak in a previously unaffected region, the national institutes of health conducting a study on the effectiveness of antiviral medications, the health and human services department launching a public awareness campaign about flu prevention, and the food and drug administration approving an emergency use authorization for a new antiviral drug. These events collectively could explain the observed upward trend in dOT.
⟪FINAL⟫
{
"hypotheses": [
    {
    "key": "advisory_committee_on_immunization_practices|issue_guidance|vaccination|up"
    },
    {
    "key": "centers_for_disease_control|detect|influenza|h5n1"
    },
    {
    "key": "national_institutes_of_health|conduct_study|h1n1|up"
    },
    {
    "key": "health_and_human_services|launch|prevention|up"
    },
    {
    "key": "food_and_drug_administration|approve_authorize|vaccine|up"
    }
]
}
[PARSED_KEYS idx=3] ["advisory_committee_on_immunization_practices|issue_guidance|vaccination|up", "centers_for_disease_control|detect|influenza|h5n1", "national_institutes_of_health|conduct_study|h1n1|up", "health_and_human_services|launch|prevention|up", "food_and_drug_administration|approve_authorize|vaccine|up"]
recall_all: 0.0 precision_all: 0.0

[MODEL_OUTPUT idx=4]
The observed trend in the current month's weekly dOT data shows a decreasing pattern, starting from around -0.02 and ending at around -0.25 with an overall amplitude of -0.22. This downward trend in dOT (daily change in the proportion of U.S. influenza patients) suggests a reduction in the rate of new influenza cases or recoveries. A plausible real-world cause could be the implementation of effective public health interventions, such as increased vaccination campaigns or stricter hygiene measures, which may have slowed the spread of the virus. Additionally, seasonal factors, like the end of flu season, could contribute to this decline. The smooth curve with minimal noise indicates that the trend is consistent and not driven by random fluctuations, reinforcing the likelihood of a sustained intervention or seasonal effect. 
⟪FINAL⟫
{
"hypotheses": [
    {"key": "centers_for_disease_control|issue_guidance|vaccination|up"},
    {"key": "united_states|implement|hygiene_measures|up"},
    {"key": "national_institutes_of_health|conduct_study|influenza|up"},
    {"key": "advisory_committee_on_immunization_practices|recommend_vaccination|influenza|up"},
    {"key": "world_health_organization|detect|influenza|up"}
]
}
[PARSED_KEYS idx=4] ["centers_for_disease_control|issue_guidance|vaccination|up", "united_states|implement|hygiene_measures|up", "national_institutes_of_health|conduct_study|influenza|up", "advisory_committee_on_immunization_practices|recommend_vaccination|influenza|up", "world_health_organization|detect|influenza|up"]
recall_all: 0.0 precision_all: 0.0
[PROGRESS] 5/17 overall=0.0000

[MODEL_OUTPUT idx=5]
The observed trend in the current month's weekly dOT data shows a steady overall pattern with no significant changes in slope, starting and ending around -0.11 and -0.03 respectively, and an overall amplitude of 0.08. This steady trend suggests that the factors influencing the influenza patients proportion have remained relatively stable, with no major shifts in vaccination rates, viral mutations, or public health interventions. The absence of periodic fluctuations indicates that seasonal variations or cyclical factors have not played a significant role in the current month's data. Potential real-world driving factors could include consistent public health measures, stable viral activity, or a lack of major outbreaks or mutations during this period. Given the steady trend and the requirement to hypothesize events within the current month only, plausible events might involve the Centers for Disease Control and Prevention issuing guidance on maintaining current public health measures, the Advisory Committee on Immunization Practices recommending continued vaccination efforts, or the Food and Drug Administration approving the use of a new antiviral medication for influenza treatment. These events align with the steady trend by reinforcing existing practices and interventions that have not led to significant changes in the influenza patients proportion.
⟪FINAL⟫
{
"hypotheses": [
    {
    "key": "centers_for_disease_control|issue_guidance|influenza|steady"
    },
    {
    "key": "advisory_committee_on_immunization_practices|recommend_vaccination|vaccination|steady"
    },
    {
    "key": "food_and_drug_administration|approve_authorize|vaccine|steady"
    },
    {
    "key": "national_institutes_of_health|conduct_study|h1n1|steady"
    },
    {
    "key": "health_and_human_services|detect|hospitalizations|steady"
    }
]
}
[PARSED_KEYS idx=5] ["centers_for_disease_control|issue_guidance|influenza|steady", "advisory_committee_on_immunization_practices|recommend_vaccination|vaccination|steady", "food_and_drug_administration|approve_authorize|vaccine|steady", "national_institutes_of_health|conduct_study|h1n1|steady", "health_and_human_services|detect|hospitalizations|steady"]
recall_all: 0.03333333333333333 precision_all: 0.03333333333333333

[MODEL_OUTPUT idx=6]
The observed trend in the current month's weekly dOT data shows a clear increasing pattern, starting from around -0.09 and ending at approximately 0.10 with an overall amplitude of 0.19. This upward trend suggests a growing proportion of influenza patients over time, which could be attributed to several real-world factors. First, the timing aligns with seasonal flu activity, as flu typically peaks during winter months when people spend more time indoors, facilitating virus transmission. Second, the increasing trend might indicate a delayed response to vaccination campaigns, as vaccine effectiveness wanes over time and new strains emerge, leading to higher infection rates. Third, the trend could be linked to reduced public health measures, such as mask mandates or social distancing, which were relaxed in many areas, allowing for more community transmission. These factors collectively contribute to the observed upward trend in the current month's dOT data. 
⟪FINAL⟫
{
"hypotheses": [
    {"key": "centers_for_disease_control|report_release|influenza|up"},
    {"key": "united_states|detect|influenza|up"},
    {"key": "national_institutes_of_health|conduct_study|vaccination|ambiguous"},
    {"key": "advisory_committee_on_immunization_practices|recommend_vaccination|influenza|up"},
    {"key": "health_and_human_services|approve_authorize|vaccine|ambiguous"}
]
}
[PARSED_KEYS idx=6] ["centers_for_disease_control|report_release|influenza|up", "united_states|detect|influenza|up", "national_institutes_of_health|conduct_study|vaccination|ambiguous", "advisory_committee_on_immunization_practices|recommend_vaccination|influenza|up", "health_and_human_services|approve_authorize|vaccine|ambiguous"]
recall_all: 0.08571428571428573 precision_all: 0.05714285714285715

[MODEL_OUTPUT idx=7]
The observed trend in the current month's weekly dOT (proportion of influenza patients) shows a decreasing pattern, starting from around 0.18 and ending at approximately 0.05, with an overall amplitude of -0.13. This downward trend could be attributed to several real-world factors: 1) The Centers for Disease Control and Prevention (CDC) issued guidance promoting vaccination campaigns, leading to a reduction in new infections. 2) The Advisory Committee on Immunization Practices (ACIP) recommended a new, more effective vaccine, which was rapidly adopted by healthcare providers. 3) A significant portion of the population received the seasonal flu vaccine, resulting in fewer cases. 4) Public health measures, such as mask mandates and social distancing, were strictly enforced in certain regions, limiting virus transmission. 5) The Food and Drug Administration (FDA) approved an updated antiviral medication, which was widely prescribed to treat severe cases, reducing hospitalizations and mortality rates. These events collectively contributed to the observed decrease in the proportion of influenza patients.
⟪FINAL⟫
{
"hypotheses": [
    {
    "key": "centers_for_disease_control|issue_guidance|influenza|down"
    },
    {
    "key": "advisory_committee_on_immunization_practices|recommend_vaccination|vaccination|up"
    },
    {
    "key": "united_states|conduct_vaccination_campaign|influenza|down"
    },
    {
    "key": "food_and_drug_administration|approve_authorize|vaccine|up"
    },
    {
    "key": "national_institutes_of_health|release_study|influenza_cases|down"
    }
]
}
[PARSED_KEYS idx=7] ["centers_for_disease_control|issue_guidance|influenza|down", "advisory_committee_on_immunization_practices|recommend_vaccination|vaccination|up", "united_states|conduct_vaccination_campaign|influenza|down", "food_and_drug_administration|approve_authorize|vaccine|up", "national_institutes_of_health|release_study|influenza_cases|down"]
recall_all: 0.07500000000000001 precision_all: 0.05

[MODEL_OUTPUT idx=8]
The observed trend in the current month's weekly dOT data shows a consistent upward trajectory, starting from around -0.03 and ending at approximately 0.08, with an overall amplitude of 0.11. This pattern suggests a gradual increase in the rate of change of the influenza patients proportion, which could be attributed to several real-world factors. For instance, the timing aligns with the typical seasonal flu activity peaks in the U.S., where increased viral transmission during colder months might drive this trend. Additionally, the absence of significant noise indicates a stable and predictable increase, possibly due to consistent public health measures or a new strain of the virus gaining traction. Potential real-time events that could explain this trend include the CDC issuing guidance on enhanced surveillance for influenza, the Advisory Committee on Immunization Practices recommending updated vaccines, or the Food and Drug Administration authorizing new antiviral treatments for influenza. These events would collectively contribute to a higher rate of change in the proportion of influenza patients. 
⟪FINAL⟫
{
"hypotheses": [
    {
    "key": "centers_for_disease_control|issue_guidance|influenza|up"
    },
    {
    "key": "advisory_committee_on_immunization_practices|recommend_vaccination|vaccination|up"
    },
    {
    "key": "food_and_drug_administration|authorize|vaccine|up"
    },
    {
    "key": "national_institutes_of_health|conduct_study|h1n1|up"
    },
    {
    "key": "health_and_human_services|detect|hospitalizations|up"
    }
]
}
[PARSED_KEYS idx=8] ["centers_for_disease_control|issue_guidance|influenza|up", "advisory_committee_on_immunization_practices|recommend_vaccination|vaccination|up", "food_and_drug_administration|authorize|vaccine|up", "national_institutes_of_health|conduct_study|h1n1|up", "health_and_human_services|detect|hospitalizations|up"]
recall_all: 0.06666666666666668 precision_all: 0.044444444444444446

[MODEL_OUTPUT idx=9]
The observed trend in the current month's weekly dOT data shows a consistent increase from around 0.05 to 0.41, indicating a steady upward slope with no periodic fluctuations or local characteristics. This pattern suggests a gradual and sustained rise in the proportion of influenza patients, which could be attributed to factors such as seasonal viral spread, waning immunity in the population, or delayed public health interventions. The absence of periodic fluctuations implies that the increase is not driven by typical seasonal cycles, pointing to a more persistent underlying cause. Potential real-time events within the current month that align with this trend include the advisory committee on immunization practices issuing guidance on updated vaccine formulations, the national institutes of health releasing a study on emerging viral mutations, the health and human services department launching a public awareness campaign on flu prevention, the food and drug administration authorizing emergency use of a new antiviral medication, or the centers for disease control detecting a localized outbreak in a high-risk area. These events collectively could explain the observed upward trend in dOT.
⟪FINAL⟫
{
"hypotheses": [
    {
    "key": "advisory_committee_on_immunization_practices|issue_guidance|vaccination|up"
    },
    {
    "key": "national_institutes_of_health|release_study|influenza|up"
    },
    {
    "key": "health_and_human_services|launch_campaign|flu_prevention|up"
    },
    {
    "key": "food_and_drug_administration|authorize|antiviral_medication|up"
    },
    {
    "key": "centers_for_disease_control|detect|outbreak|up"
    }
]
}
[PARSED_KEYS idx=9] ["advisory_committee_on_immunization_practices|issue_guidance|vaccination|up", "national_institutes_of_health|release_study|influenza|up", "health_and_human_services|launch_campaign|flu_prevention|up", "food_and_drug_administration|authorize|antiviral_medication|up", "centers_for_disease_control|detect|outbreak|up"]
recall_all: 0.06000000000000001 precision_all: 0.04
[PROGRESS] 10/17 overall=0.0000

[MODEL_OUTPUT idx=10]
The observed trend in the current month's weekly dOT data shows an increasing pattern, starting from around 0.25 and ending at around 0.39 with an overall amplitude of 0.15. This upward trend could be attributed to several real-world factors. First, the Centers for Disease Control and Prevention (CDC) might have issued guidance emphasizing vaccination campaigns, leading to a rise in reported cases as more people seek care. Second, the Advisory Committee on Immunization Practices (ACIP) could have recommended a new vaccine, increasing public awareness and reporting. Third, the Food and Drug Administration (FDA) might have approved a new antiviral drug, which could lead to more cases being identified and reported. Fourth, the National Institutes of Health (NIH) could have conducted a study on influenza, resulting in more detailed tracking and higher reported dOT values. Fifth, the World Health Organization (WHO) might have released a report highlighting a global influenza outbreak, prompting increased monitoring and reporting in the U.S. These events align with the observed upward trend in dOT values. 
⟪FINAL⟫
{
"hypotheses": [
    {
    "key": "centers_for_disease_control|issue_guidance|influenza|up"
    },
    {
    "key": "advisory_committee_on_immunization_practices|recommend_vaccination|vaccination|up"
    },
    {
    "key": "food_and_drug_administration|approve_authorize|vaccine|up"
    },
    {
    "key": "national_institutes_of_health|conduct_study|influenza|up"
    },
    {
    "key": "world_health_organization|report_release|influenza|up"
    }
]
}
[PARSED_KEYS idx=10] ["centers_for_disease_control|issue_guidance|influenza|up", "advisory_committee_on_immunization_practices|recommend_vaccination|vaccination|up", "food_and_drug_administration|approve_authorize|vaccine|up", "national_institutes_of_health|conduct_study|influenza|up", "world_health_organization|report_release|influenza|up"]
recall_all: 0.07272727272727274 precision_all: 0.05454545454545456

[MODEL_OUTPUT idx=11]
The observed trend in the current month's weekly dOT data shows a decreasing pattern, starting from around 0.85 and ending at approximately 0.59 with an overall amplitude of -0.26. This downward trend in dOT (daily change in the proportion of U.S. influenza patients) suggests a reduction in the rate of new influenza cases or recoveries. A plausible real-world cause could be the implementation of effective public health interventions, such as increased vaccination campaigns or stricter hygiene measures, which may have slowed the spread of the virus. Additionally, seasonal factors, like the end of flu season, could contribute to this decline. The smooth curve with minimal noise indicates that the trend is consistent and not driven by random fluctuations, reinforcing the likelihood of a sustained intervention or seasonal effect. 
⟪FINAL⟫
{
"hypotheses": [
    {"key": "centers_for_disease_control|issue_guidance|vaccination|up"},
    {"key": "united_states|implement|hygiene_measures|up"},
    {"key": "national_institutes_of_health|conduct_study|influenza|up"},
    {"key": "advisory_committee_on_immunization_practices|recommend_vaccination|influenza|up"},
    {"key": "world_health_organization|confirm|influenza|up"}
]
}
[PARSED_KEYS idx=11] ["centers_for_disease_control|issue_guidance|vaccination|up", "united_states|implement|hygiene_measures|up", "national_institutes_of_health|conduct_study|influenza|up", "advisory_committee_on_immunization_practices|recommend_vaccination|influenza|up", "world_health_organization|confirm|influenza|up"]
recall_all: 0.06666666666666667 precision_all: 0.05000000000000001

[MODEL_OUTPUT idx=12]
The observed trend in the current month's weekly dOT data shows a clear increasing pattern, starting from around -1.14 and ending at approximately 0.05 with an overall amplitude of 1.19. This upward trend suggests a growing concern or change in the influenza situation within the U.S. during this period. Possible real-world causes could include the emergence of a new influenza strain, increased viral transmission due to seasonal factors, or changes in public health measures. Given the context of the current month only, plausible real-time events might involve the Centers for Disease Control and Prevention issuing guidance on enhanced surveillance, the Advisory Committee on Immunization Practices recommending updated vaccinations, or the Food and Drug Administration authorizing new treatments for influenza. These events align with the observed upward trend in dOT, indicating a rising need for public health interventions and responses.
⟪FINAL⟫
{
"hypotheses": [
    {"key": "centers_for_disease_control|issue_guidance|influenza|up"},
    {"key": "advisory_committee_on_immunization_practices|recommend_vaccination|vaccination|up"},
    {"key": "food_and_drug_administration|authorize|treatments|up"},
    {"key": "national_institutes_of_health|conduct_study|h5n1|up"},
    {"key": "health_and_human_services|detect|hospitalizations|up"}
]
}
[PARSED_KEYS idx=12] ["centers_for_disease_control|issue_guidance|influenza|up", "advisory_committee_on_immunization_practices|recommend_vaccination|vaccination|up", "food_and_drug_administration|authorize|treatments|up", "national_institutes_of_health|conduct_study|h5n1|up", "health_and_human_services|detect|hospitalizations|up"]
recall_all: 0.06153846153846154 precision_all: 0.04615384615384616

[MODEL_OUTPUT idx=13]
The observed trend in the current month's weekly dOT data shows a decreasing pattern, starting from around 0.12 and ending at around -0.24 with an overall amplitude of -0.36. This downward trend in dOT (daily change in the proportion of U.S. influenza patients) suggests a reduction in the rate of new influenza cases or recoveries. A plausible real-world cause could be the implementation of effective public health interventions, such as increased vaccination campaigns or stricter hygiene measures, which may have slowed the spread of the virus. Alternatively, seasonal factors like improved weather conditions or reduced indoor gatherings could have contributed to the decline. Another possibility is the natural progression of the flu season, where cases naturally decrease as the season wanes. These events would align with the observed decreasing trend in dOT. 
⟪FINAL⟫
{
"hypotheses": [
    {"key": "centers_for_disease_control|issue_guidance|vaccination|up"},
    {"key": "united_states|implement|hygiene_measures|up"},
    {"key": "national_institutes_of_health|conduct_study|influenza|up"},
    {"key": "advisory_committee_on_immunization_practices|recommend_vaccination|influenza|up"},
    {"key": "health_and_human_services|detect|cases|down"}
]
}
[PARSED_KEYS idx=13] ["centers_for_disease_control|issue_guidance|vaccination|up", "united_states|implement|hygiene_measures|up", "national_institutes_of_health|conduct_study|influenza|up", "advisory_committee_on_immunization_practices|recommend_vaccination|influenza|up", "health_and_human_services|detect|cases|down"]
recall_all: 0.07142857142857142 precision_all: 0.05714285714285715

[MODEL_OUTPUT idx=14]
The observed trend in the current month's weekly dOT data shows a steady increase from around -0.35 to -0.12, with an overall amplitude of 0.23. This upward trend in dOT (daily change in OT) suggests a gradual rise in the proportion of U.S. influenza patients over the month. Possible real-world causes could include seasonal factors such as colder weather driving more indoor gatherings, leading to increased viral transmission. Alternatively, it might reflect delayed public health responses or underreporting in earlier weeks that corrected over time. The smooth curve with minimal noise indicates consistent underlying factors rather than sudden, isolated events. Given the current month-only data, plausible real-time events might involve the Centers for Disease Control and Prevention issuing guidance on enhanced surveillance, the Advisory Committee on Immunization Practices recommending additional vaccination drives, or the Food and Drug Administration authorizing new antiviral treatments for influenza. These events align with the observed steady upward trend in dOT.
⟪FINAL⟫
{
"hypotheses": [
    {
    "key": "centers_for_disease_control|issue_guidance|influenza|up"
    },
    {
    "key": "advisory_committee_on_immunization_practices|recommend_vaccination|vaccination|up"
    },
    {
    "key": "food_and_drug_administration|authorize|vaccine|up"
    },
    {
    "key": "national_institutes_of_health|conduct_study|h1n1|up"
    },
    {
    "key": "health_and_human_services|detect|hospitalizations|up"
    }
]
}
[PARSED_KEYS idx=14] ["centers_for_disease_control|issue_guidance|influenza|up", "advisory_committee_on_immunization_practices|recommend_vaccination|vaccination|up", "food_and_drug_administration|authorize|vaccine|up", "national_institutes_of_health|conduct_study|h1n1|up", "health_and_human_services|detect|hospitalizations|up"]
recall_all: 0.06666666666666667 precision_all: 0.05333333333333334
[PROGRESS] 15/17 overall=0.0000

[MODEL_OUTPUT idx=15]
The observed trend in the current month's weekly dOT data shows a steady overall pattern with a slight upward slope, starting from around -0.20 and ending at around -0.10, with an overall amplitude of 0.10. This steady trend with a slight upward slope suggests a consistent but gradually increasing pressure on healthcare resources related to influenza, possibly due to a slow onset of a new strain or a delayed response to seasonal changes. The low frequency of fluctuations (period of approximately 9.6 points) indicates that the impact of influenza on healthcare resources is not highly variable week-to-week, suggesting a relatively stable and predictable demand. Potential real-time events within the current month could include the advisory committee on immunization practices issuing guidance on updated influenza vaccines, the centers for disease control and prevention detecting a new influenza strain, the national institutes of health conducting a study on vaccine effectiveness, the health and human services reporting a slight increase in hospitalizations, and the food and drug administration approving an additional influenza treatment. These events align with the observed trend of a steady increase in healthcare resource pressure related to influenza.
⟪FINAL⟫
{
"hypotheses": [
    {
    "key": "advisory_committee_on_immunization_practices|issue_guidance|vaccination|up"
    },
    {
    "key": "centers_for_disease_control_and_prevention|detect|influenza|h5n1"
    },
    {
    "key": "national_institutes_of_health|conduct_study|vaccine|up"
    },
    {
    "key": "health_and_human_services|report|hospitalizations|up"
    },
    {
    "key": "food_and_drug_administration|approve_authorize|vaccine|up"
    }
]
}
[PARSED_KEYS idx=15] ["advisory_committee_on_immunization_practices|issue_guidance|vaccination|up", "centers_for_disease_control_and_prevention|detect|influenza|h5n1", "national_institutes_of_health|conduct_study|vaccine|up", "health_and_human_services|report|hospitalizations|up", "food_and_drug_administration|approve_authorize|vaccine|up"]
recall_all: 0.0625 precision_all: 0.05

[MODEL_OUTPUT idx=16]
The observed trend in the current month's weekly dOT data shows a steady trend with no significant changes, indicating a consistent and stable situation regarding the proportion of U.S. influenza patients. This stability could be attributed to several factors, such as effective public health measures, consistent vaccination rates, or a lack of new viral mutations that might cause a surge in cases. The absence of periodic fluctuations and local characteristics suggests that there are no sudden outbreaks or seasonal variations affecting the data. Given that the current month's data is isolated from the preceding three months, the steady trend might reflect a period of controlled influenza activity without external influences like holiday gatherings or school reopenings that typically drive seasonal peaks. Potential real-time events that could explain this steady trend include the continued implementation of mask mandates, stable vaccination distribution, or the absence of a dominant influenza strain causing widespread illness. These events would collectively contribute to maintaining a consistent patient proportion without significant fluctuations.
⟪FINAL⟫
{
"hypotheses": [
    {"key": "centers_for_disease_control|issue_guidance|influenza|ambiguous"},
    {"key": "united_states|maintain|vaccination|up"},
    {"key": "national_institutes_of_health|conduct_study|hospitalizations|down"},
    {"key": "advisory_committee_on_immunization_practices|approve_authorize|vaccine|up"},
    {"key": "health_and_human_services|detect|respiratory_syncytial_virus|ambiguous"}
]
}
[PARSED_KEYS idx=16] ["centers_for_disease_control|issue_guidance|influenza|ambiguous", "united_states|maintain|vaccination|up", "national_institutes_of_health|conduct_study|hospitalizations|down", "advisory_committee_on_immunization_practices|approve_authorize|vaccine|up", "health_and_human_services|detect|respiratory_syncytial_virus|ambiguous"]
recall_all: 0.058823529411764705 precision_all: 0.047058823529411764
