Labels:
['centers_for_disease_control', 'report_release', 'influenza', 'ambiguous']
['centers_for_disease_control', 'report_release', 'influenza', 'up']
['united_states', 'rate_change', 'hospitalizations', 'up']
['united_states', 'report_release', 'influenza', 'ambiguous']
['united_states', 'report_release', 'influenza', 'up']

===== RAW GENERATION (decoded) =====


### Reasoning Paragraph  
The observed trend in the data indicates a steady decline in the proportion of U.S. influenza patients from t0 to t8, followed by a stabilization and slight fluctuation in the subsequent weeks. This pattern suggests a potential waning of the influenza season, which is typical as flu activity often peaks in winter and decreases in spring. However, the slight increase in the current month (c3 and c4) could indicate a resurgence or a new wave of activity, possibly due to changes in virus circulation, reduced immunity, or relaxed public health measures. Additionally, the sharp decrease in the first three weeks of the current month (c0 to c2) might reflect ongoing efforts to control the spread, such as increased vaccination rates or targeted interventions. The overall trend aligns with seasonal patterns but raises questions about the factors driving the recent stabilization and slight uptick in activity.

### Hypotheses  
The following real-time events could plausibly explain the observed trends:  

1. **Centers for Disease Control and Prevention (CDC) issues updated guidance on influenza prevention and control measures, leading to increased awareness and reduced transmission.**  
2. **United States reports a decline in influenza-related hospitalizations due to improved treatment protocols and vaccination rates.**  
3. **World Health Organization (WHO) confirms the circulation of a new influenza variant, prompting increased surveillance and targeted public health responses.**  
4. **Food and Drug Administration (FDA) approves a new influenza vaccine formulation, leading to a surge in vaccination rates.**  
5. **Advisory Committee on Immunization Practices (ACIP) recommends earlier influenza vaccination for the upcoming season, influencing current month trends.**  

These events collectively explain the observed fluctuations in influenza activity.  

```json
⟪FINAL⟫
{
  "hypotheses": [
    {
      "key": "centers_for_disease_control|issue_guidance|influenza|down"
    },
    {
      "key": "united_states|report_release|hospitalizations|down"
    },
    {
      "key": "world_health_organization|confirm|h5n1|up"
    },
    {
      "key": "food_and_drug_administration|approve_authorize|vaccine|up"
    },
    {
      "key": "advisory_committee_on_immunization_practices|recommend_vaccination|vaccination|up"
    }
  ]
}
```
===== END RAW GENERATION =====
[DEBUG] parsed JSON: {"hypotheses": [{"key": "centers_for_disease_control|issue_guidance|influenza|down"}, {"key": "united_states|report_release|hospitalizations|down"}, {"key": "world_health_organization|confirm|h5n1|up"}, {"key": "food_and_drug_administration|approve_authorize|vaccine|up"}, {"key": "advisory_committee_on_immunization_practices|recommend_vaccination|vaccination|up"}]}
['centers_for_disease_control', 'issue_guidance', 'influenza', 'down']
['united_states', 'report_release', 'hospitalizations', 'down']
['world_health_organization', 'confirm', 'h5n1', 'up']
['food_and_drug_administration', 'approve_authorize', 'vaccine', 'up']
['advisory_committee_on_immunization_practices', 'recommend_vaccination', 'vaccination', 'up']
recall_all: 0.0 precision_all: 0.0
Labels:
['centers_for_disease_control', 'report_release', 'influenza', 'up']
['centers_for_disease_control', 'report_release', 'influenza', 'ambiguous']

===== RAW GENERATION (decoded) =====


The observed trend in the data indicates a steady decline in the proportion of U.S. influenza patients over the past three months, with a notable acceleration in the current month. This suggests a sustained effort in prevention, possibly due to increased vaccination rates or public health interventions. The significant drop at c2 in the current month may be linked to specific events such as new guidelines or vaccine approvals, which could have spurred additional preventive measures.

```json
{
  "hypotheses": [
    {
      "key": "centers_for_disease_control|issue_guidance|vaccination|up"
    },
    {
      "key": "united_states|recommend_vaccination|h1n1|up"
    },
    {
      "key": "world_health_organization|report_release|flu_trends|up"
    },
    {
      "key": "food_and_drug_administration|approve_authorize|vaccine|up"
    },
    {
      "key": "advisory_committee_on_immunization_practices|rate_change|vaccination|up"
    }
  ]
}
```
===== END RAW GENERATION =====
[DEBUG] parsed JSON: {"hypotheses": [{"key": "centers_for_disease_control|issue_guidance|vaccination|up"}, {"key": "united_states|recommend_vaccination|h1n1|up"}, {"key": "world_health_organization|report_release|flu_trends|up"}, {"key": "food_and_drug_administration|approve_authorize|vaccine|up"}, {"key": "advisory_committee_on_immunization_practices|rate_change|vaccination|up"}]}
['centers_for_disease_control', 'issue_guidance', 'vaccination', 'up']
['united_states', 'recommend_vaccination', 'h1n1', 'up']
['world_health_organization', 'report_release', 'flu_trends', 'up']
['food_and_drug_administration', 'approve_authorize', 'vaccine', 'up']
['advisory_committee_on_immunization_practices', 'rate_change', 'vaccination', 'up']
recall_all: 0.0 precision_all: 0.0
Labels:
['centers_for_disease_control', 'report_release', 'influenza', 'ambiguous']
['centers_for_disease_control', 'report_release', 'influenza', 'up']

===== RAW GENERATION (decoded) =====


The observed trend in the data indicates a steady decline in U.S. influenza patient proportions over the past three months, with a notable dip in the current month following a small initial rise. This suggests a potential decrease in flu activity, possibly due to seasonal patterns as winter ends. However, the significant drop in the last week of the current month could be linked to real-time events such as increased public health measures, vaccination efforts, or the impact of other respiratory illnesses diverting attention and resources. These factors may have contributed to a reduction in flu cases, reflecting a complex interplay of biological, behavioral, and policy-driven influences.

```json
{
  "hypotheses": [
    {
      "key": "centers_for_disease_control|issue_guidance|vaccination|up"
    },
    {
      "key": "food_and_drug_administration|approve_authorize|vaccine|up"
    },
    {
      "key": "world_health_organization|report_release|influenza|down"
    },
    {
      "key": "health_and_human_services|conduct_study|hospitalizations|down"
    },
    {
      "key": "advisory_committee_on_immunization_practices|recommend_vaccination|cases|down"
    }
  ]
}
```
===== END RAW GENERATION =====
[DEBUG] parsed JSON: {"hypotheses": [{"key": "centers_for_disease_control|issue_guidance|vaccination|up"}, {"key": "food_and_drug_administration|approve_authorize|vaccine|up"}, {"key": "world_health_organization|report_release|influenza|down"}, {"key": "health_and_human_services|conduct_study|hospitalizations|down"}, {"key": "advisory_committee_on_immunization_practices|recommend_vaccination|cases|down"}]}
['centers_for_disease_control', 'issue_guidance', 'vaccination', 'up']
['food_and_drug_administration', 'approve_authorize', 'vaccine', 'up']
['world_health_organization', 'report_release', 'influenza', 'down']
['health_and_human_services', 'conduct_study', 'hospitalizations', 'down']
['advisory_committee_on_immunization_practices', 'recommend_vaccination', 'cases', 'down']
recall_all: 0.0 precision_all: 0.0
Labels:
['centers_for_disease_control', 'report_release', 'influenza', 'up']
['united_states', 'report_release', 'h5n1', 'ambiguous']

===== RAW GENERATION (decoded) =====


The observed trend in the data indicates a general decline in the proportion of weekly U.S. influenza patients over the past three months, with a notable stabilization and slight fluctuation in the current month. The steady decrease from t0 to t9 suggests a potential peak in flu activity that has subsided, possibly due to seasonal patterns or public health measures. However, the current month's data shows a more variable trend, with a dip followed by a slight increase and then a decrease again. This could be influenced by real-world events such as changes in weather, school schedules, or public health interventions. Additionally, the fluctuation might reflect regional variations in flu activity or the emergence of other respiratory illnesses competing for medical attention. The overall pattern aligns with typical influenza seasonality, but the recent volatility warrants attention to potential external factors.

⟪FINAL⟫  
{  
  "hypotheses": [  
    {  
      "key": "centers_for_disease_control|issue_guidance|masks|down"  
    },  
    {  
      "key": "world_health_organization|confirm|h5n1|up"  
    },  
    {  
      "key": "food_and_drug_administration|rate_change|vaccine|down"  
    },  
    {  
      "key": "advisory_committee_on_immunization_practices|recommend_vaccination|flu|up"  
    },  
    {  
      "key": "united_states|school_reopening|transmission|up"  
    }  
  ]  
}
===== END RAW GENERATION =====
[DEBUG] parsed JSON: {"hypotheses": [{"key": "centers_for_disease_control|issue_guidance|masks|down"}, {"key": "world_health_organization|confirm|h5n1|up"}, {"key": "food_and_drug_administration|rate_change|vaccine|down"}, {"key": "advisory_committee_on_immunization_practices|recommend_vaccination|flu|up"}, {"key": "united_states|school_reopening|transmission|up"}]}
['centers_for_disease_control', 'issue_guidance', 'masks', 'down']
['world_health_organization', 'confirm', 'h5n1', 'up']
['food_and_drug_administration', 'rate_change', 'vaccine', 'down']
['advisory_committee_on_immunization_practices', 'recommend_vaccination', 'flu', 'up']
['united_states', 'school_reopening', 'transmission', 'up']
recall_all: 0.0 precision_all: 0.0
Labels:
['centers_for_disease_control', 'recommend_vaccination', 'vaccination', 'ambiguous']
['centers_for_disease_control', 'report_release', 'influenza', 'up']
['food_and_drug_administration', 'approve_authorize', 'vaccine', 'ambiguous']

===== RAW GENERATION (decoded) =====


The observed trend in the data indicates a general decline in the proportion of U.S. influenza patients over the past three months, with a notable stabilization and slight fluctuation in the most recent weeks. The steady decrease from t0 to t4 suggests a potential reduction in influenza activity, possibly due to seasonal patterns or increased preventive measures such as vaccination. However, the sharp drop at c4 (-0.245) in the current month could indicate a significant event, such as a report or guideline that influenced behavior. This event might have led to heightened awareness, increased vaccination rates, or changes in reporting practices. Additionally, the slight increases at c3 and c7 could reflect localized outbreaks or shifts in testing practices. Overall, the data suggests a complex interplay of seasonal trends, public health interventions, and possibly real-time events that have impacted influenza activity.

⟪FINAL⟫  
{  
  "hypotheses": [  
    {  
      "key": "centers_for_disease_control|issue_guidance|vaccination|up"  
    },  
    {  
      "key": "united_states|report_release|influenza|mortality|down"  
    },  
    {  
      "key": "food_and_drug_administration|approve_authorize|vaccine|up"  
    },  
    {  
      "key": "advisory_committee_on_immunization_practices|recommend_vaccination|h1n1|up"  
    },  
    {  
      "key": "health_and_human_services|conduct_study|respiratory_syncytial_virus|down"  
    }  
  ]  
}
===== END RAW GENERATION =====
[DEBUG] parsed JSON: {"hypotheses": [{"key": "centers_for_disease_control|issue_guidance|vaccination|up"}, {"key": "united_states|report_release|influenza|mortality|down"}, {"key": "food_and_drug_administration|approve_authorize|vaccine|up"}, {"key": "advisory_committee_on_immunization_practices|recommend_vaccination|h1n1|up"}, {"key": "health_and_human_services|conduct_study|respiratory_syncytial_virus|down"}]}
['centers_for_disease_control', 'issue_guidance', 'vaccination', 'up']
['united_states', 'report_release', 'influenza', 'mortality', 'down']
['food_and_drug_administration', 'approve_authorize', 'vaccine', 'up']
['advisory_committee_on_immunization_practices', 'recommend_vaccination', 'h1n1', 'up']
['health_and_human_services', 'conduct_study', 'respiratory_syncytial_virus', 'down']
recall_all: 0.06666666666666667 precision_all: 0.04
Labels:
['centers_for_disease_control', 'report_release', 'influenza', 'up']
['centers_for_disease_control', 'issue_guidance', 'influenza', 'ambiguous']
['centers_for_disease_control', 'report_release', 'h1n1', 'ambiguous']
['centers_for_disease_control', 'report_release', 'h5n1', 'up']
['food_and_drug_administration', 'report_release', 'influenza', 'ambiguous']

===== RAW GENERATION (decoded) =====


The observed trend in the data indicates a consistent decline in the proportion of U.S. influenza patients over the past 12 weeks, with a notable acceleration in the current month. The downward trajectory suggests a potential reduction in flu activity, possibly due to increased vaccination rates or enhanced public health measures. The sharp drops in the current month's data could be linked to real-time events such as the issuance of new guidance or recommendations by health organizations, which may have spurred preventive actions among the population.

⟪FINAL⟫
```json
{
  "hypotheses": [
    {
      "key": "centers_for_disease_control|issue_guidance|prevention_measures|down"
    },
    {
      "key": "united_states|recommend_vaccination|vaccination|down"
    },
    {
      "key": "health_and_human_services|conduct_study|flu_transmission|down"
    },
    {
      "key": "world_health_organization|report_release|influenza|down"
    },
    {
      "key": "food_and_drug_administration|approve_authorize|vaccine|down"
    }
  ]
}
```
===== END RAW GENERATION =====
[DEBUG] parsed JSON: {"hypotheses": [{"key": "centers_for_disease_control|issue_guidance|prevention_measures|down"}, {"key": "united_states|recommend_vaccination|vaccination|down"}, {"key": "health_and_human_services|conduct_study|flu_transmission|down"}, {"key": "world_health_organization|report_release|influenza|down"}, {"key": "food_and_drug_administration|approve_authorize|vaccine|down"}]}
['centers_for_disease_control', 'issue_guidance', 'prevention_measures', 'down']
['united_states', 'recommend_vaccination', 'vaccination', 'down']
['health_and_human_services', 'conduct_study', 'flu_transmission', 'down']
['world_health_organization', 'report_release', 'influenza', 'down']
['food_and_drug_administration', 'approve_authorize', 'vaccine', 'down']
recall_all: 0.05555555555555555 precision_all: 0.03333333333333333
Labels:
['centers_for_disease_control', 'report_release', 'influenza', 'ambiguous']
['centers_for_disease_control', 'report_release', 'influenza', 'up']
['centers_for_disease_control', 'issue_guidance', 'influenza', 'ambiguous']
['centers_for_disease_control', 'report_release', 'mortality', 'ambiguous']
['world_health_organization', 'report_release', 'h5n1', 'ambiguous']

===== RAW GENERATION (decoded) =====


The observed trend in the U.S. influenza patient proportions shows a general decline over the past 13 weeks, followed by a dip and subsequent rise within the current month. This pattern suggests a combination of seasonal factors, vaccination efforts, and potential public health interventions. The initial decline may reflect the typical winter-to-spring influenza activity reduction and increased vaccination rates. The dip in the current month could be due to heightened preventive measures, while the rise might indicate factors like suboptimal vaccine effectiveness, emergence of a new strain, or increased reporting. Real-time events such as updated guidelines, vaccination recommendations, or disease detection could be influencing these trends.

```json
{
  "hypotheses": [
    {
      "key": "centers_for_disease_control|issue_guidance|vaccination|up"
    },
    {
      "key": "united_states|recommend_vaccination|influenza|up"
    },
    {
      "key": "cdc|detect|outbreak|up"
    },
    {
      "key": "advisory_committee_on_immunization_practices|rate_change|vaccine|up"
    },
    {
      "key": "health_and_human_services|report_release|hospitalizations|up"
    }
  ]
}
```
===== END RAW GENERATION =====
[DEBUG] parsed JSON: {"hypotheses": [{"key": "centers_for_disease_control|issue_guidance|vaccination|up"}, {"key": "united_states|recommend_vaccination|influenza|up"}, {"key": "cdc|detect|outbreak|up"}, {"key": "advisory_committee_on_immunization_practices|rate_change|vaccine|up"}, {"key": "health_and_human_services|report_release|hospitalizations|up"}]}
['centers_for_disease_control', 'issue_guidance', 'vaccination', 'up']
['united_states', 'recommend_vaccination', 'influenza', 'up']
['cdc', 'detect', 'outbreak', 'up']
['advisory_committee_on_immunization_practices', 'rate_change', 'vaccine', 'up']
['health_and_human_services', 'report_release', 'hospitalizations', 'up']
recall_all: 0.047619047619047616 precision_all: 0.028571428571428574
Labels:
['advisory_committee_on_immunization_practices', 'issue_guidance', 'vaccination', 'ambiguous']
['centers_for_disease_control', 'report_release', 'influenza', 'ambiguous']
['health_and_human_services', 'report_release', 'influenza', 'up']
['national_institute_on_aging', 'issue_guidance', 'vaccination', 'ambiguous']

===== RAW GENERATION (decoded) =====


The observed trend in the data indicates a notable increase in the proportion of U.S. influenza patients over the current month, following a fluctuating but generally upward trajectory in the preceding three months. The steady rise in weekly proportions within the current month suggests a potential surge in influenza activity, possibly linked to seasonal factors, changes in public behavior, or delayed effects of public health interventions. For instance, colder weather may have increased indoor gatherings, facilitating viral transmission. Additionally, the resumption of in-person activities, such as school reopenings or large-scale events, could contribute to the spread. Another plausible factor is a decline in vaccination rates or reduced effectiveness of the influenza vaccine, leading to higher case numbers. Furthermore, delayed reporting or detection of cases due to resource constraints or testing prioritization could also explain the upward trend.

⟪FINAL⟫  
{  
  "hypotheses": [  
    {  
      "key": "centers_for_disease_control|issue_guidance|masks|down"  
    },  
    {  
      "key": "united_states|school_reopening|students|up"  
    },  
    {  
      "key": "world_health_organization|report_release|vaccine_effectiveness|up"  
    },  
    {  
      "key": "centers_for_disease_control|detect|h1n1|up"  
    },  
    {  
      "key": "health_and_human_services|rate_change|public_health_measures|down"  
    }  
  ]  
}
===== END RAW GENERATION =====
[DEBUG] parsed JSON: {"hypotheses": [{"key": "centers_for_disease_control|issue_guidance|masks|down"}, {"key": "united_states|school_reopening|students|up"}, {"key": "world_health_organization|report_release|vaccine_effectiveness|up"}, {"key": "centers_for_disease_control|detect|h1n1|up"}, {"key": "health_and_human_services|rate_change|public_health_measures|down"}]}
['centers_for_disease_control', 'issue_guidance', 'masks', 'down']
['united_states', 'school_reopening', 'students', 'up']
['world_health_organization', 'report_release', 'vaccine_effectiveness', 'up']
['centers_for_disease_control', 'detect', 'h1n1', 'up']
['health_and_human_services', 'rate_change', 'public_health_measures', 'down']
recall_all: 0.041666666666666664 precision_all: 0.025
Labels:
['centers_for_disease_control', 'issue_guidance', 'vaccination', 'ambiguous']
['advisory_committee_on_immunization_practices', 'issue_guidance', 'vaccination', 'ambiguous']
['centers_for_disease_control', 'report_release', 'hospitalizations', 'up']
['centers_for_disease_control', 'report_release', 'influenza', 'up']

===== RAW GENERATION (decoded) =====


### Reasoning Paragraph  
The observed trend in the data indicates a general upward trajectory in the proportion of U.S. influenza patients over the past 13 weeks, with a notable peak at t12 (P=2.259). This suggests a potential increase in influenza activity, possibly linked to the onset of flu season or other seasonal factors. The current month's data shows a slight dip at c0 (dP=-0.033), followed by a rebound and sustained increase in subsequent weeks (c1 to c3). This pattern could reflect real-world events such as colder weather driving indoor gatherings, increased respiratory disease transmission, or heightened public health awareness leading to more frequent testing and reporting. Additionally, the upward trend in the current month may be influenced by factors like school reopenings, holiday travel, or the release of new health guidelines. The variability in the current month's data could also indicate emerging strains or shifts in influenza dynamics.

### Hypotheses  
The following real-time events are hypothesized to explain the observed trends:  

1. **Centers for Disease Control and Prevention (CDC) issues updated guidance on influenza prevention and vaccination.**  
2. **United States health officials confirm a rise in influenza cases linked to colder weather patterns.**  
3. **World Health Organization (WHO) reports a global increase in influenza activity, prompting heightened surveillance.**  
4. **Food and Drug Administration (FDA) approves a new influenza vaccine strain for the upcoming season.**  
5. **Advisory Committee on Immunization Practices (ACIP) recommends earlier influenza vaccination due to rising case numbers.**  

These events align with the observed upward trend in influenza proportions and the variability in the current month's data.  

```json
⟪FINAL⟫
{
  "hypotheses": [
    {
      "key": "centers_for_disease_control|issue_guidance|vaccination|up"
    },
    {
      "key": "united_states|confirm|hospitalizations|up"
    },
    {
      "key": "world_health_organization|report_release|influenza|up"
    },
    {
      "key": "food_and_drug_administration|approve_authorize|vaccine|up"
    },
    {
      "key": "advisory_committee_on_immunization_practices|recommend_vaccination|cases|up"
    }
  ]
}
```
===== END RAW GENERATION =====
[DEBUG] parsed JSON: {"hypotheses": [{"key": "centers_for_disease_control|issue_guidance|vaccination|up"}, {"key": "united_states|confirm|hospitalizations|up"}, {"key": "world_health_organization|report_release|influenza|up"}, {"key": "food_and_drug_administration|approve_authorize|vaccine|up"}, {"key": "advisory_committee_on_immunization_practices|recommend_vaccination|cases|up"}]}
['centers_for_disease_control', 'issue_guidance', 'vaccination', 'up']
['united_states', 'confirm', 'hospitalizations', 'up']
['world_health_organization', 'report_release', 'influenza', 'up']
['food_and_drug_administration', 'approve_authorize', 'vaccine', 'up']
['advisory_committee_on_immunization_practices', 'recommend_vaccination', 'cases', 'up']
recall_all: 0.06481481481481481 precision_all: 0.044444444444444446
Labels:
['centers_for_disease_control', 'issue_guidance', 'vaccination', 'ambiguous']
['centers_for_disease_control', 'report_release', 'influenza', 'ambiguous']
['centers_for_disease_control', 'report_release', 'influenza', 'up']
['centers_for_disease_control', 'conduct_study', 'influenza', 'ambiguous']
['centers_for_disease_control', 'conduct_study', 'respiratory_syncytial_virus', 'ambiguous']

===== RAW GENERATION (decoded) =====


The observed trend in the data indicates a steady increase in the proportion of U.S. influenza patients over the past 13 weeks, with a notable acceleration in the current month. The context window shows a gradual rise from 1.540 to 3.325, reflecting a sustained upward trajectory in flu-related activity. Within the current month, the weekly changes in proportion (dP) reveal a sharp increase, with dP values ranging from +0.050 to +0.413, suggesting a potential surge in flu cases. This upward trend could be linked to several real-world factors, such as the emergence of a more virulent influenza strain, reduced vaccination rates, or relaxed public health measures. Additionally, the timing of the surge may coincide with colder weather, which typically facilitates viral transmission. Another plausible explanation is the co-circulation of other respiratory viruses, such as RSV or H1N1, which could be overwhelming healthcare systems and contributing to higher reported flu cases. Furthermore, changes in healthcare-seeking behavior or reporting practices could also play a role in the observed increase.

⟪FINAL⟫  
{  
  "hypotheses": [  
    {  
      "key": "centers_for_disease_control|issue_guidance|influenza|up"  
    },  
    {  
      "key": "united_states|rate_change|hospitalizations|up"  
    },  
    {  
      "key": "world_health_organization|report_release|vaccine|up"  
    },  
    {  
      "key": "food_and_drug_administration|approve_authorize|h5n1|up"  
    },  
    {  
      "key": "advisory_committee_on_immunization_practices|recommend_vaccination|vaccination|up"  
    }  
  ]  
}
===== END RAW GENERATION =====
[DEBUG] parsed JSON: {"hypotheses": [{"key": "centers_for_disease_control|issue_guidance|influenza|up"}, {"key": "united_states|rate_change|hospitalizations|up"}, {"key": "world_health_organization|report_release|vaccine|up"}, {"key": "food_and_drug_administration|approve_authorize|h5n1|up"}, {"key": "advisory_committee_on_immunization_practices|recommend_vaccination|vaccination|up"}]}
['centers_for_disease_control', 'issue_guidance', 'influenza', 'up']
['united_states', 'rate_change', 'hospitalizations', 'up']
['world_health_organization', 'report_release', 'vaccine', 'up']
['food_and_drug_administration', 'approve_authorize', 'h5n1', 'up']
['advisory_committee_on_immunization_practices', 'recommend_vaccination', 'vaccination', 'up']
recall_all: 0.05833333333333333 precision_all: 0.04
Labels:
['centers_for_disease_control', 'report_release', 'influenza', 'up']
['centers_for_disease_control', 'approve_authorize', 'influenza', 'ambiguous']
['centers_for_disease_control', 'issue_guidance', 'influenza', 'ambiguous']
['centers_for_disease_control', 'recommend_vaccination', 'influenza', 'ambiguous']
['centers_for_disease_control', 'report_release', 'deaths', 'up']

===== RAW GENERATION (decoded) =====


The observed trend in the data indicates a steady increase in the proportion of weekly U.S. influenza patients over the past 13 weeks, with a notable acceleration in the current month. The context window shows a consistent upward trajectory, suggesting a potential rise in influenza activity. However, the current month's data reveals a more pronounced variability, with a significant spike in the change in proportion (dP) at c3 (+0.395), which could indicate a real-world event that has amplified influenza-related activity. Possible driving factors include increased public health awareness, changes in healthcare-seeking behavior, or the emergence of a new influenza variant. Additionally, seasonal factors such as colder weather or school reopenings may contribute to the rising trend. The acceleration in the current month could also be linked to recent public health announcements or interventions, such as updated vaccination recommendations or the detection of a novel influenza strain.

⟪FINAL⟫  
{  
  "hypotheses": [  
    {  
      "key": "centers_for_disease_control|issue_guidance|vaccination|up"  
    },  
    {  
      "key": "united_states|report_release|hospitalizations|up"  
    },  
    {  
      "key": "world_health_organization|detect|h1n1|up"  
    },  
    {  
      "key": "advisory_committee_on_immunization_practices|recommend_vaccination|vaccine|up"  
    },  
    {  
      "key": "health_and_human_services|rate_change|mortality|up"  
    }  
  ]  
}
===== END RAW GENERATION =====
[DEBUG] parsed JSON: {"hypotheses": [{"key": "centers_for_disease_control|issue_guidance|vaccination|up"}, {"key": "united_states|report_release|hospitalizations|up"}, {"key": "world_health_organization|detect|h1n1|up"}, {"key": "advisory_committee_on_immunization_practices|recommend_vaccination|vaccine|up"}, {"key": "health_and_human_services|rate_change|mortality|up"}]}
['centers_for_disease_control', 'issue_guidance', 'vaccination', 'up']
['united_states', 'report_release', 'hospitalizations', 'up']
['world_health_organization', 'detect', 'h1n1', 'up']
['advisory_committee_on_immunization_practices', 'recommend_vaccination', 'vaccine', 'up']
['health_and_human_services', 'rate_change', 'mortality', 'up']
recall_all: 0.053030303030303025 precision_all: 0.03636363636363637
Labels:
['centers_for_disease_control', 'report_release', 'influenza', 'ambiguous']
['centers_for_disease_control', 'report_release', 'influenza', 'up']
['centers_for_disease_control', 'report_release', 'cases', 'up']
['centers_for_disease_control', 'report_release', 'h5n1', 'ambiguous']

===== RAW GENERATION (decoded) =====


### Reasoning Paragraph  
The observed trend in the data indicates a significant and sustained increase in the proportion of U.S. influenza patients over the past three months, with the rate of new cases rising steadily from 2.259 to 6.904. This upward trajectory suggests a growing influenza activity, potentially linked to the onset of flu season or the circulation of a more virulent strain. The current month's data, showing a continuation of this upward trend with fluctuating but consistently positive weekly increases (+0.853, +1.104, +0.594), further supports the idea of an active flu season. Possible contributing factors include the emergence of a new influenza variant, reduced vaccination rates, or increased social gatherings post-pandemic. Additionally, overlapping respiratory virus activity, such as respiratory syncytial virus (RSV), could be exacerbating influenza-related hospitalizations and mortality. The upward trend may also reflect delayed reporting or increased surveillance efforts.

### Hypotheses  
The following real-time events could plausibly explain the observed data trend:  

1. **Centers for Disease Control and Prevention (CDC) | Issue Guidance | Influenza | Up**  
   The CDC may have issued updated guidance on influenza prevention and treatment, increasing public awareness and reporting.  

2. **Advisory Committee on Immunization Practices (ACIP) | Recommend Vaccination | Vaccine | Up**  
   ACIP could have recommended earlier influenza vaccination, potentially influencing vaccination rates.  

3. **World Health Organization (WHO) | Detect | H3N2 | Up**  
   The WHO may have detected an increase in H3N2 activity, a strain known for higher hospitalization rates.  

4. **United States | Rate Change | Hospitalizations | Up**  
   A surge in influenza-related hospitalizations could be linked to increased disease activity.  

5. **Food and Drug Administration (FDA) | Approve Authorize | Vaccine | Up**  
   The FDA may have authorized a new influenza vaccine, leading to increased production and distribution.  

⟪FINAL⟫  
```json
{
  "hypotheses": [
    {
      "key": "centers_for_disease_control|issue_guidance|influenza|up"
    },
    {
      "key": "advisory_committee_on_immunization_practices|recommend_vaccination|vaccine|up"
    },
    {
      "key": "world_health_organization|detect|h3n2|up"
    },
    {
      "key": "united_states|rate_change|hospitalizations|up"
    },
    {
      "key": "food_and_drug_administration|approve_authorize|vaccine|up"
    }
  ]
}
```
===== END RAW GENERATION =====
[DEBUG] parsed JSON: {"hypotheses": [{"key": "centers_for_disease_control|issue_guidance|influenza|up"}, {"key": "advisory_committee_on_immunization_practices|recommend_vaccination|vaccine|up"}, {"key": "world_health_organization|detect|h3n2|up"}, {"key": "united_states|rate_change|hospitalizations|up"}, {"key": "food_and_drug_administration|approve_authorize|vaccine|up"}]}
['centers_for_disease_control', 'issue_guidance', 'influenza', 'up']
['advisory_committee_on_immunization_practices', 'recommend_vaccination', 'vaccine', 'up']
['world_health_organization', 'detect', 'h3n2', 'up']
['united_states', 'rate_change', 'hospitalizations', 'up']
['food_and_drug_administration', 'approve_authorize', 'vaccine', 'up']
recall_all: 0.048611111111111105 precision_all: 0.03333333333333333
Labels:
['centers_for_disease_control', 'report_release', 'influenza', 'up']
['centers_for_disease_control', 'report_release', 'influenza', 'ambiguous']
['centers_for_disease_control', 'issue_guidance', 'vaccination', 'ambiguous']
['centers_for_disease_control', 'recommend_vaccination', 'vaccination', 'ambiguous']
['centers_for_disease_control', 'report_release', 'influenza', 'down']

===== RAW GENERATION (decoded) =====


### Reasoning Paragraph  
The observed trend in the data indicates a notable increase in the proportion of U.S. influenza patients from t0 to t7, reaching a peak at 6.904, followed by a gradual decline through t12. This pattern suggests a typical seasonal influenza activity, with the peak likely occurring during the winter months when flu transmission is highest. The subsequent decline may be attributed to a combination of factors, including increased vaccination rates, warmer weather reducing viral spread, or public health interventions such as mask mandates and social distancing. However, the slight uptick in the current month's data (c4: dP=+0.054) could signal a potential resurgence of flu activity, possibly due to waning immunity from previous infections or vaccinations, or the emergence of a new influenza variant. Additionally, the timing of these trends may align with real-world events, such as changes in public health policies, school reopenings, or shifts in travel patterns, which could influence influenza transmission dynamics.

### Hypotheses  
The following hypotheses are proposed to explain the observed trends:  

1. **Centers for Disease Control and Prevention (CDC) issues updated guidance on mask-wearing in public spaces.**  
2. **CDC releases a report on influenza activity trends, highlighting the current season's severity.**  
3. **CDC confirms the circulation of a new influenza variant, prompting heightened surveillance.**  
4. **Advisory Committee on Immunization Practices (ACIP) recommends an earlier start to the influenza vaccination campaign.**  
5. **CDC detects an increase in respiratory syncytial virus (RSV) cases, potentially competing with influenza for transmission.**  

These events could plausibly influence the observed trends in influenza patient proportions.  

```json
⟪FINAL⟫
{
  "hypotheses": [
    {
      "key": "centers_for_disease_control|issue_guidance|mask_wearing|up"
    },
    {
      "key": "centers_for_disease_control|report_release|influenza_activity|up"
    },
    {
      "key": "centers_for_disease_control|confirm|influenza_variant|up"
    },
    {
      "key": "advisory_committee_on_immunization_practices|recommend_vaccination|influenza_campaign|up"
    },
    {
      "key": "centers_for_disease_control|detect|respiratory_syncytial_virus|up"
    }
  ]
}
```
===== END RAW GENERATION =====
[DEBUG] parsed JSON: {"hypotheses": [{"key": "centers_for_disease_control|issue_guidance|mask_wearing|up"}, {"key": "centers_for_disease_control|report_release|influenza_activity|up"}, {"key": "centers_for_disease_control|confirm|influenza_variant|up"}, {"key": "advisory_committee_on_immunization_practices|recommend_vaccination|influenza_campaign|up"}, {"key": "centers_for_disease_control|detect|respiratory_syncytial_virus|up"}]}
['centers_for_disease_control', 'issue_guidance', 'mask_wearing', 'up']
['centers_for_disease_control', 'report_release', 'influenza_activity', 'up']
['centers_for_disease_control', 'confirm', 'influenza_variant', 'up']
['advisory_committee_on_immunization_practices', 'recommend_vaccination', 'influenza_campaign', 'up']
['centers_for_disease_control', 'detect', 'respiratory_syncytial_virus', 'up']
recall_all: 0.044871794871794865 precision_all: 0.03076923076923077
Labels:
['centers_for_disease_control', 'issue_guidance', 'influenza', 'ambiguous']
['centers_for_disease_control', 'report_release', 'influenza', 'up']
['centers_for_disease_control', 'issue_guidance', 'vaccination', 'ambiguous']
['centers_for_disease_control', 'recommend_vaccination', 'influenza', 'ambiguous']
['centers_for_disease_control', 'recommend_vaccination', 'vaccination', 'ambiguous']

===== RAW GENERATION (decoded) =====


The observed trend in the data indicates a surge in U.S. influenza patient proportions, peaking at 6.904, followed by a decline. The current month shows an initial slight increase but a significant drop, suggesting the flu season's tail end. Likely factors include CDC reports on flu activity decline, leading to reduced case reporting.

```json
{
  "hypotheses": [
    {
      "key": "centers_for_disease_control|report_release|influenza|mortality|down"
    }
  ]
}
```
===== END RAW GENERATION =====
[DEBUG] parsed JSON: {"hypotheses": [{"key": "centers_for_disease_control|report_release|influenza|mortality|down"}]}
['centers_for_disease_control', 'report_release', 'influenza', 'mortality', 'down']
recall_all: 0.05595238095238094 precision_all: 0.09999999999999999
Labels:
['centers_for_disease_control', 'report_release', 'influenza', 'up']
['centers_for_disease_control', 'report_release', 'influenza', 'ambiguous']

===== RAW GENERATION (decoded) =====


The observed trend in the data indicates a steady decline in the proportion of U.S. influenza patients over the past 13 weeks, followed by a continuation of this downward trend in the current month. The context window shows a gradual decrease from 5.762% at t0 to 3.030% at t12, suggesting a potential waning of the influenza season. However, the current month's data (c0 to c3) reveals a sharper weekly decrease, with proportions dropping from -0.351% to -0.120%, indicating a more pronounced decline in flu activity. This could be attributed to several factors, including seasonal patterns, increased vaccination rates, or the impact of public health measures. Additionally, the downward trend may reflect reduced transmission due to behavioral changes, such as social distancing or mask-wearing, or the emergence of other respiratory illnesses diverting attention from influenza. The data also suggests that the influenza season may be ending earlier than expected, potentially influenced by factors like school closures or changes in healthcare-seeking behavior.

⟪FINAL⟫  
{  
  "hypotheses": [  
    {  
      "key": "centers_for_disease_control|issue_guidance|influenza|down"  
    },  
    {  
      "key": "world_health_organization|report_release|influenza|down"  
    },  
    {  
      "key": "food_and_drug_administration|approve_authorize|vaccine|up"  
    },  
    {  
      "key": "advisory_committee_on_immunization_practices|recommend_vaccination|vaccination|up"  
    },  
    {  
      "key": "health_and_human_services|rate_change|hospitalizations|down"  
    }  
  ]  
}
===== END RAW GENERATION =====
[DEBUG] parsed JSON: {"hypotheses": [{"key": "centers_for_disease_control|issue_guidance|influenza|down"}, {"key": "world_health_organization|report_release|influenza|down"}, {"key": "food_and_drug_administration|approve_authorize|vaccine|up"}, {"key": "advisory_committee_on_immunization_practices|recommend_vaccination|vaccination|up"}, {"key": "health_and_human_services|rate_change|hospitalizations|down"}]}
['centers_for_disease_control', 'issue_guidance', 'influenza', 'down']
['world_health_organization', 'report_release', 'influenza', 'down']
['food_and_drug_administration', 'approve_authorize', 'vaccine', 'up']
['advisory_committee_on_immunization_practices', 'recommend_vaccination', 'vaccination', 'up']
['health_and_human_services', 'rate_change', 'hospitalizations', 'down']
recall_all: 0.05222222222222221 precision_all: 0.09333333333333332
Labels:
['centers_for_disease_control', 'report_release', 'h5n1', 'up']
['centers_for_disease_control', 'confirm', 'h5n1', 'ambiguous']
['centers_for_disease_control', 'outbreak', 'h5n1', 'ambiguous']

===== RAW GENERATION (decoded) =====


The observed trend in the data indicates a steady decline in the proportion of U.S. influenza patients over the past three months, with a notable acceleration in the decrease during the current month. The sharp drops in the first three weeks of the current month suggest a potential real-world event that has significantly impacted influenza rates. Possible factors include increased vaccination rates, influenced by health organizations' recommendations or new vaccine approvals, leading to a substantial reduction in cases. The subsequent smaller drops may reflect the ongoing effects of these interventions.

```json
⟪FINAL⟫{
  "hypotheses": [
    {
      "key": "centers_for_disease_control|recommend_vaccination|vaccination|up"
    },
    {
      "key": "advisory_committee_on_immunization_practices|recommend_vaccination|vaccine|up"
    },
    {
      "key": "food_and_drug_administration|approve_authorize|vaccine|up"
    }
  ]
}
```
===== END RAW GENERATION =====
[DEBUG] parsed JSON: {"hypotheses": [{"key": "centers_for_disease_control|recommend_vaccination|vaccination|up"}, {"key": "advisory_committee_on_immunization_practices|recommend_vaccination|vaccine|up"}, {"key": "food_and_drug_administration|approve_authorize|vaccine|up"}]}
['centers_for_disease_control', 'recommend_vaccination', 'vaccination', 'up']
['advisory_committee_on_immunization_practices', 'recommend_vaccination', 'vaccine', 'up']
['food_and_drug_administration', 'approve_authorize', 'vaccine', 'up']
recall_all: 0.048958333333333326 precision_all: 0.0875
Labels:
['centers_for_disease_control', 'detect', 'h5n1', 'ambiguous']

===== RAW GENERATION (decoded) =====


The observed trend in the data indicates a steady decline in the proportion of U.S. influenza patients over the past three months, with a notable drop in the current month. This suggests a potential reduction in flu activity, possibly due to increased vaccination rates or effective prevention measures. The current month's significant decrease could be linked to recent public health initiatives, such as vaccination recommendations or the release of reports emphasizing flu prevention.

⟪FINAL⟫
```json
{
  "hypotheses": [
    {
      "key": "centers_for_disease_control|recommend_vaccination|vaccination|up"
    },
    {
      "key": "advisory_committee_on_immunization_practices|report_release|vaccination|up"
    },
    {
      "key": "food_and_drug_administration|approve_authorize|vaccine|up"
    }
  ]
}
```
===== END RAW GENERATION =====
[DEBUG] parsed JSON: {"hypotheses": [{"key": "centers_for_disease_control|recommend_vaccination|vaccination|up"}, {"key": "advisory_committee_on_immunization_practices|report_release|vaccination|up"}, {"key": "food_and_drug_administration|approve_authorize|vaccine|up"}]}
['centers_for_disease_control', 'recommend_vaccination', 'vaccination', 'up']
['advisory_committee_on_immunization_practices', 'report_release', 'vaccination', 'up']
['food_and_drug_administration', 'approve_authorize', 'vaccine', 'up']
recall_all: 0.046078431372549015 precision_all: 0.08235294117647059
Labels:
['centers_for_disease_control', 'report_release', 'influenza', 'ambiguous']
['centers_for_disease_control', 'report_release', 'influenza', 'up']
['united_states', 'rate_change', 'hospitalizations', 'up']
['united_states', 'report_release', 'influenza', 'ambiguous']
['united_states', 'report_release', 'influenza', 'up']

===== RAW GENERATION (decoded) =====


The observed trend in the data indicates a steady decline in the proportion of U.S. influenza patients from t0 to t8, followed by a stabilization and slight fluctuation in the subsequent weeks. This pattern suggests a potential waning of the influenza season, possibly due to seasonal factors such as warmer weather reducing viral transmission. The slight increase in the current month (c3 to c4) could be attributed to residual influenza activity, changes in testing practices, or the emergence of a new influenza variant. Additionally, public health measures, such as increased vaccination rates or improved hygiene practices, may have contributed to the overall decline. However, the stabilization and minor fluctuations in the current month could reflect ongoing efforts to monitor and control the spread of the virus, or perhaps the impact of other respiratory illnesses competing for attention.

⟪FINAL⟫  
{  
  "hypotheses": [  
    {  
      "key": "centers_for_disease_control|issue_guidance|vaccination|up"  
    },  
    {  
      "key": "food_and_drug_administration|approve_authorize|vaccine|up"  
    },  
    {  
      "key": "world_health_organization|detect|h1n1|up"  
    },  
    {  
      "key": "health_and_human_services|rate_change|vaccination|up"  
    },  
    {  
      "key": "advisory_committee_on_immunization_practices|recommend_vaccination|vaccine|up"  
    }  
  ]  
}
===== END RAW GENERATION =====
[DEBUG] parsed JSON: {"hypotheses": [{"key": "centers_for_disease_control|issue_guidance|vaccination|up"}, {"key": "food_and_drug_administration|approve_authorize|vaccine|up"}, {"key": "world_health_organization|detect|h1n1|up"}, {"key": "health_and_human_services|rate_change|vaccination|up"}, {"key": "advisory_committee_on_immunization_practices|recommend_vaccination|vaccine|up"}]}
['centers_for_disease_control', 'issue_guidance', 'vaccination', 'up']
['food_and_drug_administration', 'approve_authorize', 'vaccine', 'up']
['world_health_organization', 'detect', 'h1n1', 'up']
['health_and_human_services', 'rate_change', 'vaccination', 'up']
['advisory_committee_on_immunization_practices', 'recommend_vaccination', 'vaccine', 'up']
recall_all: 0.0 precision_all: 0.0
Labels:
['centers_for_disease_control', 'report_release', 'influenza', 'up']
['centers_for_disease_control', 'report_release', 'influenza', 'ambiguous']

===== RAW GENERATION (decoded) =====


The observed trend in the data indicates a consistent decline in the proportion of U.S. influenza patients over the past three months, with the current month showing a continued downward trend. This sustained decrease suggests several plausible real-world factors. First, increased vaccination rates could be reducing flu incidence. Second, public health interventions, such as guidelines from the CDC or the FDA's authorization of a new vaccine, might be contributing to lower rates. Additionally, the release of a report by the World Health Organization on flu activity could have heightened awareness and prevention measures. The Advisory Committee on Immunization Practices might have recommended updated vaccination strategies, further decreasing cases. Lastly, the U.S. Department of Health and Human Services could have adjusted rates in response to changing flu dynamics.

```json
{
  "hypotheses": [
    {
      "key": "centers_for_disease_control|issue_guidance|vaccination|up"
    },
    {
      "key": "food_and_drug_administration|approve_authorize|vaccine|up"
    },
    {
      "key": "world_health_organization|report_release|influenza|up"
    },
    {
      "key": "health_and_human_services|rate_change|hospitalizations|down"
    },
    {
      "key": "advisory_committee_on_immunization_practices|recommend_vaccination|cases|down"
    }
  ]
}
```
===== END RAW GENERATION =====
[DEBUG] parsed JSON: {"hypotheses": [{"key": "centers_for_disease_control|issue_guidance|vaccination|up"}, {"key": "food_and_drug_administration|approve_authorize|vaccine|up"}, {"key": "world_health_organization|report_release|influenza|up"}, {"key": "health_and_human_services|rate_change|hospitalizations|down"}, {"key": "advisory_committee_on_immunization_practices|recommend_vaccination|cases|down"}]}
['centers_for_disease_control', 'issue_guidance', 'vaccination', 'up']
['food_and_drug_administration', 'approve_authorize', 'vaccine', 'up']
['world_health_organization', 'report_release', 'influenza', 'up']
['health_and_human_services', 'rate_change', 'hospitalizations', 'down']
['advisory_committee_on_immunization_practices', 'recommend_vaccination', 'cases', 'down']
recall_all: 0.0 precision_all: 0.0
Labels:
['centers_for_disease_control', 'report_release', 'influenza', 'ambiguous']
['centers_for_disease_control', 'report_release', 'influenza', 'up']

===== RAW GENERATION (decoded) =====


The observed trend in the data indicates a steady decline in the proportion of weekly U.S. influenza patients over the past 13 weeks, with a notable acceleration in the rate of decrease during the current month. The initial weeks (t0 to t12) show a gradual downward trend, suggesting a natural progression of the influenza season, possibly influenced by seasonal factors such as weather patterns or population immunity. However, the sharp drop in the current month (c0 to c3), particularly the significant decrease from c2 to c3 (dP=-0.143), suggests a potential external factor. This could be linked to real-time events such as increased vaccination rates, changes in public health policies, or the emergence of competing respiratory illnesses diverting attention away from influenza reporting. The timing of these events aligns with the current month, making them plausible drivers of the observed trend.

⟪FINAL⟫  
{  
  "hypotheses": [  
    {  
      "key": "centers_for_disease_control|issue_guidance|testing|up"  
    },  
    {  
      "key": "united_states|increase_vaccination|influenza|up"  
    },  
    {  
      "key": "food_and_drug_administration|approve_authorize|vaccine|up"  
    },  
    {  
      "key": "world_health_organization|report_release|influenza|down"  
    },  
    {  
      "key": "advisory_committee_on_immunization_practices|recommend_vaccination|influenza|up"  
    }  
  ]  
}
===== END RAW GENERATION =====
[DEBUG] parsed JSON: {"hypotheses": [{"key": "centers_for_disease_control|issue_guidance|testing|up"}, {"key": "united_states|increase_vaccination|influenza|up"}, {"key": "food_and_drug_administration|approve_authorize|vaccine|up"}, {"key": "world_health_organization|report_release|influenza|down"}, {"key": "advisory_committee_on_immunization_practices|recommend_vaccination|influenza|up"}]}
['centers_for_disease_control', 'issue_guidance', 'testing', 'up']
['united_states', 'increase_vaccination', 'influenza', 'up']
['food_and_drug_administration', 'approve_authorize', 'vaccine', 'up']
['world_health_organization', 'report_release', 'influenza', 'down']
['advisory_committee_on_immunization_practices', 'recommend_vaccination', 'influenza', 'up']
recall_all: 0.0 precision_all: 0.0
Labels:
['centers_for_disease_control', 'report_release', 'influenza', 'up']
['united_states', 'report_release', 'h5n1', 'ambiguous']

===== RAW GENERATION (decoded) =====


The observed trend in the data indicates a general decline in the proportion of U.S. influenza patients over the past three months, with a notable stabilization and slight increase in the current month. The steady decrease from t0 to t8 suggests a potential waning of the influenza season, possibly due to seasonal factors such as warmer weather reducing viral transmission or increased immunity from prior infections or vaccinations. However, the fluctuations in the current month, particularly the dip in c0 and c1 followed by a slight rise in c2 and c3, may reflect real-world events impacting influenza activity. These could include changes in public behavior, such as reduced social distancing or increased travel, or biological factors like the emergence of a new influenza strain. Additionally, recent public health interventions, such as vaccination campaigns or policy changes, may also be influencing the trend.

⟪FINAL⟫  
{  
  "hypotheses": [  
    {  
      "key": "centers_for_disease_control|issue_guidance|vaccination|up"  
    },  
    {  
      "key": "united_states|report_release|hospitalizations|down"  
    },  
    {  
      "key": "world_health_organization|detect|h1n1|up"  
    },  
    {  
      "key": "food_and_drug_administration|approve_authorize|vaccine|up"  
    },  
    {  
      "key": "health_and_human_services|rate_change|mortality|down"  
    }  
  ]  
}
===== END RAW GENERATION =====
[DEBUG] parsed JSON: {"hypotheses": [{"key": "centers_for_disease_control|issue_guidance|vaccination|up"}, {"key": "united_states|report_release|hospitalizations|down"}, {"key": "world_health_organization|detect|h1n1|up"}, {"key": "food_and_drug_administration|approve_authorize|vaccine|up"}, {"key": "health_and_human_services|rate_change|mortality|down"}]}
['centers_for_disease_control', 'issue_guidance', 'vaccination', 'up']
['united_states', 'report_release', 'hospitalizations', 'down']
['world_health_organization', 'detect', 'h1n1', 'up']
['food_and_drug_administration', 'approve_authorize', 'vaccine', 'up']
['health_and_human_services', 'rate_change', 'mortality', 'down']
recall_all: 0.0 precision_all: 0.0
Labels:
['centers_for_disease_control', 'recommend_vaccination', 'vaccination', 'ambiguous']
['centers_for_disease_control', 'report_release', 'influenza', 'up']
['food_and_drug_administration', 'approve_authorize', 'vaccine', 'ambiguous']

===== RAW GENERATION (decoded) =====


The observed trend in the data indicates a steady decline in the proportion of U.S. influenza patients over the past 13 weeks, followed by a significant drop in the current month's last week. This suggests a potential reduction in flu activity, possibly due to increased vaccination efforts, public health interventions, or the impact of a new policy. The sharp decrease in the current month could be linked to real-time events such as the CDC issuing updated vaccination guidance, the ACIP recommending a new vaccination strategy, the FDA approving a more effective flu vaccine, the WHO releasing a report on flu activity, or the CDC conducting a study on flu trends.

```json
{
  "hypotheses": [
    {
      "key": "centers_for_disease_control|issue_guidance|vaccination|down"
    },
    {
      "key": "advisory_committee_on_immunization_practices|recommend_vaccination|vaccination|down"
    },
    {
      "key": "food_and_drug_administration|approve_authorize|vaccine|down"
    },
    {
      "key": "world_health_organization|report_release|influenza|mortality|down"
    },
    {
      "key": "centers_for_disease_control|conduct_study|influenza|cases|down"
    }
  ]
}
```
===== END RAW GENERATION =====
[DEBUG] parsed JSON: {"hypotheses": [{"key": "centers_for_disease_control|issue_guidance|vaccination|down"}, {"key": "advisory_committee_on_immunization_practices|recommend_vaccination|vaccination|down"}, {"key": "food_and_drug_administration|approve_authorize|vaccine|down"}, {"key": "world_health_organization|report_release|influenza|mortality|down"}, {"key": "centers_for_disease_control|conduct_study|influenza|cases|down"}]}
['centers_for_disease_control', 'issue_guidance', 'vaccination', 'down']
['advisory_committee_on_immunization_practices', 'recommend_vaccination', 'vaccination', 'down']
['food_and_drug_administration', 'approve_authorize', 'vaccine', 'down']
['world_health_organization', 'report_release', 'influenza', 'mortality', 'down']
['centers_for_disease_control', 'conduct_study', 'influenza', 'cases', 'down']
recall_all: 0.06666666666666667 precision_all: 0.04
Labels:
['centers_for_disease_control', 'report_release', 'influenza', 'up']
['centers_for_disease_control', 'issue_guidance', 'influenza', 'ambiguous']
['centers_for_disease_control', 'report_release', 'h1n1', 'ambiguous']
['centers_for_disease_control', 'report_release', 'h5n1', 'up']
['food_and_drug_administration', 'report_release', 'influenza', 'ambiguous']

===== RAW GENERATION (decoded) =====


The observed trend in the data indicates a steady decline in the proportion of U.S. influenza patients over the past three months, with a more pronounced drop in the current month. This suggests a potential reduction in flu activity, possibly due to increased vaccination rates, a more effective vaccine, or the impact of other respiratory illnesses diverting attention away from the flu. The sharp decrease in the first three weeks of the current month may be linked to recent public health initiatives or awareness campaigns.

```json
{
  "hypotheses": [
    {
      "key": "centers_for_disease_control|recommend_vaccination|vaccination|up"
    },
    {
      "key": "united_states|issue_guidance|influenza|down"
    },
    {
      "key": "food_and_drug_administration|approve_authorize|vaccine|up"
    },
    {
      "key": "advisory_committee_on_immunization_practices|report_release|vaccination|up"
    },
    {
      "key": "health_and_human_services|conduct_study|flu_activity|down"
    }
  ]
}
```
===== END RAW GENERATION =====
[DEBUG] parsed JSON: {"hypotheses": [{"key": "centers_for_disease_control|recommend_vaccination|vaccination|up"}, {"key": "united_states|issue_guidance|influenza|down"}, {"key": "food_and_drug_administration|approve_authorize|vaccine|up"}, {"key": "advisory_committee_on_immunization_practices|report_release|vaccination|up"}, {"key": "health_and_human_services|conduct_study|flu_activity|down"}]}
['centers_for_disease_control', 'recommend_vaccination', 'vaccination', 'up']
['united_states', 'issue_guidance', 'influenza', 'down']
['food_and_drug_administration', 'approve_authorize', 'vaccine', 'up']
['advisory_committee_on_immunization_practices', 'report_release', 'vaccination', 'up']
['health_and_human_services', 'conduct_study', 'flu_activity', 'down']
recall_all: 0.05555555555555555 precision_all: 0.03333333333333333
Labels:
['centers_for_disease_control', 'report_release', 'influenza', 'ambiguous']
['centers_for_disease_control', 'report_release', 'influenza', 'up']
['centers_for_disease_control', 'issue_guidance', 'influenza', 'ambiguous']
['centers_for_disease_control', 'report_release', 'mortality', 'ambiguous']
['world_health_organization', 'report_release', 'h5n1', 'ambiguous']

===== RAW GENERATION (decoded) =====


### Reasoning Paragraph  
The observed trend in the data indicates a general decline in the proportion of U.S. influenza patients over the past three months, as evidenced by the steady decrease in P values from t0 to t8. This downward trajectory could be attributed to several factors, including increased vaccination rates, improved public health measures, or seasonal patterns where influenza activity typically subsides during warmer months. However, the current month shows a slight uptick in the proportion of cases (dP values), particularly from c3 to c4, suggesting a potential resurgence or new wave of influenza activity. This reversal could be linked to colder weather, increased indoor gatherings, or the emergence of a new influenza variant. Additionally, changes in healthcare-seeking behavior, such as reduced telemedicine usage or delayed reporting, might also contribute to this pattern.

### Hypotheses  
The following real-time events could plausibly explain the observed trends:  
1. **Centers for Disease Control and Prevention (CDC) issues updated guidance on influenza prevention and control measures.**  
2. **Food and Drug Administration (FDA) approves or authorizes a new influenza vaccine for the upcoming season.**  
3. **Resurgence of influenza cases due to increased respiratory syncytial virus (RSV) activity in the current month.**  
4. **Advisory Committee on Immunization Practices (ACIP) recommends earlier influenza vaccination for the 2023-2024 season.**  
5. **National Institute on Aging reports increased flu-related hospitalizations among elderly populations due to colder weather.**  

These events align with the observed trends and provide a plausible explanation for the fluctuating influenza activity.  

```json
⟪FINAL⟫
{
  "hypotheses": [
    {
      "key": "centers_for_disease_control|issue_guidance|influenza|up"
    },
    {
      "key": "food_and_drug_administration|approve_authorize|vaccine|up"
    },
    {
      "key": "respiratory_syncytial_virus|disease_resurgence|influenza|up"
    },
    {
      "key": "advisory_committee_on_immunization_practices|recommend_vaccination|vaccination|up"
    },
    {
      "key": "national_institute_on_aging|rate_change|hospitalizations|up"
    }
  ]
}
```
===== END RAW GENERATION =====
[DEBUG] parsed JSON: {"hypotheses": [{"key": "centers_for_disease_control|issue_guidance|influenza|up"}, {"key": "food_and_drug_administration|approve_authorize|vaccine|up"}, {"key": "respiratory_syncytial_virus|disease_resurgence|influenza|up"}, {"key": "advisory_committee_on_immunization_practices|recommend_vaccination|vaccination|up"}, {"key": "national_institute_on_aging|rate_change|hospitalizations|up"}]}
['centers_for_disease_control', 'issue_guidance', 'influenza', 'up']
['food_and_drug_administration', 'approve_authorize', 'vaccine', 'up']
['respiratory_syncytial_virus', 'disease_resurgence', 'influenza', 'up']
['advisory_committee_on_immunization_practices', 'recommend_vaccination', 'vaccination', 'up']
['national_institute_on_aging', 'rate_change', 'hospitalizations', 'up']
recall_all: 0.07619047619047618 precision_all: 0.05714285714285715
Labels:
['advisory_committee_on_immunization_practices', 'issue_guidance', 'vaccination', 'ambiguous']
['centers_for_disease_control', 'report_release', 'influenza', 'ambiguous']
['health_and_human_services', 'report_release', 'influenza', 'up']
['national_institute_on_aging', 'issue_guidance', 'vaccination', 'ambiguous']

===== RAW GENERATION (decoded) =====


The observed trend in the U.S. influenza patient proportions shows an overall upward movement over the past 13 weeks, with a notable acceleration in the first two weeks of the current month, followed by a slight deceleration. This suggests the onset of an influenza season, potentially influenced by factors such as the emergence of a new flu strain or seasonal patterns. The initial surge could be due to the beginning of flu season, while the recent leveling off might indicate the implementation of containment measures or increased public awareness.

**Hypotheses:**

1. **CDC|issue_guidance|mask mandates|up**  
   The Centers for Disease Control and Prevention issued updated guidance on mask mandates, leading to reduced transmission and a slowing of the case increase.

2. **WHO|detect|h5n1|up**  
   The World Health Organization detected a new flu strain (H5N1), causing increased transmission and a surge in cases before containment efforts began.

3. **FDA|approve_authorize|antiviral treatment|up**  
   The Food and Drug Administration approved a new antiviral treatment, which may reduce hospitalizations and slow the spread.

4. **ACIP|recommend_vaccination|antivirals|up**  
   The Advisory Committee on Immunization Practices recommended increased use of antivirals, leading to better treatment outcomes and reduced transmission.

5. **HHS|report_release|public health campaign|up**  
   The Department of Health and Human Services launched a public health campaign promoting flu prevention, increasing awareness and preventive measures.

```json
{
  "hypotheses": [
    {
      "key": "centers_for_disease_control|issue_guidance|mask mandates|up"
    },
    {
      "key": "world_health_organization|detect|h5n1|up"
    },
    {
      "key": "food_and_drug_administration|approve_authorize|antiviral treatment|up"
    },
    {
      "key": "advisory_committee_on_immunization_practices|recommend_vaccination|antivirals|up"
    },
    {
      "key": "health_and_human_services|report_release|public health campaign|up"
    }
  ]
}
```
===== END RAW GENERATION =====
[DEBUG] parsed JSON: {"hypotheses": [{"key": "centers_for_disease_control|issue_guidance|mask mandates|up"}, {"key": "world_health_organization|detect|h5n1|up"}, {"key": "food_and_drug_administration|approve_authorize|antiviral treatment|up"}, {"key": "advisory_committee_on_immunization_practices|recommend_vaccination|antivirals|up"}, {"key": "health_and_human_services|report_release|public health campaign|up"}]}
['centers_for_disease_control', 'issue_guidance', 'mask mandates', 'up']
['world_health_organization', 'detect', 'h5n1', 'up']
['food_and_drug_administration', 'approve_authorize', 'antiviral treatment', 'up']
['advisory_committee_on_immunization_practices', 'recommend_vaccination', 'antivirals', 'up']
['health_and_human_services', 'report_release', 'public health campaign', 'up']
recall_all: 0.06666666666666667 precision_all: 0.05
Labels:
['centers_for_disease_control', 'issue_guidance', 'vaccination', 'ambiguous']
['advisory_committee_on_immunization_practices', 'issue_guidance', 'vaccination', 'ambiguous']
['centers_for_disease_control', 'report_release', 'hospitalizations', 'up']
['centers_for_disease_control', 'report_release', 'influenza', 'up']

===== RAW GENERATION (decoded) =====


The observed trend in the data indicates a steady increase in U.S. influenza patient proportions over the past 13 weeks, reaching a peak at 2.259. Within the current month, the trend shows an initial slight decrease followed by a consistent increase, suggesting ongoing flu activity. This could be due to the onset of flu season, lower vaccination rates, reduced vaccine efficacy, or increased testing. Fluctuations might be influenced by events like weather changes, school reopenings, or healthcare practices.

 plausible real-time events that occurred within the current month:

1. Centers for Disease Control and Prevention (CDC) issued guidance on flu prevention.
2. Advisory Committee on Immunization Practices recommended earlier vaccination.
3. FDA authorized a new influenza vaccine.
4. World Health Organization reported on a new flu strain.
5. Health and Human Services conducted a study on flu trends.

```json
{
  "hypotheses": [
    {
      "key": "centers_for_disease_control|issue_guidance|influenza|up"
    },
    {
      "key": "advisory_committee_on_immunization_practices|recommend_vaccination|vaccination|up"
    },
    {
      "key": "food_and_drug_administration|approve_authorize|vaccine|up"
    },
    {
      "key": "world_health_organization|detect|h5n1|up"
    },
    {
      "key": "health_and_human_services|conduct_study|flu_trends|up"
    }
  ]
}
```
===== END RAW GENERATION =====
[DEBUG] parsed JSON: {"hypotheses": [{"key": "centers_for_disease_control|issue_guidance|influenza|up"}, {"key": "advisory_committee_on_immunization_practices|recommend_vaccination|vaccination|up"}, {"key": "food_and_drug_administration|approve_authorize|vaccine|up"}, {"key": "world_health_organization|detect|h5n1|up"}, {"key": "health_and_human_services|conduct_study|flu_trends|up"}]}
['centers_for_disease_control', 'issue_guidance', 'influenza', 'up']
['advisory_committee_on_immunization_practices', 'recommend_vaccination', 'vaccination', 'up']
['food_and_drug_administration', 'approve_authorize', 'vaccine', 'up']
['world_health_organization', 'detect', 'h5n1', 'up']
['health_and_human_services', 'conduct_study', 'flu_trends', 'up']
recall_all: 0.05925925925925926 precision_all: 0.044444444444444446
Labels:
['centers_for_disease_control', 'issue_guidance', 'vaccination', 'ambiguous']
['centers_for_disease_control', 'report_release', 'influenza', 'ambiguous']
['centers_for_disease_control', 'report_release', 'influenza', 'up']
['centers_for_disease_control', 'conduct_study', 'influenza', 'ambiguous']
['centers_for_disease_control', 'conduct_study', 'respiratory_syncytial_virus', 'ambiguous']

===== RAW GENERATION (decoded) =====


The observed trend in the data indicates a steady increase in the proportion of U.S. influenza patients over the past 13 weeks, with a notable acceleration in the current month. The context window shows a gradual rise from 1.540 to 3.325, reflecting a sustained upward trajectory. Within the current month, the weekly changes in proportion (dP) reveal a significant spike in flu activity, with dP values increasing from +0.050 to +0.413. This suggests a potential surge in influenza cases, possibly linked to factors such as the emergence of a new viral strain, reduced vaccination rates, or relaxed public health measures. Additionally, the upward trend could be influenced by increased reporting or testing, though the consistent pattern suggests a real-world increase in flu activity. The acceleration in the current month may also be tied to seasonal factors, such as colder weather driving indoor gatherings, or co-circulation of other respiratory viruses like RSV, further overwhelming healthcare systems.

⟪FINAL⟫  
{  
  "hypotheses": [  
    {  
      "key": "centers_for_disease_control|issue_guidance|influenza|up"  
    },  
    {  
      "key": "united_states|report_release|hospitalizations|up"  
    },  
    {  
      "key": "world_health_organization|detect|h5n1|up"  
    },  
    {  
      "key": "food_and_drug_administration|approve_authorize|vaccine|up"  
    },  
    {  
      "key": "health_and_human_services|rate_change|vaccination|down"  
    }  
  ]  
}
===== END RAW GENERATION =====
[DEBUG] parsed JSON: {"hypotheses": [{"key": "centers_for_disease_control|issue_guidance|influenza|up"}, {"key": "united_states|report_release|hospitalizations|up"}, {"key": "world_health_organization|detect|h5n1|up"}, {"key": "food_and_drug_administration|approve_authorize|vaccine|up"}, {"key": "health_and_human_services|rate_change|vaccination|down"}]}
['centers_for_disease_control', 'issue_guidance', 'influenza', 'up']
['united_states', 'report_release', 'hospitalizations', 'up']
['world_health_organization', 'detect', 'h5n1', 'up']
['food_and_drug_administration', 'approve_authorize', 'vaccine', 'up']
['health_and_human_services', 'rate_change', 'vaccination', 'down']
recall_all: 0.05333333333333333 precision_all: 0.04
Labels:
['centers_for_disease_control', 'report_release', 'influenza', 'up']
['centers_for_disease_control', 'approve_authorize', 'influenza', 'ambiguous']
['centers_for_disease_control', 'issue_guidance', 'influenza', 'ambiguous']
['centers_for_disease_control', 'recommend_vaccination', 'influenza', 'ambiguous']
['centers_for_disease_control', 'report_release', 'deaths', 'up']

===== RAW GENERATION (decoded) =====


The observed trend in the data indicates a steady increase in the proportion of U.S. influenza patients over the past 13 weeks, with a notable spike in the current month. This upward trajectory suggests the onset or intensification of the influenza season. The variability in the current month's data, particularly the significant jump in week c3, could be linked to factors such as increased community spread, public health interventions, or heightened reporting due to recent guidelines. Potential real-time events include a push for vaccination, new health reports, or disease outbreaks.

```json
{
  "hypotheses": [
    {
      "key": "centers_for_disease_control|recommend_vaccination|vaccination|up"
    },
    {
      "key": "united_states|report_release|influenza|up"
    },
    {
      "key": "food_and_drug_administration|approve_authorize|vaccine|up"
    },
    {
      "key": "advisory_committee_on_immunization_practices|rate_change|vaccination|up"
    },
    {
      "key": "national_institute_on_aging|detect|h1n1|up"
    }
  ]
}
```
===== END RAW GENERATION =====
[DEBUG] parsed JSON: {"hypotheses": [{"key": "centers_for_disease_control|recommend_vaccination|vaccination|up"}, {"key": "united_states|report_release|influenza|up"}, {"key": "food_and_drug_administration|approve_authorize|vaccine|up"}, {"key": "advisory_committee_on_immunization_practices|rate_change|vaccination|up"}, {"key": "national_institute_on_aging|detect|h1n1|up"}]}
['centers_for_disease_control', 'recommend_vaccination', 'vaccination', 'up']
['united_states', 'report_release', 'influenza', 'up']
['food_and_drug_administration', 'approve_authorize', 'vaccine', 'up']
['advisory_committee_on_immunization_practices', 'rate_change', 'vaccination', 'up']
['national_institute_on_aging', 'detect', 'h1n1', 'up']
recall_all: 0.048484848484848485 precision_all: 0.03636363636363637
Labels:
['centers_for_disease_control', 'report_release', 'influenza', 'ambiguous']
['centers_for_disease_control', 'report_release', 'influenza', 'up']
['centers_for_disease_control', 'report_release', 'cases', 'up']
['centers_for_disease_control', 'report_release', 'h5n1', 'ambiguous']

===== RAW GENERATION (decoded) =====


The observed trend in the data indicates a significant and steady increase in the proportion of U.S. influenza patients over the past three months, with a notable acceleration in the current month. The sharp rises in the first two weeks of the current month, followed by a slight moderation, suggest a rapid spread of the virus, possibly due to a more virulent strain or lower vaccination rates. Seasonal factors, such as colder weather promoting transmission, and behavioral changes like increased indoor gatherings may also contribute. The data could reflect heightened awareness and reporting following a health organization's report or guidance on the flu season's severity.

```json
{
  "hypotheses": [
    {
      "key": "centers_for_disease_control|report_release|influenza|up"
    },
    {
      "key": "advisory_committee_on_immunization_practices|recommend_vaccination|vaccination|down"
    },
    {
      "key": "health_and_human_services|declare_emergency|hospitalizations|up"
    }
  ]
}
```
===== END RAW GENERATION =====
[DEBUG] parsed JSON: {"hypotheses": [{"key": "centers_for_disease_control|report_release|influenza|up"}, {"key": "advisory_committee_on_immunization_practices|recommend_vaccination|vaccination|down"}, {"key": "health_and_human_services|declare_emergency|hospitalizations|up"}]}
['centers_for_disease_control', 'report_release', 'influenza', 'up']
['advisory_committee_on_immunization_practices', 'recommend_vaccination', 'vaccination', 'down']
['health_and_human_services', 'declare_emergency', 'hospitalizations', 'up']
recall_all: 0.0861111111111111 precision_all: 0.061111111111111116
Labels:
['centers_for_disease_control', 'report_release', 'influenza', 'up']
['centers_for_disease_control', 'report_release', 'influenza', 'ambiguous']
['centers_for_disease_control', 'issue_guidance', 'vaccination', 'ambiguous']
['centers_for_disease_control', 'recommend_vaccination', 'vaccination', 'ambiguous']
['centers_for_disease_control', 'report_release', 'influenza', 'down']

===== RAW GENERATION (decoded) =====


The observed trend in the data indicates a peak in flu activity followed by a decline and a slight rebound. This suggests a typical flu season pattern, with initial growth, a peak, and subsequent decline. The recent slight increase could be due to factors like delayed vaccination effects, new virus variants, or increased social activities post-peak season. Real-time events such as updated guidelines, vaccination campaigns, or new treatments may be influencing these trends.

```json
{
  "hypotheses": [
    {
      "key": "centers_for_disease_control|issue_guidance|vaccination|up"
    },
    {
      "key": "united_states|recommend_vaccination|h1n1|up"
    },
    {
      "key": "advisory_committee_on_immunization_practices|rate_change|vaccine|up"
    },
    {
      "key": "food_and_drug_administration|approve_authorize|antiviral|up"
    },
    {
      "key": "national_institute_on_aging|report_release|respiratory_syncytial_virus|up"
    }
  ]
}
```
===== END RAW GENERATION =====
[DEBUG] parsed JSON: {"hypotheses": [{"key": "centers_for_disease_control|issue_guidance|vaccination|up"}, {"key": "united_states|recommend_vaccination|h1n1|up"}, {"key": "advisory_committee_on_immunization_practices|rate_change|vaccine|up"}, {"key": "food_and_drug_administration|approve_authorize|antiviral|up"}, {"key": "national_institute_on_aging|report_release|respiratory_syncytial_virus|up"}]}
['centers_for_disease_control', 'issue_guidance', 'vaccination', 'up']
['united_states', 'recommend_vaccination', 'h1n1', 'up']
['advisory_committee_on_immunization_practices', 'rate_change', 'vaccine', 'up']
['food_and_drug_administration', 'approve_authorize', 'antiviral', 'up']
['national_institute_on_aging', 'report_release', 'respiratory_syncytial_virus', 'up']
recall_all: 0.09487179487179485 precision_all: 0.07179487179487179
Labels:
['centers_for_disease_control', 'issue_guidance', 'influenza', 'ambiguous']
['centers_for_disease_control', 'report_release', 'influenza', 'up']
['centers_for_disease_control', 'issue_guidance', 'vaccination', 'ambiguous']
['centers_for_disease_control', 'recommend_vaccination', 'influenza', 'ambiguous']
['centers_for_disease_control', 'recommend_vaccination', 'vaccination', 'ambiguous']

===== RAW GENERATION (decoded) =====


The observed trend in the U.S. influenza patient proportions shows a peak in the middle of the 13-week period, followed by a decline. This is consistent with typical flu season patterns, where cases rise in winter and drop in spring. The current month's data indicates a slight increase followed by a steady decline, suggesting factors like warmer weather, school closures, or increased vaccination efforts. Seasonal changes and potential public health interventions likely contribute to this trend.

```json
⟪FINAL⟫{
  "hypotheses": [
    {
      "key": "centers_for_disease_control|report_release|influenza|down"
    },
    {
      "key": "advisory_committee_on_immunization_practices|recommend_vaccination|vaccine|up"
    },
    {
      "key": "united_states|school_closure|respiratory_syncytial_virus|down"
    },
    {
      "key": "national_institute_on_aging|conduct_study|hospitalizations|down"
    }
  ]
}
```
===== END RAW GENERATION =====
[DEBUG] parsed JSON: {"hypotheses": [{"key": "centers_for_disease_control|report_release|influenza|down"}, {"key": "advisory_committee_on_immunization_practices|recommend_vaccination|vaccine|up"}, {"key": "united_states|school_closure|respiratory_syncytial_virus|down"}, {"key": "national_institute_on_aging|conduct_study|hospitalizations|down"}]}
['centers_for_disease_control', 'report_release', 'influenza', 'down']
['advisory_committee_on_immunization_practices', 'recommend_vaccination', 'vaccine', 'up']
['united_states', 'school_closure', 'respiratory_syncytial_virus', 'down']
['national_institute_on_aging', 'conduct_study', 'hospitalizations', 'down']
recall_all: 0.10238095238095236 precision_all: 0.08452380952380953
Labels:
['centers_for_disease_control', 'report_release', 'influenza', 'up']
['centers_for_disease_control', 'report_release', 'influenza', 'ambiguous']

===== RAW GENERATION (decoded) =====


### Reasoning Paragraph  
The observed trend in the data indicates a steady decline in the proportion of U.S. influenza patients over the past 13 weeks, with the rate of decrease accelerating in the current month. The context window shows a gradual reduction in weekly proportions, from 5.762% at t0 to 3.030% at t12, suggesting a potential waning of influenza activity. However, the current month's data reveals a sharper decline, with weekly decreases in proportion (dP) becoming increasingly negative, reaching -0.351% at c0, -0.329% at c1, and -0.248% at c2. This sharp decline could be attributed to several factors, including seasonal patterns, increased vaccination rates, or the impact of public health interventions. Additionally, the timing of the data may coincide with the end of the influenza season, as flu activity often peaks in winter and subsides in spring. Another plausible explanation is the emergence or increased focus on other respiratory illnesses, such as respiratory syncytial virus (RSV), which could divert attention and resources away from influenza monitoring. Furthermore, changes in testing practices or reporting protocols could also contribute to the observed trend, though this would need to be confirmed through additional data.

### Hypotheses  
The following real-time events could plausibly explain the observed trend:  
1. Centers for Disease Control and Prevention (CDC) issuing updated guidance on influenza prevention and testing protocols.  
2. United States health officials confirming a decline in influenza cases due to seasonal factors and effective vaccination campaigns.  
3. World Health Organization (WHO) reporting global trends in influenza activity, potentially influencing local surveillance.  
4. Food and Drug Administration (FDA) approving a new influenza vaccine formulation, leading to increased uptake.  
5. Advisory Committee on Immunization Practices (ACIP) recommending earlier influenza vaccination for the upcoming season.  

These events align with the observed data and provide a plausible explanation for the decreasing proportion of influenza patients in the U.S.  

```json
⟪FINAL⟫
{
  "hypotheses": [
    {
      "key": "centers_for_disease_control|issue_guidance|influenza|down"
    },
    {
      "key": "united_states|confirm|cases|down"
    },
    {
      "key": "world_health_organization|report_release|influenza|down"
    },
    {
      "key": "food_and_drug_administration|approve_authorize|vaccine|up"
    },
    {
      "key": "advisory_committee_on_immunization_practices|recommend_vaccination|vaccination|up"
    }
  ]
}
```
===== END RAW GENERATION =====
[DEBUG] parsed JSON: {"hypotheses": [{"key": "centers_for_disease_control|issue_guidance|influenza|down"}, {"key": "united_states|confirm|cases|down"}, {"key": "world_health_organization|report_release|influenza|down"}, {"key": "food_and_drug_administration|approve_authorize|vaccine|up"}, {"key": "advisory_committee_on_immunization_practices|recommend_vaccination|vaccination|up"}]}
['centers_for_disease_control', 'issue_guidance', 'influenza', 'down']
['united_states', 'confirm', 'cases', 'down']
['world_health_organization', 'report_release', 'influenza', 'down']
['food_and_drug_administration', 'approve_authorize', 'vaccine', 'up']
['advisory_committee_on_immunization_practices', 'recommend_vaccination', 'vaccination', 'up']
recall_all: 0.09555555555555555 precision_all: 0.07888888888888888
Labels:
['centers_for_disease_control', 'report_release', 'h5n1', 'up']
['centers_for_disease_control', 'confirm', 'h5n1', 'ambiguous']
['centers_for_disease_control', 'outbreak', 'h5n1', 'ambiguous']

===== RAW GENERATION (decoded) =====


The observed trend in the data indicates a consistent decline in U.S. influenza patient proportions over the past three months, with the rate of decrease accelerating in the current month. This suggests a potential peak in flu activity followed by effective mitigation measures. The sharp drops in the first three weeks of the current month may be linked to increased vaccination rates, possibly due to recent recommendations or vaccine approvals. Additionally, public health guidelines or school policies could be contributing to reduced transmission. The slight decrease in later weeks may reflect ongoing efforts or the natural progression of the flu season.

```json
⟪FINAL⟫{
  "hypotheses": [
    {
      "key": "centers_for_disease_control|recommend_vaccination|vaccination|up"
    },
    {
      "key": "advisory_committee_on_immunization_practices|report_release|vaccine|up"
    },
    {
      "key": "food_and_drug_administration|approve_authorize|vaccine|up"
    },
    {
      "key": "centers_for_disease_control|issue_guidance|prevention|up"
    },
    {
      "key": "health_and_human_services|rate_change|hospitalizations|down"
    }
  ]
}
```
===== END RAW GENERATION =====
[DEBUG] parsed JSON: {"hypotheses": [{"key": "centers_for_disease_control|recommend_vaccination|vaccination|up"}, {"key": "advisory_committee_on_immunization_practices|report_release|vaccine|up"}, {"key": "food_and_drug_administration|approve_authorize|vaccine|up"}, {"key": "centers_for_disease_control|issue_guidance|prevention|up"}, {"key": "health_and_human_services|rate_change|hospitalizations|down"}]}
['centers_for_disease_control', 'recommend_vaccination', 'vaccination', 'up']
['advisory_committee_on_immunization_practices', 'report_release', 'vaccine', 'up']
['food_and_drug_administration', 'approve_authorize', 'vaccine', 'up']
['centers_for_disease_control', 'issue_guidance', 'prevention', 'up']
['health_and_human_services', 'rate_change', 'hospitalizations', 'down']
recall_all: 0.08958333333333332 precision_all: 0.07395833333333333
Labels:
['centers_for_disease_control', 'detect', 'h5n1', 'ambiguous']

===== RAW GENERATION (decoded) =====


The observed trend in the data indicates a steady decline in the proportion of U.S. influenza patients over the past three months, with a notable drop in the current month. This suggests that the influenza season may have peaked earlier than usual or that effective measures have been implemented to reduce transmission. Possible factors include increased vaccination rates, public health interventions like mask-wearing, or the circulation of other respiratory viruses leading to underreporting. The current month's significant decrease could be due to ongoing vaccination efforts, new health guidelines, or changes in testing practices.

```json
{
  "hypotheses": [
    {
      "key": "centers_for_disease_control|issue_guidance|influenza|down"
    },
    {
      "key": "advisory_committee_on_immunization_practices|recommend_vaccination|vaccine|up"
    },
    {
      "key": "food_and_drug_administration|approve_authorize|vaccine|up"
    },
    {
      "key": "national_institute_on_aging|report_release|hospitalizations|down"
    },
    {
      "key": "united_states|conduct_study|mortality|down"
    }
  ]
}
```
===== END RAW GENERATION =====
[DEBUG] parsed JSON: {"hypotheses": [{"key": "centers_for_disease_control|issue_guidance|influenza|down"}, {"key": "advisory_committee_on_immunization_practices|recommend_vaccination|vaccine|up"}, {"key": "food_and_drug_administration|approve_authorize|vaccine|up"}, {"key": "national_institute_on_aging|report_release|hospitalizations|down"}, {"key": "united_states|conduct_study|mortality|down"}]}
['centers_for_disease_control', 'issue_guidance', 'influenza', 'down']
['advisory_committee_on_immunization_practices', 'recommend_vaccination', 'vaccine', 'up']
['food_and_drug_administration', 'approve_authorize', 'vaccine', 'up']
['national_institute_on_aging', 'report_release', 'hospitalizations', 'down']
['united_states', 'conduct_study', 'mortality', 'down']
recall_all: 0.08431372549019607 precision_all: 0.0696078431372549
