Labels:
['centers_for_disease_control', 'report_release', 'influenza', 'ambiguous']
['centers_for_disease_control', 'report_release', 'influenza', 'up']
['united_states', 'rate_change', 'hospitalizations', 'up']
['united_states', 'report_release', 'influenza', 'ambiguous']
['united_states', 'report_release', 'influenza', 'up']

===== RAW GENERATION (decoded) =====
The observed trend in the U.S. influenza patient proportion data indicates a downward trajectory over the past three months, consistent with the typical decline of flu season in spring and summer. The initial sharp decrease in the current month could be attributed to increased vaccination efforts or public health campaigns, while the slight uptick in the last two weeks might suggest a new strain or behavioral changes. These trends could be influenced by real-time events such as guidance issuance, vaccination recommendations, detection of new strains, vaccine releases, or confirmed outbreaks.

⟪FINAL⟫{
  "hypotheses": [
    {
      "key": "centers_for_disease_control|issue_guidance|vaccination|down"
    },
    {
      "key": "advisory_committee_on_immunization_practices|recommend_vaccination|influenza|down"
    },
    {
      "key": "centers_for_disease_control|detect|h5n1|up"
    },
    {
      "key": "health_and_human_services|report_release|vaccine|down"
    },
    {
      "key": "world_health_organization|confirm|outbreak|up"
    }
  ]
}
===== END RAW GENERATION =====
[DEBUG] parsed JSON: {"hypotheses": [{"key": "centers_for_disease_control|issue_guidance|vaccination|down"}, {"key": "advisory_committee_on_immunization_practices|recommend_vaccination|influenza|down"}, {"key": "centers_for_disease_control|detect|h5n1|up"}, {"key": "health_and_human_services|report_release|vaccine|down"}, {"key": "world_health_organization|confirm|outbreak|up"}]}
['centers_for_disease_control', 'issue_guidance', 'vaccination', 'down']
['advisory_committee_on_immunization_practices', 'recommend_vaccination', 'influenza', 'down']
['centers_for_disease_control', 'detect', 'h5n1', 'up']
['health_and_human_services', 'report_release', 'vaccine', 'down']
['world_health_organization', 'confirm', 'outbreak', 'up']
recall_all: 0.0 precision_all: 0.0
Labels:
['centers_for_disease_control', 'report_release', 'influenza', 'up']
['centers_for_disease_control', 'report_release', 'influenza', 'ambiguous']

===== RAW GENERATION (decoded) =====
The observed trend in the data indicates a steady decline in the proportion of influenza patients over the past three months, with a notable acceleration in the current month. This pattern suggests a combination of seasonal factors and targeted public health interventions. The significant drop in the current month, particularly in week c2, points to a specific event that may have heightened awareness or increased preventive actions. Potential factors include increased vaccination rates due to guidance from health organizations, stricter public health measures, or the release of a significant report that influenced behavior.

The hypotheses are as follows:

1. **CDC issued guidance on vaccination** to increase awareness and uptake, leading to a reduction in flu cases.
2. **ACIP recommended a specific vaccine**, prompting a surge in vaccinations.
3. **CDC detected an outbreak**, prompting immediate public health responses.
4. **HHS conducted a study** highlighting the effectiveness of flu prevention measures.
5. **FDA approved a new vaccine**, boosting vaccination rates.

These actions likely contributed to the observed downward trend in influenza cases.

```json
{
  "hypotheses": [
    {
      "key": "centers_for_disease_control|issue_guidance|vaccination|down"
    },
    {
      "key": "advisory_committee_on_immunization_practices|recommend_vaccination|vaccine|down"
    },
    {
      "key": "centers_for_disease_control|detect|outbreak|down"
    },
    {
      "key": "health_and_human_services|conduct_study|influenza|down"
    },
    {
      "key": "food_and_drug_administration|approve_authorize|vaccine|down"
    }
  ]
}
```
===== END RAW GENERATION =====
[DEBUG] parsed JSON: {"hypotheses": [{"key": "centers_for_disease_control|issue_guidance|vaccination|down"}, {"key": "advisory_committee_on_immunization_practices|recommend_vaccination|vaccine|down"}, {"key": "centers_for_disease_control|detect|outbreak|down"}, {"key": "health_and_human_services|conduct_study|influenza|down"}, {"key": "food_and_drug_administration|approve_authorize|vaccine|down"}]}
['centers_for_disease_control', 'issue_guidance', 'vaccination', 'down']
['advisory_committee_on_immunization_practices', 'recommend_vaccination', 'vaccine', 'down']
['centers_for_disease_control', 'detect', 'outbreak', 'down']
['health_and_human_services', 'conduct_study', 'influenza', 'down']
['food_and_drug_administration', 'approve_authorize', 'vaccine', 'down']
recall_all: 0.0 precision_all: 0.0
Labels:
['centers_for_disease_control', 'report_release', 'influenza', 'ambiguous']
['centers_for_disease_control', 'report_release', 'influenza', 'up']

===== RAW GENERATION (decoded) =====
The observed trend in the data indicates a gradual decline in the proportion of influenza patients over the past three months, with a notable acceleration in the current month. The initial weeks show a slow decrease, but the last four weeks reveal a more significant drop, particularly in the most recent week. This pattern suggests a possible intervention or event that influenced the trend. Potential factors include increased vaccination rates, stricter public health measures, or guidance issued by health organizations. These actions could have led to reduced flu cases, contributing to the observed decline.

The sharp decrease in the current month's data points to real-time events such as health organizations issuing guidance, recommending vaccinations, or releasing reports that influenced public behavior or medical responses. These actions could have led to increased awareness and preventive measures, thereby reducing flu cases.

⟪FINAL⟫{
  "hypotheses": [
    {
      "key": "centers_for_disease_control|issue_guidance|influenza|down"
    },
    {
      "key": "world_health_organization|report_release|influenza|down"
    },
    {
      "key": "advisory_committee_on_immunization_practices|recommend_vaccination|vaccine|down"
    },
    {
      "key": "centers_for_disease_control|detect|h1n1|down"
    },
    {
      "key": "united_states|conduct_study|influenza|down"
    }
  ]
}
===== END RAW GENERATION =====
[DEBUG] parsed JSON: {"hypotheses": [{"key": "centers_for_disease_control|issue_guidance|influenza|down"}, {"key": "world_health_organization|report_release|influenza|down"}, {"key": "advisory_committee_on_immunization_practices|recommend_vaccination|vaccine|down"}, {"key": "centers_for_disease_control|detect|h1n1|down"}, {"key": "united_states|conduct_study|influenza|down"}]}
['centers_for_disease_control', 'issue_guidance', 'influenza', 'down']
['world_health_organization', 'report_release', 'influenza', 'down']
['advisory_committee_on_immunization_practices', 'recommend_vaccination', 'vaccine', 'down']
['centers_for_disease_control', 'detect', 'h1n1', 'down']
['united_states', 'conduct_study', 'influenza', 'down']
recall_all: 0.0 precision_all: 0.0
Labels:
['centers_for_disease_control', 'report_release', 'influenza', 'up']
['united_states', 'report_release', 'h5n1', 'ambiguous']

===== RAW GENERATION (decoded) =====
The observed trend in the data indicates a general decline in the proportion of influenza patients over the past three months, consistent with the typical waning of flu season. However, the slight increase in the last two weeks of the current month suggests a potential resurgence or emergence of a new strain. Possible real-world events include the CDC issuing guidance on flu prevention, recommending vaccination, releasing a report on flu activity, confirming an increase in cases, or detecting a new strain. The ACIP might have recommended vaccination, and the CDC could have conducted studies to monitor the situation.

**Step-by-Step Explanation:**

1. **Data Analysis:** The proportion of influenza patients decreased from t0 to t8, then showed a slight increase at t11 and t12. The current month's data (c0 to c3) shows a decrease in the first two weeks, followed by a slight increase.

2. **Seasonal Context:** The decline aligns with the typical end of flu season, but the recent increase could indicate a resurgence or new strain.

3. **Possible Events:** 
   - CDC issuing guidance or recommendations.
   - ACIP making vaccination recommendations.
   - CDC releasing reports or detecting new strains.
   - Increased vaccination efforts or changes in public behavior.

4. **Hypotheses Formation:** Each hypothesis is structured using the AAOD format, ensuring uniqueness and relevance to the observed trend.

**Final JSON Output:**

```json
{
  "hypotheses": [
    {
      "key": "centers_for_disease_control|issue_guidance|influenza|down"
    },
    {
      "key": "advisory_committee_on_immunization_practices|recommend_vaccination|vaccination|up"
    },
    {
      "key": "centers_for_disease_control|report_release|influenza|ambiguous"
    },
    {
      "key": "centers_for_disease_control|detect|h1n1|up"
    },
    {
      "key": "centers_for_disease_control|conduct_study|influenza|ambiguous"
    }
  ]
}
```
===== END RAW GENERATION =====
[DEBUG] parsed JSON: {"hypotheses": [{"key": "centers_for_disease_control|issue_guidance|influenza|down"}, {"key": "advisory_committee_on_immunization_practices|recommend_vaccination|vaccination|up"}, {"key": "centers_for_disease_control|report_release|influenza|ambiguous"}, {"key": "centers_for_disease_control|detect|h1n1|up"}, {"key": "centers_for_disease_control|conduct_study|influenza|ambiguous"}]}
['centers_for_disease_control', 'issue_guidance', 'influenza', 'down']
['advisory_committee_on_immunization_practices', 'recommend_vaccination', 'vaccination', 'up']
['centers_for_disease_control', 'report_release', 'influenza', 'ambiguous']
['centers_for_disease_control', 'detect', 'h1n1', 'up']
['centers_for_disease_control', 'conduct_study', 'influenza', 'ambiguous']
recall_all: 0.125 precision_all: 0.05
Labels:
['centers_for_disease_control', 'recommend_vaccination', 'vaccination', 'ambiguous']
['centers_for_disease_control', 'report_release', 'influenza', 'up']
['food_and_drug_administration', 'approve_authorize', 'vaccine', 'ambiguous']

===== RAW GENERATION (decoded) =====
The observed trend in the data indicates a general decline in the proportion of influenza patients over the past three months, with a notable drop in the current month. This downward trend could be attributed to seasonal factors, as flu activity typically decreases in warmer months. However, the fluctuations in the current month, particularly the significant drop in the last week, suggest specific interventions or events. These could include public health measures such as increased vaccination campaigns, new guidance from health organizations, or the detection of a new flu strain prompting preventive actions.

The hypotheses for real-time events within the current month are as follows:

1. **CDC Issues Guidance**: The Centers for Disease Control and Prevention issued new guidance on influenza prevention, leading to a decrease in cases.
2. **CDC Recommends Vaccination**: A recommendation for increased vaccination rates by the CDC could have reduced flu incidence.
3. **CDC Releases Report**: The release of a report on flu activity by the CDC might have prompted more preventive measures.
4. **CDC Detects New Strain**: Detection of a new flu strain could have led to heightened awareness and preventive actions.
5. **FDA Approves Vaccine**: Approval of a new vaccine by the Food and Drug Administration might have contributed to the decline.

These events align with the observed data trends, particularly the significant drop in the current month, indicating effective public health responses.

```json
{
  "hypotheses": [
    {
      "key": "centers_for_disease_control|issue_guidance|influenza|down"
    },
    {
      "key": "centers_for_disease_control|recommend_vaccination|vaccine|down"
    },
    {
      "key": "centers_for_disease_control|report_release|influenza|down"
    },
    {
      "key": "centers_for_disease_control|detect|h1n1|down"
    },
    {
      "key": "food_and_drug_administration|approve_authorize|vaccine|down"
    }
  ]
}
```
===== END RAW GENERATION =====
[DEBUG] parsed JSON: {"hypotheses": [{"key": "centers_for_disease_control|issue_guidance|influenza|down"}, {"key": "centers_for_disease_control|recommend_vaccination|vaccine|down"}, {"key": "centers_for_disease_control|report_release|influenza|down"}, {"key": "centers_for_disease_control|detect|h1n1|down"}, {"key": "food_and_drug_administration|approve_authorize|vaccine|down"}]}
['centers_for_disease_control', 'issue_guidance', 'influenza', 'down']
['centers_for_disease_control', 'recommend_vaccination', 'vaccine', 'down']
['centers_for_disease_control', 'report_release', 'influenza', 'down']
['centers_for_disease_control', 'detect', 'h1n1', 'down']
['food_and_drug_administration', 'approve_authorize', 'vaccine', 'down']
recall_all: 0.2333333333333333 precision_all: 0.12000000000000002
Labels:
['centers_for_disease_control', 'report_release', 'influenza', 'up']
['centers_for_disease_control', 'issue_guidance', 'influenza', 'ambiguous']
['centers_for_disease_control', 'report_release', 'h1n1', 'ambiguous']
['centers_for_disease_control', 'report_release', 'h5n1', 'up']
['food_and_drug_administration', 'report_release', 'influenza', 'ambiguous']

===== RAW GENERATION (decoded) =====
The observed trend in the data indicates a steady decline in the proportion of influenza patients in the U.S. over the past three months, with a notable acceleration in the rate of decrease from week t8 onwards. This downward trend is further supported by the current month's data, which shows a consistent reduction in the proportion, albeit with a slight deceleration in the most recent week. This pattern suggests a combination of factors contributing to the reduction in influenza cases. 

A plausible explanation is the increased uptake of influenza vaccinations, potentially influenced by public health initiatives or recommendations from authoritative bodies. The Centers for Disease Control and Prevention (CDC) may have issued updated guidance emphasizing the importance of vaccination, leading to higher coverage rates. Additionally, the Advisory Committee on Immunization Practices (ACIP) could have recommended specific vaccines, enhancing public confidence and uptake. Another factor might be the confirmation of vaccine effectiveness by the CDC, reassuring the public and healthcare providers of the benefits of vaccination. Furthermore, the World Health Organization (WHO) might have reported a global decrease in influenza cases, aligning with the observed U.S. trend and prompting additional preventive measures.

These events collectively contribute to the observed decline, reflecting a multifaceted approach to controlling influenza spread.

⟪FINAL⟫{
  "hypotheses": [
    {
      "key": "centers_for_disease_control|issue_guidance|vaccination|up"
    },
    {
      "key": "advisory_committee_on_immunization_practices|recommend_vaccination|vaccine|up"
    },
    {
      "key": "centers_for_disease_control|confirm|vaccine|up"
    },
    {
      "key": "world_health_organization|report_release|influenza|down"
    }
  ]
}
===== END RAW GENERATION =====
[DEBUG] parsed JSON: {"hypotheses": [{"key": "centers_for_disease_control|issue_guidance|vaccination|up"}, {"key": "advisory_committee_on_immunization_practices|recommend_vaccination|vaccine|up"}, {"key": "centers_for_disease_control|confirm|vaccine|up"}, {"key": "world_health_organization|report_release|influenza|down"}]}
['centers_for_disease_control', 'issue_guidance', 'vaccination', 'up']
['advisory_committee_on_immunization_practices', 'recommend_vaccination', 'vaccine', 'up']
['centers_for_disease_control', 'confirm', 'vaccine', 'up']
['world_health_organization', 'report_release', 'influenza', 'down']
recall_all: 0.19444444444444442 precision_all: 0.10000000000000002
Labels:
['centers_for_disease_control', 'report_release', 'influenza', 'ambiguous']
['centers_for_disease_control', 'report_release', 'influenza', 'up']
['centers_for_disease_control', 'issue_guidance', 'influenza', 'ambiguous']
['centers_for_disease_control', 'report_release', 'mortality', 'ambiguous']
['world_health_organization', 'report_release', 'h5n1', 'ambiguous']

===== RAW GENERATION (decoded) =====
The observed trend in the data indicates a decrease in the proportion of influenza patients over the initial weeks, followed by a noticeable increase towards the end of the current month. This pattern suggests that there might have been an initial decline due to interventions such as increased vaccination rates or public health campaigns. However, the subsequent rise could be attributed to the flu season intensifying, a new strain emerging, or a temporary lull followed by a resumption of normal activities. Real-time events within the current month could include the CDC detecting an uptick in cases, issuing a report, or confirming an outbreak, which would explain the rising proportion.

⟪FINAL⟫{
  "hypotheses": [
    {
      "key": "centers_for_disease_control|detect|influenza|up"
    },
    {
      "key": "centers_for_disease_control|report_release|influenza|up"
    },
    {
      "key": "centers_for_disease_control|confirm|outbreak|up"
    },
    {
      "key": "centers_for_disease_control|conduct_study|influenza|up"
    },
    {
      "key": "centers_for_disease_control|approve_authorize|vaccine|up"
    }
  ]
}
===== END RAW GENERATION =====
[DEBUG] parsed JSON: {"hypotheses": [{"key": "centers_for_disease_control|detect|influenza|up"}, {"key": "centers_for_disease_control|report_release|influenza|up"}, {"key": "centers_for_disease_control|confirm|outbreak|up"}, {"key": "centers_for_disease_control|conduct_study|influenza|up"}, {"key": "centers_for_disease_control|approve_authorize|vaccine|up"}]}
['centers_for_disease_control', 'detect', 'influenza', 'up']
['centers_for_disease_control', 'report_release', 'influenza', 'up']
['centers_for_disease_control', 'confirm', 'outbreak', 'up']
['centers_for_disease_control', 'conduct_study', 'influenza', 'up']
['centers_for_disease_control', 'approve_authorize', 'vaccine', 'up']
recall_all: 0.22380952380952376 precision_all: 0.1142857142857143
Labels:
['advisory_committee_on_immunization_practices', 'issue_guidance', 'vaccination', 'ambiguous']
['centers_for_disease_control', 'report_release', 'influenza', 'ambiguous']
['health_and_human_services', 'report_release', 'influenza', 'up']
['national_institute_on_aging', 'issue_guidance', 'vaccination', 'ambiguous']

===== RAW GENERATION (decoded) =====
The observed trend in the U.S. influenza patient proportions shows a dip followed by a significant rise over the past three months, with the current month continuing this upward trajectory. This pattern could be influenced by seasonal trends, as influenza cases typically increase during winter months. However, the initial dip might indicate interventions such as vaccination campaigns or public health measures, which were later lifted or became less effective. The steady rise in the current month suggests factors like the emergence of a new strain, increased transmission, or changes in reporting practices. Real-time events within the current month could include health organizations issuing guidance, detecting outbreaks, releasing reports, or approving new vaccines, all of which might influence case numbers and reporting.

**Reasoning Paragraph:**
The observed trend in the U.S. influenza patient proportions indicates a dip followed by a significant rise over the past three months, with the current month showing a continued upward trajectory. This pattern could be influenced by seasonal trends, as influenza cases typically increase during winter months. The initial dip might reflect interventions such as vaccination campaigns or public health measures, which were later lifted or became less effective. The steady rise in the current month suggests factors like the emergence of a new strain, increased transmission, or changes in reporting practices. Real-time events within the current month could include health organizations issuing guidance, detecting outbreaks, releasing reports, or approving new vaccines, all of which might influence case numbers and reporting.

**Final Structured Results:**

```json
{
  "hypotheses": [
    {
      "key": "centers_for_disease_control|issue_guidance|influenza|up"
    },
    {
      "key": "advisory_committee_on_immunization_practices|recommend_vaccination|vaccine|up"
    },
    {
      "key": "centers_for_disease_control|detect|outbreak|up"
    },
    {
      "key": "centers_for_disease_control|report_release|influenza|up"
    },
    {
      "key": "food_and_drug_administration|approve_authorize|vaccine|up"
    }
  ]
}
```
===== END RAW GENERATION =====
[DEBUG] parsed JSON: {"hypotheses": [{"key": "centers_for_disease_control|issue_guidance|influenza|up"}, {"key": "advisory_committee_on_immunization_practices|recommend_vaccination|vaccine|up"}, {"key": "centers_for_disease_control|detect|outbreak|up"}, {"key": "centers_for_disease_control|report_release|influenza|up"}, {"key": "food_and_drug_administration|approve_authorize|vaccine|up"}]}
['centers_for_disease_control', 'issue_guidance', 'influenza', 'up']
['advisory_committee_on_immunization_practices', 'recommend_vaccination', 'vaccine', 'up']
['centers_for_disease_control', 'detect', 'outbreak', 'up']
['centers_for_disease_control', 'report_release', 'influenza', 'up']
['food_and_drug_administration', 'approve_authorize', 'vaccine', 'up']
recall_all: 0.2270833333333333 precision_all: 0.125
Labels:
['centers_for_disease_control', 'issue_guidance', 'vaccination', 'ambiguous']
['advisory_committee_on_immunization_practices', 'issue_guidance', 'vaccination', 'ambiguous']
['centers_for_disease_control', 'report_release', 'hospitalizations', 'up']
['centers_for_disease_control', 'report_release', 'influenza', 'up']

===== RAW GENERATION (decoded) =====
The observed trend in the data indicates a steady increase in the proportion of influenza patients over the past three months, with a notable rise from t4 onwards. This upward trajectory could be attributed to the natural progression of the flu season, potentially exacerbated by a more contagious influenza strain, such as H3N2. The slight dip in the current month (c0) might reflect a temporary reporting delay or a brief decline in cases, followed by a resumption of the upward trend, suggesting ongoing flu activity. Factors contributing to this trend could include decreased vaccination rates, regional outbreaks, or increased reporting due to public health interventions or awareness campaigns.

The hypotheses for real-time events within the current month are as follows:

1. **CDC|issue_guidance|influenza|up** - The Centers for Disease Control and Prevention issued guidance to increase flu prevention measures.
2. **CDC|report_release|cases|up** - A report was released indicating a rise in flu cases nationwide.
3. **ACIP|recommend_vaccination|vaccine|up** - The Advisory Committee on Immunization Practices recommended increased vaccination efforts.
4. **WHO|confirm|outbreak|up** - The World Health Organization confirmed a global flu surge affecting the U.S.
5. **HHS|approve_authorize|funding|up** - The Department of Health and Human Services approved additional funding for flu response.

These events align with the observed data trend, suggesting a multifaceted response to rising flu activity.

```json
{
  "hypotheses": [
    {
      "key": "centers_for_disease_control|issue_guidance|influenza|up"
    },
    {
      "key": "centers_for_disease_control|report_release|cases|up"
    },
    {
      "key": "advisory_committee_on_immunization_practices|recommend_vaccination|vaccine|up"
    },
    {
      "key": "world_health_organization|confirm|outbreak|up"
    },
    {
      "key": "health_and_human_services|approve_authorize|funding|up"
    }
  ]
}
```
===== END RAW GENERATION =====
[DEBUG] parsed JSON: {"hypotheses": [{"key": "centers_for_disease_control|issue_guidance|influenza|up"}, {"key": "centers_for_disease_control|report_release|cases|up"}, {"key": "advisory_committee_on_immunization_practices|recommend_vaccination|vaccine|up"}, {"key": "world_health_organization|confirm|outbreak|up"}, {"key": "health_and_human_services|approve_authorize|funding|up"}]}
['centers_for_disease_control', 'issue_guidance', 'influenza', 'up']
['centers_for_disease_control', 'report_release', 'cases', 'up']
['advisory_committee_on_immunization_practices', 'recommend_vaccination', 'vaccine', 'up']
['world_health_organization', 'confirm', 'outbreak', 'up']
['health_and_human_services', 'approve_authorize', 'funding', 'up']
recall_all: 0.20185185185185184 precision_all: 0.1111111111111111
Labels:
['centers_for_disease_control', 'issue_guidance', 'vaccination', 'ambiguous']
['centers_for_disease_control', 'report_release', 'influenza', 'ambiguous']
['centers_for_disease_control', 'report_release', 'influenza', 'up']
['centers_for_disease_control', 'conduct_study', 'influenza', 'ambiguous']
['centers_for_disease_control', 'conduct_study', 'respiratory_syncytial_virus', 'ambiguous']

===== RAW GENERATION (decoded) =====
The observed trend in the U.S. influenza patient proportion data indicates a significant increase over the past three months, with a notable surge in the current month. This upward trajectory could be attributed to several factors. A potential emergence of a more contagious influenza strain, such as H5N1 or H1N1, might be contributing to the rise in cases. Additionally, a decrease in vaccination rates could facilitate the spread of the virus, possibly due to delays in vaccine distribution or public hesitancy. The current month's data, showing the largest increase, suggests that recent events have played a role. These could include the CDC detecting an outbreak, the FDA approving a new vaccine, the ACIP issuing updated vaccination guidance, the WHO reporting a concerning trend, or the CDC releasing a report on increased hospitalizations, all of which could heighten awareness and reporting of flu cases.

⟪FINAL⟫{
  "hypotheses": [
    {
      "key": "centers_for_disease_control|detect|outbreak|up"
    },
    {
      "key": "food_and_drug_administration|approve_authorize|vaccine|up"
    },
    {
      "key": "advisory_committee_on_immunization_practices|recommend_vaccination|vaccination|up"
    },
    {
      "key": "world_health_organization|report_release|influenza|up"
    },
    {
      "key": "centers_for_disease_control|report_release|hospitalizations|up"
    }
  ]
}
===== END RAW GENERATION =====
[DEBUG] parsed JSON: {"hypotheses": [{"key": "centers_for_disease_control|detect|outbreak|up"}, {"key": "food_and_drug_administration|approve_authorize|vaccine|up"}, {"key": "advisory_committee_on_immunization_practices|recommend_vaccination|vaccination|up"}, {"key": "world_health_organization|report_release|influenza|up"}, {"key": "centers_for_disease_control|report_release|hospitalizations|up"}]}
['centers_for_disease_control', 'detect', 'outbreak', 'up']
['food_and_drug_administration', 'approve_authorize', 'vaccine', 'up']
['advisory_committee_on_immunization_practices', 'recommend_vaccination', 'vaccination', 'up']
['world_health_organization', 'report_release', 'influenza', 'up']
['centers_for_disease_control', 'report_release', 'hospitalizations', 'up']
recall_all: 0.18166666666666664 precision_all: 0.1
Labels:
['centers_for_disease_control', 'report_release', 'influenza', 'up']
['centers_for_disease_control', 'approve_authorize', 'influenza', 'ambiguous']
['centers_for_disease_control', 'issue_guidance', 'influenza', 'ambiguous']
['centers_for_disease_control', 'recommend_vaccination', 'influenza', 'ambiguous']
['centers_for_disease_control', 'report_release', 'deaths', 'up']

===== RAW GENERATION (decoded) =====
The observed trend in the U.S. influenza patient proportion data indicates a steady increase over the past three months, with a notable surge in the current month. This upward trajectory suggests several plausible factors. A new, more contagious flu strain could be emerging, leading to higher transmission rates. Additionally, a decrease in vaccination rates or the relaxation of public health measures might be contributing to the rise. The Centers for Disease Control and Prevention (CDC) may have detected an outbreak or reported an increase in cases, while the Advisory Committee on Immunization Practices (ACIP) could have recommended increased vaccination efforts. The Food and Drug Administration (FDA) might have approved a new vaccine or authorized a different approach to vaccination, which could influence the trend.

**Hypotheses:**

1. **CDC detects an increase in flu cases.**
2. **CDC reports a rise in flu activity.**
3. **ACIP recommends increased vaccination.**
4. **CDC confirms a new flu strain.**
5. **FDA approves a new flu vaccine.**

```json
{
  "hypotheses": [
    {
      "key": "centers_for_disease_control|detect|influenza|up"
    },
    {
      "key": "centers_for_disease_control|report_release|influenza|up"
    },
    {
      "key": "advisory_committee_on_immunization_practices|recommend_vaccination|vaccination|up"
    },
    {
      "key": "centers_for_disease_control|confirm|h1n1|up"
    },
    {
      "key": "food_and_drug_administration|approve_authorize|vaccine|up"
    }
  ]
}
```
===== END RAW GENERATION =====
[DEBUG] parsed JSON: {"hypotheses": [{"key": "centers_for_disease_control|detect|influenza|up"}, {"key": "centers_for_disease_control|report_release|influenza|up"}, {"key": "advisory_committee_on_immunization_practices|recommend_vaccination|vaccination|up"}, {"key": "centers_for_disease_control|confirm|h1n1|up"}, {"key": "food_and_drug_administration|approve_authorize|vaccine|up"}]}
['centers_for_disease_control', 'detect', 'influenza', 'up']
['centers_for_disease_control', 'report_release', 'influenza', 'up']
['advisory_committee_on_immunization_practices', 'recommend_vaccination', 'vaccination', 'up']
['centers_for_disease_control', 'confirm', 'h1n1', 'up']
['food_and_drug_administration', 'approve_authorize', 'vaccine', 'up']
recall_all: 0.18333333333333332 precision_all: 0.10909090909090909
Labels:
['centers_for_disease_control', 'report_release', 'influenza', 'ambiguous']
['centers_for_disease_control', 'report_release', 'influenza', 'up']
['centers_for_disease_control', 'report_release', 'cases', 'up']
['centers_for_disease_control', 'report_release', 'h5n1', 'ambiguous']

===== RAW GENERATION (decoded) =====
The observed trend in the data indicates a significant and accelerating increase in the proportion of influenza patients in the U.S. over the past three months, with the current month showing particularly sharp rises. This upward trajectory could be attributed to several factors. A plausible explanation is the emergence of a more contagious influenza strain, such as H5N1 or H1N1, which could lead to higher transmission rates. Additionally, the data might reflect increased reporting due to heightened vigilance or new public health guidance, potentially from the CDC or WHO, encouraging more thorough case detection. Another possibility is a co-circulating virus like RSV, which might be misdiagnosed as influenza, inflating the numbers. The significant spike in the current month could also be due to a recent outbreak in a community setting, such as a nursing home, or the detection of a new flu variant by health authorities, prompting increased surveillance and reporting.

The hypotheses for real-time events within the current month are as follows:

1. **CDC detects a new influenza strain, leading to increased testing and reporting.**
2. **An outbreak occurs in a community setting, contributing to the rise in cases.**
3. **CDC issues updated guidance, enhancing reporting practices.**
4. **ACIP recommends a new vaccine, increasing vaccination rates.**
5. **FDA approves a new vaccine, enhancing availability and uptake.**

These events could explain the observed trend, each contributing to the surge in influenza cases through increased transmission, detection, or reporting.

```json
{
  "hypotheses": [
    {
      "key": "centers_for_disease_control|detect|h5n1|up"
    },
    {
      "key": "united_states|outbreak|influenza|up"
    },
    {
      "key": "centers_for_disease_control|issue_guidance|influenza|up"
    },
    {
      "key": "advisory_committee_on_immunization_practices|recommend_vaccination|vaccine|up"
    },
    {
      "key": "food_and_drug_administration|approve_authorize|vaccine|up"
    }
  ]
}
```
===== END RAW GENERATION =====
[DEBUG] parsed JSON: {"hypotheses": [{"key": "centers_for_disease_control|detect|h5n1|up"}, {"key": "united_states|outbreak|influenza|up"}, {"key": "centers_for_disease_control|issue_guidance|influenza|up"}, {"key": "advisory_committee_on_immunization_practices|recommend_vaccination|vaccine|up"}, {"key": "food_and_drug_administration|approve_authorize|vaccine|up"}]}
['centers_for_disease_control', 'detect', 'h5n1', 'up']
['united_states', 'outbreak', 'influenza', 'up']
['centers_for_disease_control', 'issue_guidance', 'influenza', 'up']
['advisory_committee_on_immunization_practices', 'recommend_vaccination', 'vaccine', 'up']
['food_and_drug_administration', 'approve_authorize', 'vaccine', 'up']
recall_all: 0.16805555555555554 precision_all: 0.09999999999999999
Labels:
['centers_for_disease_control', 'report_release', 'influenza', 'up']
['centers_for_disease_control', 'report_release', 'influenza', 'ambiguous']
['centers_for_disease_control', 'issue_guidance', 'vaccination', 'ambiguous']
['centers_for_disease_control', 'recommend_vaccination', 'vaccination', 'ambiguous']
['centers_for_disease_control', 'report_release', 'influenza', 'down']

===== RAW GENERATION (decoded) =====
The observed trend in the U.S. influenza patient proportion data indicates a seasonal peak followed by a decline, with a slight resurgence in the current month. The peak around week t7 aligns with typical winter flu season patterns, while the subsequent decline reflects the usual springtime reduction in cases. The slight increase in c4 suggests a potential new factor, such as a new influenza strain or changes in public health measures. This could be due to the CDC detecting a new strain, reporting a change in flu activity, or the WHO confirming the presence of a new strain, each contributing to the observed uptick.

⟪FINAL⟫{
  "hypotheses": [
    {
      "key": "centers_for_disease_control|detect|influenza|up"
    },
    {
      "key": "centers_for_disease_control|report_release|influenza|up"
    },
    {
      "key": "world_health_organization|confirm|influenza|up"
    },
    {
      "key": "centers_for_disease_control|issue_guidance|vaccination|up"
    },
    {
      "key": "centers_for_disease_control|rate_change|influenza|up"
    }
  ]
}
===== END RAW GENERATION =====
[DEBUG] parsed JSON: {"hypotheses": [{"key": "centers_for_disease_control|detect|influenza|up"}, {"key": "centers_for_disease_control|report_release|influenza|up"}, {"key": "world_health_organization|confirm|influenza|up"}, {"key": "centers_for_disease_control|issue_guidance|vaccination|up"}, {"key": "centers_for_disease_control|rate_change|influenza|up"}]}
['centers_for_disease_control', 'detect', 'influenza', 'up']
['centers_for_disease_control', 'report_release', 'influenza', 'up']
['world_health_organization', 'confirm', 'influenza', 'up']
['centers_for_disease_control', 'issue_guidance', 'vaccination', 'up']
['centers_for_disease_control', 'rate_change', 'influenza', 'up']
recall_all: 0.21666666666666665 precision_all: 0.12307692307692308
Labels:
['centers_for_disease_control', 'issue_guidance', 'influenza', 'ambiguous']
['centers_for_disease_control', 'report_release', 'influenza', 'up']
['centers_for_disease_control', 'issue_guidance', 'vaccination', 'ambiguous']
['centers_for_disease_control', 'recommend_vaccination', 'influenza', 'ambiguous']
['centers_for_disease_control', 'recommend_vaccination', 'vaccination', 'ambiguous']

===== RAW GENERATION (decoded) =====
The observed trend in the U.S. influenza patient proportion data indicates a peak followed by a decline. The initial increase in the current month could reflect the tail end of the flu season, while the significant drop suggests effective public health interventions. Factors such as increased vaccination rates, improved hygiene, or new health guidelines may contribute to this decline. Real-time events could include health organizations issuing guidance, reporting case reductions, recommending vaccines, or approving new treatments.

⟪FINAL⟫{
  "hypotheses": [
    {
      "key": "centers_for_disease_control|issue_guidance|influenza|down"
    },
    {
      "key": "world_health_organization|report_release|cases|down"
    },
    {
      "key": "advisory_committee_on_immunization_practices|recommend_vaccination|vaccine|down"
    },
    {
      "key": "food_and_drug_administration|approve_authorize|vaccine|down"
    },
    {
      "key": "health_and_human_services|conduct_study|influenza|down"
    }
  ]
}
===== END RAW GENERATION =====
[DEBUG] parsed JSON: {"hypotheses": [{"key": "centers_for_disease_control|issue_guidance|influenza|down"}, {"key": "world_health_organization|report_release|cases|down"}, {"key": "advisory_committee_on_immunization_practices|recommend_vaccination|vaccine|down"}, {"key": "food_and_drug_administration|approve_authorize|vaccine|down"}, {"key": "health_and_human_services|conduct_study|influenza|down"}]}
['centers_for_disease_control', 'issue_guidance', 'influenza', 'down']
['world_health_organization', 'report_release', 'cases', 'down']
['advisory_committee_on_immunization_practices', 'recommend_vaccination', 'vaccine', 'down']
['food_and_drug_administration', 'approve_authorize', 'vaccine', 'down']
['health_and_human_services', 'conduct_study', 'influenza', 'down']
recall_all: 0.21547619047619046 precision_all: 0.1285714285714286
Labels:
['centers_for_disease_control', 'report_release', 'influenza', 'up']
['centers_for_disease_control', 'report_release', 'influenza', 'ambiguous']

===== RAW GENERATION (decoded) =====
The observed trend in the data indicates a steady decline in the proportion of influenza patients over the past three months, with a notable slowing of the rate of decrease in the current month. This pattern could be attributed to a combination of factors, including increased vaccination rates, the implementation of public health measures, and seasonal trends. The slowing rate in the current month suggests that the peak may have passed, leading to a stabilization of cases. Additionally, real-time events such as new health guidelines, vaccination recommendations, and confirmations of global trends could be contributing factors.

⟪FINAL⟫{
  "hypotheses": [
    {
      "key": "centers_for_disease_control|issue_guidance|vaccination|up"
    },
    {
      "key": "centers_for_disease_control|report_release|influenza|down"
    },
    {
      "key": "advisory_committee_on_immunization_practices|recommend_vaccination|vaccination|up"
    },
    {
      "key": "national_institute_on_aging|conduct_study|vaccine|up"
    },
    {
      "key": "world_health_organization|confirm|influenza|down"
    }
  ]
}
===== END RAW GENERATION =====
[DEBUG] parsed JSON: {"hypotheses": [{"key": "centers_for_disease_control|issue_guidance|vaccination|up"}, {"key": "centers_for_disease_control|report_release|influenza|down"}, {"key": "advisory_committee_on_immunization_practices|recommend_vaccination|vaccination|up"}, {"key": "national_institute_on_aging|conduct_study|vaccine|up"}, {"key": "world_health_organization|confirm|influenza|down"}]}
['centers_for_disease_control', 'issue_guidance', 'vaccination', 'up']
['centers_for_disease_control', 'report_release', 'influenza', 'down']
['advisory_committee_on_immunization_practices', 'recommend_vaccination', 'vaccination', 'up']
['national_institute_on_aging', 'conduct_study', 'vaccine', 'up']
['world_health_organization', 'confirm', 'influenza', 'down']
recall_all: 0.2677777777777778 precision_all: 0.13333333333333333
Labels:
['centers_for_disease_control', 'report_release', 'h5n1', 'up']
['centers_for_disease_control', 'confirm', 'h5n1', 'ambiguous']
['centers_for_disease_control', 'outbreak', 'h5n1', 'ambiguous']

===== RAW GENERATION (decoded) =====
The observed trend in the data indicates a steady decline in the proportion of influenza patients over the past three months, with a notable slowing of this decline in the current month. This pattern suggests that while initial interventions or behaviors, such as increased vaccination or enhanced public health measures, were effective in reducing cases, their impact may be diminishing. The initial steep decrease in the first three weeks of the current month could reflect the peak effectiveness of these interventions, followed by a plateau as the most responsive segments of the population have already adopted preventive measures. Potential driving factors include heightened vaccination rates, adherence to public health guidelines, or the issuance of new health advisories. The slowing decline might also indicate that the population most susceptible to influenza has already been targeted, or that other factors, such as the emergence of new strains or changes in reporting practices, are beginning to influence the trend.

⟪FINAL⟫{
  "hypotheses": [
    {
      "key": "centers_for_disease_control|issue_guidance|vaccination|up"
    },
    {
      "key": "advisory_committee_on_immunization_practices|recommend_vaccination|influenza|up"
    },
    {
      "key": "centers_for_disease_control|report_release|vaccine|up"
    },
    {
      "key": "food_and_drug_administration|approve_authorize|vaccine|up"
    },
    {
      "key": "national_institute_on_aging|conduct_study|vaccination|up"
    }
  ]
}
===== END RAW GENERATION =====
[DEBUG] parsed JSON: {"hypotheses": [{"key": "centers_for_disease_control|issue_guidance|vaccination|up"}, {"key": "advisory_committee_on_immunization_practices|recommend_vaccination|influenza|up"}, {"key": "centers_for_disease_control|report_release|vaccine|up"}, {"key": "food_and_drug_administration|approve_authorize|vaccine|up"}, {"key": "national_institute_on_aging|conduct_study|vaccination|up"}]}
['centers_for_disease_control', 'issue_guidance', 'vaccination', 'up']
['advisory_committee_on_immunization_practices', 'recommend_vaccination', 'influenza', 'up']
['centers_for_disease_control', 'report_release', 'vaccine', 'up']
['food_and_drug_administration', 'approve_authorize', 'vaccine', 'up']
['national_institute_on_aging', 'conduct_study', 'vaccination', 'up']
recall_all: 0.25104166666666666 precision_all: 0.125
Labels:
['centers_for_disease_control', 'detect', 'h5n1', 'ambiguous']

===== RAW GENERATION (decoded) =====
The observed trend in the U.S. influenza patient proportion data shows a steady decline over the past 12 weeks, with a continuation of this downward trajectory in the current month. This suggests a possible increase in vaccination rates, effective public health measures, or the natural end of the flu season. Real-time events that could explain this trend include the CDC issuing vaccination recommendations, the ACIP recommending a specific vaccine, the CDC detecting and reporting a decline in flu activity, the FDA approving a new vaccine, or a report showing high vaccine effectiveness.

⟪FINAL⟫{
  "hypotheses": [
    {
      "key": "centers_for_disease_control|issue_guidance|vaccination|down"
    },
    {
      "key": "advisory_committee_on_immunization_practices|recommend_vaccination|influenza|down"
    },
    {
      "key": "centers_for_disease_control|detect|cases|down"
    },
    {
      "key": "food_and_drug_administration|approve_authorize|vaccine|down"
    },
    {
      "key": "centers_for_disease_control|report_release|vaccine|down"
    }
  ]
}
===== END RAW GENERATION =====
[DEBUG] parsed JSON: {"hypotheses": [{"key": "centers_for_disease_control|issue_guidance|vaccination|down"}, {"key": "advisory_committee_on_immunization_practices|recommend_vaccination|influenza|down"}, {"key": "centers_for_disease_control|detect|cases|down"}, {"key": "food_and_drug_administration|approve_authorize|vaccine|down"}, {"key": "centers_for_disease_control|report_release|vaccine|down"}]}
['centers_for_disease_control', 'issue_guidance', 'vaccination', 'down']
['advisory_committee_on_immunization_practices', 'recommend_vaccination', 'influenza', 'down']
['centers_for_disease_control', 'detect', 'cases', 'down']
['food_and_drug_administration', 'approve_authorize', 'vaccine', 'down']
['centers_for_disease_control', 'report_release', 'vaccine', 'down']
recall_all: 0.23627450980392156 precision_all: 0.11764705882352941
