Labels:
['centers_for_disease_control', 'report_release', 'influenza', 'ambiguous']
['centers_for_disease_control', 'report_release', 'influenza', 'up']
['united_states', 'rate_change', 'hospitalizations', 'up']
['united_states', 'report_release', 'influenza', 'ambiguous']
['united_states', 'report_release', 'influenza', 'up']

===== RAW GENERATION (decoded) =====
The observed trend in the data indicates a significant and sustained decline in influenza patient proportions over the last three months, falling from a peak of 7.371% to a plateau around 2.7%. This pattern is characteristic of the tail end of a typical seasonal influenza epidemic, where the virus has largely burned through the susceptible population and herd immunity from both prior infection and vaccination has been established. The most recent month's data shows this decline initially continuing but then decelerating sharply, with the rate of change (dP) approaching zero and even turning slightly positive in the last two weeks. This inflection point, where the steep decline bottoms out and begins to stabilize or tick upwards, is highly suggestive of a new development. A plausible real-world cause is the emergence of a late-season influenza B wave, which often follows the primary influenza A wave, or a potential shift in circulating strains that is slightly evading existing population immunity. Alternatively, this stabilization could be the new baseline level of background, non-seasonal influenza circulation.

⟪FINAL⟫
{
  "hypotheses": [
    {
      "key": "centers_for_disease_control|report_release|influenza|up"
    },
    {
      "key": "centers_for_disease_control|detect|h1n1|up"
    },
    {
      "key": "world_health_organization|confirm|h5n1|ambiguous"
    },
    {
      "key": "advisory_committee_on_immunization_practices|recommend_vaccination|vaccination|up"
    },
    {
      "key": "centers_for_disease_control|report_release|hospitalizations|down"
    }
  ]
}
===== END RAW GENERATION =====
[DEBUG] parsed JSON: {"hypotheses": [{"key": "centers_for_disease_control|report_release|influenza|up"}, {"key": "centers_for_disease_control|detect|h1n1|up"}, {"key": "world_health_organization|confirm|h5n1|ambiguous"}, {"key": "advisory_committee_on_immunization_practices|recommend_vaccination|vaccination|up"}, {"key": "centers_for_disease_control|report_release|hospitalizations|down"}]}
['centers_for_disease_control', 'report_release', 'influenza', 'up']
['centers_for_disease_control', 'detect', 'h1n1', 'up']
['world_health_organization', 'confirm', 'h5n1', 'ambiguous']
['advisory_committee_on_immunization_practices', 'recommend_vaccination', 'vaccination', 'up']
['centers_for_disease_control', 'report_release', 'hospitalizations', 'down']
recall_all: 0.4 precision_all: 0.2
Labels:
['centers_for_disease_control', 'report_release', 'influenza', 'up']
['centers_for_disease_control', 'report_release', 'influenza', 'ambiguous']

===== RAW GENERATION (decoded) =====
The observed trend in the data indicates a significant and sustained decline in the proportion of influenza patients over the last three months, with the rate of decrease slowing considerably in the most recent weeks. The initial sharp drop from over 6% to below 3% suggests the tail end of the primary influenza season, likely driven by a combination of accumulated population immunity from prior infections and the successful uptake of the seasonal influenza vaccine. The subsequent plateauing of the proportion around 2.6-2.7% for several weeks, followed by a continued but more gradual decline in the current month, points towards a transition into a low-level endemic state. The recent, smaller weekly decreases (dOT) are consistent with typical late-season behavior where transmission is low but persistent. This pattern is unlikely to be driven by a single disruptive event but rather reflects the natural epidemiological progression of the seasonal virus as influenced by ongoing public health measures, baseline vaccination coverage, and changing environmental conditions that reduce viral transmission.

⟪FINAL⟫
{
  "hypotheses": [
    {
      "key": "centers_for_disease_control|report_release|cases|down"
    },
    {
      "key": "advisory_committee_on_immunization_practices|recommend_vaccination|vaccination|down"
    },
    {
      "key": "centers_for_disease_control|issue_guidance|influenza|down"
    },
    {
      "key": "health_and_human_services|rate_change|hospitalizations|down"
    },
    {
      "key": "world_health_organization|confirm|influenza|down"
    }
  ]
}
===== END RAW GENERATION =====
[DEBUG] parsed JSON: {"hypotheses": [{"key": "centers_for_disease_control|report_release|cases|down"}, {"key": "advisory_committee_on_immunization_practices|recommend_vaccination|vaccination|down"}, {"key": "centers_for_disease_control|issue_guidance|influenza|down"}, {"key": "health_and_human_services|rate_change|hospitalizations|down"}, {"key": "world_health_organization|confirm|influenza|down"}]}
['centers_for_disease_control', 'report_release', 'cases', 'down']
['advisory_committee_on_immunization_practices', 'recommend_vaccination', 'vaccination', 'down']
['centers_for_disease_control', 'issue_guidance', 'influenza', 'down']
['health_and_human_services', 'rate_change', 'hospitalizations', 'down']
['world_health_organization', 'confirm', 'influenza', 'down']
recall_all: 0.2 precision_all: 0.1
Labels:
['centers_for_disease_control', 'report_release', 'influenza', 'ambiguous']
['centers_for_disease_control', 'report_release', 'influenza', 'up']

===== RAW GENERATION (decoded) =====
The observed trend in the data indicates a clear and sustained decline in the proportion of influenza patients over the last three months, with the rate of decrease accelerating significantly in the most recent four-week period. The initial gradual decline from t0 to t6 suggests a natural tapering off of the flu season, potentially due to a combination of population-acquired immunity from prior infections and the tail-end effects of the vaccination campaign from the previous fall. The steeper, more pronounced drop in the current month (c0 to c3), particularly the substantial -0.143 change in the final week, points to an external factor or a confluence of factors that have abruptly altered transmission dynamics. This accelerated decline is unlikely to be a simple seasonal effect and may be driven by a major public health intervention, such as a powerful new vaccination push or updated guidance, or a significant behavioral shift in the population, perhaps in response to heightened awareness of respiratory risks from another pathogen, which could be suppressing overall influenza transmission.

⟪FINAL⟫
{
  "hypotheses": [
    {
      "key": "centers_for_disease_control|recommend_vaccination|influenza|down"
    },
    {
      "key": "centers_for_disease_control|report_release|cases|down"
    },
    {
      "key": "advisory_committee_on_immunization_practices|issue_guidance|vaccination|down"
    },
    {
      "key": "world_health_organization|detect|h5n1|up"
    },
    {
      "key": "health_and_human_services|approve_authorize|vaccine|down"
    }
  ]
}
===== END RAW GENERATION =====
[DEBUG] parsed JSON: {"hypotheses": [{"key": "centers_for_disease_control|recommend_vaccination|influenza|down"}, {"key": "centers_for_disease_control|report_release|cases|down"}, {"key": "advisory_committee_on_immunization_practices|issue_guidance|vaccination|down"}, {"key": "world_health_organization|detect|h5n1|up"}, {"key": "health_and_human_services|approve_authorize|vaccine|down"}]}
['centers_for_disease_control', 'recommend_vaccination', 'influenza', 'down']
['centers_for_disease_control', 'report_release', 'cases', 'down']
['advisory_committee_on_immunization_practices', 'issue_guidance', 'vaccination', 'down']
['world_health_organization', 'detect', 'h5n1', 'up']
['health_and_human_services', 'approve_authorize', 'vaccine', 'down']
recall_all: 0.13333333333333333 precision_all: 0.06666666666666667
Labels:
['centers_for_disease_control', 'report_release', 'influenza', 'up']
['united_states', 'report_release', 'h5n1', 'ambiguous']

===== RAW GENERATION (decoded) =====
The observed trend in the data indicates a prolonged period of decline in influenza patient proportions over the last three months, a typical pattern following the peak of the seasonal respiratory virus season. However, the current month reveals a notable inflection point; the steep decline first moderates significantly before reversing into a slight increase in the final two weeks. This recent uptick in the `dP` values (from +0.019 to +0.044) suggests a potential resurgence or a delayed-season wave of influenza activity. Plausible real-world drivers for this pattern shift include the emergence of a new viral variant with altered transmissibility, a relaxing of public health measures leading to increased person-to-person contact, or a change in testing and reporting patterns that has amplified the detection of cases. The involvement of major public health bodies would be expected in monitoring and responding to such a trend change through guidance, surveillance updates, or vaccine recommendations.

⟪FINAL⟫
{
  "hypotheses": [
    {
      "key": "centers_for_disease_control|report_release|cases|up"
    },
    {
      "key": "world_health_organization|detect|h1n1|ambiguous"
    },
    {
      "key": "advisory_committee_on_immunization_practices|recommend_vaccination|influenza|up"
    },
    {
      "key": "centers_for_disease_control|issue_guidance|hospitalizations|up"
    },
    {
      "key": "health_and_human_services|confirm|outbreak|ambiguous"
    }
  ]
}
===== END RAW GENERATION =====
[DEBUG] parsed JSON: {"hypotheses": [{"key": "centers_for_disease_control|report_release|cases|up"}, {"key": "world_health_organization|detect|h1n1|ambiguous"}, {"key": "advisory_committee_on_immunization_practices|recommend_vaccination|influenza|up"}, {"key": "centers_for_disease_control|issue_guidance|hospitalizations|up"}, {"key": "health_and_human_services|confirm|outbreak|ambiguous"}]}
['centers_for_disease_control', 'report_release', 'cases', 'up']
['world_health_organization', 'detect', 'h1n1', 'ambiguous']
['advisory_committee_on_immunization_practices', 'recommend_vaccination', 'influenza', 'up']
['centers_for_disease_control', 'issue_guidance', 'hospitalizations', 'up']
['health_and_human_services', 'confirm', 'outbreak', 'ambiguous']
recall_all: 0.1 precision_all: 0.05
Labels:
['centers_for_disease_control', 'recommend_vaccination', 'vaccination', 'ambiguous']
['centers_for_disease_control', 'report_release', 'influenza', 'up']
['food_and_drug_administration', 'approve_authorize', 'vaccine', 'ambiguous']

===== RAW GENERATION (decoded) =====
The observed trend in the data indicates a sustained multi-month decline in influenza patient proportions, which is characteristic of the typical seasonal downturn following the winter peak. This pattern is consistent with reduced viral transmission due to warmer weather and decreased indoor crowding. However, the current month's data reveals a notable deviation from this smooth downward trajectory. After a period of continued decline, a small but significant rebound occurred in week c3 (dP=+0.024), suggesting a potential transient interruption in the downward trend. This was followed by an exceptionally large single-week drop in week c4 (dP=-0.245). Such a sharp, anomalous decline is unlikely to be explained by natural seasonality alone and points to a significant exogenous event occurring within that specific week. This event likely caused a substantial, immediate reduction in reported influenza cases, potentially through a major public health intervention, a change in surveillance methodology, or a large-scale behavioral shift prompted by a new threat or guidance.

⟪FINAL⟫{
  "hypotheses": [
    {
      "key": "centers_for_disease_control|issue_guidance|influenza|down"
    },
    {
      "key": "centers_for_disease_control|report_release|cases|down"
    },
    {
      "key": "advisory_committee_on_immunization_practices|recommend_vaccination|vaccine|ambiguous"
    },
    {
      "key": "world_health_organization|confirm|h5n1|up"
    },
    {
      "key": "health_and_human_services|approve_authorize|vaccine|ambiguous"
    }
  ]
}
===== END RAW GENERATION =====
[DEBUG] parsed JSON: {"hypotheses": [{"key": "centers_for_disease_control|issue_guidance|influenza|down"}, {"key": "centers_for_disease_control|report_release|cases|down"}, {"key": "advisory_committee_on_immunization_practices|recommend_vaccination|vaccine|ambiguous"}, {"key": "world_health_organization|confirm|h5n1|up"}, {"key": "health_and_human_services|approve_authorize|vaccine|ambiguous"}]}
['centers_for_disease_control', 'issue_guidance', 'influenza', 'down']
['centers_for_disease_control', 'report_release', 'cases', 'down']
['advisory_committee_on_immunization_practices', 'recommend_vaccination', 'vaccine', 'ambiguous']
['world_health_organization', 'confirm', 'h5n1', 'up']
['health_and_human_services', 'approve_authorize', 'vaccine', 'ambiguous']
recall_all: 0.08 precision_all: 0.04
Labels:
['centers_for_disease_control', 'report_release', 'influenza', 'up']
['centers_for_disease_control', 'issue_guidance', 'influenza', 'ambiguous']
['centers_for_disease_control', 'report_release', 'h1n1', 'ambiguous']
['centers_for_disease_control', 'report_release', 'h5n1', 'up']
['food_and_drug_administration', 'report_release', 'influenza', 'ambiguous']

===== RAW GENERATION (decoded) =====
The observed trend in the data indicates a clear and sustained decline in the proportion of influenza patients over the last three months, with the rate of decrease accelerating notably in the most recent month. This pattern suggests a confluence of factors leading to reduced influenza transmission. The initial gradual decline from t0 to t7 is characteristic of the natural waning of a seasonal flu outbreak. However, the steeper drop beginning at t8 and continuing through the current month (c0-c3) implies the introduction of a significant mitigating event or intervention. The most plausible explanation is a highly effective public health campaign that reached critical mass during this period, such as a successful vaccination drive. The data shows the decline is not only continuing but doing so at a more rapid pace, indicating the intervention is having a strong and immediate effect on reducing the disease's prevalence in the population.

⟪FINAL⟫{
  "hypotheses": [
    {
      "key": "centers_for_disease_control|recommend_vaccination|influenza|down"
    },
    {
      "key": "advisory_committee_on_immunization_practices|recommend_vaccination|vaccine|down"
    },
    {
      "key": "health_and_human_services|issue_guidance|vaccination|down"
    },
    {
      "key": "centers_for_disease_control|report_release|cases|down"
    },
    {
      "key": "food_and_drug_administration|approve_authorize|vaccine|down"
    }
  ]
}
===== END RAW GENERATION =====
[DEBUG] parsed JSON: {"hypotheses": [{"key": "centers_for_disease_control|recommend_vaccination|influenza|down"}, {"key": "advisory_committee_on_immunization_practices|recommend_vaccination|vaccine|down"}, {"key": "health_and_human_services|issue_guidance|vaccination|down"}, {"key": "centers_for_disease_control|report_release|cases|down"}, {"key": "food_and_drug_administration|approve_authorize|vaccine|down"}]}
['centers_for_disease_control', 'recommend_vaccination', 'influenza', 'down']
['advisory_committee_on_immunization_practices', 'recommend_vaccination', 'vaccine', 'down']
['health_and_human_services', 'issue_guidance', 'vaccination', 'down']
['centers_for_disease_control', 'report_release', 'cases', 'down']
['food_and_drug_administration', 'approve_authorize', 'vaccine', 'down']
recall_all: 0.06666666666666667 precision_all: 0.03333333333333333
Labels:
['centers_for_disease_control', 'report_release', 'influenza', 'ambiguous']
['centers_for_disease_control', 'report_release', 'influenza', 'up']
['centers_for_disease_control', 'issue_guidance', 'influenza', 'ambiguous']
['centers_for_disease_control', 'report_release', 'mortality', 'ambiguous']
['world_health_organization', 'report_release', 'h5n1', 'ambiguous']

===== RAW GENERATION (decoded) =====
The observed trend in the data indicates a period of consistent decline in influenza patient proportions, suggesting the tail end of a flu season, followed by a recent and notable reversal. The initial 10-week drop (from t0 to t10) points to decreasing viral transmission, likely due to a combination of acquired population immunity, seasonality, and effective public health measures. The pivotal shift begins at t10, where the proportion begins a steady climb. This reversal is particularly significant within the current month (c0 to c4), where the rate of increase accelerates, culminating in the largest weekly jump (dP=+0.098) in the dataset. This pattern is characteristic of an emerging or resurgent outbreak, potentially driven by a new influenza variant with increased transmissibility, waning immunity from earlier vaccinations, or a relaxation of preventive behaviors that allowed the virus to regain a foothold.

⟪FINAL⟫
{
  "hypotheses": [
    {
      "key": "centers_for_disease_control|report_release|cases|up"
    },
    {
      "key": "world_health_organization|detect|h1n1|up"
    },
    {
      "key": "advisory_committee_on_immunization_practices|recommend_vaccination|influenza|up"
    },
    {
      "key": "centers_for_disease_control|issue_guidance|vaccination|up"
    },
    {
      "key": "united_states|outbreak|influenza|up"
    }
  ]
}
===== END RAW GENERATION =====
[DEBUG] parsed JSON: {"hypotheses": [{"key": "centers_for_disease_control|report_release|cases|up"}, {"key": "world_health_organization|detect|h1n1|up"}, {"key": "advisory_committee_on_immunization_practices|recommend_vaccination|influenza|up"}, {"key": "centers_for_disease_control|issue_guidance|vaccination|up"}, {"key": "united_states|outbreak|influenza|up"}]}
['centers_for_disease_control', 'report_release', 'cases', 'up']
['world_health_organization', 'detect', 'h1n1', 'up']
['advisory_committee_on_immunization_practices', 'recommend_vaccination', 'influenza', 'up']
['centers_for_disease_control', 'issue_guidance', 'vaccination', 'up']
['united_states', 'outbreak', 'influenza', 'up']
recall_all: 0.05714285714285715 precision_all: 0.028571428571428574
Labels:
['advisory_committee_on_immunization_practices', 'issue_guidance', 'vaccination', 'ambiguous']
['centers_for_disease_control', 'report_release', 'influenza', 'ambiguous']
['health_and_human_services', 'report_release', 'influenza', 'up']
['national_institute_on_aging', 'issue_guidance', 'vaccination', 'ambiguous']

===== RAW GENERATION (decoded) =====
The observed trend in the data indicates a significant shift in influenza activity over the past three months. Beginning with a period of steady decline from t0 to t5, the proportion of patients reached a trough, suggesting a potential seasonal lull or the tail end of a previous wave. This was followed by a clear inflection point and a subsequent sharp increase from t6 to t12, signaling the onset of a new, rapidly intensifying influenza wave. The acceleration within the current month (c0 to c3), particularly the substantial jumps in the first two weeks, points to an outbreak gaining momentum, potentially driven by the spread of a new, more transmissible influenza variant or a decline in population immunity. The subsequent tapering in the rate of increase (c2, c3) does not necessarily indicate a peak but could reflect early impacts of public health interventions, increased vaccination uptake, or a natural slowing as the virus circulates through initial susceptible populations. This pattern is consistent with a typical seasonal resurgence, though the steepness of the rise warrants attention to specific, real-time factors that may be exacerbating the spread.

⟪FINAL⟫
{
  "hypotheses": [
    {
      "key": "centers_for_disease_control|report_release|cases|up"
    },
    {
      "key": "advisory_committee_on_immunization_practices|recommend_vaccination|influenza|up"
    },
    {
      "key": "world_health_organization|issue_guidance|h1n1|up"
    },
    {
      "key": "health_and_human_services|rate_change|hospitalizations|up"
    },
    {
      "key": "centers_for_disease_control|detect|influenza|up"
    }
  ]
}
===== END RAW GENERATION =====
[DEBUG] parsed JSON: {"hypotheses": [{"key": "centers_for_disease_control|report_release|cases|up"}, {"key": "advisory_committee_on_immunization_practices|recommend_vaccination|influenza|up"}, {"key": "world_health_organization|issue_guidance|h1n1|up"}, {"key": "health_and_human_services|rate_change|hospitalizations|up"}, {"key": "centers_for_disease_control|detect|influenza|up"}]}
['centers_for_disease_control', 'report_release', 'cases', 'up']
['advisory_committee_on_immunization_practices', 'recommend_vaccination', 'influenza', 'up']
['world_health_organization', 'issue_guidance', 'h1n1', 'up']
['health_and_human_services', 'rate_change', 'hospitalizations', 'up']
['centers_for_disease_control', 'detect', 'influenza', 'up']
recall_all: 0.05 precision_all: 0.025
Labels:
['centers_for_disease_control', 'issue_guidance', 'vaccination', 'ambiguous']
['advisory_committee_on_immunization_practices', 'issue_guidance', 'vaccination', 'ambiguous']
['centers_for_disease_control', 'report_release', 'hospitalizations', 'up']
['centers_for_disease_control', 'report_release', 'influenza', 'up']

===== RAW GENERATION (decoded) =====
The observed trend in the data indicates a clear and sustained upward trajectory in influenza patient proportions over the last three months, accelerating significantly in recent weeks. This pattern is characteristic of an escalating influenza season, likely driven by increased viral circulation, seasonal factors favoring transmission, and waning population immunity. The current month's data shows a brief deceleration in growth (c0: dP=-0.033), potentially reflecting normal weekly volatility or a temporary lull in reporting, followed by a strong resumption of growth (c1: dP=+0.143). The subsequent positive values (c2: dP=+0.045, c3: dP=+0.080) confirm that the underlying upward trend remains robust and is continuing to intensify. This persistent increase suggests that public health authorities are actively monitoring the situation and may be responding to the growing threat with updated assessments and recommendations to mitigate the outbreak's impact.

⟪FINAL⟫{
  "hypotheses": [
    {
      "key": "centers_for_disease_control|report_release|cases|up"
    },
    {
      "key": "advisory_committee_on_immunization_practices|recommend_vaccination|influenza|up"
    },
    {
      "key": "world_health_organization|issue_guidance|influenza|up"
    },
    {
      "key": "centers_for_disease_control|detect|h1n1|up"
    },
    {
      "key": "health_and_human_services|rate_change|hospitalizations|up"
    }
  ]
}
===== END RAW GENERATION =====
[DEBUG] parsed JSON: {"hypotheses": [{"key": "centers_for_disease_control|report_release|cases|up"}, {"key": "advisory_committee_on_immunization_practices|recommend_vaccination|influenza|up"}, {"key": "world_health_organization|issue_guidance|influenza|up"}, {"key": "centers_for_disease_control|detect|h1n1|up"}, {"key": "health_and_human_services|rate_change|hospitalizations|up"}]}
['centers_for_disease_control', 'report_release', 'cases', 'up']
['advisory_committee_on_immunization_practices', 'recommend_vaccination', 'influenza', 'up']
['world_health_organization', 'issue_guidance', 'influenza', 'up']
['centers_for_disease_control', 'detect', 'h1n1', 'up']
['health_and_human_services', 'rate_change', 'hospitalizations', 'up']
recall_all: 0.044444444444444446 precision_all: 0.022222222222222223
Labels:
['centers_for_disease_control', 'issue_guidance', 'vaccination', 'ambiguous']
['centers_for_disease_control', 'report_release', 'influenza', 'ambiguous']
['centers_for_disease_control', 'report_release', 'influenza', 'up']
['centers_for_disease_control', 'conduct_study', 'influenza', 'ambiguous']
['centers_for_disease_control', 'conduct_study', 'respiratory_syncytial_virus', 'ambiguous']

===== RAW GENERATION (decoded) =====
The observed trend in the data indicates a clear and accelerating upward trajectory in influenza patient proportions over the last three months, with the rate of increase itself intensifying significantly in the most recent four to five weeks. The initial period shows a steady rise, but the current month's differential data (dOT) reveals a critical shift: the week-over-week changes are not only consistently positive but are also growing in magnitude, culminating in a very large jump of +0.413 in the latest week (c4). This pattern is characteristic of an established and worsening influenza outbreak, where transmission is becoming more efficient, potentially due to a combination of factors like increased indoor congregation during colder weather, waning population immunity, and the possible circulation of a dominant and more transmissible strain. The accelerating growth suggests public health systems are likely detecting and reporting a surge that is still in its exponential phase, indicating a significant public health challenge is underway.

⟪FINAL⟫
{
  "hypotheses": [
    {
      "key": "centers_for_disease_control|report_release|cases|up"
    },
    {
      "key": "centers_for_disease_control|issue_guidance|vaccination|up"
    },
    {
      "key": "advisory_committee_on_immunization_practices|recommend_vaccination|influenza|up"
    },
    {
      "key": "centers_for_disease_control|detect|h1n1|up"
    },
    {
      "key": "health_and_human_services|rate_change|hospitalizations|up"
    }
  ]
}
===== END RAW GENERATION =====
[DEBUG] parsed JSON: {"hypotheses": [{"key": "centers_for_disease_control|report_release|cases|up"}, {"key": "centers_for_disease_control|issue_guidance|vaccination|up"}, {"key": "advisory_committee_on_immunization_practices|recommend_vaccination|influenza|up"}, {"key": "centers_for_disease_control|detect|h1n1|up"}, {"key": "health_and_human_services|rate_change|hospitalizations|up"}]}
['centers_for_disease_control', 'report_release', 'cases', 'up']
['centers_for_disease_control', 'issue_guidance', 'vaccination', 'up']
['advisory_committee_on_immunization_practices', 'recommend_vaccination', 'influenza', 'up']
['centers_for_disease_control', 'detect', 'h1n1', 'up']
['health_and_human_services', 'rate_change', 'hospitalizations', 'up']
recall_all: 0.06000000000000001 precision_all: 0.04
Labels:
['centers_for_disease_control', 'report_release', 'influenza', 'up']
['centers_for_disease_control', 'approve_authorize', 'influenza', 'ambiguous']
['centers_for_disease_control', 'issue_guidance', 'influenza', 'ambiguous']
['centers_for_disease_control', 'recommend_vaccination', 'influenza', 'ambiguous']
['centers_for_disease_control', 'report_release', 'deaths', 'up']

===== RAW GENERATION (decoded) =====
The observed trend in the data indicates a clear and accelerating upward trajectory in the proportion of influenza patients over the last three months, with the rate of increase itself rising significantly in the most recent four weeks. This pattern is characteristic of an uncontrolled epidemic curve entering an exponential growth phase. The initial gradual rise from t0 to t4 suggests the virus was establishing community transmission. The subsequent steeper increases from t5 onward, culminating in the largest single-week jump of +0.395 in the current month (c3), point to a critical inflection point where the virus's reproductive number is well above 1, likely due to a combination of high viral transmissibility, waning population immunity, and seasonal factors favoring airborne transmission. The data strongly implies that public health measures are being overwhelmed or were implemented too late to curb this rapid spread, signaling a severe and worsening influenza season.

⟪FINAL⟫
{
  "hypotheses": [
    {
      "key": "centers_for_disease_control|report_release|cases|up"
    },
    {
      "key": "advisory_committee_on_immunization_practices|recommend_vaccination|influenza|up"
    },
    {
      "key": "centers_for_disease_control|issue_guidance|hospitalizations|up"
    },
    {
      "key": "united_states|outbreak|influenza|up"
    },
    {
      "key": "national_institute_on_aging|conduct_study|mortality|ambiguous"
    }
  ]
}
===== END RAW GENERATION =====
[DEBUG] parsed JSON: {"hypotheses": [{"key": "centers_for_disease_control|report_release|cases|up"}, {"key": "advisory_committee_on_immunization_practices|recommend_vaccination|influenza|up"}, {"key": "centers_for_disease_control|issue_guidance|hospitalizations|up"}, {"key": "united_states|outbreak|influenza|up"}, {"key": "national_institute_on_aging|conduct_study|mortality|ambiguous"}]}
['centers_for_disease_control', 'report_release', 'cases', 'up']
['advisory_committee_on_immunization_practices', 'recommend_vaccination', 'influenza', 'up']
['centers_for_disease_control', 'issue_guidance', 'hospitalizations', 'up']
['united_states', 'outbreak', 'influenza', 'up']
['national_institute_on_aging', 'conduct_study', 'mortality', 'ambiguous']
recall_all: 0.05454545454545456 precision_all: 0.03636363636363637
Labels:
['centers_for_disease_control', 'report_release', 'influenza', 'ambiguous']
['centers_for_disease_control', 'report_release', 'influenza', 'up']
['centers_for_disease_control', 'report_release', 'cases', 'up']
['centers_for_disease_control', 'report_release', 'h5n1', 'ambiguous']

===== RAW GENERATION (decoded) =====
The observed trend in the data indicates a significant escalation in influenza activity over the last three months, evolving from a moderate baseline (P=2.259) into a steep epidemic curve (P=6.904). The progression shows a persistent week-over-week increase, with the rate of change (dP) accelerating markedly in recent weeks. This pattern is characteristic of a widespread outbreak gaining momentum, likely driven by a combination of seasonal factors favoring viral transmission and a predominant influenza strain for which population immunity may be lower. The data from the current month, showing large initial weekly jumps (dP=+0.853, +1.104) followed by a smaller but still substantial increase (dP=+0.594), suggests the outbreak may be approaching a potential peak or plateau, though at a very high level of incidence. This could reflect the natural saturation of susceptible individuals or the delayed positive effects of public health interventions initiated in response to the sharp rise.

⟪FINAL⟫
{
  "hypotheses": [
    {
      "key": "centers_for_disease_control|report_release|cases|up"
    },
    {
      "key": "advisory_committee_on_immunization_practices|recommend_vaccination|influenza|up"
    },
    {
      "key": "world_health_organization|issue_guidance|influenza|up"
    },
    {
      "key": "food_and_drug_administration|approve_authorize|vaccine|ambiguous"
    },
    {
      "key": "health_and_human_services|rate_change|hospitalizations|up"
    }
  ]
}
===== END RAW GENERATION =====
[DEBUG] parsed JSON: {"hypotheses": [{"key": "centers_for_disease_control|report_release|cases|up"}, {"key": "advisory_committee_on_immunization_practices|recommend_vaccination|influenza|up"}, {"key": "world_health_organization|issue_guidance|influenza|up"}, {"key": "food_and_drug_administration|approve_authorize|vaccine|ambiguous"}, {"key": "health_and_human_services|rate_change|hospitalizations|up"}]}
['centers_for_disease_control', 'report_release', 'cases', 'up']
['advisory_committee_on_immunization_practices', 'recommend_vaccination', 'influenza', 'up']
['world_health_organization', 'issue_guidance', 'influenza', 'up']
['food_and_drug_administration', 'approve_authorize', 'vaccine', 'ambiguous']
['health_and_human_services', 'rate_change', 'hospitalizations', 'up']
recall_all: 0.07083333333333335 precision_all: 0.05000000000000001
Labels:
['centers_for_disease_control', 'report_release', 'influenza', 'up']
['centers_for_disease_control', 'report_release', 'influenza', 'ambiguous']
['centers_for_disease_control', 'issue_guidance', 'vaccination', 'ambiguous']
['centers_for_disease_control', 'recommend_vaccination', 'vaccination', 'ambiguous']
['centers_for_disease_control', 'report_release', 'influenza', 'down']

===== RAW GENERATION (decoded) =====
The observed trend in the data indicates a clear epidemiological pattern consistent with the tail end of a seasonal influenza outbreak. The proportion of influenza patients (OT) rose sharply from t0 to a peak at t7, followed by a steady decline through t12. This pattern suggests a typical viral wave that has passed its peak and is now receding. The current month's data (dOT), showing progressively smaller negative changes (from -1.143 to -0.127) before a marginal positive uptick (+0.054), is particularly telling. This flattening of the decline curve could be attributed to a combination of factors: a natural stabilization as the virus exhausts its pool of susceptible hosts, the conclusion of the primary transmission season, and the successful downstream effects of public health interventions like vaccination campaigns that were initiated months prior. The slight positive change in the most recent week (c4) is not yet significant enough to indicate a new wave but could represent normal week-to-week variation or a very early signal of a late-season fluctuation, potentially influenced by relaxed public behavior or a shift in circulating strains.

⟪FINAL⟫
{
  "hypotheses": [
    {
      "key": "centers_for_disease_control|report_release|cases|down"
    },
    {
      "key": "advisory_committee_on_immunization_practices|recommend_vaccination|influenza|down"
    },
    {
      "key": "health_and_human_services|issue_guidance|hospitalizations|down"
    },
    {
      "key": "centers_for_disease_control|detect|h1n1|ambiguous"
    },
    {
      "key": "national_institute_on_aging|conduct_study|mortality|down"
    }
  ]
}
===== END RAW GENERATION =====
[DEBUG] parsed JSON: {"hypotheses": [{"key": "centers_for_disease_control|report_release|cases|down"}, {"key": "advisory_committee_on_immunization_practices|recommend_vaccination|influenza|down"}, {"key": "health_and_human_services|issue_guidance|hospitalizations|down"}, {"key": "centers_for_disease_control|detect|h1n1|ambiguous"}, {"key": "national_institute_on_aging|conduct_study|mortality|down"}]}
['centers_for_disease_control', 'report_release', 'cases', 'down']
['advisory_committee_on_immunization_practices', 'recommend_vaccination', 'influenza', 'down']
['health_and_human_services', 'issue_guidance', 'hospitalizations', 'down']
['centers_for_disease_control', 'detect', 'h1n1', 'ambiguous']
['national_institute_on_aging', 'conduct_study', 'mortality', 'down']
recall_all: 0.06538461538461539 precision_all: 0.04615384615384616
Labels:
['centers_for_disease_control', 'issue_guidance', 'influenza', 'ambiguous']
['centers_for_disease_control', 'report_release', 'influenza', 'up']
['centers_for_disease_control', 'issue_guidance', 'vaccination', 'ambiguous']
['centers_for_disease_control', 'recommend_vaccination', 'influenza', 'ambiguous']
['centers_for_disease_control', 'recommend_vaccination', 'vaccination', 'ambiguous']

===== RAW GENERATION (decoded) =====
The observed trend in the data indicates a significant influenza peak occurring approximately three months prior, followed by a sustained and consistent decline in patient proportions over the subsequent weeks. The initial high values (P=6.904 at t3) are characteristic of a seasonal outbreak, which then subsided naturally as population immunity increased and the season progressed. The most recent four-week period shows a continued, albeit decelerating, downward trajectory. This persistent decline suggests the outbreak is in its final stages, with transmission rates falling. The pattern is consistent with the typical attenuation of a seasonal influenza wave rather than a new emergent event. Therefore, the driving factors for the current month's data are likely the residual effects of the season's end, combined with ongoing public health measures like vaccinations and awareness campaigns that were initiated during the peak period to mitigate further spread.

⟪FINAL⟫
{
  "hypotheses": [
    {
      "key": "centers_for_disease_control|report_release|cases|down"
    },
    {
      "key": "advisory_committee_on_immunization_practices|recommend_vaccination|influenza|ambiguous"
    },
    {
      "key": "united_states|rate_change|hospitalizations|down"
    },
    {
      "key": "centers_for_disease_control|issue_guidance|influenza|ambiguous"
    },
    {
      "key": "national_institute_on_aging|conduct_study|mortality|ambiguous"
    }
  ]
}
===== END RAW GENERATION =====
[DEBUG] parsed JSON: {"hypotheses": [{"key": "centers_for_disease_control|report_release|cases|down"}, {"key": "advisory_committee_on_immunization_practices|recommend_vaccination|influenza|ambiguous"}, {"key": "united_states|rate_change|hospitalizations|down"}, {"key": "centers_for_disease_control|issue_guidance|influenza|ambiguous"}, {"key": "national_institute_on_aging|conduct_study|mortality|ambiguous"}]}
['centers_for_disease_control', 'report_release', 'cases', 'down']
['advisory_committee_on_immunization_practices', 'recommend_vaccination', 'influenza', 'ambiguous']
['united_states', 'rate_change', 'hospitalizations', 'down']
['centers_for_disease_control', 'issue_guidance', 'influenza', 'ambiguous']
['national_institute_on_aging', 'conduct_study', 'mortality', 'ambiguous']
recall_all: 0.075 precision_all: 0.05714285714285715
Labels:
['centers_for_disease_control', 'report_release', 'influenza', 'up']
['centers_for_disease_control', 'report_release', 'influenza', 'ambiguous']

===== RAW GENERATION (decoded) =====
The observed trend in the data indicates a consistent and significant decline in the proportion of influenza patients over the last three months, with the rate of decrease accelerating notably in the most recent four-week period. This pattern suggests a confluence of factors leading to reduced influenza transmission. The initial gradual decline from t0 to t8 is characteristic of the natural waning of a flu season as population immunity increases through prior infection and the tail-end of vaccination campaigns. The steeper, more rapid decline observed in the current month (c0 to c3) strongly implies the impact of a recent, potent intervention or behavioral shift. This accelerated decrease is unlikely to be due to natural seasonality alone and points to a successful public health initiative, such as a targeted vaccination push or the widespread adoption of preventative measures, potentially spurred by official guidance or heightened public awareness from a concurrent health threat.

⟪FINAL⟫
{
  "hypotheses": [
    {
      "key": "centers_for_disease_control|recommend_vaccination|influenza|down"
    },
    {
      "key": "centers_for_disease_control|issue_guidance|vaccination|down"
    },
    {
      "key": "advisory_committee_on_immunization_practices|recommend_vaccination|influenza|down"
    },
    {
      "key": "health_and_human_services|report_release|cases|down"
    },
    {
      "key": "centers_for_disease_control|detect|h5n1|ambiguous"
    }
  ]
}
===== END RAW GENERATION =====
[DEBUG] parsed JSON: {"hypotheses": [{"key": "centers_for_disease_control|recommend_vaccination|influenza|down"}, {"key": "centers_for_disease_control|issue_guidance|vaccination|down"}, {"key": "advisory_committee_on_immunization_practices|recommend_vaccination|influenza|down"}, {"key": "health_and_human_services|report_release|cases|down"}, {"key": "centers_for_disease_control|detect|h5n1|ambiguous"}]}
['centers_for_disease_control', 'recommend_vaccination', 'influenza', 'down']
['centers_for_disease_control', 'issue_guidance', 'vaccination', 'down']
['advisory_committee_on_immunization_practices', 'recommend_vaccination', 'influenza', 'down']
['health_and_human_services', 'report_release', 'cases', 'down']
['centers_for_disease_control', 'detect', 'h5n1', 'ambiguous']
recall_all: 0.07 precision_all: 0.05333333333333334
Labels:
['centers_for_disease_control', 'report_release', 'h5n1', 'up']
['centers_for_disease_control', 'confirm', 'h5n1', 'ambiguous']
['centers_for_disease_control', 'outbreak', 'h5n1', 'ambiguous']

===== RAW GENERATION (decoded) =====
### Reasoning Paragraph

The observed trend in the data indicates a consistent and significant decline in the proportion of influenza patients over the last three months, suggesting a successful mitigation of the seasonal flu outbreak. The steep initial drop from t0 (P=4.400) to t7 (P=3.030) points to the peak of the flu season having passed, likely due to a combination of widespread population immunity from prior infections and a successful vaccination campaign that reduced transmission. The rate of decline then decelerated in the most recent month, as shown by the weekly changes (dOT). The smaller decreases in c3 (dP=-0.053) and c4 (dP=-0.098) compared to the larger drops in c0-c2 could signify that the outbreak is reaching its endemic baseline. This leveling off may be the result of public health interventions stabilizing or a natural epidemiological progression toward the season's end. The data does not suggest a new, emerging threat that would reverse this downward trajectory.

⟪FINAL⟫
{
  "hypotheses": [
    {
      "key": "centers_for_disease_control|report_release|cases|down"
    },
    {
      "key": "advisory_committee_on_immunization_practices|recommend_vaccination|influenza|down"
    },
    {
      "key": "centers_for_disease_control|issue_guidance|vaccination|down"
    },
    {
      "key": "food_and_drug_administration|approve_authorize|vaccine|down"
    },
    {
      "key": "health_and_human_services|rate_change|hospitalizations|down"
    }
  ]
}
===== END RAW GENERATION =====
[DEBUG] parsed JSON: {"hypotheses": [{"key": "centers_for_disease_control|report_release|cases|down"}, {"key": "advisory_committee_on_immunization_practices|recommend_vaccination|influenza|down"}, {"key": "centers_for_disease_control|issue_guidance|vaccination|down"}, {"key": "food_and_drug_administration|approve_authorize|vaccine|down"}, {"key": "health_and_human_services|rate_change|hospitalizations|down"}]}
['centers_for_disease_control', 'report_release', 'cases', 'down']
['advisory_committee_on_immunization_practices', 'recommend_vaccination', 'influenza', 'down']
['centers_for_disease_control', 'issue_guidance', 'vaccination', 'down']
['food_and_drug_administration', 'approve_authorize', 'vaccine', 'down']
['health_and_human_services', 'rate_change', 'hospitalizations', 'down']
recall_all: 0.065625 precision_all: 0.05
Labels:
['centers_for_disease_control', 'detect', 'h5n1', 'ambiguous']

===== RAW GENERATION (decoded) =====
The observed trend in the data indicates a sustained and consistent decline in influenza patient proportions over the last three months, with the rate of decline appearing to slow as the values approach a lower baseline. This pattern is highly characteristic of the tail end of a seasonal influenza epidemic, where the peak of infections has passed and the virus is circulating at progressively lower levels within the population. The continued decrease in the most recent month, as shown by the negative dP value, suggests that the factors driving the downturn remain dominant. These factors likely include a combination of increasing population immunity, both from post-infection recovery and from vaccination campaigns conducted earlier in the season, alongside persistent public health messaging on hygiene and potential behavioral changes as the primary wave subsides.

⟪FINAL⟫
{
  "hypotheses": [
    {
      "key": "centers_for_disease_control|report_release|cases|down"
    },
    {
      "key": "advisory_committee_on_immunization_practices|recommend_vaccination|influenza|down"
    },
    {
      "key": "united_states|rate_change|hospitalizations|down"
    },
    {
      "key": "world_health_organization|issue_guidance|influenza|down"
    },
    {
      "key": "centers_for_disease_control|detect|h1n1|down"
    }
  ]
}
===== END RAW GENERATION =====
[DEBUG] parsed JSON: {"hypotheses": [{"key": "centers_for_disease_control|report_release|cases|down"}, {"key": "advisory_committee_on_immunization_practices|recommend_vaccination|influenza|down"}, {"key": "united_states|rate_change|hospitalizations|down"}, {"key": "world_health_organization|issue_guidance|influenza|down"}, {"key": "centers_for_disease_control|detect|h1n1|down"}]}
['centers_for_disease_control', 'report_release', 'cases', 'down']
['advisory_committee_on_immunization_practices', 'recommend_vaccination', 'influenza', 'down']
['united_states', 'rate_change', 'hospitalizations', 'down']
['world_health_organization', 'issue_guidance', 'influenza', 'down']
['centers_for_disease_control', 'detect', 'h1n1', 'down']
recall_all: 0.061764705882352944 precision_all: 0.047058823529411764
