Labels:
['centers_for_disease_control', 'report_release', 'influenza', 'ambiguous']
['centers_for_disease_control', 'report_release', 'influenza', 'up']
['united_states', 'rate_change', 'hospitalizations', 'up']
['united_states', 'report_release', 'influenza', 'ambiguous']
['united_states', 'report_release', 'influenza', 'up']

===== RAW GENERATION (decoded) =====
<|begin_of_box|>The observed trend in the data indicates a classic influenza season pattern, with a clear peak approximately three months ago (around t1 at 7.371%) followed by a steady decline that has continued into the current month. The overall trajectory shows a significant reduction in influenza patient proportions from the peak, with the rate of decrease slowing considerably in recent weeks. The current month's data (c0-c4) reveals that while the decline continued in the first two weeks (with the most substantial drop of -1.020% in c0), the last two weeks show a remarkable stabilization with minimal changes (+0.014% and +0.019%). This pattern suggests that the influenza season is transitioning toward its end, with the virus circulating at much lower levels. The stabilization in the final weeks could indicate that the epidemic curve has flattened, possibly due to a combination of seasonal factors, accumulated immunity in the population, and potentially ongoing public health interventions. The data suggests we're moving from an active epidemic phase to a post-peak endemic phase where influenza continues to circulate but at significantly reduced levels.

⟪FINAL⟫{
  "hypotheses": [
    {
      "key": "centers_for_disease_control|recommend_vaccination|vaccination|down"
    },
    {
      "key": "advisory_committee_on_immunization_practices|issue_guidance|vaccine|down"
    },
    {
      "key": "health_and_human_services|report_release|cases|down"
    },
    {
      "key": "world_health_organization|detect|influenza|down"
    },
    {
      "key": "food_and_drug_administration|approve_authorize|vaccine|down"
    }
  ]
}<|end_of_box|>
===== END RAW GENERATION =====
[DEBUG] parsed JSON: {"hypotheses": [{"key": "centers_for_disease_control|recommend_vaccination|vaccination|down"}, {"key": "advisory_committee_on_immunization_practices|issue_guidance|vaccine|down"}, {"key": "health_and_human_services|report_release|cases|down"}, {"key": "world_health_organization|detect|influenza|down"}, {"key": "food_and_drug_administration|approve_authorize|vaccine|down"}]}
['centers_for_disease_control', 'recommend_vaccination', 'vaccination', 'down']
['advisory_committee_on_immunization_practices', 'issue_guidance', 'vaccine', 'down']
['health_and_human_services', 'report_release', 'cases', 'down']
['world_health_organization', 'detect', 'influenza', 'down']
['food_and_drug_administration', 'approve_authorize', 'vaccine', 'down']
recall_all: 0.0 precision_all: 0.0
Labels:
['centers_for_disease_control', 'report_release', 'influenza', 'up']
['centers_for_disease_control', 'report_release', 'influenza', 'ambiguous']

===== RAW GENERATION (decoded) =====
The observed trend in the influenza patient proportion data indicates a significant decline over the past three months, with the most dramatic decrease occurring in the first five weeks, followed by a period of relative stability with minor fluctuations. The current month shows a consistent downward trend, suggesting that the influenza season is likely winding down. This pattern is consistent with typical seasonal influenza dynamics, where cases peak and then gradually decline as the season progresses. The continued decrease in the current month could be attributed to a combination of factors, including natural seasonal patterns, increased public health interventions such as vaccination campaigns, and possibly improved immunity in the population. The stability in the later weeks might indicate that the virus has reached a baseline level of circulation, with the current month's consistent decrease suggesting a further reduction in transmission. This could be influenced by environmental changes, ongoing public health measures, or competition with other respiratory viruses.

⟪FINAL⟫{
  "hypotheses": [
    {
      "key": "centers_for_disease_control|recommend_vaccination|influenza|down"
    },
    {
      "key": "advisory_committee_on_immunization_practices|issue_guidance|vaccination|down"
    },
    {
      "key": "united_states|conduct_study|influenza|down"
    },
    {
      "key": "food_and_drug_administration|approve_authorize|vaccine|down"
    },
    {
      "key": "world_health_organization|report_release|cases|down"
    }
  ]
}
===== END RAW GENERATION =====
[DEBUG] parsed JSON: {"hypotheses": [{"key": "centers_for_disease_control|recommend_vaccination|influenza|down"}, {"key": "advisory_committee_on_immunization_practices|issue_guidance|vaccination|down"}, {"key": "united_states|conduct_study|influenza|down"}, {"key": "food_and_drug_administration|approve_authorize|vaccine|down"}, {"key": "world_health_organization|report_release|cases|down"}]}
['centers_for_disease_control', 'recommend_vaccination', 'influenza', 'down']
['advisory_committee_on_immunization_practices', 'issue_guidance', 'vaccination', 'down']
['united_states', 'conduct_study', 'influenza', 'down']
['food_and_drug_administration', 'approve_authorize', 'vaccine', 'down']
['world_health_organization', 'report_release', 'cases', 'down']
recall_all: 0.0 precision_all: 0.0
Labels:
['centers_for_disease_control', 'report_release', 'influenza', 'ambiguous']
['centers_for_disease_control', 'report_release', 'influenza', 'up']

===== RAW GENERATION (decoded) =====
The observed trend in the influenza patient proportion data indicates a general downward trajectory over the past three months, with the most significant decreases occurring in the latter portion of this period. The data shows an initial fluctuation pattern (t0-t6) followed by a more consistent decline from t7 through t12, suggesting a potential late-season peak that has now subsided. The current month's data reveals an interesting pattern: a slight increase in the first week (c0) followed by three consecutive weeks of decreasing proportions (c1-c3), with the most substantial drop occurring in the most recent week (c3). This pattern is consistent with typical influenza season dynamics, where cases might briefly stabilize or even increase slightly before entering a more pronounced decline phase. The sharp decrease in the final week of the current month could indicate several real-world factors, including the natural progression of the influenza season, increased vaccination coverage, implementation of public health measures, or changes in viral transmission patterns due to environmental factors like warming temperatures. The consistent downward trend over the past several weeks suggests that the influenza season is likely transitioning into its decline phase, which typically occurs as spring approaches and environmental conditions become less favorable for viral transmission.

⟪FINAL⟫{
  "hypotheses": [
    {
      "key": "advisory_committee_on_immunization_practices|recommend_vaccination|vaccine|down"
    },
    {
      "key": "centers_for_disease_control|issue_guidance|influenza|down"
    },
    {
      "key": "health_and_human_services|report_release|cases|down"
    },
    {
      "key": "world_health_organization|detect|h1n1|down"
    },
    {
      "key": "food_and_drug_administration|approve_authorize|vaccine|down"
    }
  ]
}
===== END RAW GENERATION =====
[DEBUG] parsed JSON: {"hypotheses": [{"key": "advisory_committee_on_immunization_practices|recommend_vaccination|vaccine|down"}, {"key": "centers_for_disease_control|issue_guidance|influenza|down"}, {"key": "health_and_human_services|report_release|cases|down"}, {"key": "world_health_organization|detect|h1n1|down"}, {"key": "food_and_drug_administration|approve_authorize|vaccine|down"}]}
['advisory_committee_on_immunization_practices', 'recommend_vaccination', 'vaccine', 'down']
['centers_for_disease_control', 'issue_guidance', 'influenza', 'down']
['health_and_human_services', 'report_release', 'cases', 'down']
['world_health_organization', 'detect', 'h1n1', 'down']
['food_and_drug_administration', 'approve_authorize', 'vaccine', 'down']
recall_all: 0.0 precision_all: 0.0
Labels:
['centers_for_disease_control', 'report_release', 'influenza', 'up']
['united_states', 'report_release', 'h5n1', 'ambiguous']

===== RAW GENERATION (decoded) =====
The observed trend in the influenza patient proportion data indicates a general decline over the three-month period, with the proportion decreasing from 2.705% to a low of 1.954% before showing a slight rebound in the most recent weeks. This pattern suggests the influenza season was winding down, possibly due to seasonal factors, increased population immunity from prior infections, or effective public health interventions. The initial consistent decrease (t0-t10) likely reflects the typical trajectory of an influenza epidemic as it progresses through a population. The slight increases at t11 and t12, and particularly the current month's pattern of two weeks of decline followed by two weeks of increase (c0-c3), suggest a potential secondary wave or temporary resurgence. This could be attributed to various factors including waning immunity, changes in viral circulation, relaxation of preventive behaviors, or environmental conditions that temporarily favor transmission. The current month's fluctuations specifically indicate that while the overall trend remains downward, there are recent dynamics that may be influencing case proportions, possibly related to new viral variants, changes in healthcare seeking behavior, or localized outbreaks that temporarily elevated the proportion of influenza patients.

⟪FINAL⟫{
  "hypotheses": [
    {
      "key": "centers_for_disease_control|issue_guidance|influenza|down"
    },
    {
      "key": "advisory_committee_on_immunization_practices|recommend_vaccination|vaccine|down"
    },
    {
      "key": "world_health_organization|report_release|cases|down"
    },
    {
      "key": "food_and_drug_administration|approve_authorize|vaccine|down"
    },
    {
      "key": "health_and_human_services|conduct_study|respiratory_syncytial_virus|up"
    }
  ]
}
===== END RAW GENERATION =====
[DEBUG] parsed JSON: {"hypotheses": [{"key": "centers_for_disease_control|issue_guidance|influenza|down"}, {"key": "advisory_committee_on_immunization_practices|recommend_vaccination|vaccine|down"}, {"key": "world_health_organization|report_release|cases|down"}, {"key": "food_and_drug_administration|approve_authorize|vaccine|down"}, {"key": "health_and_human_services|conduct_study|respiratory_syncytial_virus|up"}]}
['centers_for_disease_control', 'issue_guidance', 'influenza', 'down']
['advisory_committee_on_immunization_practices', 'recommend_vaccination', 'vaccine', 'down']
['world_health_organization', 'report_release', 'cases', 'down']
['food_and_drug_administration', 'approve_authorize', 'vaccine', 'down']
['health_and_human_services', 'conduct_study', 'respiratory_syncytial_virus', 'up']
recall_all: 0.0 precision_all: 0.0
Labels:
['centers_for_disease_control', 'recommend_vaccination', 'vaccination', 'ambiguous']
['centers_for_disease_control', 'report_release', 'influenza', 'up']
['food_and_drug_administration', 'approve_authorize', 'vaccine', 'ambiguous']

===== RAW GENERATION (decoded) =====
The observed trend in the influenza patient proportion data indicates a general decline over the three-month period, with the most significant drop occurring in the final week of the current month. The overall pattern shows a steady decrease from 2.435% to 1.693% over 12 weeks, with a notable sharp decline of 0.245 percentage points in the last week. This suggests that influenza activity is waning, possibly due to seasonal factors as we move out of peak flu season. The current month's data shows consistent weekly decreases with a minor rebound in week 3, followed by an abrupt drop in week 4. This pattern could reflect the natural progression of an influenza epidemic curve, where cases gradually decline after reaching a peak, with occasional small fluctuations. The substantial drop in the final week might indicate a specific intervention, such as increased vaccination efforts, public health campaigns, or natural immunity building in the population. Alternatively, it could represent a reporting artifact or a change in surveillance methods. The consistent downward trend, particularly the sharp decline at the end, suggests that influenza transmission is decreasing, possibly due to a combination of seasonal factors and public health measures.

⟪FINAL⟫{
  "hypotheses": [
    {
      "key": "centers_for_disease_control|recommend_vaccination|vaccination|down"
    },
    {
      "key": "advisory_committee_on_immunization_practices|issue_guidance|influenza|down"
    },
    {
      "key": "health_and_human_services|report_release|cases|down"
    },
    {
      "key": "national_institute_on_aging|conduct_study|mortality|down"
    },
    {
      "key": "food_and_drug_administration|approve_authorize|vaccine|down"
    }
  ]
}
===== END RAW GENERATION =====
[DEBUG] parsed JSON: {"hypotheses": [{"key": "centers_for_disease_control|recommend_vaccination|vaccination|down"}, {"key": "advisory_committee_on_immunization_practices|issue_guidance|influenza|down"}, {"key": "health_and_human_services|report_release|cases|down"}, {"key": "national_institute_on_aging|conduct_study|mortality|down"}, {"key": "food_and_drug_administration|approve_authorize|vaccine|down"}]}
['centers_for_disease_control', 'recommend_vaccination', 'vaccination', 'down']
['advisory_committee_on_immunization_practices', 'issue_guidance', 'influenza', 'down']
['health_and_human_services', 'report_release', 'cases', 'down']
['national_institute_on_aging', 'conduct_study', 'mortality', 'down']
['food_and_drug_administration', 'approve_authorize', 'vaccine', 'down']
recall_all: 0.13333333333333333 precision_all: 0.08
Labels:
['centers_for_disease_control', 'report_release', 'influenza', 'up']
['centers_for_disease_control', 'issue_guidance', 'influenza', 'ambiguous']
['centers_for_disease_control', 'report_release', 'h1n1', 'ambiguous']
['centers_for_disease_control', 'report_release', 'h5n1', 'up']
['food_and_drug_administration', 'report_release', 'influenza', 'ambiguous']

===== RAW GENERATION (decoded) =====
The observed trend in the data indicates a significant decline in influenza cases over the 3-month period, with a particularly steep drop occurring in the latter half of the observation window. The proportion of influenza patients decreased from approximately 2.07% to 1.29% over 12 weeks, representing a substantial reduction in influenza activity. The current month shows continued but slowing decline, with weekly decreases of 0.118, 0.131, 0.120, and 0.033 percentage points respectively. This pattern suggests that whatever factors drove the initial sharp decline are still at play but may be losing intensity. The most plausible explanation is a combination of seasonal influenza patterns, where cases naturally decline as we move out of peak flu season, coupled with ongoing public health interventions such as vaccination campaigns and increased public awareness about preventive measures. The slowing rate of decline in the current month could indicate that we're approaching a baseline level of influenza activity, or that the primary drivers of the initial decline have largely run their course.

⟪FINAL⟫{
  "hypotheses": [
    {
      "key": "centers_for_disease_control|recommend_vaccination|vaccination|down"
    },
    {
      "key": "advisory_committee_on_immunization_practices|issue_guidance|vaccination|down"
    },
    {
      "key": "united_states|conduct_study|influenza|down"
    },
    {
      "key": "world_health_organization|report_release|cases|down"
    },
    {
      "key": "food_and_drug_administration|approve_authorize|vaccine|down"
    }
  ]
}
===== END RAW GENERATION =====
[DEBUG] parsed JSON: {"hypotheses": [{"key": "centers_for_disease_control|recommend_vaccination|vaccination|down"}, {"key": "advisory_committee_on_immunization_practices|issue_guidance|vaccination|down"}, {"key": "united_states|conduct_study|influenza|down"}, {"key": "world_health_organization|report_release|cases|down"}, {"key": "food_and_drug_administration|approve_authorize|vaccine|down"}]}
['centers_for_disease_control', 'recommend_vaccination', 'vaccination', 'down']
['advisory_committee_on_immunization_practices', 'issue_guidance', 'vaccination', 'down']
['united_states', 'conduct_study', 'influenza', 'down']
['world_health_organization', 'report_release', 'cases', 'down']
['food_and_drug_administration', 'approve_authorize', 'vaccine', 'down']
recall_all: 0.1111111111111111 precision_all: 0.06666666666666667
Labels:
['centers_for_disease_control', 'report_release', 'influenza', 'ambiguous']
['centers_for_disease_control', 'report_release', 'influenza', 'up']
['centers_for_disease_control', 'issue_guidance', 'influenza', 'ambiguous']
['centers_for_disease_control', 'report_release', 'mortality', 'ambiguous']
['world_health_organization', 'report_release', 'h5n1', 'ambiguous']

===== RAW GENERATION (decoded) =====
The observed trend in the influenza patient proportion data indicates a significant decline over the past three months, with the proportion dropping from approximately 1.966% to around 1.193% between t0 and t9, followed by a slight upward trend in the most recent weeks. This pattern suggests that after an initial period of decreasing influenza activity, there has been a recent resurgence, particularly evident in the current month where we see a shift from decreasing to increasing proportions. The current month's data (c0 to c4) shows an initial continued decline followed by a reversal, with the most recent week (c4) showing a notable increase of 0.098 percentage points. This turnaround could be attributed to several factors: waning immunity in the population after the initial wave, potential emergence of more transmissible viral variants, changes in human behavior as seasonal precautions are relaxed, or environmental conditions becoming more favorable for virus transmission. The initial decline might have resulted from successful public health interventions, natural immunity buildup, or seasonal factors, while the recent increase suggests that these protective factors may be diminishing or that new transmission dynamics are at play.

⟪FINAL⟫{
  "hypotheses": [
    {
      "key": "centers_for_disease_control|issue_guidance|influenza|down"
    },
    {
      "key": "advisory_committee_on_immunization_practices|recommend_vaccination|vaccine|up"
    },
    {
      "key": "world_health_organization|report_release|cases|up"
    },
    {
      "key": "food_and_drug_administration|approve_authorize|vaccine|up"
    },
    {
      "key": "health_and_human_services|conduct_study|mortality|down"
    }
  ]
}
===== END RAW GENERATION =====
[DEBUG] parsed JSON: {"hypotheses": [{"key": "centers_for_disease_control|issue_guidance|influenza|down"}, {"key": "advisory_committee_on_immunization_practices|recommend_vaccination|vaccine|up"}, {"key": "world_health_organization|report_release|cases|up"}, {"key": "food_and_drug_administration|approve_authorize|vaccine|up"}, {"key": "health_and_human_services|conduct_study|mortality|down"}]}
['centers_for_disease_control', 'issue_guidance', 'influenza', 'down']
['advisory_committee_on_immunization_practices', 'recommend_vaccination', 'vaccine', 'up']
['world_health_organization', 'report_release', 'cases', 'up']
['food_and_drug_administration', 'approve_authorize', 'vaccine', 'up']
['health_and_human_services', 'conduct_study', 'mortality', 'down']
recall_all: 0.12380952380952381 precision_all: 0.08571428571428573
Labels:
['advisory_committee_on_immunization_practices', 'issue_guidance', 'vaccination', 'ambiguous']
['centers_for_disease_control', 'report_release', 'influenza', 'ambiguous']
['health_and_human_services', 'report_release', 'influenza', 'up']
['national_institute_on_aging', 'issue_guidance', 'vaccination', 'ambiguous']

===== RAW GENERATION (decoded) =====
The observed trend in the influenza patient proportion data indicates a clear pattern of initial decline followed by a sustained increase over the three-month period. The first five weeks (t0-t5) show a gradual decrease from 1.575 to 1.193, suggesting either seasonal decline or effective public health interventions. However, from week t5 onward, there is a consistent upward trajectory that accelerates through week t12, reaching 2.025. This reversal pattern is particularly notable in the current month, where weekly changes (c0-c3) show continued increases (+0.180, +0.287, +0.151, +0.047) despite the rate of increase slowing in the most recent weeks. The acceleration phase (c0-c1) followed by deceleration (c2-c3) suggests that while transmission factors initially intensified, subsequent interventions or natural immunity may be beginning to curb the spread. This pattern could be explained by seasonal influenza dynamics, where early season declines give way to typical winter increases, potentially exacerbated by new variants, waning immunity, or increased indoor social gatherings as temperatures drop. The slowing rate of increase in the current month's final weeks might indicate that public health measures or natural population immunity are beginning to take effect.

⟪FINAL⟫{
  "hypotheses": [
    {
      "key": "centers_for_disease_control|issue_guidance|influenza|up"
    },
    {
      "key": "advisory_committee_on_immunization_practices|recommend_vaccination|vaccine|up"
    },
    {
      "key": "world_health_organization|report_release|cases|up"
    },
    {
      "key": "health_and_human_services|conduct_study|respiratory_syncytial_virus|up"
    },
    {
      "key": "food_and_drug_administration|approve_authorize|vaccine|up"
    }
  ]
}
===== END RAW GENERATION =====
[DEBUG] parsed JSON: {"hypotheses": [{"key": "centers_for_disease_control|issue_guidance|influenza|up"}, {"key": "advisory_committee_on_immunization_practices|recommend_vaccination|vaccine|up"}, {"key": "world_health_organization|report_release|cases|up"}, {"key": "health_and_human_services|conduct_study|respiratory_syncytial_virus|up"}, {"key": "food_and_drug_administration|approve_authorize|vaccine|up"}]}
['centers_for_disease_control', 'issue_guidance', 'influenza', 'up']
['advisory_committee_on_immunization_practices', 'recommend_vaccination', 'vaccine', 'up']
['world_health_organization', 'report_release', 'cases', 'up']
['health_and_human_services', 'conduct_study', 'respiratory_syncytial_virus', 'up']
['food_and_drug_administration', 'approve_authorize', 'vaccine', 'up']
recall_all: 0.10833333333333334 precision_all: 0.07500000000000001
Labels:
['centers_for_disease_control', 'issue_guidance', 'vaccination', 'ambiguous']
['advisory_committee_on_immunization_practices', 'issue_guidance', 'vaccination', 'ambiguous']
['centers_for_disease_control', 'report_release', 'hospitalizations', 'up']
['centers_for_disease_control', 'report_release', 'influenza', 'up']

===== RAW GENERATION (decoded) =====
The observed trend in the influenza patient proportion data indicates a clear upward trajectory over the three-month period, with the proportion increasing from approximately 1.2% to 2.26%. This suggests a growing influenza burden in the U.S. population during this timeframe. The weekly changes in the current month show an initial slight decrease followed by consistent increases, indicating that the upward trend is continuing rather than reversing. Several real-world factors could explain this pattern: the data likely corresponds to the typical influenza season when colder weather and indoor gatherings facilitate viral transmission; reduced COVID-19 mitigation measures may have allowed influenza to circulate more freely; waning population immunity from previous seasons or vaccinations could be contributing to increased susceptibility; and potential viral evolution leading to more transmissible strains might be driving higher infection rates. The continued increase in the current month, particularly after the brief dip, suggests that whatever factors initiated this upward trend are persisting and possibly intensifying.

⟪FINAL⟫{
  "hypotheses": [
    {
      "key": "centers_for_disease_control|issue_guidance|influenza|up"
    },
    {
      "key": "advisory_committee_on_immunization_practices|recommend_vaccination|vaccine|up"
    },
    {
      "key": "world_health_organization|report_release|cases|up"
    },
    {
      "key": "health_and_human_services|conduct_study|respiratory_syncytial_virus|up"
    },
    {
      "key": "food_and_drug_administration|approve_authorize|vaccine|up"
    }
  ]
}
===== END RAW GENERATION =====
[DEBUG] parsed JSON: {"hypotheses": [{"key": "centers_for_disease_control|issue_guidance|influenza|up"}, {"key": "advisory_committee_on_immunization_practices|recommend_vaccination|vaccine|up"}, {"key": "world_health_organization|report_release|cases|up"}, {"key": "health_and_human_services|conduct_study|respiratory_syncytial_virus|up"}, {"key": "food_and_drug_administration|approve_authorize|vaccine|up"}]}
['centers_for_disease_control', 'issue_guidance', 'influenza', 'up']
['advisory_committee_on_immunization_practices', 'recommend_vaccination', 'vaccine', 'up']
['world_health_organization', 'report_release', 'cases', 'up']
['health_and_human_services', 'conduct_study', 'respiratory_syncytial_virus', 'up']
['food_and_drug_administration', 'approve_authorize', 'vaccine', 'up']
recall_all: 0.0962962962962963 precision_all: 0.06666666666666668
Labels:
['centers_for_disease_control', 'issue_guidance', 'vaccination', 'ambiguous']
['centers_for_disease_control', 'report_release', 'influenza', 'ambiguous']
['centers_for_disease_control', 'report_release', 'influenza', 'up']
['centers_for_disease_control', 'conduct_study', 'influenza', 'ambiguous']
['centers_for_disease_control', 'conduct_study', 'respiratory_syncytial_virus', 'ambiguous']

===== RAW GENERATION (decoded) =====
The observed trend in the influenza patient proportion data indicates a consistent upward trajectory over the three-month period, with a notable acceleration in the most recent month. The weekly proportions started at 1.540% and gradually increased to 3.325%, showing a clear pattern of rising influenza activity. The current month's weekly changes (c0 to c4) reveal progressively larger increases, culminating in a substantial jump of +0.413% in the most recent week. This acceleration suggests that while the general seasonal increase in influenza was already underway, something specific occurred within the current month to intensify transmission. The pattern is consistent with typical winter flu season dynamics, but the steepening curve in the final weeks may indicate additional factors such as the emergence of a more transmissible variant, relaxation of remaining public health measures, or increased social gatherings during holiday periods. The data suggests that influenza is not only present but actively spreading at an increasing rate, potentially overwhelming early seasonal expectations and indicating a more severe flu season than initially anticipated.

⟪FINAL⟫
{
  "hypotheses": [
    {
      "key": "centers_for_disease_control|report_release|influenza|up"
    },
    {
      "key": "advisory_committee_on_immunization_practices|recommend_vaccination|vaccine|up"
    },
    {
      "key": "health_and_human_services|issue_guidance|respiratory_syncytial_virus|up"
    },
    {
      "key": "world_health_organization|detect|cases|up"
    },
    {
      "key": "food_and_drug_administration|approve_authorize|vaccine|up"
    }
  ]
}
===== END RAW GENERATION =====
[DEBUG] parsed JSON: {"hypotheses": [{"key": "centers_for_disease_control|report_release|influenza|up"}, {"key": "advisory_committee_on_immunization_practices|recommend_vaccination|vaccine|up"}, {"key": "health_and_human_services|issue_guidance|respiratory_syncytial_virus|up"}, {"key": "world_health_organization|detect|cases|up"}, {"key": "food_and_drug_administration|approve_authorize|vaccine|up"}]}
['centers_for_disease_control', 'report_release', 'influenza', 'up']
['advisory_committee_on_immunization_practices', 'recommend_vaccination', 'vaccine', 'up']
['health_and_human_services', 'issue_guidance', 'respiratory_syncytial_virus', 'up']
['world_health_organization', 'detect', 'cases', 'up']
['food_and_drug_administration', 'approve_authorize', 'vaccine', 'up']
recall_all: 0.12666666666666665 precision_all: 0.08
Labels:
['centers_for_disease_control', 'report_release', 'influenza', 'up']
['centers_for_disease_control', 'approve_authorize', 'influenza', 'ambiguous']
['centers_for_disease_control', 'issue_guidance', 'influenza', 'ambiguous']
['centers_for_disease_control', 'recommend_vaccination', 'influenza', 'ambiguous']
['centers_for_disease_control', 'report_release', 'deaths', 'up']

===== RAW GENERATION (decoded) =====
The observed trend in the influenza patient proportion data indicates a consistent and accelerating increase over the three-month period, with the most recent week showing a particularly sharp rise. The data reveals a gradual upward trajectory from approximately 2% to over 4.3% of patients testing positive for influenza, suggesting a developing epidemic that is gaining momentum. The acceleration in the later weeks, particularly evident in the current month's data, could reflect several real-world factors: seasonal changes that favor viral transmission as temperatures drop, potential emergence of a more transmissible influenza strain, or waning population immunity from previous seasons. The sharp spike in the most recent week (+0.395%) might correspond to specific events that facilitate transmission, such as holiday gatherings, increased indoor social interactions, or changes in testing protocols. This pattern is consistent with typical influenza season dynamics, where cases gradually build through fall and winter, potentially peaking in the new year. The sustained growth without any visible plateau suggests the outbreak is still in its ascending phase, with the current month showing particularly concerning acceleration that warrants attention from public health authorities.

⟪FINAL⟫{
  "hypotheses": [
    {
      "key": "centers_for_disease_control|issue_guidance|influenza|up"
    },
    {
      "key": "advisory_committee_on_immunization_practices|recommend_vaccination|vaccine|up"
    },
    {
      "key": "world_health_organization|report_release|cases|up"
    },
    {
      "key": "health_and_human_services|conduct_study|respiratory_syncytial_virus|up"
    },
    {
      "key": "food_and_drug_administration|approve_authorize|vaccine|up"
    }
  ]
}
===== END RAW GENERATION =====
[DEBUG] parsed JSON: {"hypotheses": [{"key": "centers_for_disease_control|issue_guidance|influenza|up"}, {"key": "advisory_committee_on_immunization_practices|recommend_vaccination|vaccine|up"}, {"key": "world_health_organization|report_release|cases|up"}, {"key": "health_and_human_services|conduct_study|respiratory_syncytial_virus|up"}, {"key": "food_and_drug_administration|approve_authorize|vaccine|up"}]}
['centers_for_disease_control', 'issue_guidance', 'influenza', 'up']
['advisory_committee_on_immunization_practices', 'recommend_vaccination', 'vaccine', 'up']
['world_health_organization', 'report_release', 'cases', 'up']
['health_and_human_services', 'conduct_study', 'respiratory_syncytial_virus', 'up']
['food_and_drug_administration', 'approve_authorize', 'vaccine', 'up']
recall_all: 0.13333333333333333 precision_all: 0.09090909090909091
Labels:
['centers_for_disease_control', 'report_release', 'influenza', 'ambiguous']
['centers_for_disease_control', 'report_release', 'influenza', 'up']
['centers_for_disease_control', 'report_release', 'cases', 'up']
['centers_for_disease_control', 'report_release', 'h5n1', 'ambiguous']

===== RAW GENERATION (decoded) =====
The observed trend in the influenza patient proportion data indicates a significant and accelerating increase over the past three months, with the weekly proportion rising from 2.259% to 6.904%. This upward trajectory suggests a growing influenza season, with particularly sharp increases occurring in the later weeks (between t9-t11). The current month's weekly changes (+0.853%, +1.104%, +0.594%) show continued growth but at a slightly decreasing rate of increase, which could indicate either the beginning of a natural peak or the potential impact of interventions. The acceleration in the overall trend might reflect seasonal factors such as colder weather promoting virus transmission, reduced immunity in the population, or the emergence of a more transmissible influenza strain. The continued but moderating increases in the current month could suggest that public health measures or natural limits to transmission are beginning to influence the spread, though the overall trajectory remains concerning.

⟪FINAL⟫{
  "hypotheses": [
    {
      "key": "centers_for_disease_control|issue_guidance|influenza|up"
    },
    {
      "key": "advisory_committee_on_immunization_practices|recommend_vaccination|vaccine|up"
    },
    {
      "key": "world_health_organization|report_release|cases|up"
    },
    {
      "key": "food_and_drug_administration|approve_authorize|vaccine|up"
    },
    {
      "key": "centers_for_disease_control|detect|h1n1|up"
    }
  ]
}
===== END RAW GENERATION =====
[DEBUG] parsed JSON: {"hypotheses": [{"key": "centers_for_disease_control|issue_guidance|influenza|up"}, {"key": "advisory_committee_on_immunization_practices|recommend_vaccination|vaccine|up"}, {"key": "world_health_organization|report_release|cases|up"}, {"key": "food_and_drug_administration|approve_authorize|vaccine|up"}, {"key": "centers_for_disease_control|detect|h1n1|up"}]}
['centers_for_disease_control', 'issue_guidance', 'influenza', 'up']
['advisory_committee_on_immunization_practices', 'recommend_vaccination', 'vaccine', 'up']
['world_health_organization', 'report_release', 'cases', 'up']
['food_and_drug_administration', 'approve_authorize', 'vaccine', 'up']
['centers_for_disease_control', 'detect', 'h1n1', 'up']
recall_all: 0.12222222222222222 precision_all: 0.08333333333333333
Labels:
['centers_for_disease_control', 'report_release', 'influenza', 'up']
['centers_for_disease_control', 'report_release', 'influenza', 'ambiguous']
['centers_for_disease_control', 'issue_guidance', 'vaccination', 'ambiguous']
['centers_for_disease_control', 'recommend_vaccination', 'vaccination', 'ambiguous']
['centers_for_disease_control', 'report_release', 'influenza', 'down']

===== RAW GENERATION (decoded) =====
The observed trend in the influenza patient proportion data indicates a classic seasonal influenza pattern, with a clear peak around week t7 (6.904%) followed by a steady decline through week t11, and a slight uptick at week t12. This pattern is consistent with typical influenza season dynamics, where cases rise during winter months and then decline as spring approaches. The current month's data (c0-c4) shows the decline continuing but potentially slowing, with the last week showing a minimal increase (+0.054%). This suggests the influenza season may be nearing its end, with the virus circulating at lower levels. The gradual decrease could be attributed to a combination of factors including increased population immunity from prior infections, seasonal weather changes favoring less viral transmission, and potentially ongoing public health interventions. The slight increase in the final week might indicate a minor resurgence or simply natural variation in case reporting as the season transitions.

⟪FINAL⟫{
  "hypotheses": [
    {
      "key": "centers_for_disease_control|issue_guidance|influenza|down"
    },
    {
      "key": "advisory_committee_on_immunization_practices|recommend_vaccination|vaccine|down"
    },
    {
      "key": "health_and_human_services|report_release|cases|down"
    },
    {
      "key": "world_health_organization|confirm|outbreak|down"
    },
    {
      "key": "food_and_drug_administration|approve_authorize|vaccine|down"
    }
  ]
}
===== END RAW GENERATION =====
[DEBUG] parsed JSON: {"hypotheses": [{"key": "centers_for_disease_control|issue_guidance|influenza|down"}, {"key": "advisory_committee_on_immunization_practices|recommend_vaccination|vaccine|down"}, {"key": "health_and_human_services|report_release|cases|down"}, {"key": "world_health_organization|confirm|outbreak|down"}, {"key": "food_and_drug_administration|approve_authorize|vaccine|down"}]}
['centers_for_disease_control', 'issue_guidance', 'influenza', 'down']
['advisory_committee_on_immunization_practices', 'recommend_vaccination', 'vaccine', 'down']
['health_and_human_services', 'report_release', 'cases', 'down']
['world_health_organization', 'confirm', 'outbreak', 'down']
['food_and_drug_administration', 'approve_authorize', 'vaccine', 'down']
recall_all: 0.11282051282051281 precision_all: 0.07692307692307693
Labels:
['centers_for_disease_control', 'issue_guidance', 'influenza', 'ambiguous']
['centers_for_disease_control', 'report_release', 'influenza', 'up']
['centers_for_disease_control', 'issue_guidance', 'vaccination', 'ambiguous']
['centers_for_disease_control', 'recommend_vaccination', 'influenza', 'ambiguous']
['centers_for_disease_control', 'recommend_vaccination', 'vaccination', 'ambiguous']

===== RAW GENERATION (decoded) =====
The observed trend in the data indicates a typical influenza season pattern, with proportions increasing from early fall through winter, peaking around mid-season, and then gradually declining. The initial rise from t0 to t3 suggests the onset of flu season, likely driven by cooler temperatures and increased indoor gatherings that facilitate viral transmission. The peak at t3 (6.904) represents the height of influenza activity, after which natural immunity and seasonal changes begin to reduce transmission, leading to the steady decline observed from t4 to t12. The current month's data (c0 to c3) shows a continued downward trend, with a particularly sharp decrease in the most recent week (c3: -0.239). This accelerated decline could be attributed to several factors: increased vaccination coverage as public health campaigns reach their peak effectiveness, implementation of preventive measures in healthcare settings, or natural seasonal transitions that reduce viral viability and transmission. The small initial increase at c0 followed by consistent decreases suggests the flu season is entering its waning phase, with occasional minor fluctuations as the virus circulates at diminishing levels through the population.

⟪FINAL⟫{
  "hypotheses": [
    {
      "key": "centers_for_disease_control|issue_guidance|influenza|down"
    },
    {
      "key": "advisory_committee_on_immunization_practices|recommend_vaccination|vaccine|down"
    },
    {
      "key": "health_and_human_services|report_release|cases|down"
    },
    {
      "key": "united_states|conduct_study|respiratory_syncytial_virus|down"
    },
    {
      "key": "world_health_organization|detect|h1n1|down"
    }
  ]
}
===== END RAW GENERATION =====
[DEBUG] parsed JSON: {"hypotheses": [{"key": "centers_for_disease_control|issue_guidance|influenza|down"}, {"key": "advisory_committee_on_immunization_practices|recommend_vaccination|vaccine|down"}, {"key": "health_and_human_services|report_release|cases|down"}, {"key": "united_states|conduct_study|respiratory_syncytial_virus|down"}, {"key": "world_health_organization|detect|h1n1|down"}]}
['centers_for_disease_control', 'issue_guidance', 'influenza', 'down']
['advisory_committee_on_immunization_practices', 'recommend_vaccination', 'vaccine', 'down']
['health_and_human_services', 'report_release', 'cases', 'down']
['united_states', 'conduct_study', 'respiratory_syncytial_virus', 'down']
['world_health_organization', 'detect', 'h1n1', 'down']
recall_all: 0.11904761904761904 precision_all: 0.08571428571428572
Labels:
['centers_for_disease_control', 'report_release', 'influenza', 'up']
['centers_for_disease_control', 'report_release', 'influenza', 'ambiguous']

===== RAW GENERATION (decoded) =====
The observed trend in the data indicates a consistent decline in the proportion of U.S. influenza patients over the past three months, with the current month showing a continued but slowing decrease. The initial sharp drop from 5.762% to 4.753% suggests a significant reduction in cases, possibly due to seasonal factors as flu season transitions. The slight increase between t3 and t5 could represent a minor resurgence or variation in virus transmission, but the overall downward trajectory resumed and accelerated toward the end of the period. The current month's data (c0 to c3) shows a continued decrease in influenza proportion, though the rate of decline is diminishing, which might indicate approaching a baseline level or the natural end of the flu season. This pattern is consistent with typical influenza epidemiology, where cases peak in winter months and decline as temperatures rise and immunity builds in the population. Public health interventions such as vaccination campaigns or increased hygiene practices could also contribute to this sustained reduction in cases.

⟪FINAL⟫{
  "hypotheses": [
    {
      "key": "centers_for_disease_control|recommend_vaccination|influenza|down"
    },
    {
      "key": "advisory_committee_on_immunization_practices|issue_guidance|vaccination|down"
    },
    {
      "key": "united_states|conduct_study|influenza|down"
    },
    {
      "key": "food_and_drug_administration|approve_authorize|vaccine|down"
    },
    {
      "key": "world_health_organization|report_release|cases|down"
    }
  ]
}
===== END RAW GENERATION =====
[DEBUG] parsed JSON: {"hypotheses": [{"key": "centers_for_disease_control|recommend_vaccination|influenza|down"}, {"key": "advisory_committee_on_immunization_practices|issue_guidance|vaccination|down"}, {"key": "united_states|conduct_study|influenza|down"}, {"key": "food_and_drug_administration|approve_authorize|vaccine|down"}, {"key": "world_health_organization|report_release|cases|down"}]}
['centers_for_disease_control', 'recommend_vaccination', 'influenza', 'down']
['advisory_committee_on_immunization_practices', 'issue_guidance', 'vaccination', 'down']
['united_states', 'conduct_study', 'influenza', 'down']
['food_and_drug_administration', 'approve_authorize', 'vaccine', 'down']
['world_health_organization', 'report_release', 'cases', 'down']
recall_all: 0.1111111111111111 precision_all: 0.08
Labels:
['centers_for_disease_control', 'report_release', 'h5n1', 'up']
['centers_for_disease_control', 'confirm', 'h5n1', 'ambiguous']
['centers_for_disease_control', 'outbreak', 'h5n1', 'ambiguous']

===== RAW GENERATION (decoded) =====
The observed trend in the influenza patient proportion data indicates a consistent and significant decline over the three-month period, with the proportion decreasing from 4.400% to 2.142%. This represents a substantial reduction of approximately 51% in influenza cases over the observed timeframe. The weekly decreases have generally been steady, with the most pronounced drop occurring in the current month (c2: -0.293). This sustained downward trajectory suggests that the influenza season is likely waning, possibly due to seasonal factors, increased population immunity, or effective public health interventions. The acceleration in decline during the current month, particularly the sharp drop in week c2, may indicate a specific event or combination of factors that temporarily boosted the downward trend, such as an intensified vaccination campaign, weather changes that inhibit virus transmission, or a natural peak in the epidemic curve followed by the expected decline phase. The continued reduction in subsequent weeks (c3 and c4) confirms that this downward momentum is being maintained rather than being a temporary fluctuation.

⟪FINAL⟫{
  "hypotheses": [
    {
      "key": "centers_for_disease_control|recommend_vaccination|vaccination|down"
    },
    {
      "key": "advisory_committee_on_immunization_practices|issue_guidance|vaccination|down"
    },
    {
      "key": "health_and_human_services|report_release|influenza|down"
    },
    {
      "key": "world_health_organization|confirm|cases|down"
    },
    {
      "key": "food_and_drug_administration|approve_authorize|vaccine|down"
    }
  ]
}
===== END RAW GENERATION =====
[DEBUG] parsed JSON: {"hypotheses": [{"key": "centers_for_disease_control|recommend_vaccination|vaccination|down"}, {"key": "advisory_committee_on_immunization_practices|issue_guidance|vaccination|down"}, {"key": "health_and_human_services|report_release|influenza|down"}, {"key": "world_health_organization|confirm|cases|down"}, {"key": "food_and_drug_administration|approve_authorize|vaccine|down"}]}
['centers_for_disease_control', 'recommend_vaccination', 'vaccination', 'down']
['advisory_committee_on_immunization_practices', 'issue_guidance', 'vaccination', 'down']
['health_and_human_services', 'report_release', 'influenza', 'down']
['world_health_organization', 'confirm', 'cases', 'down']
['food_and_drug_administration', 'approve_authorize', 'vaccine', 'down']
recall_all: 0.10416666666666666 precision_all: 0.075
Labels:
['centers_for_disease_control', 'detect', 'h5n1', 'ambiguous']

===== RAW GENERATION (decoded) =====
The observed trend in the data indicates a consistent and significant decline in the proportion of U.S. influenza patients over the past three months, with values decreasing from 4.334 to 2.032. This represents approximately a 53% reduction in influenza cases over the 12-week period. The weekly changes show a steady downward trajectory, with the most recent week (c0) showing a decrease of 0.110 in the proportion. This pattern is consistent with typical seasonal influenza behavior, where cases peak during winter months and naturally decline as the season progresses. The sustained reduction suggests multiple factors at play, including the natural waning of the flu season, increased population immunity from prior exposure, and potentially ongoing public health interventions. The continued decrease in the most recent week indicates that these factors are still active, maintaining the downward trend rather than showing any reversal or plateau.

⟪FINAL⟫{
  "hypotheses": [
    {
      "key": "centers_for_disease_control|recommend_vaccination|influenza|down"
    },
    {
      "key": "world_health_organization|report_release|influenza|down"
    },
    {
      "key": "advisory_committee_on_immunization_practices|issue_guidance|vaccination|down"
    },
    {
      "key": "health_and_human_services|report_release|cases|down"
    },
    {
      "key": "national_institute_on_aging|conduct_study|influenza|down"
    }
  ]
}
===== END RAW GENERATION =====
[DEBUG] parsed JSON: {"hypotheses": [{"key": "centers_for_disease_control|recommend_vaccination|influenza|down"}, {"key": "world_health_organization|report_release|influenza|down"}, {"key": "advisory_committee_on_immunization_practices|issue_guidance|vaccination|down"}, {"key": "health_and_human_services|report_release|cases|down"}, {"key": "national_institute_on_aging|conduct_study|influenza|down"}]}
['centers_for_disease_control', 'recommend_vaccination', 'influenza', 'down']
['world_health_organization', 'report_release', 'influenza', 'down']
['advisory_committee_on_immunization_practices', 'issue_guidance', 'vaccination', 'down']
['health_and_human_services', 'report_release', 'cases', 'down']
['national_institute_on_aging', 'conduct_study', 'influenza', 'down']
recall_all: 0.0980392156862745 precision_all: 0.07058823529411765
