Labels:
['centers_for_disease_control', 'report_release', 'influenza', 'ambiguous']
['centers_for_disease_control', 'report_release', 'influenza', 'up']
['united_states', 'rate_change', 'hospitalizations', 'up']
['united_states', 'report_release', 'influenza', 'ambiguous']
['united_states', 'report_release', 'influenza', 'up']

===== RAW GENERATION (decoded) =====
The observed trend in the influenza patient proportion data reveals a clear decline over the past three months, with a notable decrease from a peak of 7.371 at t1 down to approximately 2.7 by t12. This steady reduction suggests that influenza transmission and case severity have been waning over this period. However, within the current month, the weekly changes in proportion (dP) show a deceleration in the rate of decline, moving from a sharp drop (-1.020) to a near stabilization and slight increase (+0.019). This pattern may indicate that the influenza season is transitioning from a rapid decline phase to a plateau or potential resurgence phase. Real-world factors likely contributing to this trend include increased vaccination coverage earlier in the season, public health interventions reducing spread, and possibly the natural seasonal decline of influenza activity. The recent stabilization or slight uptick could be driven by localized outbreaks, changes in population behavior such as reduced adherence to preventive measures, or the emergence of new influenza strains. Additionally, official health agencies may have issued updated guidance or reports reflecting these dynamics, influencing public response and healthcare practices.

⟪FINAL⟫  
{  
  "hypotheses": [  
    {  
      "key": "centers_for_disease_control|issue_guidance|influenza|ambiguous"  
    },  
    {  
      "key": "advisory_committee_on_immunization_practices|recommend_vaccination|influenza|up"  
    },  
    {  
      "key": "food_and_drug_administration|approve_authorize|vaccine|up"  
    },  
    {  
      "key": "centers_for_disease_control|report_release|hospitalizations|down"  
    },  
    {  
      "key": "national_institute_on_aging|conduct_study|mortality|ambiguous"  
    }  
  ]  
}
===== END RAW GENERATION =====
[DEBUG] parsed JSON: {"hypotheses": [{"key": "centers_for_disease_control|issue_guidance|influenza|ambiguous"}, {"key": "advisory_committee_on_immunization_practices|recommend_vaccination|influenza|up"}, {"key": "food_and_drug_administration|approve_authorize|vaccine|up"}, {"key": "centers_for_disease_control|report_release|hospitalizations|down"}, {"key": "national_institute_on_aging|conduct_study|mortality|ambiguous"}]}
['centers_for_disease_control', 'issue_guidance', 'influenza', 'ambiguous']
['advisory_committee_on_immunization_practices', 'recommend_vaccination', 'influenza', 'up']
['food_and_drug_administration', 'approve_authorize', 'vaccine', 'up']
['centers_for_disease_control', 'report_release', 'hospitalizations', 'down']
['national_institute_on_aging', 'conduct_study', 'mortality', 'ambiguous']
recall_all: 0.0 precision_all: 0.0
Labels:
['centers_for_disease_control', 'report_release', 'influenza', 'up']
['centers_for_disease_control', 'report_release', 'influenza', 'ambiguous']

===== RAW GENERATION (decoded) =====
The observed trend in the influenza patient proportion data reveals a significant decline over the past three months, dropping from a high of 6.462 to around 2.404. This steady decrease suggests that the influenza season is waning, likely due to a combination of factors such as increased population immunity, effective vaccination campaigns, and possibly behavioral changes like heightened hygiene practices or reduced social interactions. The more recent weekly changes within the current month show smaller negative increments, indicating that while the decline continues, it is slowing down and the proportion may be approaching a baseline or plateau. This pattern could be influenced by recent public health interventions or updated guidance from health authorities aiming to sustain the downward trend. Additionally, the slight deceleration in decline might reflect the natural tail end of the flu season or emerging localized outbreaks that temper the overall reduction.

⟪FINAL⟫  
{  
  "hypotheses": [  
    {  
      "key": "centers_for_disease_control|issue_guidance|influenza|down"  
    },  
    {  
      "key": "advisory_committee_on_immunization_practices|recommend_vaccination|influenza|down"  
    },  
    {  
      "key": "food_and_drug_administration|approve_authorize|vaccine|down"  
    },  
    {  
      "key": "health_and_human_services|report_release|hospitalizations|down"  
    },  
    {  
      "key": "national_institute_on_aging|conduct_study|influenza|ambiguous"  
    }  
  ]  
}
===== END RAW GENERATION =====
[DEBUG] parsed JSON: {"hypotheses": [{"key": "centers_for_disease_control|issue_guidance|influenza|down"}, {"key": "advisory_committee_on_immunization_practices|recommend_vaccination|influenza|down"}, {"key": "food_and_drug_administration|approve_authorize|vaccine|down"}, {"key": "health_and_human_services|report_release|hospitalizations|down"}, {"key": "national_institute_on_aging|conduct_study|influenza|ambiguous"}]}
['centers_for_disease_control', 'issue_guidance', 'influenza', 'down']
['advisory_committee_on_immunization_practices', 'recommend_vaccination', 'influenza', 'down']
['food_and_drug_administration', 'approve_authorize', 'vaccine', 'down']
['health_and_human_services', 'report_release', 'hospitalizations', 'down']
['national_institute_on_aging', 'conduct_study', 'influenza', 'ambiguous']
recall_all: 0.0 precision_all: 0.0
Labels:
['centers_for_disease_control', 'report_release', 'influenza', 'ambiguous']
['centers_for_disease_control', 'report_release', 'influenza', 'up']

===== RAW GENERATION (decoded) =====
The observed trend in the influenza patient proportion over the past three months shows a gradual decline from an initial peak of 3.058 down to 2.206, indicating a general reduction in influenza cases. However, within the current month, the weekly changes reveal a small initial increase (+0.031) followed by progressively larger decreases (-0.022, -0.065, -0.143). This pattern suggests that after a brief uptick, influenza activity began to subside more sharply. Such a trend could be driven by several real-world factors including increased public health interventions, seasonal changes reducing transmission, or heightened vaccination efforts. The initial slight rise might reflect a lag in the impact of these measures or localized outbreaks, while the subsequent declines indicate their growing effectiveness. Additionally, public awareness campaigns or updated guidance from health authorities could have contributed to behavioral changes that suppressed the spread of influenza during the current month.

⟪FINAL⟫  
{  
  "hypotheses": [  
    {  
      "key": "centers_for_disease_control|issue_guidance|influenza|down"  
    },  
    {  
      "key": "advisory_committee_on_immunization_practices|recommend_vaccination|influenza|up"  
    },  
    {  
      "key": "food_and_drug_administration|approve_authorize|vaccine|up"  
    },  
    {  
      "key": "united_states|report_release|cases|down"  
    },  
    {  
      "key": "health_and_human_services|conduct_study|hospitalizations|down"  
    }  
  ]  
}
===== END RAW GENERATION =====
[DEBUG] parsed JSON: {"hypotheses": [{"key": "centers_for_disease_control|issue_guidance|influenza|down"}, {"key": "advisory_committee_on_immunization_practices|recommend_vaccination|influenza|up"}, {"key": "food_and_drug_administration|approve_authorize|vaccine|up"}, {"key": "united_states|report_release|cases|down"}, {"key": "health_and_human_services|conduct_study|hospitalizations|down"}]}
['centers_for_disease_control', 'issue_guidance', 'influenza', 'down']
['advisory_committee_on_immunization_practices', 'recommend_vaccination', 'influenza', 'up']
['food_and_drug_administration', 'approve_authorize', 'vaccine', 'up']
['united_states', 'report_release', 'cases', 'down']
['health_and_human_services', 'conduct_study', 'hospitalizations', 'down']
recall_all: 0.0 precision_all: 0.0
Labels:
['centers_for_disease_control', 'report_release', 'influenza', 'up']
['united_states', 'report_release', 'h5n1', 'ambiguous']

===== RAW GENERATION (decoded) =====
The observed trend in the influenza patient proportion over the past three months shows a general decline from 2.705 at t0 to a low near 1.954 at t10, indicating a reduction in influenza cases or severity during this period. However, starting around t11, there is a slight uptick in the proportion, rising from 1.973 to 2.017 by t12. This recent increase is further supported by the current month's weekly changes (dP), which show a shift from negative declines (-0.134, -0.118) to positive increments (+0.019, +0.044). This pattern suggests that after a period of decreasing influenza activity, there may be an early resurgence or localized outbreaks beginning to emerge. Possible real-world causes include seasonal changes affecting virus transmission, waning immunity in the population, or changes in public health measures. Additionally, recent events such as updated guidance or reports from health authorities could influence public behavior or reporting, contributing to these fluctuations.

⟪FINAL⟫  
{  
  "hypotheses": [  
    {  
      "key": "centers_for_disease_control|issue_guidance|influenza|ambiguous"  
    },  
    {  
      "key": "advisory_committee_on_immunization_practices|recommend_vaccination|influenza|up"  
    },  
    {  
      "key": "united_states|report_release|hospitalizations|up"  
    },  
    {  
      "key": "food_and_drug_administration|approve_authorize|vaccine|up"  
    },  
    {  
      "key": "national_institute_on_aging|conduct_study|mortality|ambiguous"  
    }  
  ]  
}
===== END RAW GENERATION =====
[DEBUG] parsed JSON: {"hypotheses": [{"key": "centers_for_disease_control|issue_guidance|influenza|ambiguous"}, {"key": "advisory_committee_on_immunization_practices|recommend_vaccination|influenza|up"}, {"key": "united_states|report_release|hospitalizations|up"}, {"key": "food_and_drug_administration|approve_authorize|vaccine|up"}, {"key": "national_institute_on_aging|conduct_study|mortality|ambiguous"}]}
['centers_for_disease_control', 'issue_guidance', 'influenza', 'ambiguous']
['advisory_committee_on_immunization_practices', 'recommend_vaccination', 'influenza', 'up']
['united_states', 'report_release', 'hospitalizations', 'up']
['food_and_drug_administration', 'approve_authorize', 'vaccine', 'up']
['national_institute_on_aging', 'conduct_study', 'mortality', 'ambiguous']
recall_all: 0.0 precision_all: 0.0
Labels:
['centers_for_disease_control', 'recommend_vaccination', 'vaccination', 'ambiguous']
['centers_for_disease_control', 'report_release', 'influenza', 'up']
['food_and_drug_administration', 'approve_authorize', 'vaccine', 'ambiguous']

===== RAW GENERATION (decoded) =====
The observed trend in the influenza patient proportion over the past three months shows a general decline from 2.435 at t0 to 1.693 at t12, indicating a gradual reduction in influenza prevalence. However, within the current month, the weekly changes (dP) reveal a more volatile pattern: initial small decreases in influenza cases (c0 to c2), a brief uptick at c3, followed by a sharp decline at c4. This fluctuation suggests that while overall influenza activity is decreasing, there may have been intermittent factors influencing transmission or reporting. The brief increase at c3 could reflect a localized outbreak or reporting anomaly, while the sharp drop at c4 might be due to intensified public health interventions, increased vaccination uptake, or seasonal effects. These dynamics likely reflect real-time responses by health authorities and population behavior changes in reaction to evolving influenza risks.

⟪FINAL⟫  
{  
  "hypotheses": [  
    {  
      "key": "centers_for_disease_control|issue_guidance|influenza|down"  
    },  
    {  
      "key": "advisory_committee_on_immunization_practices|recommend_vaccination|influenza|up"  
    },  
    {  
      "key": "food_and_drug_administration|approve_authorize|vaccine|up"  
    },  
    {  
      "key": "health_and_human_services|report_release|hospitalizations|down"  
    },  
    {  
      "key": "national_institute_on_aging|conduct_study|mortality|ambiguous"  
    }  
  ]  
}
===== END RAW GENERATION =====
[DEBUG] parsed JSON: {"hypotheses": [{"key": "centers_for_disease_control|issue_guidance|influenza|down"}, {"key": "advisory_committee_on_immunization_practices|recommend_vaccination|influenza|up"}, {"key": "food_and_drug_administration|approve_authorize|vaccine|up"}, {"key": "health_and_human_services|report_release|hospitalizations|down"}, {"key": "national_institute_on_aging|conduct_study|mortality|ambiguous"}]}
['centers_for_disease_control', 'issue_guidance', 'influenza', 'down']
['advisory_committee_on_immunization_practices', 'recommend_vaccination', 'influenza', 'up']
['food_and_drug_administration', 'approve_authorize', 'vaccine', 'up']
['health_and_human_services', 'report_release', 'hospitalizations', 'down']
['national_institute_on_aging', 'conduct_study', 'mortality', 'ambiguous']
recall_all: 0.06666666666666667 precision_all: 0.04
Labels:
['centers_for_disease_control', 'report_release', 'influenza', 'up']
['centers_for_disease_control', 'issue_guidance', 'influenza', 'ambiguous']
['centers_for_disease_control', 'report_release', 'h1n1', 'ambiguous']
['centers_for_disease_control', 'report_release', 'h5n1', 'up']
['food_and_drug_administration', 'report_release', 'influenza', 'ambiguous']

===== RAW GENERATION (decoded) =====
The observed trend in the influenza patient proportion data reveals a clear and sustained decline over the past three months, with the weekly proportion dropping from 2.073 at t0 to 1.291 at t12. This downward trajectory is particularly pronounced in the most recent month, where weekly decreases in patient proportion (dP) have been consistently negative, though the rate of decline appears to be slowing (from -0.131 to -0.033). Such a pattern suggests that influenza transmission and case incidence have been steadily reducing, possibly due to a combination of increased population immunity, effective public health interventions, and seasonal factors. The deceleration in the rate of decline toward the end of the current month may indicate that the epidemic curve is flattening, potentially as the virus reaches a lower but more stable baseline level in the community. Real-world drivers for this trend could include recent vaccination campaigns, updated public health guidance, or changes in virus virulence or population behavior.

⟪FINAL⟫  
{  
  "hypotheses": [  
    {  
      "key": "centers_for_disease_control|issue_guidance|influenza|down"  
    },  
    {  
      "key": "advisory_committee_on_immunization_practices|recommend_vaccination|influenza|up"  
    },  
    {  
      "key": "food_and_drug_administration|approve_authorize|vaccine|up"  
    },  
    {  
      "key": "united_states|report_release|cases|down"  
    },  
    {  
      "key": "health_and_human_services|conduct_study|hospitalizations|down"  
    }  
  ]  
}
===== END RAW GENERATION =====
[DEBUG] parsed JSON: {"hypotheses": [{"key": "centers_for_disease_control|issue_guidance|influenza|down"}, {"key": "advisory_committee_on_immunization_practices|recommend_vaccination|influenza|up"}, {"key": "food_and_drug_administration|approve_authorize|vaccine|up"}, {"key": "united_states|report_release|cases|down"}, {"key": "health_and_human_services|conduct_study|hospitalizations|down"}]}
['centers_for_disease_control', 'issue_guidance', 'influenza', 'down']
['advisory_committee_on_immunization_practices', 'recommend_vaccination', 'influenza', 'up']
['food_and_drug_administration', 'approve_authorize', 'vaccine', 'up']
['united_states', 'report_release', 'cases', 'down']
['health_and_human_services', 'conduct_study', 'hospitalizations', 'down']
recall_all: 0.08888888888888889 precision_all: 0.06666666666666667
Labels:
['centers_for_disease_control', 'report_release', 'influenza', 'ambiguous']
['centers_for_disease_control', 'report_release', 'influenza', 'up']
['centers_for_disease_control', 'issue_guidance', 'influenza', 'ambiguous']
['centers_for_disease_control', 'report_release', 'mortality', 'ambiguous']
['world_health_organization', 'report_release', 'h5n1', 'ambiguous']

===== RAW GENERATION (decoded) =====
The observed trend in the influenza patient proportion data reveals a notable decline over the past three months, dropping from a peak of 1.966 at t0 to a low of 1.193 by t9, indicating a sustained reduction in influenza activity. However, in the most recent weeks (c0 to c4), there is a subtle but consistent uptick in the weekly change of patient proportions, shifting from a negative change to positive increments, suggesting a potential resurgence or seasonal rebound of influenza cases. This pattern could be attributed to several real-world factors: the waning immunity in the population after the initial decline, changes in public behavior such as reduced adherence to preventive measures, or the emergence of new influenza strains prompting increased transmission. Additionally, public health responses such as vaccination campaigns or updated guidance might have influenced these dynamics, either by initially suppressing cases or by lagging behind the virus's spread. The recent positive changes in case proportions may reflect the early stages of a new wave or localized outbreaks, possibly driven by environmental factors or social events occurring within the current month.

⟪FINAL⟫  
{  
  "hypotheses": [  
    {  
      "key": "centers_for_disease_control|issue_guidance|influenza|up"  
    },  
    {  
      "key": "advisory_committee_on_immunization_practices|recommend_vaccination|influenza|up"  
    },  
    {  
      "key": "united_states|report_release|cases|up"  
    },  
    {  
      "key": "food_and_drug_administration|approve_authorize|vaccine|up"  
    },  
    {  
      "key": "national_institute_on_aging|conduct_study|hospitalizations|up"  
    }  
  ]  
}
===== END RAW GENERATION =====
[DEBUG] parsed JSON: {"hypotheses": [{"key": "centers_for_disease_control|issue_guidance|influenza|up"}, {"key": "advisory_committee_on_immunization_practices|recommend_vaccination|influenza|up"}, {"key": "united_states|report_release|cases|up"}, {"key": "food_and_drug_administration|approve_authorize|vaccine|up"}, {"key": "national_institute_on_aging|conduct_study|hospitalizations|up"}]}
['centers_for_disease_control', 'issue_guidance', 'influenza', 'up']
['advisory_committee_on_immunization_practices', 'recommend_vaccination', 'influenza', 'up']
['united_states', 'report_release', 'cases', 'up']
['food_and_drug_administration', 'approve_authorize', 'vaccine', 'up']
['national_institute_on_aging', 'conduct_study', 'hospitalizations', 'up']
recall_all: 0.10476190476190476 precision_all: 0.08571428571428573
Labels:
['advisory_committee_on_immunization_practices', 'issue_guidance', 'vaccination', 'ambiguous']
['centers_for_disease_control', 'report_release', 'influenza', 'ambiguous']
['health_and_human_services', 'report_release', 'influenza', 'up']
['national_institute_on_aging', 'issue_guidance', 'vaccination', 'ambiguous']

===== RAW GENERATION (decoded) =====
The observed trend in the influenza patient proportion data reveals a clear pattern of initial decline followed by a sustained and accelerating increase over the last three months. From t0 to t5, the proportion steadily decreased, suggesting a waning flu season or effective containment measures. However, starting around t6, the trend reverses, with proportions rising sharply through t12, indicating a resurgence or new wave of influenza activity. The current month’s weekly increments (dP) remain positive but show a decelerating growth rate, which may imply that while influenza cases continue to rise, the pace of increase is slowing. This pattern could be driven by several real-world factors: the emergence of a more transmissible influenza strain, seasonal changes favoring virus spread, or changes in public behavior such as reduced adherence to preventive measures. Additionally, public health responses such as updated vaccination campaigns or new guidance might have been introduced recently, influencing both the trajectory and public awareness. The deceleration in weekly increases might reflect early impacts of these interventions or natural epidemic dynamics.

⟪FINAL⟫  
{  
  "hypotheses": [  
    {  
      "key": "centers_for_disease_control|issue_guidance|influenza|up"  
    },  
    {  
      "key": "advisory_committee_on_immunization_practices|recommend_vaccination|influenza|up"  
    },  
    {  
      "key": "food_and_drug_administration|approve_authorize|vaccine|up"  
    },  
    {  
      "key": "centers_for_disease_control|detect|cases|up"  
    },  
    {  
      "key": "health_and_human_services|report_release|hospitalizations|up"  
    }  
  ]  
}
===== END RAW GENERATION =====
[DEBUG] parsed JSON: {"hypotheses": [{"key": "centers_for_disease_control|issue_guidance|influenza|up"}, {"key": "advisory_committee_on_immunization_practices|recommend_vaccination|influenza|up"}, {"key": "food_and_drug_administration|approve_authorize|vaccine|up"}, {"key": "centers_for_disease_control|detect|cases|up"}, {"key": "health_and_human_services|report_release|hospitalizations|up"}]}
['centers_for_disease_control', 'issue_guidance', 'influenza', 'up']
['advisory_committee_on_immunization_practices', 'recommend_vaccination', 'influenza', 'up']
['food_and_drug_administration', 'approve_authorize', 'vaccine', 'up']
['centers_for_disease_control', 'detect', 'cases', 'up']
['health_and_human_services', 'report_release', 'hospitalizations', 'up']
recall_all: 0.09166666666666667 precision_all: 0.07500000000000001
Labels:
['centers_for_disease_control', 'issue_guidance', 'vaccination', 'ambiguous']
['advisory_committee_on_immunization_practices', 'issue_guidance', 'vaccination', 'ambiguous']
['centers_for_disease_control', 'report_release', 'hospitalizations', 'up']
['centers_for_disease_control', 'report_release', 'influenza', 'up']

===== RAW GENERATION (decoded) =====
The observed trend in the influenza patient proportion data reveals a general upward trajectory over the past three months, with a notable acceleration starting around t5 through t12, where the proportion increased from approximately 1.54 to 2.26. This suggests a growing influenza activity in the U.S. population during this period. However, within the current month, the weekly changes show some variability: an initial slight decline (c0: -0.033), followed by consistent increases (c1 to c3: +0.143, +0.045, +0.080). This pattern may reflect the early impact of public health interventions or seasonal factors beginning to influence the spread. The initial dip could be due to increased vaccination efforts or public awareness campaigns, while the subsequent rises might indicate either a lag in vaccine effectiveness or the emergence of new influenza strains. Additionally, these fluctuations could be influenced by reporting delays or localized outbreaks. Overall, the data suggests a dynamic influenza season with ongoing transmission and responsive public health measures.

⟪FINAL⟫  
{  
  "hypotheses": [  
    {  
      "key": "centers_for_disease_control|issue_guidance|influenza|down"  
    },  
    {  
      "key": "advisory_committee_on_immunization_practices|recommend_vaccination|influenza|up"  
    },  
    {  
      "key": "food_and_drug_administration|approve_authorize|vaccine|up"  
    },  
    {  
      "key": "centers_for_disease_control|detect|cases|up"  
    },  
    {  
      "key": "health_and_human_services|report_release|hospitalizations|up"  
    }  
  ]  
}
===== END RAW GENERATION =====
[DEBUG] parsed JSON: {"hypotheses": [{"key": "centers_for_disease_control|issue_guidance|influenza|down"}, {"key": "advisory_committee_on_immunization_practices|recommend_vaccination|influenza|up"}, {"key": "food_and_drug_administration|approve_authorize|vaccine|up"}, {"key": "centers_for_disease_control|detect|cases|up"}, {"key": "health_and_human_services|report_release|hospitalizations|up"}]}
['centers_for_disease_control', 'issue_guidance', 'influenza', 'down']
['advisory_committee_on_immunization_practices', 'recommend_vaccination', 'influenza', 'up']
['food_and_drug_administration', 'approve_authorize', 'vaccine', 'up']
['centers_for_disease_control', 'detect', 'cases', 'up']
['health_and_human_services', 'report_release', 'hospitalizations', 'up']
recall_all: 0.08148148148148149 precision_all: 0.06666666666666668
Labels:
['centers_for_disease_control', 'issue_guidance', 'vaccination', 'ambiguous']
['centers_for_disease_control', 'report_release', 'influenza', 'ambiguous']
['centers_for_disease_control', 'report_release', 'influenza', 'up']
['centers_for_disease_control', 'conduct_study', 'influenza', 'ambiguous']
['centers_for_disease_control', 'conduct_study', 'respiratory_syncytial_virus', 'ambiguous']

===== RAW GENERATION (decoded) =====
The observed trend in the influenza patient proportion data reveals a steady increase over the past three months, with a notable acceleration in the current month. Initially, the weekly proportions rose gradually from 1.540 to 3.325, indicating a growing spread of influenza cases. The current month’s weekly increments (dP) show an increasing magnitude, culminating in a sharp rise of +0.413 in the latest week. This pattern suggests a recent intensification of influenza transmission, possibly driven by seasonal factors such as colder weather and increased indoor gatherings. Additionally, the surge could be influenced by emerging viral strains or reduced vaccine effectiveness. Public health responses and reporting may also have shifted, reflecting heightened surveillance or outbreaks in specific regions. Overall, the data points to a dynamic and worsening influenza situation within the current month, likely prompting real-time interventions and updates from health authorities.

⟪FINAL⟫{  
  "hypotheses": [    
    {      
      "key": "centers_for_disease_control|report_release|influenza|up"    
    },    
    {      
      "key": "advisory_committee_on_immunization_practices|recommend_vaccination|influenza|up"    
    },    
    {      
      "key": "food_and_drug_administration|approve_authorize|vaccine|up"    
    },    
    {      
      "key": "united_states|detect|cases|up"    
    },    
    {      
      "key": "health_and_human_services|issue_guidance|hospitalizations|up"    
    }  
  ]
}
===== END RAW GENERATION =====
[DEBUG] parsed JSON: {"hypotheses": [{"key": "centers_for_disease_control|report_release|influenza|up"}, {"key": "advisory_committee_on_immunization_practices|recommend_vaccination|influenza|up"}, {"key": "food_and_drug_administration|approve_authorize|vaccine|up"}, {"key": "united_states|detect|cases|up"}, {"key": "health_and_human_services|issue_guidance|hospitalizations|up"}]}
['centers_for_disease_control', 'report_release', 'influenza', 'up']
['advisory_committee_on_immunization_practices', 'recommend_vaccination', 'influenza', 'up']
['food_and_drug_administration', 'approve_authorize', 'vaccine', 'up']
['united_states', 'detect', 'cases', 'up']
['health_and_human_services', 'issue_guidance', 'hospitalizations', 'up']
recall_all: 0.11333333333333333 precision_all: 0.08
Labels:
['centers_for_disease_control', 'report_release', 'influenza', 'up']
['centers_for_disease_control', 'approve_authorize', 'influenza', 'ambiguous']
['centers_for_disease_control', 'issue_guidance', 'influenza', 'ambiguous']
['centers_for_disease_control', 'recommend_vaccination', 'influenza', 'ambiguous']
['centers_for_disease_control', 'report_release', 'deaths', 'up']

===== RAW GENERATION (decoded) =====
The observed trend in the influenza patient proportion data reveals a consistent and accelerating increase over the past three months, with weekly proportions rising from 1.991 at t0 to 4.354 at t12. This steady upward trajectory suggests a growing spread of influenza infections across the U.S. population. The current month’s weekly changes (dP) show some variability but remain positive, indicating that the rate of increase is continuing, albeit with fluctuations in intensity. Such a pattern could be driven by several real-world factors, including the onset of the traditional flu season, increased social interactions during colder months, or the emergence of a more transmissible influenza strain. Additionally, public health responses or vaccination campaigns may not yet have fully mitigated the spread, or there could be delays in vaccine uptake. The recent sharper increases in weekly increments (e.g., +0.395) might reflect localized outbreaks or changes in reporting. Overall, the data points to an intensifying influenza activity that likely prompted public health agencies to respond with updated guidance or alerts.

⟪FINAL⟫  
{  
  "hypotheses": [  
    {  
      "key": "centers_for_disease_control|issue_guidance|influenza|up"  
    },  
    {  
      "key": "advisory_committee_on_immunization_practices|recommend_vaccination|influenza|up"  
    },  
    {  
      "key": "united_states|report_release|cases|up"  
    },  
    {  
      "key": "food_and_drug_administration|approve_authorize|vaccine|up"  
    },  
    {  
      "key": "world_health_organization|detect|h1n1|up"  
    }  
  ]  
}
===== END RAW GENERATION =====
[DEBUG] parsed JSON: {"hypotheses": [{"key": "centers_for_disease_control|issue_guidance|influenza|up"}, {"key": "advisory_committee_on_immunization_practices|recommend_vaccination|influenza|up"}, {"key": "united_states|report_release|cases|up"}, {"key": "food_and_drug_administration|approve_authorize|vaccine|up"}, {"key": "world_health_organization|detect|h1n1|up"}]}
['centers_for_disease_control', 'issue_guidance', 'influenza', 'up']
['advisory_committee_on_immunization_practices', 'recommend_vaccination', 'influenza', 'up']
['united_states', 'report_release', 'cases', 'up']
['food_and_drug_administration', 'approve_authorize', 'vaccine', 'up']
['world_health_organization', 'detect', 'h1n1', 'up']
recall_all: 0.1212121212121212 precision_all: 0.09090909090909091
Labels:
['centers_for_disease_control', 'report_release', 'influenza', 'ambiguous']
['centers_for_disease_control', 'report_release', 'influenza', 'up']
['centers_for_disease_control', 'report_release', 'cases', 'up']
['centers_for_disease_control', 'report_release', 'h5n1', 'ambiguous']

===== RAW GENERATION (decoded) =====
The observed trend in the influenza patient proportion data reveals a steady and accelerating increase over the past three months, with a particularly sharp rise in the most recent weeks. Initially, the weekly proportion grew moderately, but starting around t9 to t12, the increase became more pronounced, indicating a possible intensification of influenza transmission or severity. The current month's weekly changes (dP) show a peak increase followed by a slight deceleration, suggesting that while the outbreak is still expanding, the rate of growth may be beginning to stabilize or respond to interventions. This pattern could be driven by seasonal factors typical of influenza spread, such as colder weather and increased indoor gatherings, combined with potential changes in virus virulence or population immunity. Additionally, public health responses, vaccination campaigns, or emerging viral strains might have influenced these dynamics within the current month.

⟪FINAL⟫  
{  
  "hypotheses": [  
    {  
      "key": "centers_for_disease_control|report_release|influenza|up"  
    },  
    {  
      "key": "advisory_committee_on_immunization_practices|recommend_vaccination|influenza|up"  
    },  
    {  
      "key": "food_and_drug_administration|approve_authorize|vaccine|up"  
    },  
    {  
      "key": "health_and_human_services|detect|cases|up"  
    },  
    {  
      "key": "national_institute_on_aging|conduct_study|hospitalizations|up"  
    }  
  ]  
}
===== END RAW GENERATION =====
[DEBUG] parsed JSON: {"hypotheses": [{"key": "centers_for_disease_control|report_release|influenza|up"}, {"key": "advisory_committee_on_immunization_practices|recommend_vaccination|influenza|up"}, {"key": "food_and_drug_administration|approve_authorize|vaccine|up"}, {"key": "health_and_human_services|detect|cases|up"}, {"key": "national_institute_on_aging|conduct_study|hospitalizations|up"}]}
['centers_for_disease_control', 'report_release', 'influenza', 'up']
['advisory_committee_on_immunization_practices', 'recommend_vaccination', 'influenza', 'up']
['food_and_drug_administration', 'approve_authorize', 'vaccine', 'up']
['health_and_human_services', 'detect', 'cases', 'up']
['national_institute_on_aging', 'conduct_study', 'hospitalizations', 'up']
recall_all: 0.15277777777777776 precision_all: 0.09999999999999999
Labels:
['centers_for_disease_control', 'report_release', 'influenza', 'up']
['centers_for_disease_control', 'report_release', 'influenza', 'ambiguous']
['centers_for_disease_control', 'issue_guidance', 'vaccination', 'ambiguous']
['centers_for_disease_control', 'recommend_vaccination', 'vaccination', 'ambiguous']
['centers_for_disease_control', 'report_release', 'influenza', 'down']

===== RAW GENERATION (decoded) =====
The observed trend in the influenza patient proportion data reveals a clear rise in cases from t0 through t7, peaking at week t7 with a proportion of 6.904, followed by a steady decline through t12. This pattern suggests a typical seasonal influenza wave, where cases increase as colder months approach and then gradually subside as immunity builds or interventions take effect. The current month’s weekly changes (c0 to c4) show a consistent decrease in influenza cases initially, with the rate of decline slowing and even slightly reversing by c4, indicating a potential stabilization or early resurgence. This could be due to a combination of factors such as increased public health measures, vaccination campaigns reducing transmission, or natural epidemic burnout. However, the slight uptick at c4 might reflect localized outbreaks or changes in virus transmissibility. Overall, the data likely reflects the tail end of a seasonal influenza surge influenced by public health responses and population immunity dynamics.

⟪FINAL⟫  
{  
  "hypotheses": [  
    {  
      "key": "centers_for_disease_control|issue_guidance|influenza|down"  
    },  
    {  
      "key": "advisory_committee_on_immunization_practices|recommend_vaccination|influenza|up"  
    },  
    {  
      "key": "food_and_drug_administration|approve_authorize|vaccine|up"  
    },  
    {  
      "key": "united_states|report_release|hospitalizations|down"  
    },  
    {  
      "key": "centers_for_disease_control|detect|cases|up"  
    }  
  ]  
}
===== END RAW GENERATION =====
[DEBUG] parsed JSON: {"hypotheses": [{"key": "centers_for_disease_control|issue_guidance|influenza|down"}, {"key": "advisory_committee_on_immunization_practices|recommend_vaccination|influenza|up"}, {"key": "food_and_drug_administration|approve_authorize|vaccine|up"}, {"key": "united_states|report_release|hospitalizations|down"}, {"key": "centers_for_disease_control|detect|cases|up"}]}
['centers_for_disease_control', 'issue_guidance', 'influenza', 'down']
['advisory_committee_on_immunization_practices', 'recommend_vaccination', 'influenza', 'up']
['food_and_drug_administration', 'approve_authorize', 'vaccine', 'up']
['united_states', 'report_release', 'hospitalizations', 'down']
['centers_for_disease_control', 'detect', 'cases', 'up']
recall_all: 0.14102564102564102 precision_all: 0.0923076923076923
Labels:
['centers_for_disease_control', 'issue_guidance', 'influenza', 'ambiguous']
['centers_for_disease_control', 'report_release', 'influenza', 'up']
['centers_for_disease_control', 'issue_guidance', 'vaccination', 'ambiguous']
['centers_for_disease_control', 'recommend_vaccination', 'influenza', 'ambiguous']
['centers_for_disease_control', 'recommend_vaccination', 'vaccination', 'ambiguous']

===== RAW GENERATION (decoded) =====
The observed trend in the influenza patient proportion data shows a peak around t3 (6.904%), followed by a steady decline through t12 (4.079%). This suggests that the influenza season likely reached its apex approximately three weeks ago and has since been waning. The current month’s weekly changes (dP) reflect a small initial increase (+0.122) followed by consistent decreases (-0.066, -0.016, -0.239), indicating a gradual but persistent reduction in influenza cases. This pattern could be attributed to several real-world factors: increased public health interventions such as vaccination campaigns, heightened public awareness leading to better preventive behaviors, or natural seasonal decline as the virus transmission slows. Additionally, the decline might be influenced by updated guidance or reports from health authorities that encourage vaccination or other mitigation strategies. The timing aligns with typical influenza season dynamics in the U.S., where cases rise sharply and then taper off as immunity builds and environmental conditions become less favorable for virus spread.

⟪FINAL⟫  
{  
  "hypotheses": [  
    { "centers_for_disease_control|recommend_vaccination|influenza|up" },  
    { "health_and_human_services|issue_guidance|vaccination|up" },  
    { "advisory_committee_on_immunization_practices|approve_authorize|vaccine|up" },  
    { "centers_for_disease_control|report_release|cases|down" },  
    { "food_and_drug_administration|confirm|vaccine|up" }  
  ]  
}
===== END RAW GENERATION =====
[DEBUG] parsed JSON: {"hypotheses": [{"key": "centers_for_disease_control|recommend_vaccination|influenza|up", "conf": 0.3}, {"key": "health_and_human_services|issue_guidance|vaccination|up", "conf": 0.3}, {"key": "advisory_committee_on_immunization_practices|approve_authorize|vaccine|up", "conf": 0.3}, {"key": "centers_for_disease_control|report_release|cases|down", "conf": 0.3}, {"key": "food_and_drug_administration|confirm|vaccine|up", "conf": 0.3}], "summary": ""}
['centers_for_disease_control', 'recommend_vaccination', 'influenza', 'up']
['health_and_human_services', 'issue_guidance', 'vaccination', 'up']
['advisory_committee_on_immunization_practices', 'approve_authorize', 'vaccine', 'up']
['centers_for_disease_control', 'report_release', 'cases', 'down']
['food_and_drug_administration', 'confirm', 'vaccine', 'up']
recall_all: 0.14523809523809522 precision_all: 0.09999999999999999
Labels:
['centers_for_disease_control', 'report_release', 'influenza', 'up']
['centers_for_disease_control', 'report_release', 'influenza', 'ambiguous']

===== RAW GENERATION (decoded) =====
The observed trend in the influenza patient proportion data reveals a consistent decline over the past three months, with a sharper decrease noted in the most recent four weeks. Initially, the proportion dropped from 5.762 to around 4.3, followed by a more gradual decline to just above 3.0. The weekly changes in the current month show diminishing negative values, indicating the rate of decline is slowing but still ongoing. This pattern suggests that influenza transmission and case numbers have been decreasing, likely due to a combination of seasonal factors, increased immunity in the population, and possibly enhanced public health interventions. The slowing rate of decline could imply that the epidemic curve is flattening, and the disease is approaching a lower endemic level rather than rapidly disappearing. Real-world factors such as updated vaccination campaigns, public health advisories, or changes in virus virulence or reporting could be influencing these trends.

⟪FINAL⟫  
{  
  "hypotheses": [  
    { "centers_for_disease_control|issue_guidance|influenza|down" },  
    { "advisory_committee_on_immunization_practices|recommend_vaccination|influenza|up" },  
    { "food_and_drug_administration|approve_authorize|vaccine|up" },  
    { "health_and_human_services|report_release|hospitalizations|down" },  
    { "national_institute_on_aging|conduct_study|mortality|down" }  
  ]  
}
===== END RAW GENERATION =====
[DEBUG] parsed JSON: {"hypotheses": [{"key": "centers_for_disease_control|issue_guidance|influenza|down", "conf": 0.3}, {"key": "advisory_committee_on_immunization_practices|recommend_vaccination|influenza|up", "conf": 0.3}, {"key": "food_and_drug_administration|approve_authorize|vaccine|up", "conf": 0.3}, {"key": "health_and_human_services|report_release|hospitalizations|down", "conf": 0.3}, {"key": "national_institute_on_aging|conduct_study|mortality|down", "conf": 0.3}], "summary": ""}
['centers_for_disease_control', 'issue_guidance', 'influenza', 'down']
['advisory_committee_on_immunization_practices', 'recommend_vaccination', 'influenza', 'up']
['food_and_drug_administration', 'approve_authorize', 'vaccine', 'up']
['health_and_human_services', 'report_release', 'hospitalizations', 'down']
['national_institute_on_aging', 'conduct_study', 'mortality', 'down']
recall_all: 0.13555555555555554 precision_all: 0.09333333333333332
Labels:
['centers_for_disease_control', 'report_release', 'h5n1', 'up']
['centers_for_disease_control', 'confirm', 'h5n1', 'ambiguous']
['centers_for_disease_control', 'outbreak', 'h5n1', 'ambiguous']

===== RAW GENERATION (decoded) =====
The observed trend in the weekly U.S. influenza patient proportions shows a consistent decline over the past three months, with the proportion dropping from 4.400 at t0 to 2.142 at t12. This steady decrease suggests a waning influenza season or effective mitigation measures. The current month’s weekly changes (dP) remain negative, though the magnitude of decline has somewhat lessened in the last two weeks, indicating a possible stabilization or slower reduction in cases. This pattern could be driven by increased vaccination coverage earlier in the season, heightened public awareness, or natural seasonal decline. Additionally, public health interventions or updated guidance from health authorities may have contributed to reducing transmission. The slight slowing in the rate of decline might reflect residual transmission in pockets of the population or the emergence of less virulent strains.

⟪FINAL⟫  
{  
  "hypotheses": [  
    {  
      "key": "centers_for_disease_control|issue_guidance|influenza|down"  
    },  
    {  
      "key": "advisory_committee_on_immunization_practices|recommend_vaccination|influenza|down"  
    },  
    {  
      "key": "food_and_drug_administration|approve_authorize|vaccine|down"  
    },  
    {  
      "key": "united_states|report_release|cases|down"  
    },  
    {  
      "key": "health_and_human_services|conduct_study|hospitalizations|down"  
    }  
  ]  
}
===== END RAW GENERATION =====
[DEBUG] parsed JSON: {"hypotheses": [{"key": "centers_for_disease_control|issue_guidance|influenza|down"}, {"key": "advisory_committee_on_immunization_practices|recommend_vaccination|influenza|down"}, {"key": "food_and_drug_administration|approve_authorize|vaccine|down"}, {"key": "united_states|report_release|cases|down"}, {"key": "health_and_human_services|conduct_study|hospitalizations|down"}]}
['centers_for_disease_control', 'issue_guidance', 'influenza', 'down']
['advisory_committee_on_immunization_practices', 'recommend_vaccination', 'influenza', 'down']
['food_and_drug_administration', 'approve_authorize', 'vaccine', 'down']
['united_states', 'report_release', 'cases', 'down']
['health_and_human_services', 'conduct_study', 'hospitalizations', 'down']
recall_all: 0.12708333333333333 precision_all: 0.0875
Labels:
['centers_for_disease_control', 'detect', 'h5n1', 'ambiguous']

===== RAW GENERATION (decoded) =====
The observed trend in the influenza patient proportion data reveals a consistent and gradual decline over the past three months, with the weekly proportion dropping from 4.334 at t0 to 2.032 at t12. This steady decrease suggests a waning influenza season, likely influenced by a combination of factors such as increased population immunity, effective public health interventions, and possibly seasonal changes reducing virus transmission. The slight negative change in the current month (dP = -0.110) continues this downward trajectory, indicating that influenza activity remains on the decline. This pattern may also reflect successful vaccination campaigns or heightened public awareness leading to better preventive behaviors. Additionally, the timing aligns with typical late-season influenza dynamics in the U.S., where cases naturally taper off as spring approaches.

⟪FINAL⟫  
{  
  "hypotheses": [  
    {  
      "key": "centers_for_disease_control|report_release|influenza|down"  
    },  
    {  
      "key": "advisory_committee_on_immunization_practices|recommend_vaccination|influenza|down"  
    },  
    {  
      "key": "united_states|issue_guidance|vaccination|up"  
    },  
    {  
      "key": "food_and_drug_administration|approve_authorize|vaccine|up"  
    },  
    {  
      "key": "health_and_human_services|conduct_study|hospitalizations|down"  
    }  
  ]  
}
===== END RAW GENERATION =====
[DEBUG] parsed JSON: {"hypotheses": [{"key": "centers_for_disease_control|report_release|influenza|down"}, {"key": "advisory_committee_on_immunization_practices|recommend_vaccination|influenza|down"}, {"key": "united_states|issue_guidance|vaccination|up"}, {"key": "food_and_drug_administration|approve_authorize|vaccine|up"}, {"key": "health_and_human_services|conduct_study|hospitalizations|down"}]}
['centers_for_disease_control', 'report_release', 'influenza', 'down']
['advisory_committee_on_immunization_practices', 'recommend_vaccination', 'influenza', 'down']
['united_states', 'issue_guidance', 'vaccination', 'up']
['food_and_drug_administration', 'approve_authorize', 'vaccine', 'up']
['health_and_human_services', 'conduct_study', 'hospitalizations', 'down']
recall_all: 0.1196078431372549 precision_all: 0.08235294117647059
