Labels:
['centers_for_disease_control', 'report_release', 'influenza', 'ambiguous']
['centers_for_disease_control', 'report_release', 'influenza', 'up']
['united_states', 'rate_change', 'hospitalizations', 'up']
['united_states', 'report_release', 'influenza', 'ambiguous']
['united_states', 'report_release', 'influenza', 'up']

===== RAW GENERATION (decoded) =====
The observed trend in the U.S. influenza patients proportion reveals a peak in activity around t1-t2, followed by a consistent decline through t12, which aligns with the natural ebb of the flu season as warmer weather and reduced indoor gatherings typically curb transmission. This downward pattern may be attributed to broader factors like widespread vaccination efforts, herd immunity buildup from prior exposures, and public adherence to hygiene protocols post-peak winter months. However, within the current month, the initial sharp drops in dP give way to minor positive shifts in c3 and c4, suggesting a potential stabilization or mild rebound possibly driven by real-time developments such as the emergence of variant strains, localized outbreaks amid easing restrictions, or updated health advisories that influence testing and reporting behaviors, thereby introducing slight upward pressure on the proportion despite the overarching seasonal decline.

⟪FINAL⟫
{
  "hypotheses": [
    {
      "key": "united_states|outbreak|h5n1|up"
    },
    {
      "key": "centers_for_disease_control|report_release|cases|down"
    },
    {
      "key": "world_health_organization|confirm|influenza|up"
    },
    {
      "key": "food_and_drug_administration|approve_authorize|vaccine|ambiguous"
    },
    {
      "key": "advisory_committee_on_immunization_practices|recommend_vaccination|vaccination|down"
    }
  ]
}
===== END RAW GENERATION =====
[DEBUG] parsed JSON: {"hypotheses": [{"key": "united_states|outbreak|h5n1|up"}, {"key": "centers_for_disease_control|report_release|cases|down"}, {"key": "world_health_organization|confirm|influenza|up"}, {"key": "food_and_drug_administration|approve_authorize|vaccine|ambiguous"}, {"key": "advisory_committee_on_immunization_practices|recommend_vaccination|vaccination|down"}]}
['united_states', 'outbreak', 'h5n1', 'up']
['centers_for_disease_control', 'report_release', 'cases', 'down']
['world_health_organization', 'confirm', 'influenza', 'up']
['food_and_drug_administration', 'approve_authorize', 'vaccine', 'ambiguous']
['advisory_committee_on_immunization_practices', 'recommend_vaccination', 'vaccination', 'down']
recall_all: 0.0 precision_all: 0.0
Labels:
['centers_for_disease_control', 'report_release', 'influenza', 'up']
['centers_for_disease_control', 'report_release', 'influenza', 'ambiguous']

===== RAW GENERATION (decoded) =====
The observed trend in the data indicates a consistent overall decline in the proportion of U.S. influenza patients over the past three months, starting from a peak of 6.462 at t0 and dropping sharply through t5, with minor fluctuations including a slight uptick around t7-t8 before resuming a downward trajectory to 2.404 at t12. This pattern aligns with the typical subsidence of influenza activity at the end of the winter season, potentially influenced by factors such as improving weather conditions that limit viral transmission, widespread vaccination campaigns reducing susceptibility, and public health measures like hygiene promotions and antiviral treatments curbing spread. In the current month, the persistent negative weekly changes (ranging from -0.039 to -0.143) suggest a continuation of this waning phase, possibly accelerated by targeted interventions or natural herd immunity effects, though without sudden spikes that might indicate new variants or lapses in prevention efforts.

⟪FINAL⟫{
  "hypotheses": [
    {
      "key": "centers_for_disease_control|report_release|cases|down"
    },
    {
      "key": "world_health_organization|issue_guidance|vaccination|up"
    },
    {
      "key": "food_and_drug_administration|approve_authorize|vaccine|ambiguous"
    },
    {
      "key": "advisory_committee_on_immunization_practices|recommend_vaccination|influenza|down"
    },
    {
      "key": "health_and_human_services|confirm|hospitalizations|down"
    }
  ]
}
===== END RAW GENERATION =====
[DEBUG] parsed JSON: {"hypotheses": [{"key": "centers_for_disease_control|report_release|cases|down"}, {"key": "world_health_organization|issue_guidance|vaccination|up"}, {"key": "food_and_drug_administration|approve_authorize|vaccine|ambiguous"}, {"key": "advisory_committee_on_immunization_practices|recommend_vaccination|influenza|down"}, {"key": "health_and_human_services|confirm|hospitalizations|down"}]}
['centers_for_disease_control', 'report_release', 'cases', 'down']
['world_health_organization', 'issue_guidance', 'vaccination', 'up']
['food_and_drug_administration', 'approve_authorize', 'vaccine', 'ambiguous']
['advisory_committee_on_immunization_practices', 'recommend_vaccination', 'influenza', 'down']
['health_and_human_services', 'confirm', 'hospitalizations', 'down']
recall_all: 0.0 precision_all: 0.0
Labels:
['centers_for_disease_control', 'report_release', 'influenza', 'ambiguous']
['centers_for_disease_control', 'report_release', 'influenza', 'up']

===== RAW GENERATION (decoded) =====
The observed trend in the data indicates a steady overall decline in the proportion of U.S. influenza patients over the past three months, dropping from 3.058% to 2.206%, which aligns with the typical post-peak phase of the flu season as warmer weather reduces transmission and vaccination coverage accumulates. Minor fluctuations, such as brief upticks in weeks like t3 and t9, suggest intermittent influences like regional outbreaks or holiday gatherings, but the dominant pattern reflects effective public health measures and natural seasonal waning. In the current month, the initial slight increase (+0.031) could stem from emerging detections of variant strains or localized surges amid lingering winter conditions, quickly followed by accelerating declines (-0.022, -0.065, -0.143) potentially driven by timely interventions like updated advisories, vaccine authorizations, or outbreak confirmations that bolster prevention and reporting, thereby hastening the downward trajectory.

⟪FINAL⟫
{
  "hypotheses": [
    {
      "key": "centers_for_disease_control|detect|h5n1|up"
    },
    {
      "key": "world_health_organization|outbreak|cases|up"
    },
    {
      "key": "food_and_drug_administration|approve_authorize|vaccine|down"
    },
    {
      "key": "advisory_committee_on_immunization_practices|recommend_vaccination|influenza|down"
    },
    {
      "key": "health_and_human_services|issue_guidance|hospitalizations|down"
    }
  ]
}
===== END RAW GENERATION =====
[DEBUG] parsed JSON: {"hypotheses": [{"key": "centers_for_disease_control|detect|h5n1|up"}, {"key": "world_health_organization|outbreak|cases|up"}, {"key": "food_and_drug_administration|approve_authorize|vaccine|down"}, {"key": "advisory_committee_on_immunization_practices|recommend_vaccination|influenza|down"}, {"key": "health_and_human_services|issue_guidance|hospitalizations|down"}]}
['centers_for_disease_control', 'detect', 'h5n1', 'up']
['world_health_organization', 'outbreak', 'cases', 'up']
['food_and_drug_administration', 'approve_authorize', 'vaccine', 'down']
['advisory_committee_on_immunization_practices', 'recommend_vaccination', 'influenza', 'down']
['health_and_human_services', 'issue_guidance', 'hospitalizations', 'down']
recall_all: 0.0 precision_all: 0.0
Labels:
['centers_for_disease_control', 'report_release', 'influenza', 'up']
['united_states', 'report_release', 'h5n1', 'ambiguous']

===== RAW GENERATION (decoded) =====
The observed trend in the U.S. influenza patients proportion over the last three months shows a consistent overall decline, starting from a high of 2.705 and dropping to 2.017, which aligns with the expected seasonal tapering off after winter peaks, potentially influenced by warmer weather reducing viral transmission, increased vaccination coverage from prior campaigns, and public health measures limiting spread. However, within the current month, the weekly deltas reveal initial decreases followed by modest increases (+0.019 and +0.044), suggesting a subtle reversal that could stem from emerging factors like localized outbreaks, the circulation of new variants such as H5N1 or H1N1, or heightened case detection and reporting prompted by recent health authority actions, which might temporarily elevate reported proportions before broader interventions take effect.

⟪FINAL⟫
{
  "hypotheses": [
    {
      "key": "centers_for_disease_control|detect|h5n1|up"
    },
    {
      "key": "world_health_organization|issue_guidance|influenza|ambiguous"
    },
    {
      "key": "united_states|outbreak|cases|up"
    },
    {
      "key": "food_and_drug_administration|approve_authorize|vaccine|down"
    },
    {
      "key": "health_and_human_services|report_release|hospitalizations|up"
    }
  ]
}
===== END RAW GENERATION =====
[DEBUG] parsed JSON: {"hypotheses": [{"key": "centers_for_disease_control|detect|h5n1|up"}, {"key": "world_health_organization|issue_guidance|influenza|ambiguous"}, {"key": "united_states|outbreak|cases|up"}, {"key": "food_and_drug_administration|approve_authorize|vaccine|down"}, {"key": "health_and_human_services|report_release|hospitalizations|up"}]}
['centers_for_disease_control', 'detect', 'h5n1', 'up']
['world_health_organization', 'issue_guidance', 'influenza', 'ambiguous']
['united_states', 'outbreak', 'cases', 'up']
['food_and_drug_administration', 'approve_authorize', 'vaccine', 'down']
['health_and_human_services', 'report_release', 'hospitalizations', 'up']
recall_all: 0.0 precision_all: 0.0
Labels:
['centers_for_disease_control', 'recommend_vaccination', 'vaccination', 'ambiguous']
['centers_for_disease_control', 'report_release', 'influenza', 'up']
['food_and_drug_administration', 'approve_authorize', 'vaccine', 'ambiguous']

===== RAW GENERATION (decoded) =====
The observed trend in the data indicates an overall downward trajectory in the proportion of U.S. influenza patients over the past three months, reflecting the typical post-peak decline of the flu season as transmission rates naturally subside due to factors like warmer weather, reduced indoor gatherings, and cumulative immunity from prior infections or vaccinations. This general abatement is punctuated by a brief uptick around the midpoint of the series, potentially linked to a temporary resurgence driven by a new variant or localized clusters, before resuming the decline. Within the current month, the pattern of minor decreases followed by a slight increase and then a precipitous drop suggests initial stability disrupted by a fleeting event—such as the detection of elevated cases or an emerging strain—quickly countered by responsive measures like enhanced public health alerts, accelerated vaccine distribution, or behavioral shifts, resulting in the sharp reduction and aligning with broader efforts to curb respiratory illnesses.

⟪FINAL⟫
{
  "hypotheses": [
    {
      "key": "centers_for_disease_control|detect|cases|up"
    },
    {
      "key": "food_and_drug_administration|approve_authorize|vaccine|ambiguous"
    },
    {
      "key": "advisory_committee_on_immunization_practices|recommend_vaccination|influenza|down"
    },
    {
      "key": "world_health_organization|issue_guidance|hospitalizations|down"
    },
    {
      "key": "health_and_human_services|report_release|mortality|down"
    }
  ]
}
===== END RAW GENERATION =====
[DEBUG] parsed JSON: {"hypotheses": [{"key": "centers_for_disease_control|detect|cases|up"}, {"key": "food_and_drug_administration|approve_authorize|vaccine|ambiguous"}, {"key": "advisory_committee_on_immunization_practices|recommend_vaccination|influenza|down"}, {"key": "world_health_organization|issue_guidance|hospitalizations|down"}, {"key": "health_and_human_services|report_release|mortality|down"}]}
['centers_for_disease_control', 'detect', 'cases', 'up']
['food_and_drug_administration', 'approve_authorize', 'vaccine', 'ambiguous']
['advisory_committee_on_immunization_practices', 'recommend_vaccination', 'influenza', 'down']
['world_health_organization', 'issue_guidance', 'hospitalizations', 'down']
['health_and_human_services', 'report_release', 'mortality', 'down']
recall_all: 0.06666666666666667 precision_all: 0.04
Labels:
['centers_for_disease_control', 'report_release', 'influenza', 'up']
['centers_for_disease_control', 'issue_guidance', 'influenza', 'ambiguous']
['centers_for_disease_control', 'report_release', 'h1n1', 'ambiguous']
['centers_for_disease_control', 'report_release', 'h5n1', 'up']
['food_and_drug_administration', 'report_release', 'influenza', 'ambiguous']

===== RAW GENERATION (decoded) =====
The observed trend in the data indicates a consistent decline in the proportion of U.S. influenza patients over the past three months, with early fluctuations around the 2% mark giving way to a sharper drop in later weeks, ultimately reaching 1.291. This pattern likely reflects the natural tapering of the flu season as seasonal transitions reduce viral transmission through warmer temperatures, decreased indoor crowding, and behavioral shifts toward outdoor activities. Contributing factors may include sustained vaccination uptake and public health messaging that bolster immunity and preventive behaviors, accelerating the downward trajectory. In the current month, the persistent negative deltas, though slightly less pronounced in the final week, suggest a continued waning influenced by stabilizing environmental conditions or timely interventions, potentially mitigating any residual spikes and signaling an approach to baseline levels as the season concludes.

⟪FINAL⟫
{
  "hypotheses": [
    {
      "key": "centers_for_disease_control|report_release|cases|down"
    },
    {
      "key": "advisory_committee_on_immunization_practices|recommend_vaccination|vaccine|down"
    },
    {
      "key": "food_and_drug_administration|approve_authorize|influenza|down"
    },
    {
      "key": "world_health_organization|issue_guidance|hospitalizations|down"
    },
    {
      "key": "health_and_human_services|conduct_study|respiratory_syncytial_virus|ambiguous"
    }
  ]
}
===== END RAW GENERATION =====
[DEBUG] parsed JSON: {"hypotheses": [{"key": "centers_for_disease_control|report_release|cases|down"}, {"key": "advisory_committee_on_immunization_practices|recommend_vaccination|vaccine|down"}, {"key": "food_and_drug_administration|approve_authorize|influenza|down"}, {"key": "world_health_organization|issue_guidance|hospitalizations|down"}, {"key": "health_and_human_services|conduct_study|respiratory_syncytial_virus|ambiguous"}]}
['centers_for_disease_control', 'report_release', 'cases', 'down']
['advisory_committee_on_immunization_practices', 'recommend_vaccination', 'vaccine', 'down']
['food_and_drug_administration', 'approve_authorize', 'influenza', 'down']
['world_health_organization', 'issue_guidance', 'hospitalizations', 'down']
['health_and_human_services', 'conduct_study', 'respiratory_syncytial_virus', 'ambiguous']
recall_all: 0.05555555555555555 precision_all: 0.03333333333333333
Labels:
['centers_for_disease_control', 'report_release', 'influenza', 'ambiguous']
['centers_for_disease_control', 'report_release', 'influenza', 'up']
['centers_for_disease_control', 'issue_guidance', 'influenza', 'ambiguous']
['centers_for_disease_control', 'report_release', 'mortality', 'ambiguous']
['world_health_organization', 'report_release', 'h5n1', 'ambiguous']

===== RAW GENERATION (decoded) =====
The observed trend in the U.S. influenza patients proportion reveals an initial peak around 1.9-2% in the early weeks, followed by a steady decline over the subsequent two months to a low of approximately 1.2%, indicative of a typical post-peak seasonal fade-out possibly driven by waning winter conditions, increased vaccination coverage, or reduced transmission due to public health measures. However, a notable reversal emerges in the final three weeks, with proportions rising to 1.359%, aligning with the current month's data showing minor initial decreases before accelerating positive deltas (+0.038, +0.030, +0.098). This uptick could plausibly stem from emerging factors such as the circulation of new viral strains, relaxation of preventive behaviors as warmer weather sets in, or real-time public health interventions that heighten awareness and reporting, potentially amplifying detected cases amid ongoing surveillance efforts.

⟪FINAL⟫
{
  "hypotheses": [
    {
      "key": "centers_for_disease_control|detect|h5n1|up"
    },
    {
      "key": "world_health_organization|report_release|cases|up"
    },
    {
      "key": "food_and_drug_administration|approve_authorize|vaccine|ambiguous"
    },
    {
      "key": "advisory_committee_on_immunization_practices|recommend_vaccination|influenza|down"
    },
    {
      "key": "united_states|outbreak|respiratory_syncytial_virus|up"
    }
  ]
}
===== END RAW GENERATION =====
[DEBUG] parsed JSON: {"hypotheses": [{"key": "centers_for_disease_control|detect|h5n1|up"}, {"key": "world_health_organization|report_release|cases|up"}, {"key": "food_and_drug_administration|approve_authorize|vaccine|ambiguous"}, {"key": "advisory_committee_on_immunization_practices|recommend_vaccination|influenza|down"}, {"key": "united_states|outbreak|respiratory_syncytial_virus|up"}]}
['centers_for_disease_control', 'detect', 'h5n1', 'up']
['world_health_organization', 'report_release', 'cases', 'up']
['food_and_drug_administration', 'approve_authorize', 'vaccine', 'ambiguous']
['advisory_committee_on_immunization_practices', 'recommend_vaccination', 'influenza', 'down']
['united_states', 'outbreak', 'respiratory_syncytial_virus', 'up']
recall_all: 0.047619047619047616 precision_all: 0.028571428571428574
Labels:
['advisory_committee_on_immunization_practices', 'issue_guidance', 'vaccination', 'ambiguous']
['centers_for_disease_control', 'report_release', 'influenza', 'ambiguous']
['health_and_human_services', 'report_release', 'influenza', 'up']
['national_institute_on_aging', 'issue_guidance', 'vaccination', 'ambiguous']

===== RAW GENERATION (decoded) =====
The observed trend in the U.S. influenza patients proportion over the last three months reveals an initial downward trajectory from 1.575% at t0 to a trough of 1.193% at t5, likely reflecting the natural subsidence of viral activity during warmer summer months when outdoor activities and ventilation reduce transmission opportunities. This decline gives way to a rebound starting at t6, escalating more sharply from t9 onward to reach 2.025% by t12, which aligns with the typical onset of flu season driven by factors such as school reopenings, holiday travel, cooler temperatures promoting indoor crowding, and waning population immunity from prior exposures or vaccinations. In the current month, the positive but progressively smaller weekly deltas—from +0.180 to a peak of +0.287 before tapering to +0.151 and +0.047—suggest the surge is encountering resistance, potentially due to ramped-up public health responses like vaccine distribution, awareness campaigns, or early detection efforts that mitigate further acceleration even as cases continue to rise overall.

⟪FINAL⟫
{
  "hypotheses": [
    {
      "key": "centers_for_disease_control|report_release|cases|up"
    },
    {
      "key": "food_and_drug_administration|approve_authorize|vaccine|up"
    },
    {
      "key": "advisory_committee_on_immunization_practices|recommend_vaccination|vaccination|up"
    },
    {
      "key": "world_health_organization|issue_guidance|influenza|down"
    },
    {
      "key": "health_and_human_services|detect|hospitalizations|ambiguous"
    }
  ]
}
===== END RAW GENERATION =====
[DEBUG] parsed JSON: {"hypotheses": [{"key": "centers_for_disease_control|report_release|cases|up"}, {"key": "food_and_drug_administration|approve_authorize|vaccine|up"}, {"key": "advisory_committee_on_immunization_practices|recommend_vaccination|vaccination|up"}, {"key": "world_health_organization|issue_guidance|influenza|down"}, {"key": "health_and_human_services|detect|hospitalizations|ambiguous"}]}
['centers_for_disease_control', 'report_release', 'cases', 'up']
['food_and_drug_administration', 'approve_authorize', 'vaccine', 'up']
['advisory_committee_on_immunization_practices', 'recommend_vaccination', 'vaccination', 'up']
['world_health_organization', 'issue_guidance', 'influenza', 'down']
['health_and_human_services', 'detect', 'hospitalizations', 'ambiguous']
recall_all: 0.041666666666666664 precision_all: 0.025
Labels:
['centers_for_disease_control', 'issue_guidance', 'vaccination', 'ambiguous']
['advisory_committee_on_immunization_practices', 'issue_guidance', 'vaccination', 'ambiguous']
['centers_for_disease_control', 'report_release', 'hospitalizations', 'up']
['centers_for_disease_control', 'report_release', 'influenza', 'up']

===== RAW GENERATION (decoded) =====
The observed trend in the U.S. influenza patients proportion over the last three months shows a generally upward trajectory, starting from around 1.2% and climbing steadily to approximately 2.26% by the end of the period, with minor fluctuations such as a brief dip around t9. This pattern aligns with typical seasonal influenza dynamics, where colder weather, increased indoor gatherings, and potential circulation of strains like H1N1 or H5N1 could drive higher transmission rates, possibly compounded by factors like waning population immunity or delays in vaccination uptake. In the current month, the data reveals an initial slight decline (c0: -0.033), which might reflect short-term interventions such as public health campaigns promoting vaccinations or temporary behavioral changes reducing exposure, followed by consistent increases (c1: +0.143, c2: +0.045, c3: +0.080) that suggest resurgence, potentially linked to emerging outbreaks, rising hospitalizations, or reports confirming higher case numbers amid ongoing flu activity.

⟪FINAL⟫
{
  "hypotheses": [
    {
      "key": "centers_for_disease_control|recommend_vaccination|influenza|down"
    },
    {
      "key": "united_states|outbreak|h1n1|up"
    },
    {
      "key": "world_health_organization|report_release|cases|up"
    },
    {
      "key": "food_and_drug_administration|approve_authorize|vaccine|down"
    },
    {
      "key": "health_and_human_services|confirm|hospitalizations|up"
    }
  ]
}
===== END RAW GENERATION =====
[DEBUG] parsed JSON: {"hypotheses": [{"key": "centers_for_disease_control|recommend_vaccination|influenza|down"}, {"key": "united_states|outbreak|h1n1|up"}, {"key": "world_health_organization|report_release|cases|up"}, {"key": "food_and_drug_administration|approve_authorize|vaccine|down"}, {"key": "health_and_human_services|confirm|hospitalizations|up"}]}
['centers_for_disease_control', 'recommend_vaccination', 'influenza', 'down']
['united_states', 'outbreak', 'h1n1', 'up']
['world_health_organization', 'report_release', 'cases', 'up']
['food_and_drug_administration', 'approve_authorize', 'vaccine', 'down']
['health_and_human_services', 'confirm', 'hospitalizations', 'up']
recall_all: 0.037037037037037035 precision_all: 0.022222222222222223
Labels:
['centers_for_disease_control', 'issue_guidance', 'vaccination', 'ambiguous']
['centers_for_disease_control', 'report_release', 'influenza', 'ambiguous']
['centers_for_disease_control', 'report_release', 'influenza', 'up']
['centers_for_disease_control', 'conduct_study', 'influenza', 'ambiguous']
['centers_for_disease_control', 'conduct_study', 'respiratory_syncytial_virus', 'ambiguous']

===== RAW GENERATION (decoded) =====
The observed trend in the U.S. influenza patients proportion data reveals a consistent upward trajectory over the past three months, starting from a baseline of 1.540 and escalating to 3.325 by t12, indicative of a broadening influenza impact likely tied to seasonal patterns such as cooler weather facilitating viral transmission and increased indoor gatherings during holidays. This rise appears to accelerate in the current month, with weekly deltas showing progressively larger positive increments from +0.050 to +0.413, suggesting compounding factors like emerging viral strains or waning population immunity from prior vaccinations. Plausibly, real-world drivers could include public health reports highlighting surges in cases or hospitalizations, organizational guidance on vaccination amid detected outbreaks, or approvals of updated vaccines in response to specific influenza subtypes like H1N1 or H5N1, all of which might correlate with heightened disease activity and reporting within this timeframe.

⟪FINAL⟫
{
  "hypotheses": [
    {
      "key": "centers_for_disease_control|report_release|cases|up"
    },
    {
      "key": "world_health_organization|confirm|hospitalizations|up"
    },
    {
      "key": "food_and_drug_administration|approve_authorize|vaccine|ambiguous"
    },
    {
      "key": "advisory_committee_on_immunization_practices|recommend_vaccination|influenza|down"
    },
    {
      "key": "health_and_human_services|detect|h1n1|up"
    }
  ]
}
===== END RAW GENERATION =====
[DEBUG] parsed JSON: {"hypotheses": [{"key": "centers_for_disease_control|report_release|cases|up"}, {"key": "world_health_organization|confirm|hospitalizations|up"}, {"key": "food_and_drug_administration|approve_authorize|vaccine|ambiguous"}, {"key": "advisory_committee_on_immunization_practices|recommend_vaccination|influenza|down"}, {"key": "health_and_human_services|detect|h1n1|up"}]}
['centers_for_disease_control', 'report_release', 'cases', 'up']
['world_health_organization', 'confirm', 'hospitalizations', 'up']
['food_and_drug_administration', 'approve_authorize', 'vaccine', 'ambiguous']
['advisory_committee_on_immunization_practices', 'recommend_vaccination', 'influenza', 'down']
['health_and_human_services', 'detect', 'h1n1', 'up']
recall_all: 0.03333333333333333 precision_all: 0.02
Labels:
['centers_for_disease_control', 'report_release', 'influenza', 'up']
['centers_for_disease_control', 'approve_authorize', 'influenza', 'ambiguous']
['centers_for_disease_control', 'issue_guidance', 'influenza', 'ambiguous']
['centers_for_disease_control', 'recommend_vaccination', 'influenza', 'ambiguous']
['centers_for_disease_control', 'report_release', 'deaths', 'up']

===== RAW GENERATION (decoded) =====
The observed trend in the data indicates a consistent upward trajectory in the proportion of U.S. influenza patients over the past three months, starting from a baseline of around 2% and escalating to over 4%, with the current month's weekly increments showing sustained positive changes that suggest an accelerating pace. This pattern aligns with typical seasonal influenza dynamics, where colder weather and increased indoor activities facilitate viral spread, potentially exacerbated by factors such as waning population immunity from prior seasons or suboptimal vaccine uptake. The reasoning connects this progressive rise to broader epidemiological influences, including possible circulation of dominant strains like H1N1 or emerging variants, alongside real-world drivers like holiday gatherings boosting transmission rates, which could explain the sharper deltas in the current month as early indicators of peaking flu activity.

⟪FINAL⟫
{
  "hypotheses": [
    {
      "key": "centers_for_disease_control|report_release|cases|up"
    },
    {
      "key": "united_states|outbreak|influenza|up"
    },
    {
      "key": "world_health_organization|confirm|hospitalizations|up"
    },
    {
      "key": "food_and_drug_administration|approve_authorize|vaccine|down"
    },
    {
      "key": "advisory_committee_on_immunization_practices|recommend_vaccination|respiratory_syncytial_virus|ambiguous"
    }
  ]
}
===== END RAW GENERATION =====
[DEBUG] parsed JSON: {"hypotheses": [{"key": "centers_for_disease_control|report_release|cases|up"}, {"key": "united_states|outbreak|influenza|up"}, {"key": "world_health_organization|confirm|hospitalizations|up"}, {"key": "food_and_drug_administration|approve_authorize|vaccine|down"}, {"key": "advisory_committee_on_immunization_practices|recommend_vaccination|respiratory_syncytial_virus|ambiguous"}]}
['centers_for_disease_control', 'report_release', 'cases', 'up']
['united_states', 'outbreak', 'influenza', 'up']
['world_health_organization', 'confirm', 'hospitalizations', 'up']
['food_and_drug_administration', 'approve_authorize', 'vaccine', 'down']
['advisory_committee_on_immunization_practices', 'recommend_vaccination', 'respiratory_syncytial_virus', 'ambiguous']
recall_all: 0.0303030303030303 precision_all: 0.018181818181818184
Labels:
['centers_for_disease_control', 'report_release', 'influenza', 'ambiguous']
['centers_for_disease_control', 'report_release', 'influenza', 'up']
['centers_for_disease_control', 'report_release', 'cases', 'up']
['centers_for_disease_control', 'report_release', 'h5n1', 'ambiguous']

===== RAW GENERATION (decoded) =====
The observed trend in the data indicates a consistent and accelerating rise in the proportion of U.S. influenza patients over the past three months, starting from a baseline of around 2.3% and climbing to nearly 7%, which reflects the typical ramp-up of flu activity during the transition into colder seasons. This escalation, marked by progressively larger weekly increases, could be driven by seasonal factors such as cooler weather encouraging indoor congregations, the resurgence of circulating strains like H1N1, and potentially suboptimal vaccination coverage amid holiday travel and school sessions. In the current month, the positive deltas—peaking at +1.104 before moderating to +0.594—suggest a continued surge possibly influenced by real-time public health responses, including outbreak detections or reports from agencies like the CDC, which might heighten surveillance and case reporting, thereby amplifying the observed proportions while prompting interventions to curb further spread.

⟪FINAL⟫
{
  "hypotheses": [
    {
      "key": "centers_for_disease_control|report_release|cases|up"
    },
    {
      "key": "united_states|outbreak|influenza|up"
    },
    {
      "key": "world_health_organization|confirm|hospitalizations|up"
    },
    {
      "key": "food_and_drug_administration|approve_authorize|vaccine|ambiguous"
    },
    {
      "key": "advisory_committee_on_immunization_practices|recommend_vaccination|vaccination|up"
    }
  ]
}
===== END RAW GENERATION =====
[DEBUG] parsed JSON: {"hypotheses": [{"key": "centers_for_disease_control|report_release|cases|up"}, {"key": "united_states|outbreak|influenza|up"}, {"key": "world_health_organization|confirm|hospitalizations|up"}, {"key": "food_and_drug_administration|approve_authorize|vaccine|ambiguous"}, {"key": "advisory_committee_on_immunization_practices|recommend_vaccination|vaccination|up"}]}
['centers_for_disease_control', 'report_release', 'cases', 'up']
['united_states', 'outbreak', 'influenza', 'up']
['world_health_organization', 'confirm', 'hospitalizations', 'up']
['food_and_drug_administration', 'approve_authorize', 'vaccine', 'ambiguous']
['advisory_committee_on_immunization_practices', 'recommend_vaccination', 'vaccination', 'up']
recall_all: 0.048611111111111105 precision_all: 0.03333333333333333
Labels:
['centers_for_disease_control', 'report_release', 'influenza', 'up']
['centers_for_disease_control', 'report_release', 'influenza', 'ambiguous']
['centers_for_disease_control', 'issue_guidance', 'vaccination', 'ambiguous']
['centers_for_disease_control', 'recommend_vaccination', 'vaccination', 'ambiguous']
['centers_for_disease_control', 'report_release', 'influenza', 'down']

===== RAW GENERATION (decoded) =====
The observed trend in the data indicates a typical seasonal influenza pattern in the U.S., with patient proportions rising steadily from t0 to a peak at t7, likely driven by colder weather, increased indoor gatherings, and viral transmission during the winter months, before declining sharply from t8 onward as natural immunity builds, vaccination efforts take hold, and public health measures curb spread. In the current month, the weekly deltas show a slowing rate of decline, transitioning from substantial decreases (c0 and c1) to minimal reductions (c2 and c3) and a slight uptick (c4), suggesting that while the overall flu wave is waning, factors such as emerging variants, regional outbreaks, or lapses in preventive behaviors could be contributing to this stabilization and minor rebound, potentially influenced by real-time public health responses or surveillance updates that highlight persistent or resurgent activity.

⟪FINAL⟫
{
  "hypotheses": [
    {
      "key": "centers_for_disease_control|report_release|cases|down"
    },
    {
      "key": "world_health_organization|confirm|influenza|ambiguous"
    },
    {
      "key": "food_and_drug_administration|approve_authorize|vaccine|up"
    },
    {
      "key": "united_states|outbreak|h1n1|up"
    },
    {
      "key": "health_and_human_services|issue_guidance|hospitalizations|down"
    }
  ]
}
===== END RAW GENERATION =====
[DEBUG] parsed JSON: {"hypotheses": [{"key": "centers_for_disease_control|report_release|cases|down"}, {"key": "world_health_organization|confirm|influenza|ambiguous"}, {"key": "food_and_drug_administration|approve_authorize|vaccine|up"}, {"key": "united_states|outbreak|h1n1|up"}, {"key": "health_and_human_services|issue_guidance|hospitalizations|down"}]}
['centers_for_disease_control', 'report_release', 'cases', 'down']
['world_health_organization', 'confirm', 'influenza', 'ambiguous']
['food_and_drug_administration', 'approve_authorize', 'vaccine', 'up']
['united_states', 'outbreak', 'h1n1', 'up']
['health_and_human_services', 'issue_guidance', 'hospitalizations', 'down']
recall_all: 0.044871794871794865 precision_all: 0.03076923076923077
Labels:
['centers_for_disease_control', 'issue_guidance', 'influenza', 'ambiguous']
['centers_for_disease_control', 'report_release', 'influenza', 'up']
['centers_for_disease_control', 'issue_guidance', 'vaccination', 'ambiguous']
['centers_for_disease_control', 'recommend_vaccination', 'influenza', 'ambiguous']
['centers_for_disease_control', 'recommend_vaccination', 'vaccination', 'ambiguous']

===== RAW GENERATION (decoded) =====
The observed trend in the data indicates an initial rise in U.S. influenza patient proportions from t0 to a peak at t3, likely reflecting the height of the flu season driven by factors such as colder weather facilitating viral transmission, holiday gatherings increasing interpersonal contacts, and possibly lower initial vaccination rates. This is followed by a steady decline from t4 to t12, which could be attributed to seasonal warming, widespread vaccination campaigns taking effect, and public health measures like mask-wearing or social distancing reducing spread. In the current month, the pattern of a minor initial increase (c0) followed by progressive decreases (c1 to c3) suggests short-term fluctuations possibly due to localized outbreaks or reporting lags, but overall continuing the post-peak downward trajectory influenced by ongoing interventions and natural seasonal abatement.

⟪FINAL⟫
{
  "hypotheses": [
    {
      "key": "centers_for_disease_control|detect|outbreak|up"
    },
    {
      "key": "advisory_committee_on_immunization_practices|recommend_vaccination|vaccine|down"
    },
    {
      "key": "food_and_drug_administration|approve_authorize|vaccine|down"
    },
    {
      "key": "world_health_organization|report_release|cases|ambiguous"
    },
    {
      "key": "health_and_human_services|issue_guidance|influenza|down"
    }
  ]
}
===== END RAW GENERATION =====
[DEBUG] parsed JSON: {"hypotheses": [{"key": "centers_for_disease_control|detect|outbreak|up"}, {"key": "advisory_committee_on_immunization_practices|recommend_vaccination|vaccine|down"}, {"key": "food_and_drug_administration|approve_authorize|vaccine|down"}, {"key": "world_health_organization|report_release|cases|ambiguous"}, {"key": "health_and_human_services|issue_guidance|influenza|down"}]}
['centers_for_disease_control', 'detect', 'outbreak', 'up']
['advisory_committee_on_immunization_practices', 'recommend_vaccination', 'vaccine', 'down']
['food_and_drug_administration', 'approve_authorize', 'vaccine', 'down']
['world_health_organization', 'report_release', 'cases', 'ambiguous']
['health_and_human_services', 'issue_guidance', 'influenza', 'down']
recall_all: 0.041666666666666664 precision_all: 0.028571428571428574
Labels:
['centers_for_disease_control', 'report_release', 'influenza', 'up']
['centers_for_disease_control', 'report_release', 'influenza', 'ambiguous']

===== RAW GENERATION (decoded) =====
The observed trend in the data indicates a steady decline in the proportion of U.S. influenza patients over the past three months, dropping from 5.762 to 3.030, which aligns with typical post-peak seasonal patterns following winter flu surges, potentially driven by warmer weather reducing transmission, waning community outbreaks, and cumulative effects of vaccination campaigns initiated earlier in the year. In the current month, the weekly decreases have moderated—from -0.351 to -0.120—suggesting a slowing rate of decline that could reflect stabilizing factors such as targeted public health interventions, increased awareness leading to better preventive behaviors, or reports confirming reduced case severity, all of which might be tempering the downward momentum without reversing it, possibly influenced by real-time updates from health authorities on vaccination and surveillance that encourage ongoing mitigation efforts.

⟪FINAL⟫
{
  "hypotheses": [
    {
      "key": "centers_for_disease_control|report_release|cases|down"
    },
    {
      "key": "food_and_drug_administration|approve_authorize|vaccine|ambiguous"
    },
    {
      "key": "world_health_organization|issue_guidance|influenza|down"
    },
    {
      "key": "advisory_committee_on_immunization_practices|recommend_vaccination|vaccination|up"
    },
    {
      "key": "united_states|rate_change|hospitalizations|down"
    }
  ]
}
===== END RAW GENERATION =====
[DEBUG] parsed JSON: {"hypotheses": [{"key": "centers_for_disease_control|report_release|cases|down"}, {"key": "food_and_drug_administration|approve_authorize|vaccine|ambiguous"}, {"key": "world_health_organization|issue_guidance|influenza|down"}, {"key": "advisory_committee_on_immunization_practices|recommend_vaccination|vaccination|up"}, {"key": "united_states|rate_change|hospitalizations|down"}]}
['centers_for_disease_control', 'report_release', 'cases', 'down']
['food_and_drug_administration', 'approve_authorize', 'vaccine', 'ambiguous']
['world_health_organization', 'issue_guidance', 'influenza', 'down']
['advisory_committee_on_immunization_practices', 'recommend_vaccination', 'vaccination', 'up']
['united_states', 'rate_change', 'hospitalizations', 'down']
recall_all: 0.03888888888888888 precision_all: 0.02666666666666667
Labels:
['centers_for_disease_control', 'report_release', 'h5n1', 'up']
['centers_for_disease_control', 'confirm', 'h5n1', 'ambiguous']
['centers_for_disease_control', 'outbreak', 'h5n1', 'ambiguous']

===== RAW GENERATION (decoded) =====
The observed trend in the data indicates a steady and pronounced decline in the proportion of U.S. influenza patients over the past three months, transitioning from a peak of 4.400 to a low of 2.142, which aligns with the typical post-peak phase of the influenza season as warmer weather and reduced transmission opportunities take hold. This downward trajectory is further evidenced in the current month's weekly differentials, which show consistent negative changes ranging from -0.053 to -0.293, suggesting an accelerating initial drop that tapers off, potentially driven by cumulative effects of seasonal shifts, widespread vaccination efforts, and public health measures that enhance community immunity and reduce case incidence. The varying intensity of these weekly declines may reflect the interplay between lingering viral circulation early in the month and the growing impact of interventions like updated guidance or approvals that bolster preventive behaviors, ultimately steering the trend toward stabilization at lower levels.

⟪FINAL⟫{
  "hypotheses": [
    {
      "key": "centers_for_disease_control|recommend_vaccination|influenza|down"
    },
    {
      "key": "food_and_drug_administration|approve_authorize|vaccine|ambiguous"
    },
    {
      "key": "world_health_organization|issue_guidance|hospitalizations|down"
    },
    {
      "key": "advisory_committee_on_immunization_practices|report_release|cases|down"
    },
    {
      "key": "health_and_human_services|conduct_study|mortality|down"
    }
  ]
}
===== END RAW GENERATION =====
[DEBUG] parsed JSON: {"hypotheses": [{"key": "centers_for_disease_control|recommend_vaccination|influenza|down"}, {"key": "food_and_drug_administration|approve_authorize|vaccine|ambiguous"}, {"key": "world_health_organization|issue_guidance|hospitalizations|down"}, {"key": "advisory_committee_on_immunization_practices|report_release|cases|down"}, {"key": "health_and_human_services|conduct_study|mortality|down"}]}
['centers_for_disease_control', 'recommend_vaccination', 'influenza', 'down']
['food_and_drug_administration', 'approve_authorize', 'vaccine', 'ambiguous']
['world_health_organization', 'issue_guidance', 'hospitalizations', 'down']
['advisory_committee_on_immunization_practices', 'report_release', 'cases', 'down']
['health_and_human_services', 'conduct_study', 'mortality', 'down']
recall_all: 0.03645833333333333 precision_all: 0.025
Labels:
['centers_for_disease_control', 'detect', 'h5n1', 'ambiguous']

===== RAW GENERATION (decoded) =====
The observed trend in the data indicates a consistent and pronounced decline in the proportion of U.S. influenza patients over the past three months, with values steadily decreasing from 4.334 at t0 to 2.032 at t12, culminating in a further drop of -0.110 in the current month. This downward pattern likely reflects the natural tapering off of the influenza season as spring approaches, reducing viral transmission through warmer temperatures and decreased indoor crowding, while also potentially being bolstered by cumulative effects of widespread vaccination drives initiated earlier in the winter. Public health interventions, such as guidance from key agencies on preventive measures and vaccine uptake, may have accelerated this decline by enhancing population immunity and awareness, though isolated reports of variant detections or policy updates could introduce minor fluctuations; overall, the trajectory suggests effective containment and a shift toward seasonal lows, possibly influenced by real-time events like updated recommendations or data releases in the current month that reinforce downward momentum.

⟪FINAL⟫
{
  "hypotheses": [
    {
      "key": "centers_for_disease_control|recommend_vaccination|influenza|down"
    },
    {
      "key": "food_and_drug_administration|approve_authorize|vaccine|down"
    },
    {
      "key": "world_health_organization|issue_guidance|cases|down"
    },
    {
      "key": "advisory_committee_on_immunization_practices|report_release|hospitalizations|down"
    },
    {
      "key": "health_and_human_services|conduct_study|mortality|down"
    }
  ]
}
===== END RAW GENERATION =====
[DEBUG] parsed JSON: {"hypotheses": [{"key": "centers_for_disease_control|recommend_vaccination|influenza|down"}, {"key": "food_and_drug_administration|approve_authorize|vaccine|down"}, {"key": "world_health_organization|issue_guidance|cases|down"}, {"key": "advisory_committee_on_immunization_practices|report_release|hospitalizations|down"}, {"key": "health_and_human_services|conduct_study|mortality|down"}]}
['centers_for_disease_control', 'recommend_vaccination', 'influenza', 'down']
['food_and_drug_administration', 'approve_authorize', 'vaccine', 'down']
['world_health_organization', 'issue_guidance', 'cases', 'down']
['advisory_committee_on_immunization_practices', 'report_release', 'hospitalizations', 'down']
['health_and_human_services', 'conduct_study', 'mortality', 'down']
recall_all: 0.034313725490196074 precision_all: 0.023529411764705882
