2026-01-26 11:24:23,826 | INFO | log_file=run_eval_20260126_112423.log
2026-01-26 11:24:23,828 | INFO | run_config backend=itformer k_pred=5 stage=1 ts_len=600 max_new_tokens=256 data_file=ph_monthly_windows_with_answer_test_empty_new_server_inject.jsonl out_file=itformer_eval_report_v1.csv
2026-01-26 11:27:15,039 | INFO | sample idx=0 gold_count=5 pred_count=5
2026-01-26 11:27:15,040 | INFO | user_prompt:
<ts>
You are given weekly U.S. influenza patients proportion (OT):- Context window (last 3 months, weekly OT):t0: P=5.735
t1: P=7.371
t2: P=7.240
t3: P=6.829
t4: P=6.462
t5: P=6.141
t6: P=5.467
t7: P=4.077
t8: P=3.058
t9: P=2.707
t10: P=2.672
t11: P=2.686
t12: P=2.705
- Current month only (weekly dOT):c0: dP=-1.020
c1: dP=-0.351
c2: dP=-0.034
c3: dP=+0.014
c4: dP=+0.019
Task:1. Carefully analyze the time-series trends and reason step-by-step about plausible real-world causes.2. Write a short *reasoning paragraph* summarizing your interpretation of the data trend and potential driving factors.   - This paragraph should sound like an analytical narrative (e.g., “The observed trend in the data indicates…”).   - It should include your reasoning path that connects the observed pattern to possible events.3. Then, hypothesize up to 5 **REAL-TIME events** that occurred WITHIN THE CURRENT MONTH ONLY.Output format:- First, write your reasoning paragraph.- After that, write the final structured results after ⟪FINAL⟫ in strict JSON format:⟪FINAL⟫{  "hypotheses": [    {      "key": "NAME|ACTION|OBJECT|DIRECTION",    }  ]}Allowed token sets:('NAME ∈ {centers_for_disease_control, united_states, world_health_organization, food_and_drug_administration, advisory_committee_on_immunization_practices, health_and_human_services, national_institute_on_aging}','ACTION ∈ {issue_guidance, recommend_vaccination, report_release, confirm, approve_authorize, detect, conduct_study, rate_change, outbreak}','OBJECT ∈ {vaccination, influenza, h5n1, hospitalizations, h1n1, vaccine, mortality, respiratory_syncytial_virus, cases, deaths}','DIRECTION ∈ {ambiguous, up, down}')Rules:- Do NOT fabricate tokens outside these sets.- Do NOT repeat identical AAOD keys.- Use "|" (vertical bar), **not underscores** to separate the fields.- Each "key" must strictly follow this pipe-separated pattern: NAME|ACTION|OBJECT|DIRECTION .- The reasoning paragraph should be fluent and analytic, not a list of events.
2026-01-26 11:27:15,041 | INFO | model_output:
The observed trend in the data indicates a significant decline in the proportion of U.S. influenza patients over the last three months, with a notable acceleration in the rate of decrease during the current month. This suggests that the implementation of effective public health measures, such as vaccination campaigns and improved treatment protocols, has been successful in reducing the number of influenza cases. Additionally, the slight increase in the rate of decrease in the current month could be attributed to the ongoing effectiveness of these measures and possibly the natural progression of the influenza season.

⟪FINAL⟫{
  "hypotheses": [
    { "key": "united_states|confirm|influenza|down" },
    { "key": "advisory_committee_on_immunization_practices|recommend_vaccination|influenza|down" },
    { "key": "food_and_drug_administration|approve_authorize|vaccine|down" },
    { "key": "centers_for_disease_control|report_release|h1n1|down" },
    { "key": "health_and_human_services|conduct_study|respiratory_syncytial_virus|down" }
  ]
}
2026-01-26 11:27:15,041 | INFO | parsed_keys=['united_states|confirm|influenza|down', 'advisory_committee_on_immunization_practices|recommend_vaccination|influenza|down', 'food_and_drug_administration|approve_authorize|vaccine|down', 'centers_for_disease_control|report_release|h1n1|down', 'health_and_human_services|conduct_study|respiratory_syncytial_virus|down']
2026-01-26 11:27:15,042 | INFO | running_avg recall_primary@5=0.000000 precision_all=0.000000 overall=0.000000
2026-01-26 11:29:55,147 | INFO | sample idx=1 gold_count=2 pred_count=5
2026-01-26 11:29:55,147 | INFO | user_prompt:
<ts>
You are given weekly U.S. influenza patients proportion (OT):- Context window (last 3 months, weekly OT):t0: P=6.462
t1: P=6.141
t2: P=5.467
t3: P=4.077
t4: P=3.058
t5: P=2.707
t6: P=2.672
t7: P=2.686
t8: P=2.705
t9: P=2.637
t10: P=2.587
t11: P=2.443
t12: P=2.404
- Current month only (weekly dOT):c0: dP=-0.068
c1: dP=-0.051
c2: dP=-0.143
c3: dP=-0.039
Task:1. Carefully analyze the time-series trends and reason step-by-step about plausible real-world causes.2. Write a short *reasoning paragraph* summarizing your interpretation of the data trend and potential driving factors.   - This paragraph should sound like an analytical narrative (e.g., “The observed trend in the data indicates…”).   - It should include your reasoning path that connects the observed pattern to possible events.3. Then, hypothesize up to 5 **REAL-TIME events** that occurred WITHIN THE CURRENT MONTH ONLY.Output format:- First, write your reasoning paragraph.- After that, write the final structured results after ⟪FINAL⟫ in strict JSON format:⟪FINAL⟫{  "hypotheses": [    {      "key": "NAME|ACTION|OBJECT|DIRECTION",    }  ]}Allowed token sets:('NAME ∈ {centers_for_disease_control, united_states, world_health_organization, food_and_drug_administration, advisory_committee_on_immunization_practices, health_and_human_services, national_institute_on_aging}','ACTION ∈ {issue_guidance, recommend_vaccination, report_release, confirm, approve_authorize, detect, conduct_study, rate_change, outbreak}','OBJECT ∈ {vaccination, influenza, h5n1, hospitalizations, h1n1, vaccine, mortality, respiratory_syncytial_virus, cases, deaths}','DIRECTION ∈ {ambiguous, up, down}')Rules:- Do NOT fabricate tokens outside these sets.- Do NOT repeat identical AAOD keys.- Use "|" (vertical bar), **not underscores** to separate the fields.- Each "key" must strictly follow this pipe-separated pattern: NAME|ACTION|OBJECT|DIRECTION .- The reasoning paragraph should be fluent and analytic, not a list of events.
2026-01-26 11:29:55,148 | INFO | model_output:
The observed trend in the data indicates a gradual decrease in the proportion of U.S. influenza patients over the last three months, with a more pronounced decline in the current month. This suggests that the vaccination campaign has been effective in reducing the number of influenza cases. The decrease in the current month could be attributed to the timely and widespread distribution of the influenza vaccine, as well as public health measures such as mask-wearing and social distancing. Additionally, the advisory committee on immunization practices may have issued guidance to increase vaccination rates, contributing to the observed trend.

⟪FINAL⟫{
  "hypotheses": [
    { "key": "united_states|approve_authorize|vaccine|down" },
    { "key": "advisory_committee_on_immunization_practices|issue_guidance|vaccination|down" },
    { "key": "food_and_drug_administration|confirm|vaccine|down" },
    { "key": "centers_for_disease_control|report_release|h1n1|down" },
    { "key": "health_and_human_services|recommend_vaccination|influenza|down" }
  ]
}
2026-01-26 11:29:55,149 | INFO | parsed_keys=['united_states|approve_authorize|vaccine|down', 'advisory_committee_on_immunization_practices|issue_guidance|vaccination|down', 'food_and_drug_administration|confirm|vaccine|down', 'centers_for_disease_control|report_release|h1n1|down', 'health_and_human_services|recommend_vaccination|influenza|down']
2026-01-26 11:29:55,149 | INFO | running_avg recall_primary@5=0.000000 precision_all=0.000000 overall=0.000000
2026-01-26 11:32:46,144 | INFO | sample idx=2 gold_count=2 pred_count=3
2026-01-26 11:32:46,145 | INFO | user_prompt:
<ts>
You are given weekly U.S. influenza patients proportion (OT):- Context window (last 3 months, weekly OT):t0: P=3.058
t1: P=2.707
t2: P=2.672
t3: P=2.686
t4: P=2.705
t5: P=2.637
t6: P=2.587
t7: P=2.443
t8: P=2.404
t9: P=2.435
t10: P=2.413
t11: P=2.349
t12: P=2.206
- Current month only (weekly dOT):c0: dP=+0.031
c1: dP=-0.022
c2: dP=-0.065
c3: dP=-0.143
Task:1. Carefully analyze the time-series trends and reason step-by-step about plausible real-world causes.2. Write a short *reasoning paragraph* summarizing your interpretation of the data trend and potential driving factors.   - This paragraph should sound like an analytical narrative (e.g., “The observed trend in the data indicates…”).   - It should include your reasoning path that connects the observed pattern to possible events.3. Then, hypothesize up to 5 **REAL-TIME events** that occurred WITHIN THE CURRENT MONTH ONLY.Output format:- First, write your reasoning paragraph.- After that, write the final structured results after ⟪FINAL⟫ in strict JSON format:⟪FINAL⟫{  "hypotheses": [    {      "key": "NAME|ACTION|OBJECT|DIRECTION",    }  ]}Allowed token sets:('NAME ∈ {centers_for_disease_control, united_states, world_health_organization, food_and_drug_administration, advisory_committee_on_immunization_practices, health_and_human_services, national_institute_on_aging}','ACTION ∈ {issue_guidance, recommend_vaccination, report_release, confirm, approve_authorize, detect, conduct_study, rate_change, outbreak}','OBJECT ∈ {vaccination, influenza, h5n1, hospitalizations, h1n1, vaccine, mortality, respiratory_syncytial_virus, cases, deaths}','DIRECTION ∈ {ambiguous, up, down}')Rules:- Do NOT fabricate tokens outside these sets.- Do NOT repeat identical AAOD keys.- Use "|" (vertical bar), **not underscores** to separate the fields.- Each "key" must strictly follow this pipe-separated pattern: NAME|ACTION|OBJECT|DIRECTION .- The reasoning paragraph should be fluent and analytic, not a list of events.
2026-01-26 11:32:46,145 | INFO | model_output:
The observed trend in the data indicates a gradual decline in the proportion of U.S. influenza patients over the last three months, with a more pronounced decrease in the current month. This suggests that the initial increase in influenza cases might have been due to the start of the flu season or a new strain of the virus. However, the recent drop in the proportion of patients could be attributed to several factors, including the effectiveness of the influenza vaccine, public health measures, and natural fluctuations in the virus's transmission rate.

The decline in the current month, particularly the sharp drop in the last two weeks, might be due to the implementation of new public health guidelines or the widespread availability of the influenza vaccine. Additionally, the recent decrease in hospitalizations and deaths could also contribute to the observed trend.

⟪FINAL⟫{
  "hypotheses": [
    { "key": "united_states|issue_guidance|influenza|down" },
    { "key": "food_and_drug_administration|approve_authorize|vaccine|down" },
    { "key": "centers_for_disease_control|report_release|h1n1|down" },
    { "key": "health_and_human_services|recommend_vaccination|influenza|
2026-01-26 11:32:46,146 | INFO | parsed_keys=['united_states|issue_guidance|influenza|down', 'food_and_drug_administration|approve_authorize|vaccine|down', 'centers_for_disease_control|report_release|h1n1|down']
2026-01-26 11:32:46,148 | INFO | running_avg recall_primary@5=0.000000 precision_all=0.000000 overall=0.000000
2026-01-26 11:35:32,674 | INFO | sample idx=3 gold_count=2 pred_count=5
2026-01-26 11:35:32,675 | INFO | user_prompt:
<ts>
You are given weekly U.S. influenza patients proportion (OT):- Context window (last 3 months, weekly OT):t0: P=2.705
t1: P=2.637
t2: P=2.587
t3: P=2.443
t4: P=2.404
t5: P=2.435
t6: P=2.413
t7: P=2.349
t8: P=2.206
t9: P=2.073
t10: P=1.954
t11: P=1.973
t12: P=2.017
- Current month only (weekly dOT):c0: dP=-0.134
c1: dP=-0.118
c2: dP=+0.019
c3: dP=+0.044
Task:1. Carefully analyze the time-series trends and reason step-by-step about plausible real-world causes.2. Write a short *reasoning paragraph* summarizing your interpretation of the data trend and potential driving factors.   - This paragraph should sound like an analytical narrative (e.g., “The observed trend in the data indicates…”).   - It should include your reasoning path that connects the observed pattern to possible events.3. Then, hypothesize up to 5 **REAL-TIME events** that occurred WITHIN THE CURRENT MONTH ONLY.Output format:- First, write your reasoning paragraph.- After that, write the final structured results after ⟪FINAL⟫ in strict JSON format:⟪FINAL⟫{  "hypotheses": [    {      "key": "NAME|ACTION|OBJECT|DIRECTION",    }  ]}Allowed token sets:('NAME ∈ {centers_for_disease_control, united_states, world_health_organization, food_and_drug_administration, advisory_committee_on_immunization_practices, health_and_human_services, national_institute_on_aging}','ACTION ∈ {issue_guidance, recommend_vaccination, report_release, confirm, approve_authorize, detect, conduct_study, rate_change, outbreak}','OBJECT ∈ {vaccination, influenza, h5n1, hospitalizations, h1n1, vaccine, mortality, respiratory_syncytial_virus, cases, deaths}','DIRECTION ∈ {ambiguous, up, down}')Rules:- Do NOT fabricate tokens outside these sets.- Do NOT repeat identical AAOD keys.- Use "|" (vertical bar), **not underscores** to separate the fields.- Each "key" must strictly follow this pipe-separated pattern: NAME|ACTION|OBJECT|DIRECTION .- The reasoning paragraph should be fluent and analytic, not a list of events.
2026-01-26 11:35:32,675 | INFO | model_output:
The observed trend in the data indicates a steady decline in the proportion of U.S. influenza patients over the last three months, with a more pronounced decrease in the current month. The initial decline from 2.705 to 2.206 suggests a response to the ongoing influenza season, possibly due to increased vaccination efforts or natural waning of the virus. The slight increase in the current month (from 2.206 to 2.073) could be attributed to a temporary resurgence or a delayed effect of the previous interventions. The final slight increase to 1.973 might indicate a minor adjustment in the vaccination strategy or a localized outbreak.

⟪FINAL⟫{
  "hypotheses": [
    { "key": "united_states|rate_change|influenza|down" },
    { "key": "united_states|rate_change|h1n1|down" },
    { "key": "united_states|rate_change|hospitalizations|down" },
    { "key": "united_states|rate_change|mortality|down" },
    { "key": "united_states|rate_change|cases|down" }
  ]
}
2026-01-26 11:35:32,676 | INFO | parsed_keys=['united_states|rate_change|influenza|down', 'united_states|rate_change|h1n1|down', 'united_states|rate_change|hospitalizations|down', 'united_states|rate_change|mortality|down', 'united_states|rate_change|cases|down']
2026-01-26 11:35:32,676 | INFO | running_avg recall_primary@5=0.000000 precision_all=0.000000 overall=0.000000
2026-01-26 11:38:07,443 | INFO | sample idx=4 gold_count=3 pred_count=5
2026-01-26 11:38:07,444 | INFO | user_prompt:
<ts>
You are given weekly U.S. influenza patients proportion (OT):- Context window (last 3 months, weekly OT):t0: P=2.435
t1: P=2.413
t2: P=2.349
t3: P=2.206
t4: P=2.073
t5: P=1.954
t6: P=1.973
t7: P=2.017
t8: P=1.993
t9: P=1.966
t10: P=1.914
t11: P=1.938
t12: P=1.693
- Current month only (weekly dOT):c0: dP=-0.024
c1: dP=-0.027
c2: dP=-0.052
c3: dP=+0.024
c4: dP=-0.245
Task:1. Carefully analyze the time-series trends and reason step-by-step about plausible real-world causes.2. Write a short *reasoning paragraph* summarizing your interpretation of the data trend and potential driving factors.   - This paragraph should sound like an analytical narrative (e.g., “The observed trend in the data indicates…”).   - It should include your reasoning path that connects the observed pattern to possible events.3. Then, hypothesize up to 5 **REAL-TIME events** that occurred WITHIN THE CURRENT MONTH ONLY.Output format:- First, write your reasoning paragraph.- After that, write the final structured results after ⟪FINAL⟫ in strict JSON format:⟪FINAL⟫{  "hypotheses": [    {      "key": "NAME|ACTION|OBJECT|DIRECTION",    }  ]}Allowed token sets:('NAME ∈ {centers_for_disease_control, united_states, world_health_organization, food_and_drug_administration, advisory_committee_on_immunization_practices, health_and_human_services, national_institute_on_aging}','ACTION ∈ {issue_guidance, recommend_vaccination, report_release, confirm, approve_authorize, detect, conduct_study, rate_change, outbreak}','OBJECT ∈ {vaccination, influenza, h5n1, hospitalizations, h1n1, vaccine, mortality, respiratory_syncytial_virus, cases, deaths}','DIRECTION ∈ {ambiguous, up, down}')Rules:- Do NOT fabricate tokens outside these sets.- Do NOT repeat identical AAOD keys.- Use "|" (vertical bar), **not underscores** to separate the fields.- Each "key" must strictly follow this pipe-separated pattern: NAME|ACTION|OBJECT|DIRECTION .- The reasoning paragraph should be fluent and analytic, not a list of events.
2026-01-26 11:38:07,444 | INFO | model_output:
The observed trend in the data indicates a significant decline in the proportion of U.S. influenza patients over the last three months, with a notable acceleration in the rate of decrease during the current month. This suggests that the implementation of more effective preventive measures, such as enhanced vaccination campaigns or improved public health advisories, may have contributed to this trend. Additionally, the fluctuation in the rate of decrease during the current month could be attributed to variations in the intensity of these measures or changes in the virus's transmission dynamics.

⟪FINAL⟫{
  "hypotheses": [
    { "key": "united_states|issue_guidance|vaccination|down" },
    { "key": "united_states|approve_authorize|vaccine|down" },
    { "key": "advisory_committee_on_immunization_practices|recommend_vaccination|influenza|down" },
    { "key": "food_and_drug_administration|confirm|vaccine|down" },
    { "key": "health_and_human_services|report_release|h1n1|down" }
  ]
}
2026-01-26 11:38:07,445 | INFO | parsed_keys=['united_states|issue_guidance|vaccination|down', 'united_states|approve_authorize|vaccine|down', 'advisory_committee_on_immunization_practices|recommend_vaccination|influenza|down', 'food_and_drug_administration|confirm|vaccine|down', 'health_and_human_services|report_release|h1n1|down']
2026-01-26 11:38:07,445 | INFO | running_avg recall_primary@5=0.000000 precision_all=0.000000 overall=0.000000
2026-01-26 11:40:52,866 | INFO | sample idx=5 gold_count=5 pred_count=5
2026-01-26 11:40:52,867 | INFO | user_prompt:
<ts>
You are given weekly U.S. influenza patients proportion (OT):- Context window (last 3 months, weekly OT):t0: P=2.073
t1: P=1.954
t2: P=1.973
t3: P=2.017
t4: P=1.993
t5: P=1.966
t6: P=1.914
t7: P=1.938
t8: P=1.693
t9: P=1.575
t10: P=1.444
t11: P=1.324
t12: P=1.291
- Current month only (weekly dOT):c0: dP=-0.118
c1: dP=-0.131
c2: dP=-0.120
c3: dP=-0.033
Task:1. Carefully analyze the time-series trends and reason step-by-step about plausible real-world causes.2. Write a short *reasoning paragraph* summarizing your interpretation of the data trend and potential driving factors.   - This paragraph should sound like an analytical narrative (e.g., “The observed trend in the data indicates…”).   - It should include your reasoning path that connects the observed pattern to possible events.3. Then, hypothesize up to 5 **REAL-TIME events** that occurred WITHIN THE CURRENT MONTH ONLY.Output format:- First, write your reasoning paragraph.- After that, write the final structured results after ⟪FINAL⟫ in strict JSON format:⟪FINAL⟫{  "hypotheses": [    {      "key": "NAME|ACTION|OBJECT|DIRECTION",    }  ]}Allowed token sets:('NAME ∈ {centers_for_disease_control, united_states, world_health_organization, food_and_drug_administration, advisory_committee_on_immunization_practices, health_and_human_services, national_institute_on_aging}','ACTION ∈ {issue_guidance, recommend_vaccination, report_release, confirm, approve_authorize, detect, conduct_study, rate_change, outbreak}','OBJECT ∈ {vaccination, influenza, h5n1, hospitalizations, h1n1, vaccine, mortality, respiratory_syncytial_virus, cases, deaths}','DIRECTION ∈ {ambiguous, up, down}')Rules:- Do NOT fabricate tokens outside these sets.- Do NOT repeat identical AAOD keys.- Use "|" (vertical bar), **not underscores** to separate the fields.- Each "key" must strictly follow this pipe-separated pattern: NAME|ACTION|OBJECT|DIRECTION .- The reasoning paragraph should be fluent and analytic, not a list of events.
2026-01-26 11:40:52,867 | INFO | model_output:
The observed trend in the data indicates a gradual decline in the proportion of U.S. influenza patients over the last three months, with a more pronounced drop in the current month. This suggests that the initial decline might be due to the effectiveness of the influenza vaccination program and the natural progression of the flu season. However, the sharp drop in the current month could be attributed to a combination of factors, including the implementation of enhanced public health measures, such as mask mandates and social distancing, and the potential impact of a new, more effective vaccine being rolled out.

⟪FINAL⟫{
  "hypotheses": [
    { "key": "united_states|approve_authorize|vaccine|down" },
    { "key": "centers_for_disease_control|issue_guidance|respiratory_syncytial_virus|down" },
    { "key": "food_and_drug_administration|approve_authorize|h1n1|down" },
    { "key": "united_states|report_release|h5n1|down" },
    { "key": "advisory_committee_on_immunization_practices|recommend_vaccination|influenza|down" }
  ]
}
2026-01-26 11:40:52,868 | INFO | parsed_keys=['united_states|approve_authorize|vaccine|down', 'centers_for_disease_control|issue_guidance|respiratory_syncytial_virus|down', 'food_and_drug_administration|approve_authorize|h1n1|down', 'united_states|report_release|h5n1|down', 'advisory_committee_on_immunization_practices|recommend_vaccination|influenza|down']
2026-01-26 11:40:52,869 | INFO | running_avg recall_primary@5=0.000000 precision_all=0.000000 overall=0.000000
2026-01-26 11:43:34,051 | INFO | sample idx=6 gold_count=5 pred_count=5
2026-01-26 11:43:34,051 | INFO | user_prompt:
<ts>
You are given weekly U.S. influenza patients proportion (OT):- Context window (last 3 months, weekly OT):t0: P=1.966
t1: P=1.914
t2: P=1.938
t3: P=1.693
t4: P=1.575
t5: P=1.444
t6: P=1.324
t7: P=1.291
t8: P=1.202
t9: P=1.193
t10: P=1.231
t11: P=1.261
t12: P=1.359
- Current month only (weekly dOT):c0: dP=-0.089
c1: dP=-0.009
c2: dP=+0.038
c3: dP=+0.030
c4: dP=+0.098
Task:1. Carefully analyze the time-series trends and reason step-by-step about plausible real-world causes.2. Write a short *reasoning paragraph* summarizing your interpretation of the data trend and potential driving factors.   - This paragraph should sound like an analytical narrative (e.g., “The observed trend in the data indicates…”).   - It should include your reasoning path that connects the observed pattern to possible events.3. Then, hypothesize up to 5 **REAL-TIME events** that occurred WITHIN THE CURRENT MONTH ONLY.Output format:- First, write your reasoning paragraph.- After that, write the final structured results after ⟪FINAL⟫ in strict JSON format:⟪FINAL⟫{  "hypotheses": [    {      "key": "NAME|ACTION|OBJECT|DIRECTION",    }  ]}Allowed token sets:('NAME ∈ {centers_for_disease_control, united_states, world_health_organization, food_and_drug_administration, advisory_committee_on_immunization_practices, health_and_human_services, national_institute_on_aging}','ACTION ∈ {issue_guidance, recommend_vaccination, report_release, confirm, approve_authorize, detect, conduct_study, rate_change, outbreak}','OBJECT ∈ {vaccination, influenza, h5n1, hospitalizations, h1n1, vaccine, mortality, respiratory_syncytial_virus, cases, deaths}','DIRECTION ∈ {ambiguous, up, down}')Rules:- Do NOT fabricate tokens outside these sets.- Do NOT repeat identical AAOD keys.- Use "|" (vertical bar), **not underscores** to separate the fields.- Each "key" must strictly follow this pipe-separated pattern: NAME|ACTION|OBJECT|DIRECTION .- The reasoning paragraph should be fluent and analytic, not a list of events.
2026-01-26 11:43:34,052 | INFO | model_output:
The observed trend in the data indicates a gradual decline in the proportion of U.S. influenza patients over the last three months, with a more pronounced decrease in the current month. This suggests that the initial increase in influenza cases might have been due to the start of the flu season or a new strain of the virus. The subsequent decrease could be attributed to the implementation of public health measures, such as mask-wearing and social distancing, or the introduction of a new vaccine that has been effective in reducing the number of cases. The slight increase in the current month might indicate a resurgence of the virus or the emergence of a new variant.

⟪FINAL⟫{
  "hypotheses": [
    { "key": "united_states|rate_change|influenza|down" },
    { "key": "united_states|rate_change|h1n1|down" },
    { "key": "united_states|rate_change|hospitalizations|down" },
    { "key": "united_states|rate_change|mortality|down" },
    { "key": "united_states|confirm|new_vaccine_effectiveness|up" }
  ]
}
2026-01-26 11:43:34,052 | INFO | parsed_keys=['united_states|rate_change|influenza|down', 'united_states|rate_change|h1n1|down', 'united_states|rate_change|hospitalizations|down', 'united_states|rate_change|mortality|down', 'united_states|confirm|new_vaccine_effectiveness|up']
2026-01-26 11:43:34,053 | INFO | running_avg recall_primary@5=0.000000 precision_all=0.000000 overall=0.000000
2026-01-26 11:46:10,329 | INFO | sample idx=7 gold_count=4 pred_count=5
2026-01-26 11:46:10,330 | INFO | user_prompt:
<ts>
You are given weekly U.S. influenza patients proportion (OT):- Context window (last 3 months, weekly OT):t0: P=1.575
t1: P=1.444
t2: P=1.324
t3: P=1.291
t4: P=1.202
t5: P=1.193
t6: P=1.231
t7: P=1.261
t8: P=1.359
t9: P=1.540
t10: P=1.826
t11: P=1.977
t12: P=2.025
- Current month only (weekly dOT):c0: dP=+0.180
c1: dP=+0.287
c2: dP=+0.151
c3: dP=+0.047
Task:1. Carefully analyze the time-series trends and reason step-by-step about plausible real-world causes.2. Write a short *reasoning paragraph* summarizing your interpretation of the data trend and potential driving factors.   - This paragraph should sound like an analytical narrative (e.g., “The observed trend in the data indicates…”).   - It should include your reasoning path that connects the observed pattern to possible events.3. Then, hypothesize up to 5 **REAL-TIME events** that occurred WITHIN THE CURRENT MONTH ONLY.Output format:- First, write your reasoning paragraph.- After that, write the final structured results after ⟪FINAL⟫ in strict JSON format:⟪FINAL⟫{  "hypotheses": [    {      "key": "NAME|ACTION|OBJECT|DIRECTION",    }  ]}Allowed token sets:('NAME ∈ {centers_for_disease_control, united_states, world_health_organization, food_and_drug_administration, advisory_committee_on_immunization_practices, health_and_human_services, national_institute_on_aging}','ACTION ∈ {issue_guidance, recommend_vaccination, report_release, confirm, approve_authorize, detect, conduct_study, rate_change, outbreak}','OBJECT ∈ {vaccination, influenza, h5n1, hospitalizations, h1n1, vaccine, mortality, respiratory_syncytial_virus, cases, deaths}','DIRECTION ∈ {ambiguous, up, down}')Rules:- Do NOT fabricate tokens outside these sets.- Do NOT repeat identical AAOD keys.- Use "|" (vertical bar), **not underscores** to separate the fields.- Each "key" must strictly follow this pipe-separated pattern: NAME|ACTION|OBJECT|DIRECTION .- The reasoning paragraph should be fluent and analytic, not a list of events.
2026-01-26 11:46:10,330 | INFO | model_output:
The observed trend in the data indicates a significant increase in the proportion of U.S. influenza patients over the last three months, with a particularly sharp rise in the current month. This upward trend is likely driven by a combination of factors, including the resurgence of influenza activity, possibly due to the emergence of a more virulent strain, and a potential decrease in herd immunity as the population's vaccination rates may have waned over time. Additionally, the current month's data shows a continued upward trend in the rate of increase, suggesting that the influenza season is intensifying.

⟪FINAL⟫{
  "hypotheses": [
    { "key": "united_states|confirm|h1n1|up" },
    { "key": "food_and_drug_administration|approve_authorize|vaccine|up" },
    { "key": "centers_for_disease_control|issue_guidance|vaccination|up" },
    { "key": "united_states|report_release|h1n1_cases|up" },
    { "key": "united_states|report_release|h1n1_deaths|up" }
  ]
}
2026-01-26 11:46:10,331 | INFO | parsed_keys=['united_states|confirm|h1n1|up', 'food_and_drug_administration|approve_authorize|vaccine|up', 'centers_for_disease_control|issue_guidance|vaccination|up', 'united_states|report_release|h1n1_cases|up', 'united_states|report_release|h1n1_deaths|up']
2026-01-26 11:46:10,331 | INFO | running_avg recall_primary@5=0.000000 precision_all=0.000000 overall=0.000000
2026-01-26 11:48:59,310 | INFO | sample idx=8 gold_count=4 pred_count=5
2026-01-26 11:48:59,311 | INFO | user_prompt:
<ts>
You are given weekly U.S. influenza patients proportion (OT):- Context window (last 3 months, weekly OT):t0: P=1.202
t1: P=1.193
t2: P=1.231
t3: P=1.261
t4: P=1.359
t5: P=1.540
t6: P=1.826
t7: P=1.977
t8: P=2.025
t9: P=1.991
t10: P=2.134
t11: P=2.179
t12: P=2.259
- Current month only (weekly dOT):c0: dP=-0.033
c1: dP=+0.143
c2: dP=+0.045
c3: dP=+0.080
Task:1. Carefully analyze the time-series trends and reason step-by-step about plausible real-world causes.2. Write a short *reasoning paragraph* summarizing your interpretation of the data trend and potential driving factors.   - This paragraph should sound like an analytical narrative (e.g., “The observed trend in the data indicates…”).   - It should include your reasoning path that connects the observed pattern to possible events.3. Then, hypothesize up to 5 **REAL-TIME events** that occurred WITHIN THE CURRENT MONTH ONLY.Output format:- First, write your reasoning paragraph.- After that, write the final structured results after ⟪FINAL⟫ in strict JSON format:⟪FINAL⟫{  "hypotheses": [    {      "key": "NAME|ACTION|OBJECT|DIRECTION",    }  ]}Allowed token sets:('NAME ∈ {centers_for_disease_control, united_states, world_health_organization, food_and_drug_administration, advisory_committee_on_immunization_practices, health_and_human_services, national_institute_on_aging}','ACTION ∈ {issue_guidance, recommend_vaccination, report_release, confirm, approve_authorize, detect, conduct_study, rate_change, outbreak}','OBJECT ∈ {vaccination, influenza, h5n1, hospitalizations, h1n1, vaccine, mortality, respiratory_syncytial_virus, cases, deaths}','DIRECTION ∈ {ambiguous, up, down}')Rules:- Do NOT fabricate tokens outside these sets.- Do NOT repeat identical AAOD keys.- Use "|" (vertical bar), **not underscores** to separate the fields.- Each "key" must strictly follow this pipe-separated pattern: NAME|ACTION|OBJECT|DIRECTION .- The reasoning paragraph should be fluent and analytic, not a list of events.
2026-01-26 11:48:59,312 | INFO | model_output:
The observed trend in the data indicates a significant increase in the proportion of U.S. influenza patients over the last three months, with a particularly sharp rise in the current month. This upward trend is likely driven by a combination of factors, including the resurgence of influenza activity, possibly due to the emergence of a more virulent strain or increased transmission rates. Additionally, the recent increase in hospitalizations and mortality rates could be contributing to the higher patient load, as more severe cases require hospitalization and intensive care. The current month's data also show a slight increase in the rate of change, suggesting that the situation is worsening and may continue to do so if preventive measures are not intensified.

⟪FINAL⟫{
  "hypotheses": [
    { "key": "united_states|confirm|h1n1|up" },
    { "key": "food_and_drug_administration|approve_authorize|vaccine|up" },
    { "key": "centers_for_disease_control|issue_guidance|vaccination|up" },
    { "key": "united_states|report_release|hospitalizations|up" },
    { "key": "united_states|report_release|mortality|up" }
  ]
}
2026-01-26 11:48:59,312 | INFO | parsed_keys=['united_states|confirm|h1n1|up', 'food_and_drug_administration|approve_authorize|vaccine|up', 'centers_for_disease_control|issue_guidance|vaccination|up', 'united_states|report_release|hospitalizations|up', 'united_states|report_release|mortality|up']
2026-01-26 11:48:59,313 | INFO | running_avg recall_primary@5=0.027778 precision_all=0.022222 overall=0.140000
2026-01-26 11:51:28,716 | INFO | sample idx=9 gold_count=5 pred_count=5
2026-01-26 11:51:28,717 | INFO | user_prompt:
<ts>
You are given weekly U.S. influenza patients proportion (OT):- Context window (last 3 months, weekly OT):t0: P=1.540
t1: P=1.826
t2: P=1.977
t3: P=2.025
t4: P=1.991
t5: P=2.134
t6: P=2.179
t7: P=2.259
t8: P=2.309
t9: P=2.515
t10: P=2.679
t11: P=2.912
t12: P=3.325
- Current month only (weekly dOT):c0: dP=+0.050
c1: dP=+0.205
c2: dP=+0.165
c3: dP=+0.232
c4: dP=+0.413
Task:1. Carefully analyze the time-series trends and reason step-by-step about plausible real-world causes.2. Write a short *reasoning paragraph* summarizing your interpretation of the data trend and potential driving factors.   - This paragraph should sound like an analytical narrative (e.g., “The observed trend in the data indicates…”).   - It should include your reasoning path that connects the observed pattern to possible events.3. Then, hypothesize up to 5 **REAL-TIME events** that occurred WITHIN THE CURRENT MONTH ONLY.Output format:- First, write your reasoning paragraph.- After that, write the final structured results after ⟪FINAL⟫ in strict JSON format:⟪FINAL⟫{  "hypotheses": [    {      "key": "NAME|ACTION|OBJECT|DIRECTION",    }  ]}Allowed token sets:('NAME ∈ {centers_for_disease_control, united_states, world_health_organization, food_and_drug_administration, advisory_committee_on_immunization_practices, health_and_human_services, national_institute_on_aging}','ACTION ∈ {issue_guidance, recommend_vaccination, report_release, confirm, approve_authorize, detect, conduct_study, rate_change, outbreak}','OBJECT ∈ {vaccination, influenza, h5n1, hospitalizations, h1n1, vaccine, mortality, respiratory_syncytial_virus, cases, deaths}','DIRECTION ∈ {ambiguous, up, down}')Rules:- Do NOT fabricate tokens outside these sets.- Do NOT repeat identical AAOD keys.- Use "|" (vertical bar), **not underscores** to separate the fields.- Each "key" must strictly follow this pipe-separated pattern: NAME|ACTION|OBJECT|DIRECTION .- The reasoning paragraph should be fluent and analytic, not a list of events.
2026-01-26 11:51:28,717 | INFO | model_output:
The observed trend in the data indicates a significant increase in the proportion of U.S. influenza patients over the last three months, with a particularly sharp rise in the current month. This upward trend is likely driven by a combination of factors, including the resurgence of influenza activity, possibly due to the emergence of a more virulent strain, and a potential decrease in herd immunity as vaccination rates may have waned over the past few months. Additionally, the current month's data show a continued upward trajectory, suggesting that the influenza season is intensifying.

⟪FINAL⟫{
  "hypotheses": [
    { "key": "united_states|confirm|h1n1|up" },
    { "key": "food_and_drug_administration|approve_authorize|vaccine|up" },
    { "key": "centers_for_disease_control|issue_guidance|vaccination|up" },
    { "key": "united_states|report_release|hospitalizations|up" },
    { "key": "united_states|detect|cases|up" }
  ]
}
2026-01-26 11:51:28,718 | INFO | parsed_keys=['united_states|confirm|h1n1|up', 'food_and_drug_administration|approve_authorize|vaccine|up', 'centers_for_disease_control|issue_guidance|vaccination|up', 'united_states|report_release|hospitalizations|up', 'united_states|detect|cases|up']
2026-01-26 11:51:28,718 | INFO | running_avg recall_primary@5=0.045000 precision_all=0.040000 overall=0.130000
2026-01-26 11:54:12,530 | INFO | sample idx=10 gold_count=5 pred_count=5
2026-01-26 11:54:12,531 | INFO | user_prompt:
<ts>
You are given weekly U.S. influenza patients proportion (OT):- Context window (last 3 months, weekly OT):t0: P=1.991
t1: P=2.134
t2: P=2.179
t3: P=2.259
t4: P=2.309
t5: P=2.515
t6: P=2.679
t7: P=2.912
t8: P=3.325
t9: P=3.572
t10: P=3.788
t11: P=3.959
t12: P=4.354
- Current month only (weekly dOT):c0: dP=+0.247
c1: dP=+0.216
c2: dP=+0.171
c3: dP=+0.395
Task:1. Carefully analyze the time-series trends and reason step-by-step about plausible real-world causes.2. Write a short *reasoning paragraph* summarizing your interpretation of the data trend and potential driving factors.   - This paragraph should sound like an analytical narrative (e.g., “The observed trend in the data indicates…”).   - It should include your reasoning path that connects the observed pattern to possible events.3. Then, hypothesize up to 5 **REAL-TIME events** that occurred WITHIN THE CURRENT MONTH ONLY.Output format:- First, write your reasoning paragraph.- After that, write the final structured results after ⟪FINAL⟫ in strict JSON format:⟪FINAL⟫{  "hypotheses": [    {      "key": "NAME|ACTION|OBJECT|DIRECTION",    }  ]}Allowed token sets:('NAME ∈ {centers_for_disease_control, united_states, world_health_organization, food_and_drug_administration, advisory_committee_on_immunization_practices, health_and_human_services, national_institute_on_aging}','ACTION ∈ {issue_guidance, recommend_vaccination, report_release, confirm, approve_authorize, detect, conduct_study, rate_change, outbreak}','OBJECT ∈ {vaccination, influenza, h5n1, hospitalizations, h1n1, vaccine, mortality, respiratory_syncytial_virus, cases, deaths}','DIRECTION ∈ {ambiguous, up, down}')Rules:- Do NOT fabricate tokens outside these sets.- Do NOT repeat identical AAOD keys.- Use "|" (vertical bar), **not underscores** to separate the fields.- Each "key" must strictly follow this pipe-separated pattern: NAME|ACTION|OBJECT|DIRECTION .- The reasoning paragraph should be fluent and analytic, not a list of events.
2026-01-26 11:54:12,531 | INFO | model_output:
The observed trend in the data indicates a significant and rapid increase in the proportion of U.S. influenza patients over the last three months, with a particularly steep rise in the current month. This upward trajectory suggests that there has been a substantial increase in influenza activity, possibly due to a more virulent strain of the virus circulating or a higher rate of transmission among the population. The current month's data also show a notable increase in the rate of change, which could be attributed to a recent surge in cases or a delayed response to the initial rise in patient numbers.

⟪FINAL⟫{
  "hypotheses": [
    { "key": "united_states|confirm|h1n1|up" },
    { "key": "centers_for_disease_control|report_release|h1n1|up" },
    { "key": "food_and_drug_administration|approve_authorize|h1n1_vaccine|up" },
    { "key": "advisory_committee_on_immunization_practices|recommend_vaccination|h1n1|up" },
    { "key": "health_and_human_services|issue_guidance|h1n1|up" }
  ]
}
2026-01-26 11:54:12,532 | INFO | parsed_keys=['united_states|confirm|h1n1|up', 'centers_for_disease_control|report_release|h1n1|up', 'food_and_drug_administration|approve_authorize|h1n1_vaccine|up', 'advisory_committee_on_immunization_practices|recommend_vaccination|h1n1|up', 'health_and_human_services|issue_guidance|h1n1|up']
2026-01-26 11:54:12,532 | INFO | running_avg recall_primary@5=0.040909 precision_all=0.036364 overall=0.000000
2026-01-26 11:57:01,164 | INFO | sample idx=11 gold_count=4 pred_count=5
2026-01-26 11:57:01,164 | INFO | user_prompt:
<ts>
You are given weekly U.S. influenza patients proportion (OT):- Context window (last 3 months, weekly OT):t0: P=2.259
t1: P=2.309
t2: P=2.515
t3: P=2.679
t4: P=2.912
t5: P=3.325
t6: P=3.572
t7: P=3.788
t8: P=3.959
t9: P=4.354
t10: P=5.207
t11: P=6.310
t12: P=6.904
- Current month only (weekly dOT):c0: dP=+0.853
c1: dP=+1.104
c2: dP=+0.594
Task:1. Carefully analyze the time-series trends and reason step-by-step about plausible real-world causes.2. Write a short *reasoning paragraph* summarizing your interpretation of the data trend and potential driving factors.   - This paragraph should sound like an analytical narrative (e.g., “The observed trend in the data indicates…”).   - It should include your reasoning path that connects the observed pattern to possible events.3. Then, hypothesize up to 5 **REAL-TIME events** that occurred WITHIN THE CURRENT MONTH ONLY.Output format:- First, write your reasoning paragraph.- After that, write the final structured results after ⟪FINAL⟫ in strict JSON format:⟪FINAL⟫{  "hypotheses": [    {      "key": "NAME|ACTION|OBJECT|DIRECTION",    }  ]}Allowed token sets:('NAME ∈ {centers_for_disease_control, united_states, world_health_organization, food_and_drug_administration, advisory_committee_on_immunization_practices, health_and_human_services, national_institute_on_aging}','ACTION ∈ {issue_guidance, recommend_vaccination, report_release, confirm, approve_authorize, detect, conduct_study, rate_change, outbreak}','OBJECT ∈ {vaccination, influenza, h5n1, hospitalizations, h1n1, vaccine, mortality, respiratory_syncytial_virus, cases, deaths}','DIRECTION ∈ {ambiguous, up, down}')Rules:- Do NOT fabricate tokens outside these sets.- Do NOT repeat identical AAOD keys.- Use "|" (vertical bar), **not underscores** to separate the fields.- Each "key" must strictly follow this pipe-separated pattern: NAME|ACTION|OBJECT|DIRECTION .- The reasoning paragraph should be fluent and analytic, not a list of events.
2026-01-26 11:57:01,165 | INFO | model_output:
The observed trend in the data indicates a significant and rapid increase in the proportion of U.S. influenza patients over the past three months, with a particularly steep rise in the current month. This upward trajectory suggests that there might be a combination of factors contributing to the surge, such as the emergence of a more virulent strain of influenza, increased community transmission due to reduced social distancing measures, or a higher rate of hospitalizations as a result of the ongoing flu season. The rapid increase in the current month, especially from week 10 to week 12, could be indicative of a recent spike in influenza activity, possibly triggered by a new wave of infections or a more effective spread of the virus in the population.

⟪FINAL⟫{
  "hypotheses": [
    { "key": "united_states|confirm|h1n1|up" },
    { "key": "united_states|rate_change|h1n1|up" },
    { "key": "united_states|detect|h1n1|up" },
    { "key": "united_states|conduct_study|h1n1|up" },
    { "key": "united_states|issue_guidance|h1n1|up" }
  ]
2026-01-26 11:57:01,165 | INFO | parsed_keys=['united_states|confirm|h1n1|up', 'united_states|rate_change|h1n1|up', 'united_states|detect|h1n1|up', 'united_states|conduct_study|h1n1|up', 'united_states|issue_guidance|h1n1|up']
2026-01-26 11:57:01,166 | INFO | running_avg recall_primary@5=0.037500 precision_all=0.033333 overall=0.000000
2026-01-26 11:59:54,483 | INFO | sample idx=12 gold_count=5 pred_count=4
2026-01-26 11:59:54,483 | INFO | user_prompt:
<ts>
You are given weekly U.S. influenza patients proportion (OT):- Context window (last 3 months, weekly OT):t0: P=3.325
t1: P=3.572
t2: P=3.788
t3: P=3.959
t4: P=4.354
t5: P=5.207
t6: P=6.310
t7: P=6.904
t8: P=5.762
t9: P=4.753
t10: P=4.351
t11: P=4.224
t12: P=4.278
- Current month only (weekly dOT):c0: dP=-1.143
c1: dP=-1.009
c2: dP=-0.402
c3: dP=-0.127
c4: dP=+0.054
Task:1. Carefully analyze the time-series trends and reason step-by-step about plausible real-world causes.2. Write a short *reasoning paragraph* summarizing your interpretation of the data trend and potential driving factors.   - This paragraph should sound like an analytical narrative (e.g., “The observed trend in the data indicates…”).   - It should include your reasoning path that connects the observed pattern to possible events.3. Then, hypothesize up to 5 **REAL-TIME events** that occurred WITHIN THE CURRENT MONTH ONLY.Output format:- First, write your reasoning paragraph.- After that, write the final structured results after ⟪FINAL⟫ in strict JSON format:⟪FINAL⟫{  "hypotheses": [    {      "key": "NAME|ACTION|OBJECT|DIRECTION",    }  ]}Allowed token sets:('NAME ∈ {centers_for_disease_control, united_states, world_health_organization, food_and_drug_administration, advisory_committee_on_immunization_practices, health_and_human_services, national_institute_on_aging}','ACTION ∈ {issue_guidance, recommend_vaccination, report_release, confirm, approve_authorize, detect, conduct_study, rate_change, outbreak}','OBJECT ∈ {vaccination, influenza, h5n1, hospitalizations, h1n1, vaccine, mortality, respiratory_syncytial_virus, cases, deaths}','DIRECTION ∈ {ambiguous, up, down}')Rules:- Do NOT fabricate tokens outside these sets.- Do NOT repeat identical AAOD keys.- Use "|" (vertical bar), **not underscores** to separate the fields.- Each "key" must strictly follow this pipe-separated pattern: NAME|ACTION|OBJECT|DIRECTION .- The reasoning paragraph should be fluent and analytic, not a list of events.
2026-01-26 11:59:54,484 | INFO | model_output:
The observed trend in the data indicates a significant increase in the proportion of U.S. influenza patients over the last three months, peaking at 6.904 in the most recent week. This upward trend is concerning and suggests a more severe influenza season than usual. The sharp increase from week 5 to week 6, followed by a slight decline in weeks 7 and 8, might be attributed to increased public awareness and healthcare system preparedness. However, the subsequent drop in weeks 9 and 10, coupled with a slight increase in week 11, could indicate a temporary relief followed by a resurgence. This pattern might be influenced by factors such as the effectiveness of the current vaccine, changes in public behavior, or the emergence of new influenza strains.

⟪FINAL⟫{
  "hypotheses": [
    { "key": "united_states|confirm|influenza|up" },
    { "key": "united_states|rate_change|hospitalizations|up" },
    { "key": "united_states|conduct_study|vaccine|down" },
    { "key": "united_states|issue_guidance|vaccination|down" },
    { "key": "united_states
2026-01-26 11:59:54,484 | INFO | parsed_keys=['united_states|confirm|influenza|up', 'united_states|rate_change|hospitalizations|up', 'united_states|conduct_study|vaccine|down', 'united_states|issue_guidance|vaccination|down']
2026-01-26 11:59:54,485 | INFO | running_avg recall_primary@5=0.034615 precision_all=0.030769 overall=0.000000
2026-01-26 12:02:19,593 | INFO | sample idx=13 gold_count=5 pred_count=5
2026-01-26 12:02:19,594 | INFO | user_prompt:
<ts>
You are given weekly U.S. influenza patients proportion (OT):- Context window (last 3 months, weekly OT):t0: P=4.354
t1: P=5.207
t2: P=6.310
t3: P=6.904
t4: P=5.762
t5: P=4.753
t6: P=4.351
t7: P=4.224
t8: P=4.278
t9: P=4.400
t10: P=4.334
t11: P=4.318
t12: P=4.079
- Current month only (weekly dOT):c0: dP=+0.122
c1: dP=-0.066
c2: dP=-0.016
c3: dP=-0.239
Task:1. Carefully analyze the time-series trends and reason step-by-step about plausible real-world causes.2. Write a short *reasoning paragraph* summarizing your interpretation of the data trend and potential driving factors.   - This paragraph should sound like an analytical narrative (e.g., “The observed trend in the data indicates…”).   - It should include your reasoning path that connects the observed pattern to possible events.3. Then, hypothesize up to 5 **REAL-TIME events** that occurred WITHIN THE CURRENT MONTH ONLY.Output format:- First, write your reasoning paragraph.- After that, write the final structured results after ⟪FINAL⟫ in strict JSON format:⟪FINAL⟫{  "hypotheses": [    {      "key": "NAME|ACTION|OBJECT|DIRECTION",    }  ]}Allowed token sets:('NAME ∈ {centers_for_disease_control, united_states, world_health_organization, food_and_drug_administration, advisory_committee_on_immunization_practices, health_and_human_services, national_institute_on_aging}','ACTION ∈ {issue_guidance, recommend_vaccination, report_release, confirm, approve_authorize, detect, conduct_study, rate_change, outbreak}','OBJECT ∈ {vaccination, influenza, h5n1, hospitalizations, h1n1, vaccine, mortality, respiratory_syncytial_virus, cases, deaths}','DIRECTION ∈ {ambiguous, up, down}')Rules:- Do NOT fabricate tokens outside these sets.- Do NOT repeat identical AAOD keys.- Use "|" (vertical bar), **not underscores** to separate the fields.- Each "key" must strictly follow this pipe-separated pattern: NAME|ACTION|OBJECT|DIRECTION .- The reasoning paragraph should be fluent and analytic, not a list of events.
2026-01-26 12:02:19,594 | INFO | model_output:
The observed trend in the data indicates a fluctuating pattern of U.S. influenza patients, with a slight increase followed by a decrease over the last three months. The current month shows a slight downward trend, which could be attributed to the implementation of new vaccination strategies or the natural progression of the influenza season. However, the recent spike in hospitalizations and the ongoing circulation of various influenza strains might be contributing to the observed fluctuations.

⟪FINAL⟫{
  "hypotheses": [
    { "key": "united_states|rate_change|influenza|down" },
    { "key": "advisory_committee_on_immunization_practices|issue_guidance|vaccination|up" },
    { "key": "food_and_drug_administration|approve_authorize|vaccine|up" },
    { "key": "centers_for_disease_control|report_release|h1n1|ambiguous" },
    { "key": "national_institute_on_aging|detect|respiratory_syncytial_virus|up" }
  ]
}
2026-01-26 12:02:19,595 | INFO | parsed_keys=['united_states|rate_change|influenza|down', 'advisory_committee_on_immunization_practices|issue_guidance|vaccination|up', 'food_and_drug_administration|approve_authorize|vaccine|up', 'centers_for_disease_control|report_release|h1n1|ambiguous', 'national_institute_on_aging|detect|respiratory_syncytial_virus|up']
2026-01-26 12:02:19,596 | INFO | running_avg recall_primary@5=0.032143 precision_all=0.028571 overall=0.000000
2026-01-26 12:04:50,577 | INFO | sample idx=14 gold_count=2 pred_count=5
2026-01-26 12:04:50,578 | INFO | user_prompt:
<ts>
You are given weekly U.S. influenza patients proportion (OT):- Context window (last 3 months, weekly OT):t0: P=5.762
t1: P=4.753
t2: P=4.351
t3: P=4.224
t4: P=4.278
t5: P=4.400
t6: P=4.334
t7: P=4.318
t8: P=4.079
t9: P=3.728
t10: P=3.398
t11: P=3.150
t12: P=3.030
- Current month only (weekly dOT):c0: dP=-0.351
c1: dP=-0.329
c2: dP=-0.248
c3: dP=-0.120
Task:1. Carefully analyze the time-series trends and reason step-by-step about plausible real-world causes.2. Write a short *reasoning paragraph* summarizing your interpretation of the data trend and potential driving factors.   - This paragraph should sound like an analytical narrative (e.g., “The observed trend in the data indicates…”).   - It should include your reasoning path that connects the observed pattern to possible events.3. Then, hypothesize up to 5 **REAL-TIME events** that occurred WITHIN THE CURRENT MONTH ONLY.Output format:- First, write your reasoning paragraph.- After that, write the final structured results after ⟪FINAL⟫ in strict JSON format:⟪FINAL⟫{  "hypotheses": [    {      "key": "NAME|ACTION|OBJECT|DIRECTION",    }  ]}Allowed token sets:('NAME ∈ {centers_for_disease_control, united_states, world_health_organization, food_and_drug_administration, advisory_committee_on_immunization_practices, health_and_human_services, national_institute_on_aging}','ACTION ∈ {issue_guidance, recommend_vaccination, report_release, confirm, approve_authorize, detect, conduct_study, rate_change, outbreak}','OBJECT ∈ {vaccination, influenza, h5n1, hospitalizations, h1n1, vaccine, mortality, respiratory_syncytial_virus, cases, deaths}','DIRECTION ∈ {ambiguous, up, down}')Rules:- Do NOT fabricate tokens outside these sets.- Do NOT repeat identical AAOD keys.- Use "|" (vertical bar), **not underscores** to separate the fields.- Each "key" must strictly follow this pipe-separated pattern: NAME|ACTION|OBJECT|DIRECTION .- The reasoning paragraph should be fluent and analytic, not a list of events.
2026-01-26 12:04:50,578 | INFO | model_output:
The observed trend in the data indicates a gradual decline in the proportion of U.S. influenza patients over the last three months, with a more pronounced decrease in the current month. This trend suggests that the effectiveness of the influenza vaccine is increasing, possibly due to the Advisory Committee on Immunization Practices issuing guidance on the use of a more effective vaccine strain or the Food and Drug Administration approving a new vaccine formulation. The decrease in hospitalizations and mortality rates could also be contributing factors, as these metrics are often correlated with the number of influenza patients.

⟪FINAL⟫{
  "hypotheses": [
    { "key": "advisory_committee_on_immunization_practices|issue_guidance|vaccination|down" },
    { "key": "food_and_drug_administration|approve_authorize|vaccine|down" },
    { "key": "united_states|report_release|cases|down" },
    { "key": "united_states|report_release|mortality|down" },
    { "key": "united_states|report_release|hospitalizations|down" }
  ]
}
2026-01-26 12:04:50,579 | INFO | parsed_keys=['advisory_committee_on_immunization_practices|issue_guidance|vaccination|down', 'food_and_drug_administration|approve_authorize|vaccine|down', 'united_states|report_release|cases|down', 'united_states|report_release|mortality|down', 'united_states|report_release|hospitalizations|down']
2026-01-26 12:04:50,579 | INFO | running_avg recall_primary@5=0.030000 precision_all=0.026667 overall=0.000000
2026-01-26 12:07:19,842 | INFO | sample idx=15 gold_count=3 pred_count=5
2026-01-26 12:07:19,843 | INFO | user_prompt:
<ts>
You are given weekly U.S. influenza patients proportion (OT):- Context window (last 3 months, weekly OT):t0: P=4.400
t1: P=4.334
t2: P=4.318
t3: P=4.079
t4: P=3.728
t5: P=3.398
t6: P=3.150
t7: P=3.030
t8: P=2.829
t9: P=2.585
t10: P=2.293
t11: P=2.240
t12: P=2.142
- Current month only (weekly dOT):c0: dP=-0.201
c1: dP=-0.243
c2: dP=-0.293
c3: dP=-0.053
c4: dP=-0.098
Task:1. Carefully analyze the time-series trends and reason step-by-step about plausible real-world causes.2. Write a short *reasoning paragraph* summarizing your interpretation of the data trend and potential driving factors.   - This paragraph should sound like an analytical narrative (e.g., “The observed trend in the data indicates…”).   - It should include your reasoning path that connects the observed pattern to possible events.3. Then, hypothesize up to 5 **REAL-TIME events** that occurred WITHIN THE CURRENT MONTH ONLY.Output format:- First, write your reasoning paragraph.- After that, write the final structured results after ⟪FINAL⟫ in strict JSON format:⟪FINAL⟫{  "hypotheses": [    {      "key": "NAME|ACTION|OBJECT|DIRECTION",    }  ]}Allowed token sets:('NAME ∈ {centers_for_disease_control, united_states, world_health_organization, food_and_drug_administration, advisory_committee_on_immunization_practices, health_and_human_services, national_institute_on_aging}','ACTION ∈ {issue_guidance, recommend_vaccination, report_release, confirm, approve_authorize, detect, conduct_study, rate_change, outbreak}','OBJECT ∈ {vaccination, influenza, h5n1, hospitalizations, h1n1, vaccine, mortality, respiratory_syncytial_virus, cases, deaths}','DIRECTION ∈ {ambiguous, up, down}')Rules:- Do NOT fabricate tokens outside these sets.- Do NOT repeat identical AAOD keys.- Use "|" (vertical bar), **not underscores** to separate the fields.- Each "key" must strictly follow this pipe-separated pattern: NAME|ACTION|OBJECT|DIRECTION .- The reasoning paragraph should be fluent and analytic, not a list of events.
2026-01-26 12:07:19,843 | INFO | model_output:
The observed trend in the data indicates a significant and rapid decline in the proportion of U.S. influenza patients over the past three months, with a particularly steep drop in the current month. This decline suggests that there might have been a substantial increase in vaccination rates or a decrease in influenza transmission due to various factors. Possible driving factors include the widespread availability and uptake of the influenza vaccine, public health campaigns, and the implementation of preventive measures such as mask-wearing and social distancing.

⟪FINAL⟫{
  "hypotheses": [
    { "key": "united_states|approve_authorize|vaccine|down" },
    { "key": "advisory_committee_on_immunization_practices|issue_guidance|vaccination|down" },
    { "key": "food_and_drug_administration|approve_authorize|vaccine|down" },
    { "key": "centers_for_disease_control|report_release|h1n1|down" },
    { "key": "health_and_human_services|conduct_study|vaccination|down" }
  ]
}
2026-01-26 12:07:19,844 | INFO | parsed_keys=['united_states|approve_authorize|vaccine|down', 'advisory_committee_on_immunization_practices|issue_guidance|vaccination|down', 'food_and_drug_administration|approve_authorize|vaccine|down', 'centers_for_disease_control|report_release|h1n1|down', 'health_and_human_services|conduct_study|vaccination|down']
2026-01-26 12:07:19,844 | INFO | running_avg recall_primary@5=0.028125 precision_all=0.025000 overall=0.000000
2026-01-26 12:09:53,612 | INFO | sample idx=16 gold_count=1 pred_count=5
2026-01-26 12:09:53,613 | INFO | user_prompt:
<ts>
You are given weekly U.S. influenza patients proportion (OT):- Context window (last 3 months, weekly OT):t0: P=4.334
t1: P=4.318
t2: P=4.079
t3: P=3.728
t4: P=3.398
t5: P=3.150
t6: P=3.030
t7: P=2.829
t8: P=2.585
t9: P=2.293
t10: P=2.240
t11: P=2.142
t12: P=2.032
- Current month only (weekly dOT):c0: dP=-0.110
Task:1. Carefully analyze the time-series trends and reason step-by-step about plausible real-world causes.2. Write a short *reasoning paragraph* summarizing your interpretation of the data trend and potential driving factors.   - This paragraph should sound like an analytical narrative (e.g., “The observed trend in the data indicates…”).   - It should include your reasoning path that connects the observed pattern to possible events.3. Then, hypothesize up to 5 **REAL-TIME events** that occurred WITHIN THE CURRENT MONTH ONLY.Output format:- First, write your reasoning paragraph.- After that, write the final structured results after ⟪FINAL⟫ in strict JSON format:⟪FINAL⟫{  "hypotheses": [    {      "key": "NAME|ACTION|OBJECT|DIRECTION",    }  ]}Allowed token sets:('NAME ∈ {centers_for_disease_control, united_states, world_health_organization, food_and_drug_administration, advisory_committee_on_immunization_practices, health_and_human_services, national_institute_on_aging}','ACTION ∈ {issue_guidance, recommend_vaccination, report_release, confirm, approve_authorize, detect, conduct_study, rate_change, outbreak}','OBJECT ∈ {vaccination, influenza, h5n1, hospitalizations, h1n1, vaccine, mortality, respiratory_syncytial_virus, cases, deaths}','DIRECTION ∈ {ambiguous, up, down}')Rules:- Do NOT fabricate tokens outside these sets.- Do NOT repeat identical AAOD keys.- Use "|" (vertical bar), **not underscores** to separate the fields.- Each "key" must strictly follow this pipe-separated pattern: NAME|ACTION|OBJECT|DIRECTION .- The reasoning paragraph should be fluent and analytic, not a list of events.
2026-01-26 12:09:53,613 | INFO | model_output:
The observed trend in the data indicates a steady decline in the proportion of U.S. influenza patients over the last three months, with a more pronounced decrease in the current month. This suggests that the vaccination campaign has been effective in reducing the number of influenza cases. The decline in the current month could be attributed to the recent approval and authorization of a new influenza vaccine by the Food and Drug Administration, which has led to an increase in vaccination rates. Additionally, the Advisory Committee on Immunization Practices may have issued guidance to healthcare providers to recommend the new vaccine, further contributing to the observed trend.

⟪FINAL⟫{
  "hypotheses": [
    { "key": "food_and_drug_administration|approve_authorize|vaccine|down" },
    { "key": "advisory_committee_on_immunization_practices|issue_guidance|vaccination|down" },
    { "key": "centers_for_disease_control|report_release|h1n1|down" },
    { "key": "united_states|rate_change|hospitalizations|down" },
    { "key": "world_health_organization|confirm|outbreak|down" }
  ]
}
2026-01-26 12:09:53,614 | INFO | parsed_keys=['food_and_drug_administration|approve_authorize|vaccine|down', 'advisory_committee_on_immunization_practices|issue_guidance|vaccination|down', 'centers_for_disease_control|report_release|h1n1|down', 'united_states|rate_change|hospitalizations|down', 'world_health_organization|confirm|outbreak|down']
2026-01-26 12:09:53,614 | INFO | running_avg recall_primary@5=0.026471 precision_all=0.023529 overall=0.000000
2026-01-26 12:09:53,666 | INFO | saved_report_csv=itformer_eval_report_v1.csv
