Labels:
['centers_for_disease_control', 'report_release', 'influenza', 'ambiguous']
['centers_for_disease_control', 'report_release', 'influenza', 'up']
['united_states', 'rate_change', 'hospitalizations', 'up']
['united_states', 'report_release', 'influenza', 'ambiguous']
['united_states', 'report_release', 'influenza', 'up']

===== RAW GENERATION (decoded) =====
The observed trend in the data indicates that the proportion of U.S. influenza patients peaked around t1 (7.371 %) and has since declined steadily through t7 (4.077 %), after which it entered a low-level plateau near 2.7 %. This classic downslope is consistent with the natural waning of a seasonal influenza wave as population immunity rises and weather conditions become less favorable to transmission. The weekly differentials for the current month (c0–c4) show the deceleration in real time: the initial sharp drop of –1.020 percentage points has tapered to near-zero changes (–0.034, +0.014, +0.019), signaling that the epidemic curve has bottomed out. Such a pattern often coincides with late-season guidance from public-health agencies urging last-chance vaccination before the surveillance network shifts focus to other respiratory pathogens, and with laboratories confirming that the dominant strains have not undergone any late-season antigenic shift that would reignite transmission.

⟪FINAL⟫
{
  "hypotheses": [
    {
      "key": "centers_for_disease_control|issue_guidance|vaccination|down"
    },
    {
      "key": "advisory_committee_on_immunization_practices|recommend_vaccination|influenza|down"
    },
    {
      "key": "food_and_drug_administration|approve_authorize|vaccine|ambiguous"
    },
    {
      "key": "centers_for_disease_control|report_release|hospitalizations|down"
    },
    {
      "key": "united_states|conduct_study|influenza|down"
    }
  ]
}
===== END RAW GENERATION =====
[DEBUG] parsed JSON: {"hypotheses": [{"key": "centers_for_disease_control|issue_guidance|vaccination|down"}, {"key": "advisory_committee_on_immunization_practices|recommend_vaccination|influenza|down"}, {"key": "food_and_drug_administration|approve_authorize|vaccine|ambiguous"}, {"key": "centers_for_disease_control|report_release|hospitalizations|down"}, {"key": "united_states|conduct_study|influenza|down"}]}
['centers_for_disease_control', 'issue_guidance', 'vaccination', 'down']
['advisory_committee_on_immunization_practices', 'recommend_vaccination', 'influenza', 'down']
['food_and_drug_administration', 'approve_authorize', 'vaccine', 'ambiguous']
['centers_for_disease_control', 'report_release', 'hospitalizations', 'down']
['united_states', 'conduct_study', 'influenza', 'down']
recall_all: 0.0 precision_all: 0.0
Labels:
['centers_for_disease_control', 'report_release', 'influenza', 'up']
['centers_for_disease_control', 'report_release', 'influenza', 'ambiguous']

===== RAW GENERATION (decoded) =====
The observed trend in the data indicates a sustained, monotonic decline in the proportion of influenza-related outpatient visits from early-season highs near 6.5 % to 2.4 % within roughly three months. The slope has moderated over the last month, with weekly decreases now averaging only 0.075 percentage points, suggesting that the season has moved past its acceleration phase and is settling into a low-level endemic plateau. This pattern is consistent with the natural post-peak exhaustion of susceptible individuals, warmer weather that lowers transmission efficiency, and the progressive build-up of population immunity through both infection and vaccination during the preceding months. The diminishing downward momentum implies that while the virus is still circulating, the forces driving rapid fade-out—such as school holidays, increased ultraviolet light, and reduced indoor crowding—have largely played out, leaving only a gentle tail-off toward inter-seasonal baselines.

⟪FINAL⟫
{
  "hypotheses": [
    {
      "key": "centers_for_disease_control|report_release|influenza|down"
    },
    {
      "key": "advisory_committee_on_immunization_practices|recommend_vaccination|vaccination|down"
    },
    {
      "key": "united_states|detect|cases|down"
    },
    {
      "key": "health_and_human_services|conduct_study|hospitalizations|down"
    },
    {
      "key": "national_institute_on_aging|rate_change|mortality|down"
    }
  ]
}
===== END RAW GENERATION =====
[DEBUG] parsed JSON: {"hypotheses": [{"key": "centers_for_disease_control|report_release|influenza|down"}, {"key": "advisory_committee_on_immunization_practices|recommend_vaccination|vaccination|down"}, {"key": "united_states|detect|cases|down"}, {"key": "health_and_human_services|conduct_study|hospitalizations|down"}, {"key": "national_institute_on_aging|rate_change|mortality|down"}]}
['centers_for_disease_control', 'report_release', 'influenza', 'down']
['advisory_committee_on_immunization_practices', 'recommend_vaccination', 'vaccination', 'down']
['united_states', 'detect', 'cases', 'down']
['health_and_human_services', 'conduct_study', 'hospitalizations', 'down']
['national_institute_on_aging', 'rate_change', 'mortality', 'down']
recall_all: 0.5 precision_all: 0.1
Labels:
['centers_for_disease_control', 'report_release', 'influenza', 'ambiguous']
['centers_for_disease_control', 'report_release', 'influenza', 'up']

===== RAW GENERATION (decoded) =====
The observed trend in the data indicates that the proportion of U.S. influenza patients has been steadily declining since early autumn, with the weekly OT falling from just above 3 % to roughly 2.2 % over the last twelve weeks.  Within the current month the pace of decline has accelerated: the week-to-week changes (dOT) have turned increasingly negative, culminating in a –0.143 percentage-point drop in the most recent reading.  This pattern is consistent with the natural post-peak waning of seasonal influenza activity once holiday-related mixing subsides, but the steepening slope also hints at concurrent real-time interventions or situational shifts—such as heightened vaccine uptake after mid-season advisories, a milder-than-expected strain predominance, or aggressive public-health messaging—that could be reinforcing the downward momentum beyond the usual late-season fade.

⟪FINAL⟫
{
  "hypotheses": [
    {
      "key": "centers_for_disease_control|issue_guidance|vaccination|up"
    },
    {
      "key": "advisory_committee_on_immunization_practices|recommend_vaccination|influenza|up"
    },
    {
      "key": "centers_for_disease_control|detect|influenza|down"
    },
    {
      "key": "food_and_drug_administration|approve_authorize|vaccine|ambiguous"
    },
    {
      "key": "united_states|rate_change|hospitalizations|down"
    }
  ]
}
===== END RAW GENERATION =====
[DEBUG] parsed JSON: {"hypotheses": [{"key": "centers_for_disease_control|issue_guidance|vaccination|up"}, {"key": "advisory_committee_on_immunization_practices|recommend_vaccination|influenza|up"}, {"key": "centers_for_disease_control|detect|influenza|down"}, {"key": "food_and_drug_administration|approve_authorize|vaccine|ambiguous"}, {"key": "united_states|rate_change|hospitalizations|down"}]}
['centers_for_disease_control', 'issue_guidance', 'vaccination', 'up']
['advisory_committee_on_immunization_practices', 'recommend_vaccination', 'influenza', 'up']
['centers_for_disease_control', 'detect', 'influenza', 'down']
['food_and_drug_administration', 'approve_authorize', 'vaccine', 'ambiguous']
['united_states', 'rate_change', 'hospitalizations', 'down']
recall_all: 0.3333333333333333 precision_all: 0.06666666666666667
Labels:
['centers_for_disease_control', 'report_release', 'influenza', 'up']
['united_states', 'report_release', 'h5n1', 'ambiguous']

===== RAW GENERATION (decoded) =====
The observed trend in the data indicates that the proportion of influenza patients in the U.S. has been steadily declining since early autumn, with the steepest drop occurring between t0 and t10 (from 2.705 % to 1.954 %).  This downward trajectory is consistent with the natural post-peak decay of a seasonal influenza wave that crested in late October.  However, the most recent four weeks—entirely within the current month—show a subtle but unmistakable deceleration of that decline: the week-over-week decrement shrank from –0.134 to –0.118 and then flipped to small positive increments of +0.019 and +0.044.  Such a “soft landing” and slight rebound often coincide with holiday-related mixing (school reopenings after winter break, increased airport traffic, and indoor gatherings) that briefly re-seed transmission chains, as well as with colder, drier air masses that enhance virus survival.  Crucially, the absolute level remains well below the autumn peak, so the rebound is more likely a transient plateau than the start of a second wave, but it signals that population immunity from either recent infection or late-season vaccination is not yet sufficient to drive incidence to inter-seasonal lows.

⟪FINAL⟫
{
  "hypotheses": [
    {
      "key": "centers_for_disease_control|detect|influenza|up"
    },
    {
      "key": "advisory_committee_on_immunization_practices|recommend_vaccination|influenza|down"
    },
    {
      "key": "united_states|report_release|hospitalizations|up"
    },
    {
      "key": "food_and_drug_administration|approve_authorize|vaccine|ambiguous"
    },
    {
      "key": "centers_for_disease_control|issue_guidance|influenza|down"
    }
  ]
}
===== END RAW GENERATION =====
[DEBUG] parsed JSON: {"hypotheses": [{"key": "centers_for_disease_control|detect|influenza|up"}, {"key": "advisory_committee_on_immunization_practices|recommend_vaccination|influenza|down"}, {"key": "united_states|report_release|hospitalizations|up"}, {"key": "food_and_drug_administration|approve_authorize|vaccine|ambiguous"}, {"key": "centers_for_disease_control|issue_guidance|influenza|down"}]}
['centers_for_disease_control', 'detect', 'influenza', 'up']
['advisory_committee_on_immunization_practices', 'recommend_vaccination', 'influenza', 'down']
['united_states', 'report_release', 'hospitalizations', 'up']
['food_and_drug_administration', 'approve_authorize', 'vaccine', 'ambiguous']
['centers_for_disease_control', 'issue_guidance', 'influenza', 'down']
recall_all: 0.25 precision_all: 0.05
Labels:
['centers_for_disease_control', 'recommend_vaccination', 'vaccination', 'ambiguous']
['centers_for_disease_control', 'report_release', 'influenza', 'up']
['food_and_drug_administration', 'approve_authorize', 'vaccine', 'ambiguous']

===== RAW GENERATION (decoded) =====
The observed trend in the data indicates that influenza activity has been steadily declining since early autumn, with the proportion of outpatient visits for influenza-like illness falling from just above 2.4 % twelve weeks ago to roughly 1.7 % by the end of the period. This gradual descent is consistent with the natural waning of a seasonal wave as temperatures moderate and population immunity accumulates. Within the current month, however, the pace of decline suddenly accelerated: weekly changes shifted from gentle single-digit decreases to a sharp –0.245 percentage-point drop in the most recent reading. Such a steep short-term fall is unlikely to be driven solely by epidemiologic forces already in play; instead, it suggests an external catalyst—most plausibly a mid-month revision to case definitions, surveillance methods, or reporting practices that removed a sizable tranche of previously counted visits. The brief uptick (+0.024) two weeks earlier may reflect a transient rebound in testing or a localized mini-surge, but the subsequent plunge implies that those cases were re-classified or that a systematic adjustment took effect, abruptly lowering the measured burden and amplifying the apparent downward trajectory.

⟪FINAL⟫
{
  "hypotheses": [
    {
      "key": "centers_for_disease_control|issue_guidance|influenza|down"
    },
    {
      "key": "advisory_committee_on_immunization_practices|recommend_vaccination|influenza|down"
    },
    {
      "key": "food_and_drug_administration|approve_authorize|vaccine|down"
    },
    {
      "key": "centers_for_disease_control|detect|cases|down"
    },
    {
      "key": "health_and_human_services|report_release|hospitalizations|down"
    }
  ]
}
===== END RAW GENERATION =====
[DEBUG] parsed JSON: {"hypotheses": [{"key": "centers_for_disease_control|issue_guidance|influenza|down"}, {"key": "advisory_committee_on_immunization_practices|recommend_vaccination|influenza|down"}, {"key": "food_and_drug_administration|approve_authorize|vaccine|down"}, {"key": "centers_for_disease_control|detect|cases|down"}, {"key": "health_and_human_services|report_release|hospitalizations|down"}]}
['centers_for_disease_control', 'issue_guidance', 'influenza', 'down']
['advisory_committee_on_immunization_practices', 'recommend_vaccination', 'influenza', 'down']
['food_and_drug_administration', 'approve_authorize', 'vaccine', 'down']
['centers_for_disease_control', 'detect', 'cases', 'down']
['health_and_human_services', 'report_release', 'hospitalizations', 'down']
recall_all: 0.26666666666666666 precision_all: 0.08
Labels:
['centers_for_disease_control', 'report_release', 'influenza', 'up']
['centers_for_disease_control', 'issue_guidance', 'influenza', 'ambiguous']
['centers_for_disease_control', 'report_release', 'h1n1', 'ambiguous']
['centers_for_disease_control', 'report_release', 'h5n1', 'up']
['food_and_drug_administration', 'report_release', 'influenza', 'ambiguous']

===== RAW GENERATION (decoded) =====
The observed trend in the data indicates that the proportion of U.S. influenza patients has been steadily declining over the past three months, with the weekly proportion falling from just above 2 % to around 1.3 %. This downward trajectory is consistent with the natural post-peak seasonal decline typical of influenza activity following the winter surge. The rate of decrease, as captured by the weekly dOT values, has been consistently negative, with the most recent week showing a smaller decline (-0.033), suggesting the descent is beginning to plateau. This pattern aligns with epidemiological expectations: as spring progresses, reduced indoor crowding, increased humidity, and rising population immunity from prior exposure and vaccination collectively suppress transmission. The tapering rate of decline may also reflect residual circulation of influenza B strains, which often persist slightly longer than the dominant A strains that drive mid-season peaks. Overall, the data portray a waning influenza season entering its terminal phase, with no evidence of resurgence.

⟪FINAL⟫
{
  "hypotheses": [
    {
      "key": "centers_for_disease_control|report_release|influenza|down"
    },
    {
      "key": "advisory_committee_on_immunization_practices|recommend_vaccination|influenza|down"
    },
    {
      "key": "health_and_human_services|detect|influenza|down"
    },
    {
      "key": "national_institute_on_aging|conduct_study|mortality|down"
    },
    {
      "key": "food_and_drug_administration|approve_authorize|vaccine|ambiguous"
    }
  ]
}
===== END RAW GENERATION =====
[DEBUG] parsed JSON: {"hypotheses": [{"key": "centers_for_disease_control|report_release|influenza|down"}, {"key": "advisory_committee_on_immunization_practices|recommend_vaccination|influenza|down"}, {"key": "health_and_human_services|detect|influenza|down"}, {"key": "national_institute_on_aging|conduct_study|mortality|down"}, {"key": "food_and_drug_administration|approve_authorize|vaccine|ambiguous"}]}
['centers_for_disease_control', 'report_release', 'influenza', 'down']
['advisory_committee_on_immunization_practices', 'recommend_vaccination', 'influenza', 'down']
['health_and_human_services', 'detect', 'influenza', 'down']
['national_institute_on_aging', 'conduct_study', 'mortality', 'down']
['food_and_drug_administration', 'approve_authorize', 'vaccine', 'ambiguous']
recall_all: 0.25555555555555554 precision_all: 0.10000000000000002
Labels:
['centers_for_disease_control', 'report_release', 'influenza', 'ambiguous']
['centers_for_disease_control', 'report_release', 'influenza', 'up']
['centers_for_disease_control', 'issue_guidance', 'influenza', 'ambiguous']
['centers_for_disease_control', 'report_release', 'mortality', 'ambiguous']
['world_health_organization', 'report_release', 'h5n1', 'ambiguous']

===== RAW GENERATION (decoded) =====
The observed trend in the data indicates that the proportion of U.S. influenza patients (OT) reached a seasonal low around t8 (1.202 %), after which the weekly change (dOT) turned positive and accelerated from c2 onward. The sustained negative dOT through c1 mirrors the late-spring trough that typically follows winter’s peak, driven by warmer weather, lower indoor crowding, and natural post-season immunity. The reversal to positive dOT starting in c2 (+0.038) and building to c4 (+0.098) is steeper than the usual summer “baseline drift,” suggesting that something more than random fluctuation is at play. In real-world terms, this mid-month inflection coincides with the period when schools begin summer sessions, camps open, and air-conditioned indoor mixing rises; simultaneously, waning vaccine-derived immunity five-plus months after the spring campaign can allow low-level community transmission to re-emerge. Importantly, the absolute OT remains below 1.4 %, so the upswing is still modest, but the directional shift implies either (i) an early antigenic drift strain gaining a foothold, (ii) increased testing or reporting intensity, or (iii) a localized outbreak that is large enough to bend the national proportion. Any of these drivers would be consistent with the monotonic acceleration seen in the most recent three weekly deltas.

⟪FINAL⟫
{
  "hypotheses": [
    {
      "key": "centers_for_disease_control|detect|influenza|up"
    },
    {
      "key": "advisory_committee_on_immunization_practices|issue_guidance|vaccination|up"
    },
    {
      "key": "united_states|outbreak|cases|up"
    },
    {
      "key": "food_and_drug_administration|approve_authorize|vaccine|ambiguous"
    },
    {
      "key": "national_institute_on_aging|conduct_study|hospitalizations|up"
    }
  ]
}
===== END RAW GENERATION =====
[DEBUG] parsed JSON: {"hypotheses": [{"key": "centers_for_disease_control|detect|influenza|up"}, {"key": "advisory_committee_on_immunization_practices|issue_guidance|vaccination|up"}, {"key": "united_states|outbreak|cases|up"}, {"key": "food_and_drug_administration|approve_authorize|vaccine|ambiguous"}, {"key": "national_institute_on_aging|conduct_study|hospitalizations|up"}]}
['centers_for_disease_control', 'detect', 'influenza', 'up']
['advisory_committee_on_immunization_practices', 'issue_guidance', 'vaccination', 'up']
['united_states', 'outbreak', 'cases', 'up']
['food_and_drug_administration', 'approve_authorize', 'vaccine', 'ambiguous']
['national_institute_on_aging', 'conduct_study', 'hospitalizations', 'up']
recall_all: 0.21904761904761902 precision_all: 0.08571428571428573
Labels:
['advisory_committee_on_immunization_practices', 'issue_guidance', 'vaccination', 'ambiguous']
['centers_for_disease_control', 'report_release', 'influenza', 'ambiguous']
['health_and_human_services', 'report_release', 'influenza', 'up']
['national_institute_on_aging', 'issue_guidance', 'vaccination', 'ambiguous']

===== RAW GENERATION (decoded) =====
The observed trend in the data indicates a classic late-autumn acceleration of influenza activity. After a gentle decline from early October through mid-November (t0–t5), the proportion of outpatient visits for influenza-like illness bottomed out around 1.19 % and then reversed sharply. The sequential rises from t6 onward trace the upslope of the 2023–24 season’s epidemic curve, with weekly increments (dOT) that more than doubled between c0 and c1 before tapering to smaller, but still positive, gains. This pattern is consistent with cooler weather driving people indoors, holiday travel and gatherings amplifying transmission, and the waning of any early-season population immunity. The pronounced jump in the first two weeks of December (c0–c1) suggests that a threshold of community transmission was crossed, after which the virus found an expanding supply of susceptible hosts; the subsequent deceleration (c2–c3) may reflect the first effects of provider-initiated vaccination campaigns and voluntary social distancing rather than a true peak, since absolute proportions remain elevated. Overall, the data portray an influenza season that has moved from localized clusters to widespread circulation within the span of a single month.

⟪FINAL⟫
{
  "hypotheses": [
    {
      "key": "centers_for_disease_control|issue_guidance|vaccination|up"
    },
    {
      "key": "advisory_committee_on_immunization_practices|recommend_vaccination|influenza|up"
    },
    {
      "key": "united_states|detect|cases|up"
    },
    {
      "key": "health_and_human_services|report_release|hospitalizations|up"
    },
    {
      "key": "food_and_drug_administration|approve_authorize|vaccine|ambiguous"
    }
  ]
}
===== END RAW GENERATION =====
[DEBUG] parsed JSON: {"hypotheses": [{"key": "centers_for_disease_control|issue_guidance|vaccination|up"}, {"key": "advisory_committee_on_immunization_practices|recommend_vaccination|influenza|up"}, {"key": "united_states|detect|cases|up"}, {"key": "health_and_human_services|report_release|hospitalizations|up"}, {"key": "food_and_drug_administration|approve_authorize|vaccine|ambiguous"}]}
['centers_for_disease_control', 'issue_guidance', 'vaccination', 'up']
['advisory_committee_on_immunization_practices', 'recommend_vaccination', 'influenza', 'up']
['united_states', 'detect', 'cases', 'up']
['health_and_human_services', 'report_release', 'hospitalizations', 'up']
['food_and_drug_administration', 'approve_authorize', 'vaccine', 'ambiguous']
recall_all: 0.19166666666666665 precision_all: 0.07500000000000001
Labels:
['centers_for_disease_control', 'issue_guidance', 'vaccination', 'ambiguous']
['advisory_committee_on_immunization_practices', 'issue_guidance', 'vaccination', 'ambiguous']
['centers_for_disease_control', 'report_release', 'hospitalizations', 'up']
['centers_for_disease_control', 'report_release', 'influenza', 'up']

===== RAW GENERATION (decoded) =====
The observed trend in the data indicates that influenza activity has been climbing steadily since early autumn, with the proportion of outpatient visits for influenza-like illness rising from just over 1.2 % twelve weeks ago to 2.26 % by the end of the context window. The acceleration became especially pronounced between t4 and t7, when the weekly proportion jumped from 1.36 % to nearly 2 %, a pace consistent with the typical ascent of the seasonal epidemic curve once community transmission reaches a critical threshold. Within the current month, however, the momentum has moderated: after a brief dip (–0.033 percentage points), the series rebounded with three consecutive weekly gains that are progressively smaller in magnitude (+0.143, +0.045, +0.080). This deceleration in the week-to-week increments—despite an absolute level that remains elevated—suggests that the outbreak is approaching an early plateau, likely shaped by a combination of rising population immunity, holiday-period changes in healthcare-seeking behavior, and real-time public-health actions such as mid-season vaccination pushes and updated clinician alerts. The slight volatility around the Thanksgiving holiday may also reflect reporting artifacts and transient shifts in patient flow rather than true transmission dynamics, reinforcing the interpretation that the epidemic curve is beginning to flatten.

⟪FINAL⟫
{
  "hypotheses": [
    {
      "key": "centers_for_disease_control|issue_guidance|influenza|up"
    },
    {
      "key": "advisory_committee_on_immunization_practices|recommend_vaccination|vaccine|up"
    },
    {
      "key": "health_and_human_services|report_release|hospitalizations|up"
    },
    {
      "key": "food_and_drug_administration|approve_authorize|vaccine|ambiguous"
    },
    {
      "key": "united_states|detect|cases|up"
    }
  ]
}
===== END RAW GENERATION =====
[DEBUG] parsed JSON: {"hypotheses": [{"key": "centers_for_disease_control|issue_guidance|influenza|up"}, {"key": "advisory_committee_on_immunization_practices|recommend_vaccination|vaccine|up"}, {"key": "health_and_human_services|report_release|hospitalizations|up"}, {"key": "food_and_drug_administration|approve_authorize|vaccine|ambiguous"}, {"key": "united_states|detect|cases|up"}]}
['centers_for_disease_control', 'issue_guidance', 'influenza', 'up']
['advisory_committee_on_immunization_practices', 'recommend_vaccination', 'vaccine', 'up']
['health_and_human_services', 'report_release', 'hospitalizations', 'up']
['food_and_drug_administration', 'approve_authorize', 'vaccine', 'ambiguous']
['united_states', 'detect', 'cases', 'up']
recall_all: 0.17037037037037037 precision_all: 0.06666666666666668
Labels:
['centers_for_disease_control', 'issue_guidance', 'vaccination', 'ambiguous']
['centers_for_disease_control', 'report_release', 'influenza', 'ambiguous']
['centers_for_disease_control', 'report_release', 'influenza', 'up']
['centers_for_disease_control', 'conduct_study', 'influenza', 'ambiguous']
['centers_for_disease_control', 'conduct_study', 'respiratory_syncytial_virus', 'ambiguous']

===== RAW GENERATION (decoded) =====
The observed trend in the data indicates a sustained and accelerating rise in the proportion of influenza-like-illness visits over the last twelve weeks, with the pace of weekly increases (dP) more than tripling from +0.05 at the start of the current month to +0.41 by its fourth week. This steepening gradient, culminating in a 33 % jump from 2.9 % to 3.3 % of all outpatient visits, is consistent with the typical December ignition of seasonal influenza activity, amplified this year by an early arrival of both A(H3N2) and A(H1N1)pdm09 strains and persistently low post-pandemic vaccination coverage. The successive upward revisions in weekly increments suggest that holiday travel, indoor crowding, and waning population immunity are converging to push transmission beyond the expected baseline, while sentinel laboratories report a parallel surge in positive flu swabs and pediatric hospital admissions—classic real-time signals that the winter epidemic wave has begun in earnest.

⟪FINAL⟫
{
  "hypotheses": [
    {
      "key": "centers_for_disease_control|detect|influenza|up"
    },
    {
      "key": "advisory_committee_on_immunization_practices|recommend_vaccination|influenza|up"
    },
    {
      "key": "united_states|report_release|hospitalizations|up"
    },
    {
      "key": "health_and_human_services|confirm|cases|up"
    },
    {
      "key": "centers_for_disease_control|issue_guidance|vaccination|up"
    }
  ]
} 
===== END RAW GENERATION =====
[DEBUG] parsed JSON: {"hypotheses": [{"key": "centers_for_disease_control|detect|influenza|up"}, {"key": "advisory_committee_on_immunization_practices|recommend_vaccination|influenza|up"}, {"key": "united_states|report_release|hospitalizations|up"}, {"key": "health_and_human_services|confirm|cases|up"}, {"key": "centers_for_disease_control|issue_guidance|vaccination|up"}]}
['centers_for_disease_control', 'detect', 'influenza', 'up']
['advisory_committee_on_immunization_practices', 'recommend_vaccination', 'influenza', 'up']
['united_states', 'report_release', 'hospitalizations', 'up']
['health_and_human_services', 'confirm', 'cases', 'up']
['centers_for_disease_control', 'issue_guidance', 'vaccination', 'up']
recall_all: 0.1733333333333333 precision_all: 0.08
Labels:
['centers_for_disease_control', 'report_release', 'influenza', 'up']
['centers_for_disease_control', 'approve_authorize', 'influenza', 'ambiguous']
['centers_for_disease_control', 'issue_guidance', 'influenza', 'ambiguous']
['centers_for_disease_control', 'recommend_vaccination', 'influenza', 'ambiguous']
['centers_for_disease_control', 'report_release', 'deaths', 'up']

===== RAW GENERATION (decoded) =====
The observed trend in the data indicates a steady, seasonally-consistent rise in the proportion of patients seeking care for influenza-like illness across the United States over the last twelve weeks, with the rate of increase actually accelerating within the most recent four-week window.  From early autumn (t0–t3) the weekly proportion climbed only modestly, consistent with background late-year circulation, but beginning in late November (t5) the curve steepened and the incremental weekly gain (dOT) doubled from roughly +0.17 to +0.39 between the last two observations.  Such acceleration is typical when colder, drier air becomes entrenched nationwide, driving more indoor congregation and facilitating aerosol transmission; it is further amplified once holiday travel and school breaks intensify person-to-person contacts.  The absence of any plateau suggests that peak activity has not yet been reached, implying that both virologic circulation and healthcare-seeking behavior are still climbing toward a mid-winter apex.  Consequently, the real-time policy focus has shifted toward reinforcing vaccination uptake, alerting clinicians to early antiviral treatment, and heightening surveillance for any signal of strain mismatch or increased severity.

⟪FINAL⟫
{
  "hypotheses": [
    {
      "key": "centers_for_disease_control|issue_guidance|influenza|up"
    },
    {
      "key": "advisory_committee_on_immunization_practices|recommend_vaccination|vaccination|up"
    },
    {
      "key": "united_states|detect|cases|up"
    },
    {
      "key": "health_and_human_services|report_release|hospitalizations|up"
    },
    {
      "key": "food_and_drug_administration|confirm|vaccine|ambiguous"
    }
  ]
}
===== END RAW GENERATION =====
[DEBUG] parsed JSON: {"hypotheses": [{"key": "centers_for_disease_control|issue_guidance|influenza|up"}, {"key": "advisory_committee_on_immunization_practices|recommend_vaccination|vaccination|up"}, {"key": "united_states|detect|cases|up"}, {"key": "health_and_human_services|report_release|hospitalizations|up"}, {"key": "food_and_drug_administration|confirm|vaccine|ambiguous"}]}
['centers_for_disease_control', 'issue_guidance', 'influenza', 'up']
['advisory_committee_on_immunization_practices', 'recommend_vaccination', 'vaccination', 'up']
['united_states', 'detect', 'cases', 'up']
['health_and_human_services', 'report_release', 'hospitalizations', 'up']
['food_and_drug_administration', 'confirm', 'vaccine', 'ambiguous']
recall_all: 0.17575757575757575 precision_all: 0.09090909090909091
Labels:
['centers_for_disease_control', 'report_release', 'influenza', 'ambiguous']
['centers_for_disease_control', 'report_release', 'influenza', 'up']
['centers_for_disease_control', 'report_release', 'cases', 'up']
['centers_for_disease_control', 'report_release', 'h5n1', 'ambiguous']

===== RAW GENERATION (decoded) =====
The observed trend in the data indicates a classic mid-season influenza upswing. From t0 to t9 the proportion of outpatient visits for influenza-like illness rose at a fairly steady compound rate, reflecting the expected autumn-to-winter acceleration as schools resumed, indoor crowding increased, and temperatures dropped. The inflection at t10–t11 (dP = +0.853 and +1.104) marks the steepest two-week jump in the series, a pace that usually coincides with the first widespread local transmission in populous states rather than with a true antigenic novelty. The subsequent deceleration in c2 (dP = +0.594) is equally informative: it is too early for herd-effect or vaccine-induced population protection, so the slowdown most plausibly mirrors the natural post-holiday plateau that occurs when the initial holiday-travel seeding wave exhausts the most susceptible weekend congregate settings. Together, the pattern is consistent with a season dominated by influenza A/H1N1 and A/H3N2 strains already included in the current vaccine, with no evidence yet of an antigenic drift event or a sharp pediatric-driven spike that would signal B-lineage predominance. The absolute level—still below the 7 % baseline that historically corresponds to peak weekly hospitalizations—suggests the season has not yet crested, and further increases are likely through the next two to three weeks unless an unexpected intervention or school closure disrupts transmission.

⟪FINAL⟫
{
  "hypotheses": [
    {
      "key": "centers_for_disease_control|report_release|influenza|up"
    },
    {
      "key": "advisory_committee_on_immunization_practices|recommend_vaccination|influenza|up"
    },
    {
      "key": "united_states|detect|influenza|up"
    },
    {
      "key": "centers_for_disease_control|issue_guidance|vaccination|up"
    },
    {
      "key": "health_and_human_services|rate_change|hospitalizations|up"
    }
  ]
}
===== END RAW GENERATION =====
[DEBUG] parsed JSON: {"hypotheses": [{"key": "centers_for_disease_control|report_release|influenza|up"}, {"key": "advisory_committee_on_immunization_practices|recommend_vaccination|influenza|up"}, {"key": "united_states|detect|influenza|up"}, {"key": "centers_for_disease_control|issue_guidance|vaccination|up"}, {"key": "health_and_human_services|rate_change|hospitalizations|up"}]}
['centers_for_disease_control', 'report_release', 'influenza', 'up']
['advisory_committee_on_immunization_practices', 'recommend_vaccination', 'influenza', 'up']
['united_states', 'detect', 'influenza', 'up']
['centers_for_disease_control', 'issue_guidance', 'vaccination', 'up']
['health_and_human_services', 'rate_change', 'hospitalizations', 'up']
recall_all: 0.20277777777777775 precision_all: 0.09999999999999999
Labels:
['centers_for_disease_control', 'report_release', 'influenza', 'up']
['centers_for_disease_control', 'report_release', 'influenza', 'ambiguous']
['centers_for_disease_control', 'issue_guidance', 'vaccination', 'ambiguous']
['centers_for_disease_control', 'recommend_vaccination', 'vaccination', 'ambiguous']
['centers_for_disease_control', 'report_release', 'influenza', 'down']

===== RAW GENERATION (decoded) =====
The observed trend in the data indicates a classic influenza-season curve that peaked around week t7 (6.904 % of outpatient visits) and has since entered a sustained decline.  The steep rise from t0–t7 mirrors the expected winter acceleration of influenza transmission as schools reopened after the holidays and indoor crowding increased.  The equally sharp drop after t7 (–1.143 % in the first week of the current month) is consistent with the combined effects of post-holiday reductions in social mixing, rising population immunity from both natural infection and late-season vaccination, and the normal seasonal retreat of influenza once daylight hours lengthen and absolute humidity begins to rise.  The deceleration of the negative slope within the current month (from –1.143 to –0.127 and finally to a marginal +0.054) suggests that the epidemic is now hovering near its baseline, with only localized pockets of transmission remaining.  This plateauing behavior often coincides with public-health actions taken in real time—such as updated vaccination guidance, targeted antiviral use, or official confirmation that the worst of the season has passed—which can reinforce the downward momentum and prevent an early rebound.

⟪FINAL⟫
{
  "hypotheses": [
    {
      "key": "centers_for_disease_control|issue_guidance|vaccination|down"
    },
    {
      "key": "advisory_committee_on_immunization_practices|recommend_vaccination|influenza|down"
    },
    {
      "key": "centers_for_disease_control|report_release|hospitalizations|down"
    },
    {
      "key": "food_and_drug_administration|approve_authorize|vaccine|down"
    },
    {
      "key": "united_states|detect|influenza|down"
    }
  ]
}
===== END RAW GENERATION =====
[DEBUG] parsed JSON: {"hypotheses": [{"key": "centers_for_disease_control|issue_guidance|vaccination|down"}, {"key": "advisory_committee_on_immunization_practices|recommend_vaccination|influenza|down"}, {"key": "centers_for_disease_control|report_release|hospitalizations|down"}, {"key": "food_and_drug_administration|approve_authorize|vaccine|down"}, {"key": "united_states|detect|influenza|down"}]}
['centers_for_disease_control', 'issue_guidance', 'vaccination', 'down']
['advisory_committee_on_immunization_practices', 'recommend_vaccination', 'influenza', 'down']
['centers_for_disease_control', 'report_release', 'hospitalizations', 'down']
['food_and_drug_administration', 'approve_authorize', 'vaccine', 'down']
['united_states', 'detect', 'influenza', 'down']
recall_all: 0.20256410256410257 precision_all: 0.10769230769230768
Labels:
['centers_for_disease_control', 'issue_guidance', 'influenza', 'ambiguous']
['centers_for_disease_control', 'report_release', 'influenza', 'up']
['centers_for_disease_control', 'issue_guidance', 'vaccination', 'ambiguous']
['centers_for_disease_control', 'recommend_vaccination', 'influenza', 'ambiguous']
['centers_for_disease_control', 'recommend_vaccination', 'vaccination', 'ambiguous']

===== RAW GENERATION (decoded) =====
The observed trend in the data indicates that the proportion of influenza patients peaked around mid-season (t2–t3) and then steadily declined through the remainder of the 12-week window, settling into a low plateau by late spring. The recent month’s differentials (dOT) reveal a brief, modest rebound (+0.122) followed by three consecutive weeks of gentle contraction (-0.066, -0.016, -0.239), suggesting that the tail-end of the season is losing momentum rather than staging a secondary wave. This pattern is consistent with the natural waning of influenza transmission as warmer weather reduces indoor crowding, schools dismiss for summer, and population immunity—both infection- and vaccine-derived—accumulates. The absence of any upward inflection in the last four weeks implies that no late-season antigenic drift or localized outbreak has been large enough to reverse the downward trajectory, while the shallow slope of decline hints that a residual baseline of sporadic cases will persist until the virus nears inter-seasonal extinction.

⟪FINAL⟫
{
  "hypotheses": [
    {
      "key": "centers_for_disease_control|issue_guidance|vaccination|down"
    },
    {
      "key": "advisory_committee_on_immunization_practices|recommend_vaccination|influenza|down"
    },
    {
      "key": "united_states|detect|cases|down"
    },
    {
      "key": "centers_for_disease_control|report_release|hospitalizations|down"
    },
    {
      "key": "food_and_drug_administration|approve_authorize|vaccine|ambiguous"
    }
  ]
}
===== END RAW GENERATION =====
[DEBUG] parsed JSON: {"hypotheses": [{"key": "centers_for_disease_control|issue_guidance|vaccination|down"}, {"key": "advisory_committee_on_immunization_practices|recommend_vaccination|influenza|down"}, {"key": "united_states|detect|cases|down"}, {"key": "centers_for_disease_control|report_release|hospitalizations|down"}, {"key": "food_and_drug_administration|approve_authorize|vaccine|ambiguous"}]}
['centers_for_disease_control', 'issue_guidance', 'vaccination', 'down']
['advisory_committee_on_immunization_practices', 'recommend_vaccination', 'influenza', 'down']
['united_states', 'detect', 'cases', 'down']
['centers_for_disease_control', 'report_release', 'hospitalizations', 'down']
['food_and_drug_administration', 'approve_authorize', 'vaccine', 'ambiguous']
recall_all: 0.20238095238095238 precision_all: 0.11428571428571428
Labels:
['centers_for_disease_control', 'report_release', 'influenza', 'up']
['centers_for_disease_control', 'report_release', 'influenza', 'ambiguous']

===== RAW GENERATION (decoded) =====
The observed trend in the data indicates that the proportion of U.S. influenza patients has been steadily declining over the past three months, with the most recent weeks showing a consistent deceleration in the rate of decrease. The weekly proportion peaked around t0 at 5.762% and has since fallen to 3.030% by t12, with the most recent month (c0–c3) showing a narrowing negative delta: from –0.351 to –0.120. This pattern suggests that the influenza season is transitioning out of its epidemic phase, likely due to a combination of rising population immunity, seasonal temperature shifts, and ongoing vaccination efforts. The diminishing rate of decline implies that the tail-end of the season is approaching baseline levels, consistent with historical post-peak behavior. The absence of any rebound or plateau further supports the interpretation that transmission is waning naturally, rather than being interrupted by a new viral event or policy intervention.

⟪FINAL⟫
{
  "hypotheses": [
    {
      "key": "centers_for_disease_control|issue_guidance|influenza|down"
    },
    {
      "key": "advisory_committee_on_immunization_practices|recommend_vaccination|influenza|down"
    },
    {
      "key": "united_states|detect|cases|down"
    },
    {
      "key": "health_and_human_services|report_release|hospitalizations|down"
    },
    {
      "key": "food_and_drug_administration|approve_authorize|vaccine|ambiguous"
    }
  ]
}
===== END RAW GENERATION =====
[DEBUG] parsed JSON: {"hypotheses": [{"key": "centers_for_disease_control|issue_guidance|influenza|down"}, {"key": "advisory_committee_on_immunization_practices|recommend_vaccination|influenza|down"}, {"key": "united_states|detect|cases|down"}, {"key": "health_and_human_services|report_release|hospitalizations|down"}, {"key": "food_and_drug_administration|approve_authorize|vaccine|ambiguous"}]}
['centers_for_disease_control', 'issue_guidance', 'influenza', 'down']
['advisory_committee_on_immunization_practices', 'recommend_vaccination', 'influenza', 'down']
['united_states', 'detect', 'cases', 'down']
['health_and_human_services', 'report_release', 'hospitalizations', 'down']
['food_and_drug_administration', 'approve_authorize', 'vaccine', 'ambiguous']
recall_all: 0.1888888888888889 precision_all: 0.10666666666666666
Labels:
['centers_for_disease_control', 'report_release', 'h5n1', 'up']
['centers_for_disease_control', 'confirm', 'h5n1', 'ambiguous']
['centers_for_disease_control', 'outbreak', 'h5n1', 'ambiguous']

===== RAW GENERATION (decoded) =====
The observed trend in the data indicates a sustained, decelerating decline in the weekly proportion of influenza-like-illness visits that began three months ago and has carried into the current month.  From t0 to t12 the series falls roughly 2.3 percentage-points, but the month-to-date differentials (c0-c4) show the descent is flattening: the weekly decrement shrank from –0.293 to –0.053, then widened only slightly to –0.098.  This pattern is consistent with the natural downslope of a winter-season epidemic curve that has already exhausted most of its susceptible pool and is now being cushioned by warmer weather, increased daylight, and reduced indoor crowding.  Within the last four weeks the slowing contraction suggests the epidemic has crossed the “late-season” inflection point where transmission efficiency drops below replacement level; any residual circulation is probably being propped up by regional pockets of lower vaccine uptake or late-season school reopening after spring break.  Public-health agencies would therefore be reacting to a fading threat rather than a growing one, focusing on end-of-season reporting, vaccine effectiveness studies, and reassuring guidance that the worst has passed.

⟪FINAL⟫
{
  "hypotheses": [
    {
      "key": "centers_for_disease_control|issue_guidance|influenza|down"
    },
    {
      "key": "advisory_committee_on_immunization_practices|conduct_study|vaccine|down"
    },
    {
      "key": "health_and_human_services|report_release|hospitalizations|down"
    },
    {
      "key": "food_and_drug_administration|approve_authorize|vaccination|ambiguous"
    },
    {
      "key": "national_institute_on_aging|recommend_vaccination|influenza|down"
    }
  ]
}
===== END RAW GENERATION =====
[DEBUG] parsed JSON: {"hypotheses": [{"key": "centers_for_disease_control|issue_guidance|influenza|down"}, {"key": "advisory_committee_on_immunization_practices|conduct_study|vaccine|down"}, {"key": "health_and_human_services|report_release|hospitalizations|down"}, {"key": "food_and_drug_administration|approve_authorize|vaccination|ambiguous"}, {"key": "national_institute_on_aging|recommend_vaccination|influenza|down"}]}
['centers_for_disease_control', 'issue_guidance', 'influenza', 'down']
['advisory_committee_on_immunization_practices', 'conduct_study', 'vaccine', 'down']
['health_and_human_services', 'report_release', 'hospitalizations', 'down']
['food_and_drug_administration', 'approve_authorize', 'vaccination', 'ambiguous']
['national_institute_on_aging', 'recommend_vaccination', 'influenza', 'down']
recall_all: 0.17708333333333334 precision_all: 0.09999999999999999
Labels:
['centers_for_disease_control', 'detect', 'h5n1', 'ambiguous']

===== RAW GENERATION (decoded) =====
The observed trend in the data indicates a steady, almost monotonic decline in the proportion of influenza-like-illness outpatient visits from early winter into spring, consistent with the natural post-peak relaxation of seasonal flu activity. After cresting above 4 % twelve weeks ago, the OT value has fallen by roughly half, with the most recent four-week window showing a gentle deceleration in the rate of decrease (weekly dOT averaging about –0.11). This pattern mirrors the typical influenza season curve in the United States: a sharp rise in December–January, a peak in late January or early February, and a prolonged downslope as warmer weather, rising absolute humidity, and depletion of susceptible hosts reduce transmission. The current-month deceleration suggests that the epidemic wave is approaching its summer baseline, but the persistence of measurable activity implies low-level community circulation rather than an abrupt cutoff. Public-health actions during this tapering phase—such as updated vaccination guidance, surveillance reports confirming the dominant strain, or targeted outreach to vulnerable groups—can influence how quickly the proportion settles to inter-seasonal levels and whether any late-season upticks are detected.

⟪FINAL⟫
{
  "hypotheses": [
    {
      "key": "centers_for_disease_control|issue_guidance|vaccination|down"
    },
    {
      "key": "advisory_committee_on_immunization_practices|recommend_vaccination|influenza|down"
    },
    {
      "key": "centers_for_disease_control|report_release|influenza|down"
    },
    {
      "key": "food_and_drug_administration|approve_authorize|vaccine|ambiguous"
    },
    {
      "key": "united_states|detect|cases|down"
    }
  ]
}
===== END RAW GENERATION =====
[DEBUG] parsed JSON: {"hypotheses": [{"key": "centers_for_disease_control|issue_guidance|vaccination|down"}, {"key": "advisory_committee_on_immunization_practices|recommend_vaccination|influenza|down"}, {"key": "centers_for_disease_control|report_release|influenza|down"}, {"key": "food_and_drug_administration|approve_authorize|vaccine|ambiguous"}, {"key": "united_states|detect|cases|down"}]}
['centers_for_disease_control', 'issue_guidance', 'vaccination', 'down']
['advisory_committee_on_immunization_practices', 'recommend_vaccination', 'influenza', 'down']
['centers_for_disease_control', 'report_release', 'influenza', 'down']
['food_and_drug_administration', 'approve_authorize', 'vaccine', 'ambiguous']
['united_states', 'detect', 'cases', 'down']
recall_all: 0.16666666666666669 precision_all: 0.09411764705882353
