Labels:
['centers_for_disease_control', 'report_release', 'influenza', 'ambiguous']
['centers_for_disease_control', 'report_release', 'influenza', 'up']
['united_states', 'rate_change', 'hospitalizations', 'up']
['united_states', 'report_release', 'influenza', 'ambiguous']
['united_states', 'report_release', 'influenza', 'up']

===== RAW GENERATION (decoded) =====
The observed trend in the data indicates a decline in the weekly U.S. influenza patients' proportion over the last three months, with a notable decrease in the current month. The proportion of patients (P) started at 5.735 and generally trended downward, with some fluctuations, to reach 2.705 by the end of the previous month. In the current month, the changes in proportion (dP) have been negative, indicating a continued decline, although at a slower pace towards the end of the month, with dP values of -1.020, -0.351, -0.034, +0.014, and +0.019. This pattern suggests that the influenza season may be winding down, potentially due to increased vaccination efforts, changes in weather that are less conducive to the spread of the virus, or a natural decrease in the number of cases as the season progresses. The slowing rate of decline in the current month could indicate a stabilization of the situation or the emergence of localized outbreaks.

⟪FINAL⟫
{
  "hypotheses": [
    {
      "key": "centers_for_disease_control|issue_guidance|vaccination|up"
    },
    {
      "key": "united_states|recommend_vaccination|influenza|down"
    },
    {
      "key": "world_health_organization|report_release|influenza|down"
    },
    {
      "key": "advisory_committee_on_immunization_practices|recommend_vaccination|vaccine|up"
    },
    {
      "key": "health_and_human_services|conduct_study|influenza|down"
    }
  ]
}
===== END RAW GENERATION =====
[DEBUG] parsed JSON: {"hypotheses": [{"key": "centers_for_disease_control|issue_guidance|vaccination|up"}, {"key": "united_states|recommend_vaccination|influenza|down"}, {"key": "world_health_organization|report_release|influenza|down"}, {"key": "advisory_committee_on_immunization_practices|recommend_vaccination|vaccine|up"}, {"key": "health_and_human_services|conduct_study|influenza|down"}]}
['centers_for_disease_control', 'issue_guidance', 'vaccination', 'up']
['united_states', 'recommend_vaccination', 'influenza', 'down']
['world_health_organization', 'report_release', 'influenza', 'down']
['advisory_committee_on_immunization_practices', 'recommend_vaccination', 'vaccine', 'up']
['health_and_human_services', 'conduct_study', 'influenza', 'down']
recall_all: 0.0 precision_all: 0.0
Labels:
['centers_for_disease_control', 'report_release', 'influenza', 'up']
['centers_for_disease_control', 'report_release', 'influenza', 'ambiguous']

===== RAW GENERATION (decoded) =====
The observed trend in the data indicates a consistent decline in the proportion of U.S. influenza patients over the last three months, with a notable decrease in the overall proportion from 6.462% to 2.404%. The data from the current month shows a continued downward trend in the weekly change in proportion (dP), with all values being negative, indicating a sustained decrease in influenza cases. This pattern suggests that influenza activity is waning. The steady decline could be attributed to various factors, including the effectiveness of vaccination campaigns, changes in public behavior such as increased use of masks and social distancing, or the natural cycle of the influenza season. The current month's data, with its continued negative dP values, reinforces the notion that the influenza season is progressing towards its typical low point.

⟪FINAL⟫{
  "hypotheses": [
    {"key": "centers_for_disease_control|report_release|influenza|down"},
    {"key": "advisory_committee_on_immunization_practices|recommend_vaccination|vaccine|down"},
    {"key": "united_states|conduct_study|influenza|down"},
    {"key": "world_health_organization|issue_guidance|influenza|down"},
    {"key": "food_and_drug_administration|approve_authorize|vaccine|down"}
  ]
}
===== END RAW GENERATION =====
[DEBUG] parsed JSON: {"hypotheses": [{"key": "centers_for_disease_control|report_release|influenza|down"}, {"key": "advisory_committee_on_immunization_practices|recommend_vaccination|vaccine|down"}, {"key": "united_states|conduct_study|influenza|down"}, {"key": "world_health_organization|issue_guidance|influenza|down"}, {"key": "food_and_drug_administration|approve_authorize|vaccine|down"}]}
['centers_for_disease_control', 'report_release', 'influenza', 'down']
['advisory_committee_on_immunization_practices', 'recommend_vaccination', 'vaccine', 'down']
['united_states', 'conduct_study', 'influenza', 'down']
['world_health_organization', 'issue_guidance', 'influenza', 'down']
['food_and_drug_administration', 'approve_authorize', 'vaccine', 'down']
recall_all: 0.5 precision_all: 0.1
Labels:
['centers_for_disease_control', 'report_release', 'influenza', 'ambiguous']
['centers_for_disease_control', 'report_release', 'influenza', 'up']

===== RAW GENERATION (decoded) =====
The observed trend in the data indicates a consistent decline in the proportion of U.S. influenza patients over the last three months, with a weekly average proportion decreasing from 3.058 to 2.206. Within the current month, the weekly change in proportion (dP) has continued to show a downward trend, with values ranging from +0.031 to -0.143. This suggests that the influenza activity has been steadily decreasing. The initial slight increase in dP at the start of the current month followed by a consistent decline could be attributed to various factors such as changes in public behavior, interventions by health organizations, or natural fluctuations in influenza seasonality. The overall downward trend may be influenced by factors like increased vaccination rates, improved public health measures, or a natural decline in influenza cases as the season progresses.

⟪FINAL⟫{
  "hypotheses": [
    {"key": "centers_for_disease_control|issue_guidance|vaccination|up"},
    {"key": "advisory_committee_on_immunization_practices|recommend_vaccination|influenza|up"},
    {"key": "united_states|report_release|cases|down"},
    {"key": "world_health_organization|conduct_study|influenza|ambiguous"},
    {"key": "food_and_drug_administration|approve_authorize|vaccine|up"}
  ]
}
===== END RAW GENERATION =====
[DEBUG] parsed JSON: {"hypotheses": [{"key": "centers_for_disease_control|issue_guidance|vaccination|up"}, {"key": "advisory_committee_on_immunization_practices|recommend_vaccination|influenza|up"}, {"key": "united_states|report_release|cases|down"}, {"key": "world_health_organization|conduct_study|influenza|ambiguous"}, {"key": "food_and_drug_administration|approve_authorize|vaccine|up"}]}
['centers_for_disease_control', 'issue_guidance', 'vaccination', 'up']
['advisory_committee_on_immunization_practices', 'recommend_vaccination', 'influenza', 'up']
['united_states', 'report_release', 'cases', 'down']
['world_health_organization', 'conduct_study', 'influenza', 'ambiguous']
['food_and_drug_administration', 'approve_authorize', 'vaccine', 'up']
recall_all: 0.3333333333333333 precision_all: 0.06666666666666667
Labels:
['centers_for_disease_control', 'report_release', 'influenza', 'up']
['united_states', 'report_release', 'h5n1', 'ambiguous']

===== RAW GENERATION (decoded) =====
The observed trend in the data indicates a decline in the weekly U.S. influenza patients proportion over the last three months, with some fluctuations. Specifically, the proportion decreased from 2.705 at t0 to 2.073 at t9, before slightly increasing to 2.017 at t12. Within the current month, the trend has shown a slight increase, with a decrease in the rate of decline in the proportion of patients. This pattern could suggest that the influenza season is winding down, but with some variability. The recent slight increase in the proportion of patients, accompanied by small changes in dP, might be indicative of emerging factors, such as changes in vaccination rates, weather conditions, or the emergence of a new strain of the virus. 

The recent small increases in dP (+0.019 and +0.044) could be indicative of a potential shift in the trend, possibly due to targeted interventions or changes in public behavior. However, without additional context, such as data on vaccination rates, weather patterns, or other external factors, it is challenging to pinpoint the exact causes of these fluctuations.

⟪FINAL⟫
{
  "hypotheses": [
    {
      "key": "centers_for_disease_control|issue_guidance|vaccination|up"
    },
    {
      "key": "united_states|report_release|influenza|down"
    },
    {
      "key": "world_health_organization|conduct_study|h1n1|ambiguous"
    },
    {
      "key": "advisory_committee_on_immunization_practices|recommend_vaccination|vaccine|up"
    },
    {
      "key": "health_and_human_services|approve_authorize|respiratory_syncytial_virus|down"
    }
  ]
}
===== END RAW GENERATION =====
[DEBUG] parsed JSON: {"hypotheses": [{"key": "centers_for_disease_control|issue_guidance|vaccination|up"}, {"key": "united_states|report_release|influenza|down"}, {"key": "world_health_organization|conduct_study|h1n1|ambiguous"}, {"key": "advisory_committee_on_immunization_practices|recommend_vaccination|vaccine|up"}, {"key": "health_and_human_services|approve_authorize|respiratory_syncytial_virus|down"}]}
['centers_for_disease_control', 'issue_guidance', 'vaccination', 'up']
['united_states', 'report_release', 'influenza', 'down']
['world_health_organization', 'conduct_study', 'h1n1', 'ambiguous']
['advisory_committee_on_immunization_practices', 'recommend_vaccination', 'vaccine', 'up']
['health_and_human_services', 'approve_authorize', 'respiratory_syncytial_virus', 'down']
recall_all: 0.25 precision_all: 0.05
Labels:
['centers_for_disease_control', 'recommend_vaccination', 'vaccination', 'ambiguous']
['centers_for_disease_control', 'report_release', 'influenza', 'up']
['food_and_drug_administration', 'approve_authorize', 'vaccine', 'ambiguous']

===== RAW GENERATION (decoded) =====
The observed trend in the data indicates a decline in the weekly U.S. influenza patients proportion over the last 3 months, with some fluctuations. Specifically, the proportion decreased from 2.435 at t0 to 1.693 at t12. Within the current month, the trend continued with a sharp decline of 0.245 in the most recent week (c4). This pattern suggests a possible decrease in influenza cases, which could be attributed to various factors such as seasonal variation, increased vaccination rates, or changes in public behavior. The recent sharp decline could be indicative of a significant event or announcement related to influenza, such as a new vaccination recommendation or a reported outbreak.

⟪FINAL⟫
{
  "hypotheses": [
    {
      "key": "centers_for_disease_control|issue_guidance|influenza|down"
    },
    {
      "key": "advisory_committee_on_immunization_practices|recommend_vaccination|vaccination|up"
    },
    {
      "key": "world_health_organization|report_release|influenza|down"
    },
    {
      "key": "health_and_human_services|conduct_study|influenza|down"
    },
    {
      "key": "food_and_drug_administration|approve_authorize|vaccine|up"
    }
  ]
}
===== END RAW GENERATION =====
[DEBUG] parsed JSON: {"hypotheses": [{"key": "centers_for_disease_control|issue_guidance|influenza|down"}, {"key": "advisory_committee_on_immunization_practices|recommend_vaccination|vaccination|up"}, {"key": "world_health_organization|report_release|influenza|down"}, {"key": "health_and_human_services|conduct_study|influenza|down"}, {"key": "food_and_drug_administration|approve_authorize|vaccine|up"}]}
['centers_for_disease_control', 'issue_guidance', 'influenza', 'down']
['advisory_committee_on_immunization_practices', 'recommend_vaccination', 'vaccination', 'up']
['world_health_organization', 'report_release', 'influenza', 'down']
['health_and_human_services', 'conduct_study', 'influenza', 'down']
['food_and_drug_administration', 'approve_authorize', 'vaccine', 'up']
recall_all: 0.26666666666666666 precision_all: 0.08
Labels:
['centers_for_disease_control', 'report_release', 'influenza', 'up']
['centers_for_disease_control', 'issue_guidance', 'influenza', 'ambiguous']
['centers_for_disease_control', 'report_release', 'h1n1', 'ambiguous']
['centers_for_disease_control', 'report_release', 'h5n1', 'up']
['food_and_drug_administration', 'report_release', 'influenza', 'ambiguous']

===== RAW GENERATION (decoded) =====
The observed trend in the data indicates a consistent decline in the weekly U.S. influenza patients proportion over the past three months, with a more pronounced decrease in the current month. The proportion of patients has been steadily decreasing from 2.073 at t0 to 1.291 at t12. In the current month, the weekly changes in proportion (dP) have been negative, ranging from -0.118 to -0.131, indicating a significant drop in influenza cases. This trend suggests a possible decrease in influenza activity, which could be attributed to various factors such as seasonal changes, increased vaccination rates, or public health interventions. The sharp decline in the current month could be indicative of a response to a specific event or a change in public behavior.

⟪FINAL⟫
{
  "hypotheses": [
    {
      "key": "centers_for_disease_control|issue_guidance|influenza|down"
    },
    {
      "key": "united_states|recommend_vaccination|vaccination|up"
    },
    {
      "key": "world_health_organization|report_release|influenza|down"
    },
    {
      "key": "advisory_committee_on_immunization_practices|recommend_vaccination|vaccine|up"
    },
    {
      "key": "health_and_human_services|conduct_study|influenza|down"
    }
  ]
}
===== END RAW GENERATION =====
[DEBUG] parsed JSON: {"hypotheses": [{"key": "centers_for_disease_control|issue_guidance|influenza|down"}, {"key": "united_states|recommend_vaccination|vaccination|up"}, {"key": "world_health_organization|report_release|influenza|down"}, {"key": "advisory_committee_on_immunization_practices|recommend_vaccination|vaccine|up"}, {"key": "health_and_human_services|conduct_study|influenza|down"}]}
['centers_for_disease_control', 'issue_guidance', 'influenza', 'down']
['united_states', 'recommend_vaccination', 'vaccination', 'up']
['world_health_organization', 'report_release', 'influenza', 'down']
['advisory_committee_on_immunization_practices', 'recommend_vaccination', 'vaccine', 'up']
['health_and_human_services', 'conduct_study', 'influenza', 'down']
recall_all: 0.25555555555555554 precision_all: 0.10000000000000002
Labels:
['centers_for_disease_control', 'report_release', 'influenza', 'ambiguous']
['centers_for_disease_control', 'report_release', 'influenza', 'up']
['centers_for_disease_control', 'issue_guidance', 'influenza', 'ambiguous']
['centers_for_disease_control', 'report_release', 'mortality', 'ambiguous']
['world_health_organization', 'report_release', 'h5n1', 'ambiguous']

===== RAW GENERATION (decoded) =====
The observed trend in the data indicates a fluctuating pattern in the proportion of U.S. influenza patients over the last 3 months, with a general decline in the proportion until the 9th week, followed by a slight increase. The data from the current month shows a continued decline initially, with a decrease in the proportion of influenza patients, but then a steady increase from the 2nd week onwards. This trend suggests that after an initial decline, influenza cases started to rise again within the current month. The plausible real-world causes for this trend could be related to various factors such as changes in public health measures, weather conditions, or the emergence of a new influenza strain. The initial decline could be attributed to increased vaccination efforts or heightened public awareness, while the subsequent rise might be due to waning immunity, increased social mixing during certain periods, or the circulation of a more transmissible strain.

⟪FINAL⟫
{
  "hypotheses": [
    {
      "key": "centers_for_disease_control|report_release|influenza|up"
    },
    {
      "key": "united_states|conduct_study|vaccine|ambiguous"
    },
    {
      "key": "world_health_organization|issue_guidance|h1n1|down"
    },
    {
      "key": "food_and_drug_administration|approve_authorize|vaccine|up"
    },
    {
      "key": "advisory_committee_on_immunization_practices|recommend_vaccination|influenza|up"
    }
  ]
}
===== END RAW GENERATION =====
[DEBUG] parsed JSON: {"hypotheses": [{"key": "centers_for_disease_control|report_release|influenza|up"}, {"key": "united_states|conduct_study|vaccine|ambiguous"}, {"key": "world_health_organization|issue_guidance|h1n1|down"}, {"key": "food_and_drug_administration|approve_authorize|vaccine|up"}, {"key": "advisory_committee_on_immunization_practices|recommend_vaccination|influenza|up"}]}
['centers_for_disease_control', 'report_release', 'influenza', 'up']
['united_states', 'conduct_study', 'vaccine', 'ambiguous']
['world_health_organization', 'issue_guidance', 'h1n1', 'down']
['food_and_drug_administration', 'approve_authorize', 'vaccine', 'up']
['advisory_committee_on_immunization_practices', 'recommend_vaccination', 'influenza', 'up']
recall_all: 0.27619047619047615 precision_all: 0.1142857142857143
Labels:
['advisory_committee_on_immunization_practices', 'issue_guidance', 'vaccination', 'ambiguous']
['centers_for_disease_control', 'report_release', 'influenza', 'ambiguous']
['health_and_human_services', 'report_release', 'influenza', 'up']
['national_institute_on_aging', 'issue_guidance', 'vaccination', 'ambiguous']

===== RAW GENERATION (decoded) =====
The observed trend in the data indicates a fluctuating pattern of weekly U.S. influenza patients' proportion over the last 3 months, with a notable increase in the current month. Initially, the proportion (P) decreased from 1.575 to 1.291 over the first 4 weeks, followed by a slight increase and then another decrease. However, in the current month, there is a consistent upward trend in the weekly changes (dP), from +0.047 to +0.287. This recent surge suggests a potential resurgence or increase in influenza cases. Connecting this pattern to possible events, it is plausible that factors such as changes in vaccination rates, emergence of new influenza strains, or shifts in public behavior (e.g., reduced mask-wearing, increased travel) could be influencing these trends. The increase in cases could also be attributed to the typical seasonal variation of influenza, with the current month possibly entering a peak season. Furthermore, public health responses, such as recommendations for vaccination or updates from health organizations, might also impact these trends.

⟪FINAL⟫
{
  "hypotheses": [
    {
      "key": "centers_for_disease_control|issue_guidance|influenza|up"
    },
    {
      "key": "united_states|report_release|hospitalizations|up"
    },
    {
      "key": "world_health_organization|confirm|influenza|up"
    },
    {
      "key": "advisory_committee_on_immunization_practices|recommend_vaccination|vaccination|up"
    },
    {
      "key": "health_and_human_services|conduct_study|cases|up"
    }
  ]
}
===== END RAW GENERATION =====
[DEBUG] parsed JSON: {"hypotheses": [{"key": "centers_for_disease_control|issue_guidance|influenza|up"}, {"key": "united_states|report_release|hospitalizations|up"}, {"key": "world_health_organization|confirm|influenza|up"}, {"key": "advisory_committee_on_immunization_practices|recommend_vaccination|vaccination|up"}, {"key": "health_and_human_services|conduct_study|cases|up"}]}
['centers_for_disease_control', 'issue_guidance', 'influenza', 'up']
['united_states', 'report_release', 'hospitalizations', 'up']
['world_health_organization', 'confirm', 'influenza', 'up']
['advisory_committee_on_immunization_practices', 'recommend_vaccination', 'vaccination', 'up']
['health_and_human_services', 'conduct_study', 'cases', 'up']
recall_all: 0.24166666666666664 precision_all: 0.1
Labels:
['centers_for_disease_control', 'issue_guidance', 'vaccination', 'ambiguous']
['advisory_committee_on_immunization_practices', 'issue_guidance', 'vaccination', 'ambiguous']
['centers_for_disease_control', 'report_release', 'hospitalizations', 'up']
['centers_for_disease_control', 'report_release', 'influenza', 'up']

===== RAW GENERATION (decoded) =====
The observed trend in the data indicates a notable increase in weekly U.S. influenza patients' proportion over the last three months, with a recent surge in the current month. The proportion of patients (P) has been steadily increasing from t0 to t12, with some fluctuations. Specifically, in the last 3 months, the proportion has risen from 1.202 to 2.259. In the current month, the weekly changes in proportion (dP) have been -0.033, +0.143, +0.045, and +0.080, suggesting a slight acceleration in the increase rate. This pattern suggests a possible seasonal trend, as influenza cases often peak during certain times of the year. However, the recent uptick in cases could be driven by various factors, including changes in vaccination rates, viral strain circulation, or shifts in population behavior.

The steady increase in influenza patients over the past three months, followed by a slight acceleration in the current month, may indicate a growing outbreak. The fact that the increases are happening in a relatively short period suggests that the driving factors might be related to recent events or developments in the public health landscape.

⟪FINAL⟫
{
  "hypotheses": [
    {
      "key": "centers_for_disease_control|issue_guidance|influenza|ambiguous"
    },
    {
      "key": "united_states|report_release|influenza|up"
    },
    {
      "key": "world_health_organization|conduct_study|influenza|up"
    },
    {
      "key": "advisory_committee_on_immunization_practices|recommend_vaccination|vaccination|up"
    },
    {
      "key": "health_and_human_services|approve_authorize|vaccine|down"
    }
  ]
}
===== END RAW GENERATION =====
[DEBUG] parsed JSON: {"hypotheses": [{"key": "centers_for_disease_control|issue_guidance|influenza|ambiguous"}, {"key": "united_states|report_release|influenza|up"}, {"key": "world_health_organization|conduct_study|influenza|up"}, {"key": "advisory_committee_on_immunization_practices|recommend_vaccination|vaccination|up"}, {"key": "health_and_human_services|approve_authorize|vaccine|down"}]}
['centers_for_disease_control', 'issue_guidance', 'influenza', 'ambiguous']
['united_states', 'report_release', 'influenza', 'up']
['world_health_organization', 'conduct_study', 'influenza', 'up']
['advisory_committee_on_immunization_practices', 'recommend_vaccination', 'vaccination', 'up']
['health_and_human_services', 'approve_authorize', 'vaccine', 'down']
recall_all: 0.2148148148148148 precision_all: 0.08888888888888889
Labels:
['centers_for_disease_control', 'issue_guidance', 'vaccination', 'ambiguous']
['centers_for_disease_control', 'report_release', 'influenza', 'ambiguous']
['centers_for_disease_control', 'report_release', 'influenza', 'up']
['centers_for_disease_control', 'conduct_study', 'influenza', 'ambiguous']
['centers_for_disease_control', 'conduct_study', 'respiratory_syncytial_virus', 'ambiguous']

===== RAW GENERATION (decoded) =====
The observed trend in the data indicates a steady increase in the proportion of U.S. influenza patients over the last three months, with a notable acceleration in the current month. The weekly proportion of influenza patients has been rising consistently, from 1.540 to 3.325 over the 13-week period, with a more pronounced increase in the current month, as evidenced by the weekly changes (dP) ranging from +0.050 to +0.413. This pattern suggests that influenza activity is intensifying, potentially due to various factors such as changes in weather, increased circulation of influenza viruses, or shifts in healthcare-seeking behavior. The steeper incline in recent weeks may be attributed to a combination of these factors, possibly exacerbated by the onset of colder weather or other seasonal factors that facilitate the spread of the virus.

⟪FINAL⟫{
  "hypotheses": [
    {"key": "centers_for_disease_control|report_release|influenza|up"},
    {"key": "united_states|conduct_study|influenza|ambiguous"},
    {"key": "world_health_organization|issue_guidance|vaccine|up"},
    {"key": "food_and_drug_administration|approve_authorize|vaccine|up"},
    {"key": "advisory_committee_on_immunization_practices|recommend_vaccination|influenza|up"}
  ]
}
===== END RAW GENERATION =====
[DEBUG] parsed JSON: {"hypotheses": [{"key": "centers_for_disease_control|report_release|influenza|up"}, {"key": "united_states|conduct_study|influenza|ambiguous"}, {"key": "world_health_organization|issue_guidance|vaccine|up"}, {"key": "food_and_drug_administration|approve_authorize|vaccine|up"}, {"key": "advisory_committee_on_immunization_practices|recommend_vaccination|influenza|up"}]}
['centers_for_disease_control', 'report_release', 'influenza', 'up']
['united_states', 'conduct_study', 'influenza', 'ambiguous']
['world_health_organization', 'issue_guidance', 'vaccine', 'up']
['food_and_drug_administration', 'approve_authorize', 'vaccine', 'up']
['advisory_committee_on_immunization_practices', 'recommend_vaccination', 'influenza', 'up']
recall_all: 0.2333333333333333 precision_all: 0.1
Labels:
['centers_for_disease_control', 'report_release', 'influenza', 'up']
['centers_for_disease_control', 'approve_authorize', 'influenza', 'ambiguous']
['centers_for_disease_control', 'issue_guidance', 'influenza', 'ambiguous']
['centers_for_disease_control', 'recommend_vaccination', 'influenza', 'ambiguous']
['centers_for_disease_control', 'report_release', 'deaths', 'up']

===== RAW GENERATION (decoded) =====
The observed trend in the data indicates a consistent increase in the weekly U.S. influenza patients proportion over the last 3 months, with a notable acceleration in the current month. The proportion of patients has been steadily rising from 1.991 at t0 to 4.354 at t12. In the current month, the weekly changes in proportion (dP) have been +0.247, +0.216, +0.171, and +0.395, suggesting some variability but an overall upward trend. This pattern suggests that the influenza season is likely peaking or still increasing, which could be driven by various factors including the type of circulating influenza viruses, vaccination rates, and public health responses. The increase in dP values, particularly the latest +0.395, may indicate a recent surge in cases possibly due to increased transmission as people gather more frequently during the holiday season or due to the emergence of a more transmissible strain.

⟪FINAL⟫
{
  "hypotheses": [
    {
      "key": "centers_for_disease_control|issue_guidance|influenza|up"
    },
    {
      "key": "united_states|report_release|hospitalizations|up"
    },
    {
      "key": "world_health_organization|confirm|h1n1|up"
    },
    {
      "key": "advisory_committee_on_immunization_practices|recommend_vaccination|vaccination|up"
    },
    {
      "key": "health_and_human_services|conduct_study|influenza|up"
    }
  ]
}
===== END RAW GENERATION =====
[DEBUG] parsed JSON: {"hypotheses": [{"key": "centers_for_disease_control|issue_guidance|influenza|up"}, {"key": "united_states|report_release|hospitalizations|up"}, {"key": "world_health_organization|confirm|h1n1|up"}, {"key": "advisory_committee_on_immunization_practices|recommend_vaccination|vaccination|up"}, {"key": "health_and_human_services|conduct_study|influenza|up"}]}
['centers_for_disease_control', 'issue_guidance', 'influenza', 'up']
['united_states', 'report_release', 'hospitalizations', 'up']
['world_health_organization', 'confirm', 'h1n1', 'up']
['advisory_committee_on_immunization_practices', 'recommend_vaccination', 'vaccination', 'up']
['health_and_human_services', 'conduct_study', 'influenza', 'up']
recall_all: 0.2303030303030303 precision_all: 0.10909090909090909
Labels:
['centers_for_disease_control', 'report_release', 'influenza', 'ambiguous']
['centers_for_disease_control', 'report_release', 'influenza', 'up']
['centers_for_disease_control', 'report_release', 'cases', 'up']
['centers_for_disease_control', 'report_release', 'h5n1', 'ambiguous']

===== RAW GENERATION (decoded) =====
The observed trend in the data indicates a consistent increase in the weekly U.S. influenza patients proportion over the last 3 months, with a notable acceleration in the current month. The proportion of patients has been steadily rising from 2.259 at t0 to 6.904 at t12, with the most significant jumps occurring in the current month, particularly with increases of 0.853, 1.104, and 0.594 in the weekly proportions. This pattern suggests a potential outbreak or increased transmission of influenza. The sharp increases in the current month, especially the jump to 6.310 at t11 and 6.904 at t12, imply a rapid escalation in cases. This trend could be driven by various factors, including the onset of the flu season, viral mutations, or changes in population behavior. The significant rise in cases within a short period may also indicate a response from health authorities, such as increased vaccination efforts or public awareness campaigns.

⟪FINAL⟫
{
  "hypotheses": [
    {
      "key": "centers_for_disease_control|issue_guidance|influenza|up"
    },
    {
      "key": "united_states|report_release|cases|up"
    },
    {
      "key": "world_health_organization|conduct_study|influenza|up"
    },
    {
      "key": "advisory_committee_on_immunization_practices|recommend_vaccination|vaccination|up"
    },
    {
      "key": "health_and_human_services|approve_authorize|vaccine|up"
    }
  ]
}
===== END RAW GENERATION =====
[DEBUG] parsed JSON: {"hypotheses": [{"key": "centers_for_disease_control|issue_guidance|influenza|up"}, {"key": "united_states|report_release|cases|up"}, {"key": "world_health_organization|conduct_study|influenza|up"}, {"key": "advisory_committee_on_immunization_practices|recommend_vaccination|vaccination|up"}, {"key": "health_and_human_services|approve_authorize|vaccine|up"}]}
['centers_for_disease_control', 'issue_guidance', 'influenza', 'up']
['united_states', 'report_release', 'cases', 'up']
['world_health_organization', 'conduct_study', 'influenza', 'up']
['advisory_committee_on_immunization_practices', 'recommend_vaccination', 'vaccination', 'up']
['health_and_human_services', 'approve_authorize', 'vaccine', 'up']
recall_all: 0.2111111111111111 precision_all: 0.09999999999999999
Labels:
['centers_for_disease_control', 'report_release', 'influenza', 'up']
['centers_for_disease_control', 'report_release', 'influenza', 'ambiguous']
['centers_for_disease_control', 'issue_guidance', 'vaccination', 'ambiguous']
['centers_for_disease_control', 'recommend_vaccination', 'vaccination', 'ambiguous']
['centers_for_disease_control', 'report_release', 'influenza', 'down']

===== RAW GENERATION (decoded) =====
The observed trend in the data indicates a notable shift in the weekly U.S. influenza patients proportion over the last three months. Initially, there's a clear upward trend from t0 to t7, suggesting an increase in influenza cases. This peak is followed by a sharp decline from t8 to t11, indicating a decrease in cases. The trend then somewhat stabilizes around t12. Focusing on the current month, the weekly changes (dP) show a consistent decrease from c0 to c3, followed by a slight increase at c4. This pattern could suggest a response to public health interventions or natural fluctuations in influenza activity. The decrease in cases could be attributed to various factors, including increased vaccination rates, changes in public behavior, or the end of a peak influenza season. The recent slight increase could indicate the emergence of new cases, possibly due to decreased vigilance or the onset of new strains.

⟪FINAL⟫
```json
{
  "hypotheses": [
    {
      "key": "centers_for_disease_control|issue_guidance|vaccination|up"
    },
    {
      "key": "united_states|recommend_vaccination|influenza|up"
    },
    {
      "key": "world_health_organization|report_release|influenza|down"
    },
    {
      "key": "advisory_committee_on_immunization_practices|recommend_vaccination|vaccine|up"
    },
    {
      "key": "health_and_human_services|conduct_study|influenza|down"
    }
  ]
}
```
===== END RAW GENERATION =====
[DEBUG] parsed JSON: {"hypotheses": [{"key": "centers_for_disease_control|issue_guidance|vaccination|up"}, {"key": "united_states|recommend_vaccination|influenza|up"}, {"key": "world_health_organization|report_release|influenza|down"}, {"key": "advisory_committee_on_immunization_practices|recommend_vaccination|vaccine|up"}, {"key": "health_and_human_services|conduct_study|influenza|down"}]}
['centers_for_disease_control', 'issue_guidance', 'vaccination', 'up']
['united_states', 'recommend_vaccination', 'influenza', 'up']
['world_health_organization', 'report_release', 'influenza', 'down']
['advisory_committee_on_immunization_practices', 'recommend_vaccination', 'vaccine', 'up']
['health_and_human_services', 'conduct_study', 'influenza', 'down']
recall_all: 0.21025641025641026 precision_all: 0.10769230769230768
Labels:
['centers_for_disease_control', 'issue_guidance', 'influenza', 'ambiguous']
['centers_for_disease_control', 'report_release', 'influenza', 'up']
['centers_for_disease_control', 'issue_guidance', 'vaccination', 'ambiguous']
['centers_for_disease_control', 'recommend_vaccination', 'influenza', 'ambiguous']
['centers_for_disease_control', 'recommend_vaccination', 'vaccination', 'ambiguous']

===== RAW GENERATION (decoded) =====
The observed trend in the data indicates a fluctuating pattern of weekly U.S. influenza patients' proportion over the last 3 months, with a recent decline in the current month. Initially, the proportion of patients (P) increased from 4.354 to 6.904 over the first 3 months, peaking at t3, then decreased to 4.079 by t12. In the current month, the weekly changes (dP) show a slight increase of +0.122, followed by decreases of -0.066, -0.016, and a more significant drop of -0.239. This trend suggests a peak and subsequent decline in influenza cases, which could be attributed to various factors including seasonal variations, public health interventions, or changes in virus strain prevalence. The recent decline could be influenced by the Centers for Disease Control (CDC) or World Health Organization (WHO) issuing guidance or reporting on vaccination effectiveness, or possibly the Advisory Committee on Immunization Practices (ACIP) recommending vaccination, which might have led to an increase in vaccination rates, thereby reducing cases.

⟪FINAL⟫
{
  "hypotheses": [
    {
      "key": "centers_for_disease_control|issue_guidance|influenza|down"
    },
    {
      "key": "advisory_committee_on_immunization_practices|recommend_vaccination|vaccination|up"
    },
    {
      "key": "world_health_organization|report_release|influenza|down"
    },
    {
      "key": "health_and_human_services|conduct_study|influenza|ambiguous"
    },
    {
      "key": "food_and_drug_administration|approve_authorize|vaccine|up"
    }
  ]
}
===== END RAW GENERATION =====
[DEBUG] parsed JSON: {"hypotheses": [{"key": "centers_for_disease_control|issue_guidance|influenza|down"}, {"key": "advisory_committee_on_immunization_practices|recommend_vaccination|vaccination|up"}, {"key": "world_health_organization|report_release|influenza|down"}, {"key": "health_and_human_services|conduct_study|influenza|ambiguous"}, {"key": "food_and_drug_administration|approve_authorize|vaccine|up"}]}
['centers_for_disease_control', 'issue_guidance', 'influenza', 'down']
['advisory_committee_on_immunization_practices', 'recommend_vaccination', 'vaccination', 'up']
['world_health_organization', 'report_release', 'influenza', 'down']
['health_and_human_services', 'conduct_study', 'influenza', 'ambiguous']
['food_and_drug_administration', 'approve_authorize', 'vaccine', 'up']
recall_all: 0.20952380952380953 precision_all: 0.11428571428571428
Labels:
['centers_for_disease_control', 'report_release', 'influenza', 'up']
['centers_for_disease_control', 'report_release', 'influenza', 'ambiguous']

===== RAW GENERATION (decoded) =====
The observed trend in the data indicates a consistent decline in the weekly U.S. influenza patients proportion over the past three months, with a slight fluctuation. The proportion started at 5.762 and gradually decreased to 3.030 by the end of the observed period. In the current month, the trend continues with a decrease in the proportion of patients, as evidenced by the negative changes in dP values (-0.351, -0.329, -0.248, -0.120). This downward trend suggests a possible decrease in influenza cases, which could be attributed to various factors such as seasonal variation, increased vaccination rates, or public health interventions. The steady decline in the current month's dP values implies that the decrease in influenza patients is slowing down, but still trending downwards. 

The potential driving factors behind this trend could include the effectiveness of current vaccination efforts, changes in public behavior, or the natural fluctuation of influenza seasons. The World Health Organization and the Centers for Disease Control and Prevention (CDC) often issue guidance and recommendations on vaccination and preventive measures, which could impact the trend. 

Given the information and the constraints of the task, here are the hypothesized real-time events that could have influenced the trend within the current month:

⟪FINAL⟫
{
  "hypotheses": [
    {
      "key": "centers_for_disease_control|issue_guidance|influenza|down"
    },
    {
      "key": "united_states|recommend_vaccination|vaccination|up"
    },
    {
      "key": "world_health_organization|report_release|influenza|down"
    },
    {
      "key": "advisory_committee_on_immunization_practices|approve_authorize|vaccine|up"
    },
    {
      "key": "health_and_human_services|conduct_study|influenza|down"
    }
  ]
}
===== END RAW GENERATION =====
[DEBUG] parsed JSON: {"hypotheses": [{"key": "centers_for_disease_control|issue_guidance|influenza|down"}, {"key": "united_states|recommend_vaccination|vaccination|up"}, {"key": "world_health_organization|report_release|influenza|down"}, {"key": "advisory_committee_on_immunization_practices|approve_authorize|vaccine|up"}, {"key": "health_and_human_services|conduct_study|influenza|down"}]}
['centers_for_disease_control', 'issue_guidance', 'influenza', 'down']
['united_states', 'recommend_vaccination', 'vaccination', 'up']
['world_health_organization', 'report_release', 'influenza', 'down']
['advisory_committee_on_immunization_practices', 'approve_authorize', 'vaccine', 'up']
['health_and_human_services', 'conduct_study', 'influenza', 'down']
recall_all: 0.19555555555555557 precision_all: 0.10666666666666666
Labels:
['centers_for_disease_control', 'report_release', 'h5n1', 'up']
['centers_for_disease_control', 'confirm', 'h5n1', 'ambiguous']
['centers_for_disease_control', 'outbreak', 'h5n1', 'ambiguous']

===== RAW GENERATION (decoded) =====
The observed trend in the data indicates a consistent decline in the weekly U.S. influenza patients proportion over the last 12 weeks, with a more pronounced decrease in the current month. The proportion of patients has decreased from 4.400 at t0 to 2.142 at t12, with a notable acceleration in the decline during the current month. The weekly changes in the current month (dP) show a range of decreases, from -0.053 to -0.293. This trend suggests that the influenza season may be winding down, potentially due to a combination of factors such as increased vaccination rates, changes in weather patterns, or the natural fluctuation of the influenza cycle. The Advisory Committee on Immunization Practices and the Centers for Disease Control might be closely monitoring this trend to inform their guidance on vaccination and other preventive measures.

⟪FINAL⟫
{
  "hypotheses": [
    {
      "key": "centers_for_disease_control|issue_guidance|influenza|down"
    },
    {
      "key": "advisory_committee_on_immunization_practices|recommend_vaccination|vaccination|up"
    },
    {
      "key": "united_states|report_release|cases|down"
    },
    {
      "key": "world_health_organization|conduct_study|influenza|down"
    },
    {
      "key": "health_and_human_services|approve_authorize|vaccine|up"
    }
  ]
}
===== END RAW GENERATION =====
[DEBUG] parsed JSON: {"hypotheses": [{"key": "centers_for_disease_control|issue_guidance|influenza|down"}, {"key": "advisory_committee_on_immunization_practices|recommend_vaccination|vaccination|up"}, {"key": "united_states|report_release|cases|down"}, {"key": "world_health_organization|conduct_study|influenza|down"}, {"key": "health_and_human_services|approve_authorize|vaccine|up"}]}
['centers_for_disease_control', 'issue_guidance', 'influenza', 'down']
['advisory_committee_on_immunization_practices', 'recommend_vaccination', 'vaccination', 'up']
['united_states', 'report_release', 'cases', 'down']
['world_health_organization', 'conduct_study', 'influenza', 'down']
['health_and_human_services', 'approve_authorize', 'vaccine', 'up']
recall_all: 0.18333333333333335 precision_all: 0.09999999999999999
Labels:
['centers_for_disease_control', 'detect', 'h5n1', 'ambiguous']

===== RAW GENERATION (decoded) =====
The observed trend in the data indicates a consistent decline in the proportion of U.S. influenza patients over the last three months, with a continued decrease in the current month. The weekly proportion of influenza patients has been steadily dropping from 4.334 at the start of the observed period to 2.032 twelve weeks later. This downward trend suggests a reduction in influenza cases across the U.S. The current month's data, with a decrease of 0.110 in the proportion, aligns with this overall trend. The plausible real-world causes for this decline could be attributed to various factors such as increased vaccination rates, changes in public behavior like improved hygiene practices or reduced travel, or the natural cycle of the influenza season. Additionally, interventions by health organizations could have played a role in this decline.

⟪FINAL⟫{
  "hypotheses": [
    {"key": "centers_for_disease_control|issue_guidance|vaccination|up"},
    {"key": "advisory_committee_on_immunization_practices|recommend_vaccination|influenza|up"},
    {"key": "united_states|conduct_study|influenza|ambiguous"},
    {"key": "world_health_organization|report_release|influenza|down"},
    {"key": "food_and_drug_administration|approve_authorize|vaccine|up"}
  ]
}
===== END RAW GENERATION =====
[DEBUG] parsed JSON: {"hypotheses": [{"key": "centers_for_disease_control|issue_guidance|vaccination|up"}, {"key": "advisory_committee_on_immunization_practices|recommend_vaccination|influenza|up"}, {"key": "united_states|conduct_study|influenza|ambiguous"}, {"key": "world_health_organization|report_release|influenza|down"}, {"key": "food_and_drug_administration|approve_authorize|vaccine|up"}]}
['centers_for_disease_control', 'issue_guidance', 'vaccination', 'up']
['advisory_committee_on_immunization_practices', 'recommend_vaccination', 'influenza', 'up']
['united_states', 'conduct_study', 'influenza', 'ambiguous']
['world_health_organization', 'report_release', 'influenza', 'down']
['food_and_drug_administration', 'approve_authorize', 'vaccine', 'up']
recall_all: 0.17254901960784316 precision_all: 0.09411764705882353
