Labels:
['centers_for_disease_control', 'report_release', 'influenza', 'ambiguous']
['centers_for_disease_control', 'report_release', 'influenza', 'up']
['united_states', 'rate_change', 'hospitalizations', 'up']
['united_states', 'report_release', 'influenza', 'ambiguous']
['united_states', 'report_release', 'influenza', 'up']

===== RAW GENERATION (decoded) =====
**Reasoning Paragraph:**

The observed time-series trend in weekly U.S. influenza patient proportions (OT) reveals a pronounced decline over the past three months, followed by a stabilization in the current month’s weekly changes (dOT). Initially, the proportion of influenza cases peaks at **7.371%** in the first week of the observed period (t0), then steadily declines to **2.672%** by week t10—a pattern consistent with the natural waning of influenza activity as the seasonal peak recedes. The sharpest weekly drops occur between weeks t6 and t7 (from **5.467%** to **4.077%**) and t7 to t8 (from **4.077%** to **3.058%**), suggesting a rapid decline in transmission, potentially due to seasonal cooling or public health interventions. However, the current month’s weekly changes (dOT) exhibit a stabilization around a **baseline of ~2.7%**, with minor fluctuations: a slight rebound in the first two weeks (+0.014 and +0.019) followed by a return to near-zero growth. This stabilization may indicate that residual influenza circulation has plateaued, possibly due to waning immunity in the population, reduced viral shedding, or the cumulative effect of prior interventions.

The most plausible real-world drivers for this trend include **public health guidance shifts** (e.g., relaxed masking recommendations or reduced testing), **vaccine-induced immunity** (if vaccination rates were high in prior months), or **environmental factors** (e.g., warmer weather reducing viral survival). The absence of a sharp uptick in recent weeks also suggests that no major new variant or outbreak (e.g., H5N1 or RSV) has disrupted the baseline influenza trend. Instead, the data hints at a **gradual return to endemic levels**, where residual cases persist but do not escalate—likely due to a combination of seasonal decline and prior public health measures.

---

⟪FINAL⟫
```json
{
  "hypotheses": [
    {
      "key": "centers_for_disease_control|issue_guidance|influenza|down"
    },
    {
      "key": "advisory_committee_on_immunization_practices|recommend_vaccination|vaccine|up"
    },
    {
      "key": "world_health_organization|report_release|cases|ambiguous"
    },
    {
      "key": "health_and_human_services|rate_change|hospitalizations|down"
    },
    {
      "key": "national_institute_on_aging|conduct_study|respiratory_syncytial_virus|down"
    }
  ]
}
```
===== END RAW GENERATION =====
[DEBUG] parsed JSON: {"hypotheses": [{"key": "centers_for_disease_control|issue_guidance|influenza|down"}, {"key": "advisory_committee_on_immunization_practices|recommend_vaccination|vaccine|up"}, {"key": "world_health_organization|report_release|cases|ambiguous"}, {"key": "health_and_human_services|rate_change|hospitalizations|down"}, {"key": "national_institute_on_aging|conduct_study|respiratory_syncytial_virus|down"}]}
['centers_for_disease_control', 'issue_guidance', 'influenza', 'down']
['advisory_committee_on_immunization_practices', 'recommend_vaccination', 'vaccine', 'up']
['world_health_organization', 'report_release', 'cases', 'ambiguous']
['health_and_human_services', 'rate_change', 'hospitalizations', 'down']
['national_institute_on_aging', 'conduct_study', 'respiratory_syncytial_virus', 'down']
recall_all: 0.0 precision_all: 0.0
Labels:
['centers_for_disease_control', 'report_release', 'influenza', 'up']
['centers_for_disease_control', 'report_release', 'influenza', 'ambiguous']

===== RAW GENERATION (decoded) =====
**Reasoning Paragraph:**

The observed time-series trend in weekly U.S. influenza patient proportions (OT) reveals a pronounced decline over the past three months, transitioning from elevated levels (6.462% at t0) to a stabilized plateau around 2.4–2.7% by the end of the observed window. This suggests a significant waning of influenza activity, likely reflecting the natural seasonal decline toward summer months when influenza transmission typically diminishes due to warmer temperatures, reduced indoor crowding, and increased outdoor activities. The current month’s weekly changes in the derivative (dOT) further underscore this pattern, with most weeks showing negative shifts (e.g., –0.068 to –0.143), indicating a continued downward trajectory. Notably, the sharpest decline (–0.143 at c2) may hint at a localized or temporary disruption in transmission, such as a targeted public health intervention or an unanticipated external factor (e.g., a heatwave or behavioral change). The stability of the later weeks (smaller negative or near-zero dP values) implies the trend has leveled off, possibly due to residual immunity from prior exposure or seasonal immunity waning. While seasonal patterns explain the broad decline, the granularity of the current month’s data—particularly the variability in weekly dOT—suggests real-time influences beyond typical seasonal trends, warranting closer examination of recent public health actions or environmental shifts.

---

⟪FINAL⟫
```json
{
  "hypotheses": [
    {
      "key": "centers_for_disease_control|issue_guidance|influenza|down"
    },
    {
      "key": "advisory_committee_on_immunization_practices|recommend_vaccination|vaccine|up"
    },
    {
      "key": "world_health_organization|report_release|h5n1|ambiguous"
    },
    {
      "key": "health_and_human_services|detect|respiratory_syncytial_virus|up"
    },
    {
      "key": "national_institute_on_aging|conduct_study|hospitalizations|down"
    }
  ]
}
```
===== END RAW GENERATION =====
[DEBUG] parsed JSON: {"hypotheses": [{"key": "centers_for_disease_control|issue_guidance|influenza|down"}, {"key": "advisory_committee_on_immunization_practices|recommend_vaccination|vaccine|up"}, {"key": "world_health_organization|report_release|h5n1|ambiguous"}, {"key": "health_and_human_services|detect|respiratory_syncytial_virus|up"}, {"key": "national_institute_on_aging|conduct_study|hospitalizations|down"}]}
['centers_for_disease_control', 'issue_guidance', 'influenza', 'down']
['advisory_committee_on_immunization_practices', 'recommend_vaccination', 'vaccine', 'up']
['world_health_organization', 'report_release', 'h5n1', 'ambiguous']
['health_and_human_services', 'detect', 'respiratory_syncytial_virus', 'up']
['national_institute_on_aging', 'conduct_study', 'hospitalizations', 'down']
recall_all: 0.0 precision_all: 0.0
Labels:
['centers_for_disease_control', 'report_release', 'influenza', 'ambiguous']
['centers_for_disease_control', 'report_release', 'influenza', 'up']

===== RAW GENERATION (decoded) =====
**Reasoning Paragraph:**

The observed time-series trend in weekly U.S. influenza patient proportions (OT) over the past three months reveals a clear downward trajectory, stabilizing around 2.4–2.7% before experiencing a pronounced decline in the current month. Initially, the proportion hovered near 3.0% at the start of the observed period, gradually decreasing to ~2.2% by the final week of the prior month—a pattern consistent with seasonal waning of influenza activity as winter progresses. However, the current month’s weekly changes (dOT) introduce a striking divergence: after a modest initial increase (+0.031), the proportion plummets sharply over three consecutive weeks (down to −0.143), suggesting an abrupt shift in influenza dynamics. This abrupt decline could reflect several real-world factors: first, the cumulative effect of public health interventions (e.g., vaccination campaigns or behavioral changes) gaining traction; second, the emergence of a novel strain or variant with reduced transmissibility; or third, external disruptions like supply chain issues limiting vaccine availability or healthcare capacity constraints. The timing aligns with typical late-winter influenza trends, but the magnitude of the drop hints at targeted interventions or unexpected external pressures, such as a localized outbreak containment effort or a policy shift by regulatory bodies. The data’s abruptness also raises questions about whether the decline is uniform across regions or concentrated in specific high-burden areas, warranting further granular analysis.

---

⟪FINAL⟫
```json
{
  "hypotheses": [
    {
      "key": "centers_for_disease_control|issue_guidance|influenza|down"
    },
    {
      "key": "advisory_committee_on_immunization_practices|recommend_vaccination|vaccination|up"
    },
    {
      "key": "united_states|conduct_study|respiratory_syncytial_virus|ambiguous"
    },
    {
      "key": "food_and_drug_administration|approve_authorize|vaccine|up"
    },
    {
      "key": "health_and_human_services|report_release|hospitalizations|down"
    }
  ]
}
```
===== END RAW GENERATION =====
[DEBUG] parsed JSON: {"hypotheses": [{"key": "centers_for_disease_control|issue_guidance|influenza|down"}, {"key": "advisory_committee_on_immunization_practices|recommend_vaccination|vaccination|up"}, {"key": "united_states|conduct_study|respiratory_syncytial_virus|ambiguous"}, {"key": "food_and_drug_administration|approve_authorize|vaccine|up"}, {"key": "health_and_human_services|report_release|hospitalizations|down"}]}
['centers_for_disease_control', 'issue_guidance', 'influenza', 'down']
['advisory_committee_on_immunization_practices', 'recommend_vaccination', 'vaccination', 'up']
['united_states', 'conduct_study', 'respiratory_syncytial_virus', 'ambiguous']
['food_and_drug_administration', 'approve_authorize', 'vaccine', 'up']
['health_and_human_services', 'report_release', 'hospitalizations', 'down']
recall_all: 0.0 precision_all: 0.0
Labels:
['centers_for_disease_control', 'report_release', 'influenza', 'up']
['united_states', 'report_release', 'h5n1', 'ambiguous']

===== RAW GENERATION (decoded) =====
**Reasoning Paragraph:**

The observed time-series trend in weekly U.S. influenza patient proportions (OT) over the last three months reveals a clear downward trajectory, followed by a stabilization and subtle fluctuation in the current month. Initially, the proportion declines steadily from **2.705** at *t0* to **1.954** at *t10*, suggesting a consistent reduction in influenza activity—likely reflecting seasonal waning of the virus, improved public health measures, or the cumulative effect of vaccination efforts. However, the current month’s weekly changes (*dP*) introduce nuanced variation: two weeks of decline (*c0*: –0.134, *c1*: –0.118) are followed by modest increases (*c2*: +0.019, *c3*: +0.044), hinting at a potential resurgence or localized outbreaks. This pattern may correlate with real-world events such as delayed vaccination uptake, a shift in viral sublineages, or external disruptions (e.g., holidays or policy changes) that temporarily altered reporting or transmission dynamics. The stabilization around **1.954–2.017** could also indicate a plateau in immunity levels, where residual population protection from prior exposure or vaccination is balancing new cases. The abrupt but small upticks in *c2* and *c3* warrant closer scrutiny, as they may signal early warning signs of a second wave or targeted outbreaks in specific regions.

---

⟪FINAL⟫
```json
{
  "hypotheses": [
    {
      "key": "centers_for_disease_control|issue_guidance|vaccination|down"
    },
    {
      "key": "advisory_committee_on_immunization_practices|recommend_vaccination|influenza|up"
    },
    {
      "key": "world_health_organization|report_release|cases|up"
    },
    {
      "key": "food_and_drug_administration|approve_authorize|vaccine|ambiguous"
    },
    {
      "key": "national_institute_on_aging|conduct_study|hospitalizations|down"
    }
  ]
}
```
===== END RAW GENERATION =====
[DEBUG] parsed JSON: {"hypotheses": [{"key": "centers_for_disease_control|issue_guidance|vaccination|down"}, {"key": "advisory_committee_on_immunization_practices|recommend_vaccination|influenza|up"}, {"key": "world_health_organization|report_release|cases|up"}, {"key": "food_and_drug_administration|approve_authorize|vaccine|ambiguous"}, {"key": "national_institute_on_aging|conduct_study|hospitalizations|down"}]}
['centers_for_disease_control', 'issue_guidance', 'vaccination', 'down']
['advisory_committee_on_immunization_practices', 'recommend_vaccination', 'influenza', 'up']
['world_health_organization', 'report_release', 'cases', 'up']
['food_and_drug_administration', 'approve_authorize', 'vaccine', 'ambiguous']
['national_institute_on_aging', 'conduct_study', 'hospitalizations', 'down']
recall_all: 0.0 precision_all: 0.0
Labels:
['centers_for_disease_control', 'recommend_vaccination', 'vaccination', 'ambiguous']
['centers_for_disease_control', 'report_release', 'influenza', 'up']
['food_and_drug_administration', 'approve_authorize', 'vaccine', 'ambiguous']

===== RAW GENERATION (decoded) =====
**Reasoning Paragraph:**

The observed time-series trend in weekly U.S. influenza patients proportion (OT) over the past three months reveals a clear downward trajectory, stabilizing near 2.0 before experiencing a pronounced decline in the most recent weeks. Initially, the proportion hovered around 2.4–2.5, gradually decreasing to ~1.9 by week 10, suggesting a seasonal waning of influenza activity as winter progresses. However, the current month’s weekly changes (dOT) introduce a notable volatility: three weeks of modest declines or stability are followed by a sharp drop of -0.245 in week c4, which stands out as an outlier. This abrupt shift could indicate a localized or targeted intervention disrupting influenza transmission dynamics, rather than a broad epidemiological shift. The earlier weeks’ slight decreases (e.g., -0.024 to -0.052) might reflect routine public health measures (e.g., vaccination campaigns or behavioral changes), but the magnitude of week c4’s decline—far exceeding typical weekly variation—points to a more decisive action. The subsequent rebound (+0.024 in week c3) suggests a temporary or partial reversal, possibly due to a countermeasure’s delayed effect or a localized outbreak containment. While seasonal trends alone cannot explain the spike in volatility, real-world events—such as regulatory guidance, vaccine approvals, or targeted outbreak responses—are plausible drivers of this abrupt pattern.

---

⟪FINAL⟫
```json
{
  "hypotheses": [
    {
      "key": "centers_for_disease_control|issue_guidance|influenza|down"
    },
    {
      "key": "advisory_committee_on_immunization_practices|recommend_vaccination|vaccine|up"
    },
    {
      "key": "food_and_drug_administration|approve_authorize|vaccine|up"
    },
    {
      "key": "united_states|conduct_study|hospitalizations|down"
    },
    {
      "key": "world_health_organization|report_release|h5n1|ambiguous"
    }
  ]
}
```
===== END RAW GENERATION =====
[DEBUG] parsed JSON: {"hypotheses": [{"key": "centers_for_disease_control|issue_guidance|influenza|down"}, {"key": "advisory_committee_on_immunization_practices|recommend_vaccination|vaccine|up"}, {"key": "food_and_drug_administration|approve_authorize|vaccine|up"}, {"key": "united_states|conduct_study|hospitalizations|down"}, {"key": "world_health_organization|report_release|h5n1|ambiguous"}]}
['centers_for_disease_control', 'issue_guidance', 'influenza', 'down']
['advisory_committee_on_immunization_practices', 'recommend_vaccination', 'vaccine', 'up']
['food_and_drug_administration', 'approve_authorize', 'vaccine', 'up']
['united_states', 'conduct_study', 'hospitalizations', 'down']
['world_health_organization', 'report_release', 'h5n1', 'ambiguous']
recall_all: 0.06666666666666667 precision_all: 0.04
Labels:
['centers_for_disease_control', 'report_release', 'influenza', 'up']
['centers_for_disease_control', 'issue_guidance', 'influenza', 'ambiguous']
['centers_for_disease_control', 'report_release', 'h1n1', 'ambiguous']
['centers_for_disease_control', 'report_release', 'h5n1', 'up']
['food_and_drug_administration', 'report_release', 'influenza', 'ambiguous']

===== RAW GENERATION (decoded) =====
**Reasoning Paragraph:**

The observed time-series trend in weekly U.S. influenza patient proportions (OT) reveals a pronounced downward trajectory over the past year, transitioning from elevated levels (~2.0%) in the initial months to a marked decline (~1.3%) by the final recorded week. This pattern suggests a sustained reduction in influenza activity, which may reflect seasonal waning of the virus or the cumulative impact of public health interventions. The most striking feature is the abrupt and consistent drop in the *current month’s weekly dOT* values (all negative, averaging ~–0.12), indicating a sharper deceleration in cases than the preceding months. Such a rapid decline could imply a confluence of factors: heightened vaccination uptake, behavioral shifts (e.g., increased mask-wearing or hand hygiene), or the emergence of a competing respiratory pathogen (e.g., RSV) diverting clinical attention. Alternatively, it may signal the natural end-of-season lull, though the magnitude of change suggests an external catalyst. The alignment with historical influenza seasonality—where cases typically taper in late winter—must be weighed against the possibility of targeted public health actions, such as updated vaccination recommendations or localized containment measures, which could have accelerated the decline.

---

⟪FINAL⟫
```json
{
  "hypotheses": [
    {
      "key": "united_states|recommend_vaccination|influenza|up"
    },
    {
      "key": "advisory_committee_on_immunization_practices|approve_authorize|vaccine|up"
    },
    {
      "key": "centers_for_disease_control|report_release|hospitalizations|down"
    },
    {
      "key": "world_health_organization|detect|respiratory_syncytial_virus|up"
    },
    {
      "key": "health_and_human_services|issue_guidance|cases|down"
    }
  ]
}
```
===== END RAW GENERATION =====
[DEBUG] parsed JSON: {"hypotheses": [{"key": "united_states|recommend_vaccination|influenza|up"}, {"key": "advisory_committee_on_immunization_practices|approve_authorize|vaccine|up"}, {"key": "centers_for_disease_control|report_release|hospitalizations|down"}, {"key": "world_health_organization|detect|respiratory_syncytial_virus|up"}, {"key": "health_and_human_services|issue_guidance|cases|down"}]}
['united_states', 'recommend_vaccination', 'influenza', 'up']
['advisory_committee_on_immunization_practices', 'approve_authorize', 'vaccine', 'up']
['centers_for_disease_control', 'report_release', 'hospitalizations', 'down']
['world_health_organization', 'detect', 'respiratory_syncytial_virus', 'up']
['health_and_human_services', 'issue_guidance', 'cases', 'down']
recall_all: 0.05555555555555555 precision_all: 0.03333333333333333
Labels:
['centers_for_disease_control', 'report_release', 'influenza', 'ambiguous']
['centers_for_disease_control', 'report_release', 'influenza', 'up']
['centers_for_disease_control', 'issue_guidance', 'influenza', 'ambiguous']
['centers_for_disease_control', 'report_release', 'mortality', 'ambiguous']
['world_health_organization', 'report_release', 'h5n1', 'ambiguous']

===== RAW GENERATION (decoded) =====
**Reasoning Paragraph:**

The observed time-series trend in weekly U.S. influenza patient proportions (OT) over the past three months reveals a clear downward trajectory, followed by a stabilization and subtle rebound in the current month. Initially, the proportion starts high at **1.966** in the earliest recorded week (t0), gradually declining to **1.193** by week t9—a pattern consistent with the natural waning of influenza activity as the season progresses. However, the current month’s weekly changes in the proportion (dOT) introduce nuanced fluctuations: after two weeks of modest declines (c0: –0.089, c1: –0.009), the data shifts to positive increments (c2: +0.038, c3: +0.030), culminating in a notable spike (c4: +0.098). This reversal suggests a potential resurgence or localized outbreak, possibly driven by external interventions or environmental factors.

The timing and magnitude of these changes align with real-world dynamics such as **vaccination campaigns, policy shifts, or emerging viral variants**. For instance, a recent **recommendation for expanded vaccination** (e.g., targeting high-risk groups or adjusting dosage timing) could have temporarily suppressed cases before a rebound as immunity wanes. Alternatively, a **report of a new influenza strain** or **detection of elevated hospitalizations** might have prompted public health actions, inadvertently altering reporting or behavioral responses. The spike in week c4, in particular, could reflect a **confirmed outbreak** of a more transmissible variant or a **guidance update** (e.g., from the CDC or WHO) that altered testing protocols, temporarily inflating reported cases. Without additional context, the most plausible explanation lies in a combination of **intervening public health measures** and **viral evolution**, where initial suppression gave way to localized resurgence.

---

⟪FINAL⟫
```json
{
  "hypotheses": [
    {
      "key": "centers_for_disease_control|recommend_vaccination|influenza|up"
    },
    {
      "key": "world_health_organization|report_release|h5n1|ambiguous"
    },
    {
      "key": "advisory_committee_on_immunization_practices|approve_authorize|vaccine|up"
    },
    {
      "key": "centers_for_disease_control|detect|hospitalizations|up"
    },
    {
      "key": "health_and_human_services|issue_guidance|cases|up"
    }
  ]
}
```
===== END RAW GENERATION =====
[DEBUG] parsed JSON: {"hypotheses": [{"key": "centers_for_disease_control|recommend_vaccination|influenza|up"}, {"key": "world_health_organization|report_release|h5n1|ambiguous"}, {"key": "advisory_committee_on_immunization_practices|approve_authorize|vaccine|up"}, {"key": "centers_for_disease_control|detect|hospitalizations|up"}, {"key": "health_and_human_services|issue_guidance|cases|up"}]}
['centers_for_disease_control', 'recommend_vaccination', 'influenza', 'up']
['world_health_organization', 'report_release', 'h5n1', 'ambiguous']
['advisory_committee_on_immunization_practices', 'approve_authorize', 'vaccine', 'up']
['centers_for_disease_control', 'detect', 'hospitalizations', 'up']
['health_and_human_services', 'issue_guidance', 'cases', 'up']
recall_all: 0.07619047619047618 precision_all: 0.05714285714285715
Labels:
['advisory_committee_on_immunization_practices', 'issue_guidance', 'vaccination', 'ambiguous']
['centers_for_disease_control', 'report_release', 'influenza', 'ambiguous']
['health_and_human_services', 'report_release', 'influenza', 'up']
['national_institute_on_aging', 'issue_guidance', 'vaccination', 'ambiguous']

===== RAW GENERATION (decoded) =====
**Reasoning Paragraph:**

The observed time-series trend in weekly U.S. influenza patient proportions (OT) over the past three months reveals a clear seasonal pattern followed by a sharp uptick in recent weeks. Initially, the proportion declines steadily from **1.575** at *t0* to **1.193** by *t5*, suggesting the tail end of the influenza season or a period of reduced transmission intensity. However, from *t6* onward, the OT values begin to rise again, culminating in a dramatic spike from **1.540** at *t9* to **2.025** at *t12*—a near **30% increase** over just four weeks. This acceleration aligns with the current month’s weekly changes in the derivative (dOT), where three of the four weeks exhibit **positive growth**, peaking at **+0.287** in *c1*. The most plausible explanation for this resurgence is the emergence of a novel or more transmissible influenza strain, potentially exacerbated by seasonal factors like colder temperatures or reduced immunity in the population. Additionally, delayed reporting lags or changes in testing protocols could contribute, but the consistency of the upward trend across multiple weeks strengthens the case for a true epidemiological shift. The current month’s data, with its pronounced weekly increases, suggests real-time interventions—such as vaccination recommendations, outbreak confirmations, or strain-specific advisories—may have been issued to mitigate the escalating cases.

---

⟪FINAL⟫
```json
{
  "hypotheses": [
    {
      "key": "centers_for_disease_control|report_release|influenza|up"
    },
    {
      "key": "advisory_committee_on_immunization_practices|recommend_vaccination|vaccine|up"
    },
    {
      "key": "world_health_organization|detect|h5n1|ambiguous"
    },
    {
      "key": "health_and_human_services|outbreak|cases|up"
    },
    {
      "key": "national_institute_on_aging|conduct_study|hospitalizations|up"
    }
  ]
}
```
===== END RAW GENERATION =====
[DEBUG] parsed JSON: {"hypotheses": [{"key": "centers_for_disease_control|report_release|influenza|up"}, {"key": "advisory_committee_on_immunization_practices|recommend_vaccination|vaccine|up"}, {"key": "world_health_organization|detect|h5n1|ambiguous"}, {"key": "health_and_human_services|outbreak|cases|up"}, {"key": "national_institute_on_aging|conduct_study|hospitalizations|up"}]}
['centers_for_disease_control', 'report_release', 'influenza', 'up']
['advisory_committee_on_immunization_practices', 'recommend_vaccination', 'vaccine', 'up']
['world_health_organization', 'detect', 'h5n1', 'ambiguous']
['health_and_human_services', 'outbreak', 'cases', 'up']
['national_institute_on_aging', 'conduct_study', 'hospitalizations', 'up']
recall_all: 0.09791666666666667 precision_all: 0.07500000000000001
Labels:
['centers_for_disease_control', 'issue_guidance', 'vaccination', 'ambiguous']
['advisory_committee_on_immunization_practices', 'issue_guidance', 'vaccination', 'ambiguous']
['centers_for_disease_control', 'report_release', 'hospitalizations', 'up']
['centers_for_disease_control', 'report_release', 'influenza', 'up']

===== RAW GENERATION (decoded) =====
**Reasoning Paragraph:**

The observed time-series trend in weekly U.S. influenza patient proportions (OT) reveals a pronounced upward trajectory over the last three months, culminating in a peak around week t12 (P=2.259), followed by a recent stabilization or slight decline in the current month. The initial phase (t0–t4) shows a gradual but steady increase, suggesting a slow but consistent spread of influenza activity, likely driven by seasonal patterns or early-season circulation. The sharp acceleration between weeks t5 and t12 (P=1.540 to 2.259) indicates a rapid escalation, which may correlate with the emergence of a more transmissible variant, relaxed public health measures, or environmental factors (e.g., colder temperatures or reduced humidity). The current month’s weekly changes (dP) present a mixed but cautiously optimistic signal: the initial drop (c0: -0.033) could reflect early-season fatigue or a temporary lull, while subsequent increases (c1–c3: +0.143, +0.045, +0.080) suggest residual transmission or delayed effects of prior exposure. The data implies a peak has likely passed, but residual circulation persists, possibly due to waning immunity or co-circulation with other respiratory pathogens. Potential real-world drivers include strain-specific immune evasion, vaccination coverage gaps, or behavioral shifts (e.g., holiday gatherings), though the exact cause requires contextual alignment with public health advisories or surveillance reports.

---

⟪FINAL⟫
```json
{
  "hypotheses": [
    {
      "key": "centers_for_disease_control|report_release|influenza|up"
    },
    {
      "key": "advisory_committee_on_immunization_practices|recommend_vaccination|vaccine|up"
    },
    {
      "key": "world_health_organization|detect|h5n1|ambiguous"
    },
    {
      "key": "health_and_human_services|rate_change|hospitalizations|up"
    },
    {
      "key": "national_institute_on_aging|conduct_study|respiratory_syncytial_virus|up"
    }
  ]
}
```
===== END RAW GENERATION =====
[DEBUG] parsed JSON: {"hypotheses": [{"key": "centers_for_disease_control|report_release|influenza|up"}, {"key": "advisory_committee_on_immunization_practices|recommend_vaccination|vaccine|up"}, {"key": "world_health_organization|detect|h5n1|ambiguous"}, {"key": "health_and_human_services|rate_change|hospitalizations|up"}, {"key": "national_institute_on_aging|conduct_study|respiratory_syncytial_virus|up"}]}
['centers_for_disease_control', 'report_release', 'influenza', 'up']
['advisory_committee_on_immunization_practices', 'recommend_vaccination', 'vaccine', 'up']
['world_health_organization', 'detect', 'h5n1', 'ambiguous']
['health_and_human_services', 'rate_change', 'hospitalizations', 'up']
['national_institute_on_aging', 'conduct_study', 'respiratory_syncytial_virus', 'up']
recall_all: 0.1148148148148148 precision_all: 0.08888888888888889
Labels:
['centers_for_disease_control', 'issue_guidance', 'vaccination', 'ambiguous']
['centers_for_disease_control', 'report_release', 'influenza', 'ambiguous']
['centers_for_disease_control', 'report_release', 'influenza', 'up']
['centers_for_disease_control', 'conduct_study', 'influenza', 'ambiguous']
['centers_for_disease_control', 'conduct_study', 'respiratory_syncytial_virus', 'ambiguous']

===== RAW GENERATION (decoded) =====
**Reasoning Paragraph:**

The observed time-series data reveals a pronounced upward trajectory in weekly U.S. influenza patient proportions (OT) over the past year, culminating in a sharp acceleration during the most recent 12-week period—from **P=1.977** at *t0* to **P=3.325** at *t12*. This suggests a sustained and intensifying influenza circulation, with the current month’s weekly changes in proportional growth (*dP*) further underscoring a rapid escalation: the largest weekly jump (+0.413 at *c4*) aligns with a potential tipping point in transmission dynamics. The steep rise in *dP* values—particularly the spike at *c4*—implies a critical phase where external or internal factors may have amplified viral spread. Possible drivers include seasonal shifts favoring influenza transmission (e.g., colder temperatures, reduced immunity post-vaccination), the emergence of a more transmissible variant, or behavioral changes (e.g., increased indoor gatherings). The current month’s data also hints at a lagged response to prior interventions, such as delayed vaccination uptake or waning immunity from earlier waves. Without additional context, the most plausible explanation is a convergence of seasonal peaks, viral evolution, and human behavior—all contributing to the observed exponential growth in influenza cases.

---

⟪FINAL⟫
```json
{
  "hypotheses": [
    {
      "key": "centers_for_disease_control|report_release|influenza|up"
    },
    {
      "key": "advisory_committee_on_immunization_practices|recommend_vaccination|vaccination|down"
    },
    {
      "key": "world_health_organization|detect|h5n1|ambiguous"
    },
    {
      "key": "health_and_human_services|outbreak|hospitalizations|up"
    },
    {
      "key": "national_institute_on_aging|conduct_study|respiratory_syncytial_virus|up"
    }
  ]
}
```
===== END RAW GENERATION =====
[DEBUG] parsed JSON: {"hypotheses": [{"key": "centers_for_disease_control|report_release|influenza|up"}, {"key": "advisory_committee_on_immunization_practices|recommend_vaccination|vaccination|down"}, {"key": "world_health_organization|detect|h5n1|ambiguous"}, {"key": "health_and_human_services|outbreak|hospitalizations|up"}, {"key": "national_institute_on_aging|conduct_study|respiratory_syncytial_virus|up"}]}
['centers_for_disease_control', 'report_release', 'influenza', 'up']
['advisory_committee_on_immunization_practices', 'recommend_vaccination', 'vaccination', 'down']
['world_health_organization', 'detect', 'h5n1', 'ambiguous']
['health_and_human_services', 'outbreak', 'hospitalizations', 'up']
['national_institute_on_aging', 'conduct_study', 'respiratory_syncytial_virus', 'up']
recall_all: 0.1433333333333333 precision_all: 0.1
Labels:
['centers_for_disease_control', 'report_release', 'influenza', 'up']
['centers_for_disease_control', 'approve_authorize', 'influenza', 'ambiguous']
['centers_for_disease_control', 'issue_guidance', 'influenza', 'ambiguous']
['centers_for_disease_control', 'recommend_vaccination', 'influenza', 'ambiguous']
['centers_for_disease_control', 'report_release', 'deaths', 'up']

===== RAW GENERATION (decoded) =====
**Reasoning Paragraph:**

The observed time-series trend in weekly U.S. influenza patient proportions (OT) reveals a pronounced upward trajectory over the last three months, culminating in a sharp escalation from **t0 (P=1.991)** to **t12 (P=4.354)**—a near **120% increase** in reported cases. This acceleration suggests a late-season surge, as influenza activity typically peaks in winter but may extend or intensify due to external factors. The current month’s weekly changes in the derivative (dP) further underscore volatility: while most weeks show modest increases (+0.171 to +0.247), **week c3 exhibits a spike (+0.395)**, indicating a localized or systemic disruption. Such a pattern aligns with real-world dynamics where influenza transmission is influenced by behavioral shifts (e.g., holiday gatherings), environmental factors (e.g., indoor crowding), or public health interventions (e.g., vaccine rollout adjustments). The spike in c3 may reflect a lagged response to prior events—such as a delayed vaccine recommendation, a sudden outbreak report, or a policy change—triggering heightened testing or reporting. Without external intervention, the trajectory implies sustained or worsening conditions, possibly exacerbated by viral evolution or waning immunity.

---

⟪FINAL⟫
```json
{
  "hypotheses": [
    {
      "key": "united_states|recommend_vaccination|influenza|up"
    },
    {
      "key": "centers_for_disease_control|report_release|cases|up"
    },
    {
      "key": "advisory_committee_on_immunization_practices|approve_authorize|vaccine|up"
    },
    {
      "key": "world_health_organization|detect|h5n1|ambiguous"
    },
    {
      "key": "health_and_human_services|issue_guidance|hospitalizations|up"
    }
  ]
}
```
===== END RAW GENERATION =====
[DEBUG] parsed JSON: {"hypotheses": [{"key": "united_states|recommend_vaccination|influenza|up"}, {"key": "centers_for_disease_control|report_release|cases|up"}, {"key": "advisory_committee_on_immunization_practices|approve_authorize|vaccine|up"}, {"key": "world_health_organization|detect|h5n1|ambiguous"}, {"key": "health_and_human_services|issue_guidance|hospitalizations|up"}]}
['united_states', 'recommend_vaccination', 'influenza', 'up']
['centers_for_disease_control', 'report_release', 'cases', 'up']
['advisory_committee_on_immunization_practices', 'approve_authorize', 'vaccine', 'up']
['world_health_organization', 'detect', 'h5n1', 'ambiguous']
['health_and_human_services', 'issue_guidance', 'hospitalizations', 'up']
recall_all: 0.13030303030303028 precision_all: 0.09090909090909091
Labels:
['centers_for_disease_control', 'report_release', 'influenza', 'ambiguous']
['centers_for_disease_control', 'report_release', 'influenza', 'up']
['centers_for_disease_control', 'report_release', 'cases', 'up']
['centers_for_disease_control', 'report_release', 'h5n1', 'ambiguous']

===== RAW GENERATION (decoded) =====
**Reasoning Paragraph:**

The observed time-series trend in weekly U.S. influenza patient proportions (OT) reveals a pronounced upward trajectory over the past year, culminating in a sharp escalation from **t0 (2.259)** to **t12 (6.904)**—a near-tripling of cases. This sustained increase suggests a prolonged influenza season with accelerating transmission dynamics, likely driven by seasonal patterns, viral evolution, or external disruptions to immunity. The current month’s weekly changes (dOT) further highlight volatility: the first two weeks (+0.853 and +1.104) indicate a rapid surge, while the third week’s dip (+0.594) may reflect temporary mitigation efforts or reporting lags. The magnitude of these spikes aligns with known influenza seasonality but exceeds typical baseline fluctuations, prompting speculation about novel strains, vaccine mismatches, or behavioral shifts (e.g., reduced precautions). The abruptness of the current month’s rise—especially the +1.104 jump—suggests a recent, localized or systemic catalyst, such as a high-risk variant detection, policy intervention, or environmental factors (e.g., colder weather) amplifying transmission.

---

⟪FINAL⟫
```json
{
  "hypotheses": [
    {
      "key": "centers_for_disease_control|report_release|influenza|up"
    },
    {
      "key": "advisory_committee_on_immunization_practices|recommend_vaccination|vaccine|up"
    },
    {
      "key": "world_health_organization|detect|h5n1|up"
    },
    {
      "key": "health_and_human_services|issue_guidance|hospitalizations|up"
    },
    {
      "key": "national_institute_on_aging|conduct_study|respiratory_syncytial_virus|ambiguous"
    }
  ]
}
```
===== END RAW GENERATION =====
[DEBUG] parsed JSON: {"hypotheses": [{"key": "centers_for_disease_control|report_release|influenza|up"}, {"key": "advisory_committee_on_immunization_practices|recommend_vaccination|vaccine|up"}, {"key": "world_health_organization|detect|h5n1|up"}, {"key": "health_and_human_services|issue_guidance|hospitalizations|up"}, {"key": "national_institute_on_aging|conduct_study|respiratory_syncytial_virus|ambiguous"}]}
['centers_for_disease_control', 'report_release', 'influenza', 'up']
['advisory_committee_on_immunization_practices', 'recommend_vaccination', 'vaccine', 'up']
['world_health_organization', 'detect', 'h5n1', 'up']
['health_and_human_services', 'issue_guidance', 'hospitalizations', 'up']
['national_institute_on_aging', 'conduct_study', 'respiratory_syncytial_virus', 'ambiguous']
recall_all: 0.1611111111111111 precision_all: 0.09999999999999999
Labels:
['centers_for_disease_control', 'report_release', 'influenza', 'up']
['centers_for_disease_control', 'report_release', 'influenza', 'ambiguous']
['centers_for_disease_control', 'issue_guidance', 'vaccination', 'ambiguous']
['centers_for_disease_control', 'recommend_vaccination', 'vaccination', 'ambiguous']
['centers_for_disease_control', 'report_release', 'influenza', 'down']

===== RAW GENERATION (decoded) =====
**Reasoning Paragraph:**

The observed time-series trend in weekly U.S. influenza patient proportions (OT) reveals a clear seasonal pattern followed by a sharp decline and subsequent stabilization. Initially, the proportion of influenza cases rises steadily from **3.325%** at *t0* to a peak of **6.904%** at *t7*, suggesting a typical winter surge—likely driven by colder temperatures, increased indoor transmission, and reduced immunity from prior seasons. However, the abrupt reversal in the current month’s weekly changes (*dP*)—from **-1.143%** to **-0.127%**—indicates a rapid deceleration in new cases, eventually stabilizing around neutral growth (*+0.054%*). This pattern aligns with several plausible real-world factors: **early intervention measures** (e.g., vaccination campaigns, public health advisories), **viral fatigue** (waning transmissibility as the season progresses), or **external disruptions** (e.g., policy shifts, environmental changes). The stabilization near zero growth (*c4*) may reflect a convergence of natural waning transmission and targeted health responses, though the lingering negative trends (*c0–c3*) hint at residual suppression—possibly from **vaccine effectiveness** or **behavioral adaptations** (e.g., mask-wearing, reduced social mixing). The data does not yet suggest a resurgence, but the timing of these shifts—coinciding with the tail end of the influenza season—warrants scrutiny of recent public health actions or emerging variants that could have altered transmission dynamics.

---

⟪FINAL⟫
```json
{
  "hypotheses": [
    {
      "key": "united_states|issue_guidance|influenza|down"
    },
    {
      "key": "advisory_committee_on_immunization_practices|recommend_vaccination|vaccine|down"
    },
    {
      "key": "centers_for_disease_control|report_release|cases|down"
    },
    {
      "key": "world_health_organization|approve_authorize|vaccination|ambiguous"
    },
    {
      "key": "health_and_human_services|conduct_study|h1n1|down"
    }
  ]
}
```
===== END RAW GENERATION =====
[DEBUG] parsed JSON: {"hypotheses": [{"key": "united_states|issue_guidance|influenza|down"}, {"key": "advisory_committee_on_immunization_practices|recommend_vaccination|vaccine|down"}, {"key": "centers_for_disease_control|report_release|cases|down"}, {"key": "world_health_organization|approve_authorize|vaccination|ambiguous"}, {"key": "health_and_human_services|conduct_study|h1n1|down"}]}
['united_states', 'issue_guidance', 'influenza', 'down']
['advisory_committee_on_immunization_practices', 'recommend_vaccination', 'vaccine', 'down']
['centers_for_disease_control', 'report_release', 'cases', 'down']
['world_health_organization', 'approve_authorize', 'vaccination', 'ambiguous']
['health_and_human_services', 'conduct_study', 'h1n1', 'down']
recall_all: 0.1487179487179487 precision_all: 0.0923076923076923
Labels:
['centers_for_disease_control', 'issue_guidance', 'influenza', 'ambiguous']
['centers_for_disease_control', 'report_release', 'influenza', 'up']
['centers_for_disease_control', 'issue_guidance', 'vaccination', 'ambiguous']
['centers_for_disease_control', 'recommend_vaccination', 'influenza', 'ambiguous']
['centers_for_disease_control', 'recommend_vaccination', 'vaccination', 'ambiguous']

===== RAW GENERATION (decoded) =====
**Reasoning Paragraph:**

The observed time-series trend in weekly U.S. influenza patient proportions (OT) over the past three months reveals a clear seasonal pattern, followed by a marked stabilization and subsequent decline in the current month. Initially, the proportion of influenza patients rose steadily from **4.354%** at *t0* to a peak of **6.904%** at *t3*, suggesting a typical winter surge in influenza activity—consistent with historical trends where respiratory viruses thrive in colder months. However, after *t3*, the proportion began to decline gradually, returning to baseline levels around **4.079%** by *t12*, indicating the waning of the seasonal outbreak. The current month’s weekly changes (*dP*) further refine this picture: a slight uptick in the first week (+0.122) may reflect residual activity or reporting delays, but the subsequent weeks show a pronounced downward trajectory, with the largest drop (-0.239) in the fourth week. This abrupt decline could imply the influence of external interventions or environmental shifts. Possible real-world drivers include the onset of warmer weather reducing viral transmission, increased public health measures (e.g., vaccination campaigns), or the emergence of a competing respiratory pathogen (e.g., RSV) diverting attention and resources. The data also hints at a potential lag in reporting or a localized containment effort, though the absence of extreme spikes suggests no catastrophic outbreak. Overall, the trend aligns with the natural decline of seasonal influenza but warrants scrutiny for targeted public health actions that may have accelerated the reduction.

---

⟪FINAL⟫
```json
{
  "hypotheses": [
    {
      "key": "centers_for_disease_control|recommend_vaccination|influenza|up"
    },
    {
      "key": "advisory_committee_on_immunization_practices|approve_authorize|vaccine|up"
    },
    {
      "key": "world_health_organization|report_release|cases|down"
    },
    {
      "key": "health_and_human_services|issue_guidance|hospitalizations|down"
    },
    {
      "key": "national_institute_on_aging|conduct_study|respiratory_syncytial_virus|ambiguous"
    }
  ]
}
```
===== END RAW GENERATION =====
[DEBUG] parsed JSON: {"hypotheses": [{"key": "centers_for_disease_control|recommend_vaccination|influenza|up"}, {"key": "advisory_committee_on_immunization_practices|approve_authorize|vaccine|up"}, {"key": "world_health_organization|report_release|cases|down"}, {"key": "health_and_human_services|issue_guidance|hospitalizations|down"}, {"key": "national_institute_on_aging|conduct_study|respiratory_syncytial_virus|ambiguous"}]}
['centers_for_disease_control', 'recommend_vaccination', 'influenza', 'up']
['advisory_committee_on_immunization_practices', 'approve_authorize', 'vaccine', 'up']
['world_health_organization', 'report_release', 'cases', 'down']
['health_and_human_services', 'issue_guidance', 'hospitalizations', 'down']
['national_institute_on_aging', 'conduct_study', 'respiratory_syncytial_virus', 'ambiguous']
recall_all: 0.15238095238095237 precision_all: 0.09999999999999999
Labels:
['centers_for_disease_control', 'report_release', 'influenza', 'up']
['centers_for_disease_control', 'report_release', 'influenza', 'ambiguous']

===== RAW GENERATION (decoded) =====
**Reasoning Paragraph:**

The observed time-series trend in weekly U.S. influenza patient proportions (OT) reveals a pronounced downward trajectory over the past three months, transitioning from elevated levels (~5.76%) in the earliest recorded week to a stabilized but significantly lower baseline (~3.03%) by the final week. This decline is not abrupt but rather a gradual, sustained reduction, suggesting a systemic shift rather than a localized or transient anomaly. The most striking feature is the current month’s weekly changes in the derivative (dOT), where the proportion of influenza patients continues to decrease—though at a decelerating rate—from a -0.351% drop in the first week to a mere -0.120% in the fourth week. This pattern implies that while influenza activity is still waning, the rate of decline is slowing, which could indicate either a plateau in the epidemic curve or the emergence of mitigating factors.

The initial steep decline (t0 to t6) aligns with typical seasonal influenza trends, where cases often peak in late winter and early spring before declining as environmental conditions (e.g., warmer temperatures, increased humidity) reduce viral transmission. However, the sustained downward trend beyond the expected peak period—coupled with the current month’s continued but diminishing dOT—suggests additional interventions or external factors at play. Possible explanations include heightened public health measures (e.g., vaccination campaigns, mask mandates), the waning influence of prior-year immunity, or the indirect effects of concurrent respiratory pathogens (e.g., RSV or COVID-19) competing for circulation. The deceleration in the rate of decline in the current month may also reflect a lagged response to recent policy changes, such as updated vaccination recommendations or the release of new antiviral guidelines, which could have taken time to translate into reduced transmission.

---

⟪FINAL⟫
```json
{
  "hypotheses": [
    {
      "key": "united_states|recommend_vaccination|influenza|up"
    },
    {
      "key": "advisory_committee_on_immunization_practices|approve_authorize|vaccine|up"
    },
    {
      "key": "centers_for_disease_control|issue_guidance|hospitalizations|down"
    },
    {
      "key": "world_health_organization|report_release|cases|down"
    },
    {
      "key": "food_and_drug_administration|detect|h1n1|ambiguous"
    }
  ]
}
```
===== END RAW GENERATION =====
[DEBUG] parsed JSON: {"hypotheses": [{"key": "united_states|recommend_vaccination|influenza|up"}, {"key": "advisory_committee_on_immunization_practices|approve_authorize|vaccine|up"}, {"key": "centers_for_disease_control|issue_guidance|hospitalizations|down"}, {"key": "world_health_organization|report_release|cases|down"}, {"key": "food_and_drug_administration|detect|h1n1|ambiguous"}]}
['united_states', 'recommend_vaccination', 'influenza', 'up']
['advisory_committee_on_immunization_practices', 'approve_authorize', 'vaccine', 'up']
['centers_for_disease_control', 'issue_guidance', 'hospitalizations', 'down']
['world_health_organization', 'report_release', 'cases', 'down']
['food_and_drug_administration', 'detect', 'h1n1', 'ambiguous']
recall_all: 0.14222222222222222 precision_all: 0.09333333333333332
Labels:
['centers_for_disease_control', 'report_release', 'h5n1', 'up']
['centers_for_disease_control', 'confirm', 'h5n1', 'ambiguous']
['centers_for_disease_control', 'outbreak', 'h5n1', 'ambiguous']

===== RAW GENERATION (decoded) =====
**Reasoning Paragraph:**

The observed time-series trend in weekly U.S. influenza patient proportions (OT) reveals a clear and sustained downward trajectory over the 13-week period, followed by a stabilization in the current month’s weekly changes (dOT). Initially, the proportion of influenza patients declines sharply from 4.400% at *t0* to 2.142% by *t12*, suggesting a broad, prolonged reduction in influenza activity. This pattern aligns with typical seasonal trends where influenza cases peak in winter and gradually wane as temperatures rise and public health measures (e.g., vaccination campaigns) gain traction. However, the current month’s weekly changes (dOT) exhibit a nuanced shift: while the first three weeks show continued declines (–0.201 to –0.293), the final two weeks exhibit a marked deceleration (–0.053 and –0.098), indicating a potential plateau or even a slight rebound in activity. This stabilization could reflect residual cases persisting in vulnerable populations, delayed reporting lags, or the emergence of localized outbreaks counteracting broader declines. Additionally, the abrupt deceleration in the final weeks may hint at external interventions—such as targeted vaccination efforts, public health advisories, or environmental factors (e.g., humidity shifts) that temporarily disrupted the downward trend. The data thus suggests a complex interplay of seasonal decay, targeted public health actions, and possible localized resurgences, warranting closer scrutiny of recent policy or epidemiological shifts.

---
⟪FINAL⟫
```json
{
  "hypotheses": [
    {
      "key": "united_states|recommend_vaccination|influenza|up"
    },
    {
      "key": "centers_for_disease_control|issue_guidance|hospitalizations|up"
    },
    {
      "key": "advisory_committee_on_immunization_practices|approve_authorize|vaccine|up"
    },
    {
      "key": "world_health_organization|report_release|cases|ambiguous"
    },
    {
      "key": "food_and_drug_administration|detect|h1n1|down"
    }
  ]
}
```
===== END RAW GENERATION =====
[DEBUG] parsed JSON: {"hypotheses": [{"key": "united_states|recommend_vaccination|influenza|up"}, {"key": "centers_for_disease_control|issue_guidance|hospitalizations|up"}, {"key": "advisory_committee_on_immunization_practices|approve_authorize|vaccine|up"}, {"key": "world_health_organization|report_release|cases|ambiguous"}, {"key": "food_and_drug_administration|detect|h1n1|down"}]}
['united_states', 'recommend_vaccination', 'influenza', 'up']
['centers_for_disease_control', 'issue_guidance', 'hospitalizations', 'up']
['advisory_committee_on_immunization_practices', 'approve_authorize', 'vaccine', 'up']
['world_health_organization', 'report_release', 'cases', 'ambiguous']
['food_and_drug_administration', 'detect', 'h1n1', 'down']
recall_all: 0.13333333333333333 precision_all: 0.0875
Labels:
['centers_for_disease_control', 'detect', 'h5n1', 'ambiguous']

===== RAW GENERATION (decoded) =====
**Reasoning Paragraph:**

The observed time-series trend in weekly U.S. influenza patient proportions (OT) over the past year reveals a clear and sustained downward trajectory, with proportions declining from 4.334% at the start of the data window to 2.032% by the most recent full month. This consistent decrease suggests a prolonged reduction in influenza activity, which could stem from multiple interacting factors. The sharpest declines occur in the early weeks (e.g., from t0 to t4), followed by a more gradual stabilization, indicating either the waning of a seasonal peak or the cumulative effect of public health interventions. The current month’s weekly change (dP = -0.110) further confirms this downward momentum, though the magnitude is smaller, hinting at either a plateauing trend or a recent stabilization of influenza transmission. Possible real-world drivers include the natural tapering of seasonal influenza after its peak, the impact of vaccination campaigns (particularly if uptake was high in prior months), or broader public health measures like increased hand hygiene or mask-wearing due to concurrent respiratory virus concerns (e.g., RSV or COVID-19). Additionally, the timing of the data could align with post-holiday seasons, when influenza transmission typically declines, or with the release of updated influenza vaccines targeting circulating strains. The absence of a sharp uptick or abrupt reversal in the trend also suggests no major new strain emergence or policy shifts (e.g., vaccine shortages or sudden relaxation of mitigation measures) during the observed period.

---

⟪FINAL⟫
```json
{
  "hypotheses": [
    {
      "key": "centers_for_disease_control|report_release|influenza|down"
    },
    {
      "key": "advisory_committee_on_immunization_practices|recommend_vaccination|vaccination|up"
    },
    {
      "key": "united_states|conduct_study|h1n1|ambiguous"
    },
    {
      "key": "world_health_organization|approve_authorize|vaccine|up"
    },
    {
      "key": "health_and_human_services|issue_guidance|hospitalizations|down"
    }
  ]
}
```
===== END RAW GENERATION =====
[DEBUG] parsed JSON: {"hypotheses": [{"key": "centers_for_disease_control|report_release|influenza|down"}, {"key": "advisory_committee_on_immunization_practices|recommend_vaccination|vaccination|up"}, {"key": "united_states|conduct_study|h1n1|ambiguous"}, {"key": "world_health_organization|approve_authorize|vaccine|up"}, {"key": "health_and_human_services|issue_guidance|hospitalizations|down"}]}
['centers_for_disease_control', 'report_release', 'influenza', 'down']
['advisory_committee_on_immunization_practices', 'recommend_vaccination', 'vaccination', 'up']
['united_states', 'conduct_study', 'h1n1', 'ambiguous']
['world_health_organization', 'approve_authorize', 'vaccine', 'up']
['health_and_human_services', 'issue_guidance', 'hospitalizations', 'down']
recall_all: 0.12549019607843137 precision_all: 0.08235294117647059
