Labels:
['centers_for_disease_control', 'report_release', 'influenza', 'ambiguous']
['centers_for_disease_control', 'report_release', 'influenza', 'up']
['united_states', 'rate_change', 'hospitalizations', 'up']
['united_states', 'report_release', 'influenza', 'ambiguous']
['united_states', 'report_release', 'influenza', 'up']

===== RAW GENERATION (decoded) =====
**Reasoning Paragraph:**

The observed trend in the weekly U.S. influenza patient proportion data reveals a clear seasonal decline in influenza-like illness (ILI) activity over the past three months, followed by a stabilization in the current month. Initially, the proportion of influenza patients (P) exhibits a steep downward trajectory from **5.735% to 2.705%** over the 13-week context window, reflecting the typical post-peak decline of the winter flu season as warmer weather reduces viral transmission and population immunity builds from prior infections or vaccinations. The deceleration in the rate of decline by **t8–t12** (where P hovers around ~2.7%) suggests the epidemic curve is flattening, approaching baseline levels.

In the current month, the *weekly changes* (dP) further reinforce this stabilization: the initial sharp drop (**dP = –1.020** in c0) likely marks the tail end of the seasonal wave, but subsequent weeks show diminishing negative changes (**–0.351, –0.034**) before transitioning to slight upticks (**+0.014, +0.019**). This pattern could indicate (1) **residual circulation of influenza strains** in localized outbreaks, (2) **increased testing or reporting artifacts** (e.g., heightened surveillance for respiratory viruses like RSV or H5N1), or (3) **behavioral shifts** such as reduced adherence to preventive measures as public perception of risk wanes. The near-zero dP values also align with possible **lagged effects of vaccination campaigns** or **official guidance updates** (e.g., CDC advisories on waning immunity or targeted booster recommendations for high-risk groups). Given the timing, real-time events in the current month may include **regulatory actions** (e.g., FDA approvals for updated vaccines), **surveillance reports** (e.g., WHO or CDC alerts on atypical strains), or **policy adjustments** (e.g., ACIP recommendations for specific demographics).

---
⟪FINAL⟫
```json
{
  "hypotheses": [
    {
      "key": "centers_for_disease_control|report_release|influenza|down"
    },
    {
      "key": "advisory_committee_on_immunization_practices|recommend_vaccination|vaccine|ambiguous"
    },
    {
      "key": "food_and_drug_administration|approve_authorize|vaccine|up"
    },
    {
      "key": "world_health_organization|detect|h5n1|cases|up"
    },
    {
      "key": "united_states|rate_change|hospitalizations|down"
    }
  ]
}
```
===== END RAW GENERATION =====
[DEBUG] parsed JSON: {"hypotheses": [{"key": "centers_for_disease_control|report_release|influenza|down"}, {"key": "advisory_committee_on_immunization_practices|recommend_vaccination|vaccine|ambiguous"}, {"key": "food_and_drug_administration|approve_authorize|vaccine|up"}, {"key": "world_health_organization|detect|h5n1|cases|up"}, {"key": "united_states|rate_change|hospitalizations|down"}]}
['centers_for_disease_control', 'report_release', 'influenza', 'down']
['advisory_committee_on_immunization_practices', 'recommend_vaccination', 'vaccine', 'ambiguous']
['food_and_drug_administration', 'approve_authorize', 'vaccine', 'up']
['world_health_organization', 'detect', 'h5n1', 'cases', 'up']
['united_states', 'rate_change', 'hospitalizations', 'down']
recall_all: 0.6 precision_all: 0.4
Labels:
['centers_for_disease_control', 'report_release', 'influenza', 'up']
['centers_for_disease_control', 'report_release', 'influenza', 'ambiguous']

===== RAW GENERATION (decoded) =====
**Reasoning Paragraph:**

The observed trend in the weekly U.S. influenza patient proportion data reveals a clear **decelerating decline** over the past three months, followed by a **stabilization at a low baseline** in the current month. Initially, the proportion of influenza cases (OT) dropped sharply from **6.462% to 2.404%** over 12 weeks, suggesting the tail end of a seasonal flu wave, likely influenced by waning viral transmission, increasing population immunity (via vaccination or prior infection), and possibly warmer weather reducing respiratory virus survival. However, the **current month’s weekly changes (dOT)** show only minor fluctuations (all negative but small in magnitude, ranging from **-0.039 to -0.143**), indicating that influenza activity has plateaued near a **low-endemic level**.

This stabilization could reflect several real-world factors: (1) **Vaccination campaigns** may have reached sufficient coverage to suppress major outbreaks, (2) **public health guidance** (e.g., CDC or WHO updates) might have reinforced preventive measures, or (3) **competing respiratory viruses** (e.g., RSV or emerging H5N1 concerns) could be diverting attention or resources. The lack of a rebound suggests no major **new outbreaks or vaccine failures**, but the persistent slight decline might also hint at **residual herd immunity** or **seasonal transition effects** (e.g., springtime reduction in indoor gatherings). The absence of abrupt spikes or drops in dOT further implies no **sudden policy shifts** (e.g., FDA approvals/recalls) or **alarming detection events** (e.g., novel strains) *within the current month*—though minor adjustments in reporting or localized interventions cannot be ruled out.

---
⟪FINAL⟫
```json
{
  "hypotheses": [
    {
      "key": "centers_for_disease_control|issue_guidance|vaccination|ambiguous"
    },
    {
      "key": "advisory_committee_on_immunization_practices|recommend_vaccination|influenza|down"
    },
    {
      "key": "united_states|report_release|cases|down"
    },
    {
      "key": "world_health_organization|conduct_study|h5n1|ambiguous"
    },
    {
      "key": "food_and_drug_administration|approve_authorize|vaccine|ambiguous"
    }
  ]
}
```
===== END RAW GENERATION =====
[DEBUG] parsed JSON: {"hypotheses": [{"key": "centers_for_disease_control|issue_guidance|vaccination|ambiguous"}, {"key": "advisory_committee_on_immunization_practices|recommend_vaccination|influenza|down"}, {"key": "united_states|report_release|cases|down"}, {"key": "world_health_organization|conduct_study|h5n1|ambiguous"}, {"key": "food_and_drug_administration|approve_authorize|vaccine|ambiguous"}]}
['centers_for_disease_control', 'issue_guidance', 'vaccination', 'ambiguous']
['advisory_committee_on_immunization_practices', 'recommend_vaccination', 'influenza', 'down']
['united_states', 'report_release', 'cases', 'down']
['world_health_organization', 'conduct_study', 'h5n1', 'ambiguous']
['food_and_drug_administration', 'approve_authorize', 'vaccine', 'ambiguous']
recall_all: 0.3 precision_all: 0.2
Labels:
['centers_for_disease_control', 'report_release', 'influenza', 'ambiguous']
['centers_for_disease_control', 'report_release', 'influenza', 'up']

===== RAW GENERATION (decoded) =====
**Reasoning Paragraph:**

The observed trend in the weekly U.S. influenza patient proportion data reveals a clear **downward trajectory** over the past three months, followed by an **accelerated decline in the current month**. During the context window (t0–t12), the proportion of influenza cases steadily decreased from **3.058% to 2.206%**, suggesting a gradual but consistent reduction in transmission—likely attributable to seasonal effects (e.g., waning winter transmission), cumulative vaccination coverage, or herd immunity from prior waves. However, the **current month’s weekly changes (dP)** exhibit a **sharper drop**, with the largest single-week decline (**−0.143**) in the most recent data point (c3). This abrupt shift suggests **intervention-driven disruption** rather than natural epidemiological decay alone.

Several plausible real-world drivers could explain this pattern. First, a **proactive public health response**—such as a **new vaccination recommendation**, **expanded vaccine authorization**, or **urgent advisory**—may have been issued early in the current month, amplifying uptake among high-risk groups. Second, **surveillance or reporting changes** (e.g., revised case definitions or laboratory testing protocols) could artificially suppress reported proportions. Third, **competing respiratory pathogens** (e.g., a surge in RSV or COVID-19) might have diverted healthcare attention or displaced influenza transmission. Finally, **unseasonably warm weather** or **school closures** (e.g., spring breaks) could have reduced transmission opportunities. The **magnitude and timing** of the current-month decline—particularly the **−0.143 drop in c3**—strongly imply a **policy or behavioral shift** rather than gradual seasonal trends.

---

⟪FINAL⟫
```json
{
  "hypotheses": [
    {
      "key": "advisory_committee_on_immunization_practices|recommend_vaccination|influenza|down"
    },
    {
      "key": "centers_for_disease_control|issue_guidance|vaccination|up"
    },
    {
      "key": "food_and_drug_administration|approve_authorize|vaccine|ambiguous"
    },
    {
      "key": "united_states|outbreak|respiratory_syncytial_virus|up"
    },
    {
      "key": "world_health_organization|report_release|h5n1|down"
    }
  ]
}
```
===== END RAW GENERATION =====
[DEBUG] parsed JSON: {"hypotheses": [{"key": "advisory_committee_on_immunization_practices|recommend_vaccination|influenza|down"}, {"key": "centers_for_disease_control|issue_guidance|vaccination|up"}, {"key": "food_and_drug_administration|approve_authorize|vaccine|ambiguous"}, {"key": "united_states|outbreak|respiratory_syncytial_virus|up"}, {"key": "world_health_organization|report_release|h5n1|down"}]}
['advisory_committee_on_immunization_practices', 'recommend_vaccination', 'influenza', 'down']
['centers_for_disease_control', 'issue_guidance', 'vaccination', 'up']
['food_and_drug_administration', 'approve_authorize', 'vaccine', 'ambiguous']
['united_states', 'outbreak', 'respiratory_syncytial_virus', 'up']
['world_health_organization', 'report_release', 'h5n1', 'down']
recall_all: 0.19999999999999998 precision_all: 0.13333333333333333
Labels:
['centers_for_disease_control', 'report_release', 'influenza', 'up']
['united_states', 'report_release', 'h5n1', 'ambiguous']

===== RAW GENERATION (decoded) =====
**Reasoning Paragraph:**

The observed trend in the weekly U.S. influenza patient proportion data reveals a clear downward trajectory over the past three months, with the proportion declining steadily from **2.705% at t0** to **1.954% at t10**, before stabilizing and slightly rebounding to **2.017% by t12**. This suggests a waning influenza season, likely due to the cumulative effects of **vaccination campaigns**, **seasonal temperature shifts** (warmer weather reducing transmission), and **herd immunity** from prior exposure. However, the **current month’s differential changes (dP)** introduce a nuanced shift: after two weeks of continued decline (c0: **-0.134**, c1: **-0.118**), the trend reverses with modest increases (c2: **+0.019**, c3: **+0.044**). This uptick could indicate **emerging subvariants**, **relaxed public health measures**, or **delayed reporting adjustments**—particularly if recent guidance or detection events altered testing or case definitions. Another plausible driver is **competing respiratory viruses** (e.g., RSV or SARS-CoV-2) diverting healthcare focus, temporarily obscuring influenza trends. The timing aligns with potential **real-time interventions** by health authorities, such as updated vaccination recommendations or outbreak alerts, which might explain the abrupt shift from decline to stabilization.

---

⟪FINAL⟫
```json
{
  "hypotheses": [
    {
      "key": "centers_for_disease_control|issue_guidance|vaccination|up"
    },
    {
      "key": "advisory_committee_on_immunization_practices|recommend_vaccination|influenza|up"
    },
    {
      "key": "world_health_organization|detect|h5n1|cases|up"
    },
    {
      "key": "united_states|report_release|hospitalizations|down"
    },
    {
      "key": "food_and_drug_administration|approve_authorize|vaccine|ambiguous"
    }
  ]
}
```
===== END RAW GENERATION =====
[DEBUG] parsed JSON: {"hypotheses": [{"key": "centers_for_disease_control|issue_guidance|vaccination|up"}, {"key": "advisory_committee_on_immunization_practices|recommend_vaccination|influenza|up"}, {"key": "world_health_organization|detect|h5n1|cases|up"}, {"key": "united_states|report_release|hospitalizations|down"}, {"key": "food_and_drug_administration|approve_authorize|vaccine|ambiguous"}]}
['centers_for_disease_control', 'issue_guidance', 'vaccination', 'up']
['advisory_committee_on_immunization_practices', 'recommend_vaccination', 'influenza', 'up']
['world_health_organization', 'detect', 'h5n1', 'cases', 'up']
['united_states', 'report_release', 'hospitalizations', 'down']
['food_and_drug_administration', 'approve_authorize', 'vaccine', 'ambiguous']
recall_all: 0.15 precision_all: 0.1
Labels:
['centers_for_disease_control', 'recommend_vaccination', 'vaccination', 'ambiguous']
['centers_for_disease_control', 'report_release', 'influenza', 'up']
['food_and_drug_administration', 'approve_authorize', 'vaccine', 'ambiguous']

===== RAW GENERATION (decoded) =====
**Reasoning Paragraph:**

The observed trend in the weekly U.S. influenza patient proportion data reveals a clear downward trajectory over the past three months, with proportions steadily declining from **2.435% to 1.693%**—a **~30% reduction**—before the current month’s fluctuations. This suggests a waning influenza season, likely due to seasonal effects (e.g., warmer temperatures reducing transmission) or cumulative population immunity from prior infections and vaccinations. However, the **current month’s weekly changes (dP)** introduce volatility: while the first three weeks show modest declines (consistent with the prior trend), **week c3** exhibits a slight uptick (+0.024), followed by a **sharp drop in week c4 (dP=-0.245)**—the most dramatic single-week change in the dataset. This abrupt decline defies the gradual prior trend and implies an **external intervention or event** rather than natural epidemiological decay. Plausible drivers include: (1) a **rapid public health response** (e.g., targeted vaccination campaigns or updated guidance), (2) **surveillance artifacts** (e.g., revised case definitions or reporting lags), or (3) **competing respiratory pathogens** (e.g., a surge in RSV or COVID-19 displacing influenza testing). The timing aligns with end-of-season adjustments, where agencies like the **CDC or ACIP** might issue final recommendations or the **FDA** could authorize late-season vaccine updates. The **WHO** or **HHS** could also release reports influencing clinical behavior. Critically, the **magnitude of the c4 drop** suggests a **policy-driven shift** (e.g., reclassification of "influenza-like illness" criteria) rather than organic transmission dynamics.

---
⟪FINAL⟫
```json
{
  "hypotheses": [
    {
      "key": "centers_for_disease_control|issue_guidance|influenza|down"
    },
    {
      "key": "advisory_committee_on_immunization_practices|recommend_vaccination|vaccine|ambiguous"
    },
    {
      "key": "food_and_drug_administration|approve_authorize|vaccine|up"
    },
    {
      "key": "world_health_organization|report_release|cases|down"
    },
    {
      "key": "united_states|rate_change|hospitalizations|down"
    }
  ]
}
```
===== END RAW GENERATION =====
[DEBUG] parsed JSON: {"hypotheses": [{"key": "centers_for_disease_control|issue_guidance|influenza|down"}, {"key": "advisory_committee_on_immunization_practices|recommend_vaccination|vaccine|ambiguous"}, {"key": "food_and_drug_administration|approve_authorize|vaccine|up"}, {"key": "world_health_organization|report_release|cases|down"}, {"key": "united_states|rate_change|hospitalizations|down"}]}
['centers_for_disease_control', 'issue_guidance', 'influenza', 'down']
['advisory_committee_on_immunization_practices', 'recommend_vaccination', 'vaccine', 'ambiguous']
['food_and_drug_administration', 'approve_authorize', 'vaccine', 'up']
['world_health_organization', 'report_release', 'cases', 'down']
['united_states', 'rate_change', 'hospitalizations', 'down']
recall_all: 0.18666666666666668 precision_all: 0.12000000000000002
Labels:
['centers_for_disease_control', 'report_release', 'influenza', 'up']
['centers_for_disease_control', 'issue_guidance', 'influenza', 'ambiguous']
['centers_for_disease_control', 'report_release', 'h1n1', 'ambiguous']
['centers_for_disease_control', 'report_release', 'h5n1', 'up']
['food_and_drug_administration', 'report_release', 'influenza', 'ambiguous']

===== RAW GENERATION (decoded) =====
**Reasoning Paragraph:**

The observed trend in the weekly U.S. influenza patient proportion data reveals a clear downward trajectory over the past three months, with a notable acceleration in decline during the current month. Initially, the proportion of influenza cases (OT) exhibited a gradual decrease from **2.073% to 1.291%** over 12 weeks, suggesting a typical seasonal waning of influenza activity as winter transitions to spring. However, the current month’s differential changes (dOT) introduce a sharper decline, with weekly drops of **-0.118%, -0.131%, -0.120%**, and a smaller but still negative **-0.033%**. This abrupt steepening of the downward trend implies the influence of **interventionary or exogenous factors** rather than natural seasonality alone.

Several plausible drivers emerge from this pattern. First, a **proactive public health response**—such as a mid-season vaccination push or updated guidance—could have curbed transmission more aggressively. Second, the detection or confirmation of a **competing respiratory threat** (e.g., a surge in RSV or avian influenza cases) might have diverted clinical attention or altered testing priorities, artificially suppressing reported influenza proportions. Third, **regulatory actions**, such as the FDA authorizing a new antiviral or the CDC issuing stricter containment protocols, could have rapidly reduced case growth. Lastly, a **reporting artifact**—like a change in surveillance methodology or a lag in data processing—cannot be ruled out, though the consistency of the decline makes this less likely. The most parsimonious explanation, however, centers on **targeted interventions** (e.g., vaccination campaigns or behavioral advisories) coinciding with the current month, given the timing and magnitude of the drop.

---

⟪FINAL⟫
```json
{
  "hypotheses": [
    {
      "key": "centers_for_disease_control|issue_guidance|vaccination|up"
    },
    {
      "key": "advisory_committee_on_immunization_practices|recommend_vaccination|influenza|up"
    },
    {
      "key": "food_and_drug_administration|approve_authorize|vaccine|ambiguous"
    },
    {
      "key": "united_states|detect|respiratory_syncytial_virus|cases|up"
    },
    {
      "key": "world_health_organization|report_release|h5n1|outbreak|ambiguous"
    }
  ]
}
```
===== END RAW GENERATION =====
[DEBUG] parsed JSON: {"hypotheses": [{"key": "centers_for_disease_control|issue_guidance|vaccination|up"}, {"key": "advisory_committee_on_immunization_practices|recommend_vaccination|influenza|up"}, {"key": "food_and_drug_administration|approve_authorize|vaccine|ambiguous"}, {"key": "united_states|detect|respiratory_syncytial_virus|cases|up"}, {"key": "world_health_organization|report_release|h5n1|outbreak|ambiguous"}]}
['centers_for_disease_control', 'issue_guidance', 'vaccination', 'up']
['advisory_committee_on_immunization_practices', 'recommend_vaccination', 'influenza', 'up']
['food_and_drug_administration', 'approve_authorize', 'vaccine', 'ambiguous']
['united_states', 'detect', 'respiratory_syncytial_virus', 'cases', 'up']
['world_health_organization', 'report_release', 'h5n1', 'outbreak', 'ambiguous']
recall_all: 0.15555555555555556 precision_all: 0.10000000000000002
Labels:
['centers_for_disease_control', 'report_release', 'influenza', 'ambiguous']
['centers_for_disease_control', 'report_release', 'influenza', 'up']
['centers_for_disease_control', 'issue_guidance', 'influenza', 'ambiguous']
['centers_for_disease_control', 'report_release', 'mortality', 'ambiguous']
['world_health_organization', 'report_release', 'h5n1', 'ambiguous']

===== RAW GENERATION (decoded) =====
**Reasoning Paragraph:**

The observed trend in the weekly U.S. influenza patient proportion data reveals a clear **decline in influenza-like illness (ILI) activity over the past three months**, with proportions dropping steadily from **1.966% to 1.202%** before stabilizing and slightly rebounding in the final weeks of the context window (t10–t12). This downward trajectory likely reflects the **natural seasonal waning of influenza transmission** post-peak winter months, compounded by **increased population immunity**—either through prior infection or vaccination uptake during the earlier flu season. However, the **current month’s differential trends (dP) introduce a nuanced shift**: after an initial marginal decline (c0: –0.089, c1: –0.009), the proportions begin to **tick upward (c2–c4: +0.038 to +0.098)**, suggesting a **resurgence or localized outbreaks**. This reversal could stem from several real-time factors: (1) **relaxed public health measures** (e.g., reduced masking or social distancing) as other respiratory viruses like RSV or COVID-19 recede, (2) **vaccine efficacy waning** among early-season recipients, or (3) **emergence of a dominant influenza strain** (e.g., H1N1 or H3N2) with higher transmissibility. The **abrupt uptick in c4 (+0.098)**—the largest weekly increase in the current month—hints at a **potential trigger event**, such as a **CDC advisory, vaccine recommendation update, or detection of a novel subtype**, prompting heightened surveillance or public alerts. Alternatively, **delayed reporting adjustments** or **revised case definitions** (e.g., expanded testing criteria) might artificially inflate proportions.

---

⟪FINAL⟫
```json
{
  "hypotheses": [
    {
      "key": "centers_for_disease_control|report_release|influenza|up"
    },
    {
      "key": "advisory_committee_on_immunization_practices|recommend_vaccination|vaccine|ambiguous"
    },
    {
      "key": "united_states|outbreak|h1n1|cases|up"
    },
    {
      "key": "world_health_organization|detect|h5n1|ambiguous"
    },
    {
      "key": "food_and_drug_administration|approve_authorize|vaccine|up"
    }
  ]
}
```
===== END RAW GENERATION =====
[DEBUG] parsed JSON: {"hypotheses": [{"key": "centers_for_disease_control|report_release|influenza|up"}, {"key": "advisory_committee_on_immunization_practices|recommend_vaccination|vaccine|ambiguous"}, {"key": "united_states|outbreak|h1n1|cases|up"}, {"key": "world_health_organization|detect|h5n1|ambiguous"}, {"key": "food_and_drug_administration|approve_authorize|vaccine|up"}]}
['centers_for_disease_control', 'report_release', 'influenza', 'up']
['advisory_committee_on_immunization_practices', 'recommend_vaccination', 'vaccine', 'ambiguous']
['united_states', 'outbreak', 'h1n1', 'cases', 'up']
['world_health_organization', 'detect', 'h5n1', 'ambiguous']
['food_and_drug_administration', 'approve_authorize', 'vaccine', 'up']
recall_all: 0.1904761904761905 precision_all: 0.1142857142857143
Labels:
['advisory_committee_on_immunization_practices', 'issue_guidance', 'vaccination', 'ambiguous']
['centers_for_disease_control', 'report_release', 'influenza', 'ambiguous']
['health_and_human_services', 'report_release', 'influenza', 'up']
['national_institute_on_aging', 'issue_guidance', 'vaccination', 'ambiguous']

===== RAW GENERATION (decoded) =====
**Reasoning Paragraph:**

The observed trend in the weekly U.S. influenza patient proportion data reveals a clear seasonal escalation, transitioning from a gradual decline in the context window (t0–t9) to a sharp upward trajectory in the final month (t10–t12), followed by sustained but moderating growth in the current month (c0–c3). The initial 3-month period suggests a post-peak phase of a typical influenza season, where proportions naturally recede as immunity builds and transmission wanes. However, the abrupt reversal at **t10** (P=1.826) and subsequent spike to **t12** (P=2.025) imply the emergence of a **secondary wave**—potentially driven by either a dominant influenza strain (e.g., H1N1 or H3N2) with higher transmissibility or waning vaccine effectiveness. The current month’s *differential* increases (dP) are smaller but persistently positive, indicating ongoing transmission pressure, though possibly mitigated by intervention or behavioral adaptation.

Plausible real-world drivers include:
1) **Vaccine-related dynamics**: A mid-season **advisory update** (e.g., ACIP recommending booster doses for high-risk groups) could temporarily slow growth (seen in the smaller dP at c2–c3), but delayed uptake might explain the prior surge.
2) **Strain shifts**: Detection of a **novel variant** (e.g., H5N1 spillover or reassorted H1N1) by the CDC or WHO might trigger heightened surveillance, correlating with the t10–t12 spike.
3) **Public health messaging**: A **CDC report release** on rising hospitalizations or mortality could prompt testing increases, artificially inflating proportions (observed as dP fluctuations).
4) **Regulatory actions**: FDA **approval of a new antiviral** or expanded vaccine authorization might coincide with the moderating dP in the current month, reflecting early intervention effects.
5) **Outbreak clusters**: Localized **outbreaks** in high-density settings (e.g., nursing homes, schools) reported by HHS or state agencies could explain the non-linear growth pattern, especially if followed by containment measures.

The decelerating dP in the current month suggests either **saturation of susceptible populations** or successful mitigation—but without additional data on strain typing or intervention timelines, the dominant driver remains ambiguous.

---
⟪FINAL⟫
```json
{
  "hypotheses": [
    {
      "key": "advisory_committee_on_immunization_practices|recommend_vaccination|vaccine|up"
    },
    {
      "key": "centers_for_disease_control|detect|h1n1|up"
    },
    {
      "key": "centers_for_disease_control|report_release|hospitalizations|up"
    },
    {
      "key": "food_and_drug_administration|approve_authorize|vaccine|ambiguous"
    },
    {
      "key": "united_states|outbreak|influenza|up"
    }
  ]
}
```
===== END RAW GENERATION =====
[DEBUG] parsed JSON: {"hypotheses": [{"key": "advisory_committee_on_immunization_practices|recommend_vaccination|vaccine|up"}, {"key": "centers_for_disease_control|detect|h1n1|up"}, {"key": "centers_for_disease_control|report_release|hospitalizations|up"}, {"key": "food_and_drug_administration|approve_authorize|vaccine|ambiguous"}, {"key": "united_states|outbreak|influenza|up"}]}
['advisory_committee_on_immunization_practices', 'recommend_vaccination', 'vaccine', 'up']
['centers_for_disease_control', 'detect', 'h1n1', 'up']
['centers_for_disease_control', 'report_release', 'hospitalizations', 'up']
['food_and_drug_administration', 'approve_authorize', 'vaccine', 'ambiguous']
['united_states', 'outbreak', 'influenza', 'up']
recall_all: 0.16666666666666669 precision_all: 0.1
Labels:
['centers_for_disease_control', 'issue_guidance', 'vaccination', 'ambiguous']
['advisory_committee_on_immunization_practices', 'issue_guidance', 'vaccination', 'ambiguous']
['centers_for_disease_control', 'report_release', 'hospitalizations', 'up']
['centers_for_disease_control', 'report_release', 'influenza', 'up']

===== RAW GENERATION (decoded) =====
**Reasoning Paragraph:**

The observed trend in the weekly U.S. influenza patient proportion data reveals a clear upward trajectory over the past three months, culminating in a sustained high plateau in the current month. Initially, the proportion of influenza cases (P) rose steadily from **1.202** to **2.259** over the 13-week context window, suggesting a seasonal escalation typical of winter influenza outbreaks. The sharpest increases occurred between **t5 (1.540)** and **t8 (2.025)**, likely aligning with peak flu transmission during colder months, compounded by holiday travel and indoor gatherings. In the current month, the weekly *changes* in proportion (dP) exhibit volatility: an initial dip (**c0: -0.033**), followed by a rebound (**c1: +0.143**), and subsequent moderate increases (**c2: +0.045**, **c3: +0.080**). This pattern may reflect **real-time interventions or external shocks**—such as public health advisories, vaccine distribution adjustments, or the emergence of a secondary respiratory pathogen (e.g., RSV or a novel influenza strain). The rebound in **c1** could correlate with delayed reporting of cases or a lagged response to earlier mitigation efforts, while the persistent upward pressure in **c2–c3** suggests either **insufficient herd immunity** or **new viral variants evading prior immunity**. Given the timing, plausible drivers include **CDC or ACIP updates on vaccination guidance**, **FDA authorization of updated vaccines**, or **WHO/US reports on regional outbreaks** prompting behavioral changes.

---

⟪FINAL⟫
```json
{
  "hypotheses": [
    {
      "key": "centers_for_disease_control|issue_guidance|vaccination|up"
    },
    {
      "key": "advisory_committee_on_immunization_practices|recommend_vaccination|influenza|up"
    },
    {
      "key": "food_and_drug_administration|approve_authorize|vaccine|up"
    },
    {
      "key": "united_states|report_release|cases|up"
    },
    {
      "key": "world_health_organization|detect|h5n1|ambiguous"
    }
  ]
}
```
===== END RAW GENERATION =====
[DEBUG] parsed JSON: {"hypotheses": [{"key": "centers_for_disease_control|issue_guidance|vaccination|up"}, {"key": "advisory_committee_on_immunization_practices|recommend_vaccination|influenza|up"}, {"key": "food_and_drug_administration|approve_authorize|vaccine|up"}, {"key": "united_states|report_release|cases|up"}, {"key": "world_health_organization|detect|h5n1|ambiguous"}]}
['centers_for_disease_control', 'issue_guidance', 'vaccination', 'up']
['advisory_committee_on_immunization_practices', 'recommend_vaccination', 'influenza', 'up']
['food_and_drug_administration', 'approve_authorize', 'vaccine', 'up']
['united_states', 'report_release', 'cases', 'up']
['world_health_organization', 'detect', 'h5n1', 'ambiguous']
recall_all: 0.17592592592592593 precision_all: 0.1111111111111111
Labels:
['centers_for_disease_control', 'issue_guidance', 'vaccination', 'ambiguous']
['centers_for_disease_control', 'report_release', 'influenza', 'ambiguous']
['centers_for_disease_control', 'report_release', 'influenza', 'up']
['centers_for_disease_control', 'conduct_study', 'influenza', 'ambiguous']
['centers_for_disease_control', 'conduct_study', 'respiratory_syncytial_virus', 'ambiguous']

===== RAW GENERATION (decoded) =====
**Reasoning Paragraph:**

The observed trend in weekly U.S. influenza patient proportions reveals a clear escalation over the past three months, transitioning from a gradual increase (1.540 to 2.309) to a sharper acceleration in the most recent month (3.325 at t12, followed by a steep rise in weekly *differential* proportions: +0.050 to +0.413). This pattern suggests a **compounding effect** of seasonal influenza transmission, potentially exacerbated by co-circulating respiratory pathogens (e.g., RSV or emerging variants like H5N1) or delayed public health interventions. The **abrupt spike in the current month**—particularly the +0.413 jump in c4—implies a possible **acute event** rather than linear seasonal progression. Likely drivers include: (1) **regulatory actions** (e.g., CDC or ACIP issuing urgent vaccination guidance in response to rising hospitalizations), (2) **outbreak confirmation** (e.g., detection of a novel influenza strain or cross-species transmission), or (3) **data reporting artifacts** (e.g., HHS releasing consolidated case backlogs or revised mortality rates). The **non-linear acceleration** aligns with scenarios where public health agencies escalate responses (e.g., FDA authorizing emergency vaccine use) or media coverage amplifies testing behavior, artificially inflating reported proportions. Critically, the absence of a downward correction suggests these are **real increases** in transmission, not just diagnostic noise.

---

⟪FINAL⟫
```json
{
  "hypotheses": [
    {
      "key": "centers_for_disease_control|issue_guidance|vaccination|up"
    },
    {
      "key": "advisory_committee_on_immunization_practices|recommend_vaccination|influenza|up"
    },
    {
      "key": "united_states|outbreak|h5n1|cases|up"
    },
    {
      "key": "food_and_drug_administration|approve_authorize|vaccine|up"
    },
    {
      "key": "health_and_human_services|report_release|hospitalizations|up"
    }
  ]
}
```
===== END RAW GENERATION =====
[DEBUG] parsed JSON: {"hypotheses": [{"key": "centers_for_disease_control|issue_guidance|vaccination|up"}, {"key": "advisory_committee_on_immunization_practices|recommend_vaccination|influenza|up"}, {"key": "united_states|outbreak|h5n1|cases|up"}, {"key": "food_and_drug_administration|approve_authorize|vaccine|up"}, {"key": "health_and_human_services|report_release|hospitalizations|up"}]}
['centers_for_disease_control', 'issue_guidance', 'vaccination', 'up']
['advisory_committee_on_immunization_practices', 'recommend_vaccination', 'influenza', 'up']
['united_states', 'outbreak', 'h5n1', 'cases', 'up']
['food_and_drug_administration', 'approve_authorize', 'vaccine', 'up']
['health_and_human_services', 'report_release', 'hospitalizations', 'up']
recall_all: 0.17833333333333334 precision_all: 0.12
Labels:
['centers_for_disease_control', 'report_release', 'influenza', 'up']
['centers_for_disease_control', 'approve_authorize', 'influenza', 'ambiguous']
['centers_for_disease_control', 'issue_guidance', 'influenza', 'ambiguous']
['centers_for_disease_control', 'recommend_vaccination', 'influenza', 'ambiguous']
['centers_for_disease_control', 'report_release', 'deaths', 'up']

===== RAW GENERATION (decoded) =====
**Reasoning Paragraph:**

The observed trend in weekly U.S. influenza patient proportions reveals a clear acceleration in transmission over the past three months, culminating in a sharp escalation during the current month. The context window (t0–t12) shows a steady, near-linear increase in proportions (from 1.991% to 4.354%), suggesting a worsening influenza season with rising community spread. However, the *current month’s* weekly changes (dP) exhibit a more volatile pattern: while the first three weeks (c0–c2) show decelerating growth (+0.247 → +0.171), the fourth week (c3) spikes abruptly (+0.395), nearly doubling the prior week’s increase. This deviation implies a sudden exacerbation of cases, potentially linked to real-time interventions or external shocks.

Plausible drivers include:
1. **Delayed vaccination uptake**—if earlier guidance or supply constraints (e.g., FDA approval delays or ACIP recommendations) led to lagged immunization, herd immunity may have weakened just as viral circulation peaked.
2. **Emergence of a dominant strain**—a CDC or WHO report confirming a more transmissible or immune-evasive variant (e.g., H1N1 or H5N1 spillover) could explain the late-month surge.
3. **Holiday-related mobility**—if the current month includes Thanksgiving or Christmas, travel and gatherings would amplify transmission, with effects materializing in c3.
4. **Regulatory or advisory shifts**—a sudden CDC or HHS alert (e.g., rating influenza severity "high" or recommending expanded vaccination) might correlate with the spike, either as a response to rising cases or as a catalyst for increased testing/reporting.
5. **Co-circulation with RSV**—if the FDA or NIH detected elevated respiratory syncytial virus (RSV) cases, overlapping symptoms could inflate influenza-like illness (ILI) proportions, especially if diagnostic capacity was strained.

The c3 outlier is particularly critical: its magnitude suggests a *non-linear* trigger—likely a confluence of behavioral, virological, and policy factors—rather than gradual seasonal progression alone.

---
⟪FINAL⟫
```json
{
  "hypotheses": [
    {
      "key": "centers_for_disease_control|report_release|influenza|up"
    },
    {
      "key": "advisory_committee_on_immunization_practices|recommend_vaccination|vaccine|up"
    },
    {
      "key": "united_states|outbreak|h1n1|cases|up"
    },
    {
      "key": "food_and_drug_administration|approve_authorize|vaccine|ambiguous"
    },
    {
      "key": "world_health_organization|detect|respiratory_syncytial_virus|up"
    }
  ]
}
```
===== END RAW GENERATION =====
[DEBUG] parsed JSON: {"hypotheses": [{"key": "centers_for_disease_control|report_release|influenza|up"}, {"key": "advisory_committee_on_immunization_practices|recommend_vaccination|vaccine|up"}, {"key": "united_states|outbreak|h1n1|cases|up"}, {"key": "food_and_drug_administration|approve_authorize|vaccine|ambiguous"}, {"key": "world_health_organization|detect|respiratory_syncytial_virus|up"}]}
['centers_for_disease_control', 'report_release', 'influenza', 'up']
['advisory_committee_on_immunization_practices', 'recommend_vaccination', 'vaccine', 'up']
['united_states', 'outbreak', 'h1n1', 'cases', 'up']
['food_and_drug_administration', 'approve_authorize', 'vaccine', 'ambiguous']
['world_health_organization', 'detect', 'respiratory_syncytial_virus', 'up']
recall_all: 0.1803030303030303 precision_all: 0.12727272727272726
Labels:
['centers_for_disease_control', 'report_release', 'influenza', 'ambiguous']
['centers_for_disease_control', 'report_release', 'influenza', 'up']
['centers_for_disease_control', 'report_release', 'cases', 'up']
['centers_for_disease_control', 'report_release', 'h5n1', 'ambiguous']

===== RAW GENERATION (decoded) =====
**Reasoning Paragraph:**

The observed trend in the weekly U.S. influenza patient proportion data reveals a sharp and accelerating upward trajectory over the past three months, culminating in a pronounced spike during the current month. The context window (t0–t12) shows a steady, near-exponential increase in proportions, rising from **2.259% to 6.904%**—a tripling of cases in just 12 weeks. This suggests a worsening influenza season, potentially compounded by seasonal factors (e.g., colder weather driving indoor transmission) or the emergence of a more virulent strain. The current month’s *differential* weekly changes (dP) further amplify this concern: while **c0 (+0.853)** and **c1 (+1.104)** reflect sustained rapid growth, the abrupt deceleration at **c2 (+0.594)** may indicate one of two scenarios. First, early-month interventions (e.g., a vaccination campaign or public health advisory) could have begun mitigating spread. Alternatively, the slowdown might reflect reporting lags, data artifacts, or the onset of saturation in high-risk groups. Given the prior momentum, the latter seems less likely without external intervention.

Real-world drivers likely include:
1. **Delayed vaccination uptake**—if vaccine distribution or public compliance lagged behind viral circulation, early-season surges would align with the t0–t12 trend.
2. **Strain dominance shifts**—a more transmissible or immune-evasive influenza variant (e.g., a drifted H1N1 or H3N2 subtype) could explain the steep climb.
3. **Policy or guidance changes**—a mid-month advisory (e.g., CDC recommending antivirals or expanded vaccine eligibility) might correlate with the c2 slowdown.
4. **Co-circulation with other respiratory viruses** (e.g., RSV or SARS-CoV-2) could strain healthcare systems, indirectly elevating influenza detection rates via increased testing.
5. **Holiday-related mobility**—Thanksgiving or December travel (if the current month is November/December) would accelerate transmission, followed by a post-gathering plateau as exposed individuals recover or isolate.

The **dP deceleration at c2** is the critical inflection point, warranting investigation into contemporaneous public health actions or behavioral shifts.

---
⟪FINAL⟫
```json
{
  "hypotheses": [
    {
      "key": "centers_for_disease_control|issue_guidance|vaccination|up"
    },
    {
      "key": "advisory_committee_on_immunization_practices|recommend_vaccination|influenza|up"
    },
    {
      "key": "united_states|report_release|cases|up"
    },
    {
      "key": "world_health_organization|detect|h1n1|ambiguous"
    },
    {
      "key": "food_and_drug_administration|approve_authorize|vaccine|up"
    }
  ]
}
```
===== END RAW GENERATION =====
[DEBUG] parsed JSON: {"hypotheses": [{"key": "centers_for_disease_control|issue_guidance|vaccination|up"}, {"key": "advisory_committee_on_immunization_practices|recommend_vaccination|influenza|up"}, {"key": "united_states|report_release|cases|up"}, {"key": "world_health_organization|detect|h1n1|ambiguous"}, {"key": "food_and_drug_administration|approve_authorize|vaccine|up"}]}
['centers_for_disease_control', 'issue_guidance', 'vaccination', 'up']
['advisory_committee_on_immunization_practices', 'recommend_vaccination', 'influenza', 'up']
['united_states', 'report_release', 'cases', 'up']
['world_health_organization', 'detect', 'h1n1', 'ambiguous']
['food_and_drug_administration', 'approve_authorize', 'vaccine', 'up']
recall_all: 0.16527777777777777 precision_all: 0.11666666666666665
Labels:
['centers_for_disease_control', 'report_release', 'influenza', 'up']
['centers_for_disease_control', 'report_release', 'influenza', 'ambiguous']
['centers_for_disease_control', 'issue_guidance', 'vaccination', 'ambiguous']
['centers_for_disease_control', 'recommend_vaccination', 'vaccination', 'ambiguous']
['centers_for_disease_control', 'report_release', 'influenza', 'down']

===== RAW GENERATION (decoded) =====
**Reasoning Paragraph:**

The observed trend in the weekly U.S. influenza patient proportion data reveals a clear seasonal epidemic curve followed by a rapid decline. Over the three-month context window, the proportion of influenza cases (OT) rises steadily from **3.325% to a peak of 6.904%**, reflecting the typical winter surge in respiratory infections—likely driven by holiday gatherings, colder weather forcing indoor congregation, and waning immunity from prior vaccinations. The subsequent decline to **4.278%** by the end of the context window suggests the natural ebbing of the flu season as immunity builds (via infections or vaccinations) and behavioral changes reduce transmission.

Within the *current month*, the **first-order differences (dOT)** paint a sharper picture: the initial steep drop (**dP = -1.143, -1.009**) implies a **sudden, coordinated intervention or environmental shift**. The most plausible explanation is a **public health response**—such as the CDC or ACIP issuing urgent vaccination recommendations, the FDA authorizing a new vaccine strain, or a high-profile report (e.g., from the WHO or HHS) highlighting severe outcomes (e.g., H5N1 spillover risks or RSV co-circulation). The deceleration of decline (**dP = -0.402, -0.127**) and eventual stabilization (**dP = +0.054**) suggest that the intervention’s impact plateaued, either due to saturation of vulnerable populations receiving vaccines or a shift in dominant strains (e.g., H1N1 replacing a more virulent strain). The slight uptick in the final week could reflect **lagged reporting of severe cases** or the onset of a secondary wave, though the magnitude remains ambiguous.

**Key Real-Time Drivers (Current Month):**
The pattern aligns with a **policy-driven disruption** (e.g., a CDC advisory or vaccine approval) followed by behavioral adaptation (e.g., increased uptake). The absence of a catastrophic rebound implies the intervention was *targeted* (e.g., focused on high-risk groups) rather than broad societal lockdowns.

---
⟪FINAL⟫
```json
{
  "hypotheses": [
    {
      "key": "centers_for_disease_control|issue_guidance|vaccination|up"
    },
    {
      "key": "advisory_committee_on_immunization_practices|recommend_vaccination|influenza|up"
    },
    {
      "key": "food_and_drug_administration|approve_authorize|vaccine|up"
    },
    {
      "key": "world_health_organization|report_release|h5n1|ambiguous"
    },
    {
      "key": "united_states|rate_change|hospitalizations|down"
    }
  ]
}
```
===== END RAW GENERATION =====
[DEBUG] parsed JSON: {"hypotheses": [{"key": "centers_for_disease_control|issue_guidance|vaccination|up"}, {"key": "advisory_committee_on_immunization_practices|recommend_vaccination|influenza|up"}, {"key": "food_and_drug_administration|approve_authorize|vaccine|up"}, {"key": "world_health_organization|report_release|h5n1|ambiguous"}, {"key": "united_states|rate_change|hospitalizations|down"}]}
['centers_for_disease_control', 'issue_guidance', 'vaccination', 'up']
['advisory_committee_on_immunization_practices', 'recommend_vaccination', 'influenza', 'up']
['food_and_drug_administration', 'approve_authorize', 'vaccine', 'up']
['world_health_organization', 'report_release', 'h5n1', 'ambiguous']
['united_states', 'rate_change', 'hospitalizations', 'down']
recall_all: 0.16794871794871796 precision_all: 0.12307692307692307
Labels:
['centers_for_disease_control', 'issue_guidance', 'influenza', 'ambiguous']
['centers_for_disease_control', 'report_release', 'influenza', 'up']
['centers_for_disease_control', 'issue_guidance', 'vaccination', 'ambiguous']
['centers_for_disease_control', 'recommend_vaccination', 'influenza', 'ambiguous']
['centers_for_disease_control', 'recommend_vaccination', 'vaccination', 'ambiguous']

===== RAW GENERATION (decoded) =====
**Reasoning Paragraph:**

The observed trend in the weekly U.S. influenza patient proportion data reveals a distinct seasonal and intervention-driven pattern. Over the three-month context window, the proportion of influenza cases (OT) initially rises sharply—peaking at **6.904%** in week *t3*—before declining steadily, suggesting the tail end of a seasonal flu wave or the cumulative effect of public health interventions (e.g., vaccination campaigns or behavioral changes). The subsequent stabilization around **4.0–4.4%** in weeks *t6–t12* implies either herd immunity thresholds being approached or reduced transmission due to environmental factors (e.g., warmer weather in spring). However, the current month’s differential changes (dOT) introduce a nuanced shift: a modest **increase (+0.122%)** in *c0* is swiftly followed by a **decline (−0.066% and −0.239%)** in *c1–c3*. This volatility may reflect **real-time responses to public health actions**, such as the CDC or ACIP issuing updated vaccination guidance, or external shocks like the detection of a novel strain (e.g., H5N1 spillover) prompting heightened surveillance. The abrupt drop in *c3* (−0.239%) is particularly notable—it could correlate with a **rapid intervention** (e.g., FDA authorization of a new vaccine batch) or a **report release** by the WHO or HHS highlighting declining case severity. Alternatively, it might signal **competing respiratory pathogens** (e.g., RSV resurgence) diverting diagnostic focus. The directionality of these changes suggests a **reactive public health landscape**, where authorities adjust strategies in response to evolving epidemiological signals.

---
⟪FINAL⟫
```json
{
  "hypotheses": [
    {
      "key": "centers_for_disease_control|issue_guidance|vaccination|up"
    },
    {
      "key": "advisory_committee_on_immunization_practices|recommend_vaccination|influenza|down"
    },
    {
      "key": "food_and_drug_administration|approve_authorize|vaccine|ambiguous"
    },
    {
      "key": "world_health_organization|report_release|cases|down"
    },
    {
      "key": "united_states|detect|h5n1|up"
    }
  ]
}
```
===== END RAW GENERATION =====
[DEBUG] parsed JSON: {"hypotheses": [{"key": "centers_for_disease_control|issue_guidance|vaccination|up"}, {"key": "advisory_committee_on_immunization_practices|recommend_vaccination|influenza|down"}, {"key": "food_and_drug_administration|approve_authorize|vaccine|ambiguous"}, {"key": "world_health_organization|report_release|cases|down"}, {"key": "united_states|detect|h5n1|up"}]}
['centers_for_disease_control', 'issue_guidance', 'vaccination', 'up']
['advisory_committee_on_immunization_practices', 'recommend_vaccination', 'influenza', 'down']
['food_and_drug_administration', 'approve_authorize', 'vaccine', 'ambiguous']
['world_health_organization', 'report_release', 'cases', 'down']
['united_states', 'detect', 'h5n1', 'up']
recall_all: 0.17023809523809527 precision_all: 0.12857142857142856
Labels:
['centers_for_disease_control', 'report_release', 'influenza', 'up']
['centers_for_disease_control', 'report_release', 'influenza', 'ambiguous']

===== RAW GENERATION (decoded) =====
**Reasoning Paragraph:**

The observed trend in the weekly U.S. influenza patient proportion data reveals a clear **decelerating decline** over the past three months, followed by a **softening contraction** in the current month. Initially, the proportion of influenza cases (OT) fell sharply from **5.762% to 3.030%** over 12 weeks, suggesting a **post-peak seasonal decline**—likely reflecting the natural tail end of the winter flu season, compounded by cumulative vaccination effects and herd immunity buildup. However, the *rate of decline* slowed markedly in the current month, as evidenced by the shrinking negative weekly changes in dP (from **-0.351** to **-0.120**). This deceleration implies that while cases continue to drop, the downward momentum is weakening. Plausible drivers include: (1) **waning vaccine efficacy** as time elapses since the fall vaccination campaign, (2) **behavioral shifts** (e.g., reduced mask-wearing or indoor gathering precautions as public perception of risk declines), or (3) **emergence of a less severe but more transmissible subtype** (e.g., H1N1 displacing H3N2). The flattening curve may also reflect **reporting lags** or **diagnostic shifts** (e.g., clinicians prioritizing RSV or COVID-19 testing over influenza). Critically, the absence of a rebound suggests no major outbreak has yet emerged, but the slowing decline warrants monitoring for potential **resurgence triggers**, such as policy changes or viral mutations.

---
⟪FINAL⟫
```json
{
  "hypotheses": [
    {
      "key": "centers_for_disease_control|report_release|influenza|down"
    },
    {
      "key": "advisory_committee_on_immunization_practices|recommend_vaccination|vaccine|ambiguous"
    },
    {
      "key": "united_states|rate_change|hospitalizations|down"
    },
    {
      "key": "world_health_organization|detect|h1n1|cases|up"
    },
    {
      "key": "food_and_drug_administration|approve_authorize|vaccine|ambiguous"
    }
  ]
}
```
===== END RAW GENERATION =====
[DEBUG] parsed JSON: {"hypotheses": [{"key": "centers_for_disease_control|report_release|influenza|down"}, {"key": "advisory_committee_on_immunization_practices|recommend_vaccination|vaccine|ambiguous"}, {"key": "united_states|rate_change|hospitalizations|down"}, {"key": "world_health_organization|detect|h1n1|cases|up"}, {"key": "food_and_drug_administration|approve_authorize|vaccine|ambiguous"}]}
['centers_for_disease_control', 'report_release', 'influenza', 'down']
['advisory_committee_on_immunization_practices', 'recommend_vaccination', 'vaccine', 'ambiguous']
['united_states', 'rate_change', 'hospitalizations', 'down']
['world_health_organization', 'detect', 'h1n1', 'cases', 'up']
['food_and_drug_administration', 'approve_authorize', 'vaccine', 'ambiguous']
recall_all: 0.2255555555555556 precision_all: 0.13333333333333333
Labels:
['centers_for_disease_control', 'report_release', 'h5n1', 'up']
['centers_for_disease_control', 'confirm', 'h5n1', 'ambiguous']
['centers_for_disease_control', 'outbreak', 'h5n1', 'ambiguous']

===== RAW GENERATION (decoded) =====
**Reasoning Paragraph:**

The observed trend in the weekly U.S. influenza patient proportion data reveals a clear **decelerating decline** over the past three months, followed by a **more volatile but still downward trajectory** in the current month. Initially, the proportion of influenza cases (P) dropped steadily from **4.400% to 2.142%** over 12 weeks, suggesting a **post-peak seasonal decline**—likely reflecting the natural waning of the winter flu season, combined with the cumulative effects of vaccination campaigns and herd immunity. However, the **current month’s weekly changes (dP)** introduce nuanced fluctuations: while the first three weeks show **accelerated declines** (dP = -0.201 to -0.293), weeks **c3 and c4 exhibit a sharp slowdown** (dP = -0.053 and -0.098), hinting at **emerging countervailing forces**.

This pattern aligns with plausible real-world drivers: (1) **Vaccination uptake plateauing** as the season progresses, reducing marginal protection gains; (2) **Behavioral shifts** (e.g., reduced mask-wearing or travel increases) partially offsetting declines; (3) **Competing respiratory viruses** (e.g., RSV or COVID-19) altering diagnostic focus or healthcare-seeking behavior; or (4) **Regulatory or advisory actions**—such as updated CDC guidance or FDA approvals—impacting reporting or intervention timing. The **abrupt deceleration in weeks c3–c4** is particularly notable, as it may reflect **delayed effects of policy changes** (e.g., revised vaccination recommendations) or **early detection of a secondary wave** (e.g., a new influenza subtype or co-circulation with H5N1). The absence of a rebound suggests these factors are **mitigating rather than reversing** the decline, but the slowed rate warrants monitoring for **potential inflection points**.

---
⟪FINAL⟫
```json
{
  "hypotheses": [
    {
      "key": "centers_for_disease_control|issue_guidance|vaccination|down"
    },
    {
      "key": "advisory_committee_on_immunization_practices|recommend_vaccination|influenza|ambiguous"
    },
    {
      "key": "food_and_drug_administration|approve_authorize|vaccine|up"
    },
    {
      "key": "united_states|detect|h5n1|cases|up"
    },
    {
      "key": "world_health_organization|report_release|respiratory_syncytial_virus|cases|down"
    }
  ]
}
```
===== END RAW GENERATION =====
[DEBUG] parsed JSON: {"hypotheses": [{"key": "centers_for_disease_control|issue_guidance|vaccination|down"}, {"key": "advisory_committee_on_immunization_practices|recommend_vaccination|influenza|ambiguous"}, {"key": "food_and_drug_administration|approve_authorize|vaccine|up"}, {"key": "united_states|detect|h5n1|cases|up"}, {"key": "world_health_organization|report_release|respiratory_syncytial_virus|cases|down"}]}
['centers_for_disease_control', 'issue_guidance', 'vaccination', 'down']
['advisory_committee_on_immunization_practices', 'recommend_vaccination', 'influenza', 'ambiguous']
['food_and_drug_administration', 'approve_authorize', 'vaccine', 'up']
['united_states', 'detect', 'h5n1', 'cases', 'up']
['world_health_organization', 'report_release', 'respiratory_syncytial_virus', 'cases', 'down']
recall_all: 0.21145833333333336 precision_all: 0.12499999999999999
Labels:
['centers_for_disease_control', 'detect', 'h5n1', 'ambiguous']

===== RAW GENERATION (decoded) =====
**Reasoning Paragraph:**

The observed trend in weekly U.S. influenza patient proportions reveals a clear, sustained decline over the past three months, with the proportion dropping from **4.334% to 2.032%**—a reduction of over **50%**—before stabilizing in the current month with a modest further decrease (**dP = -0.110**). This pattern strongly suggests the tail end of a seasonal influenza wave, likely influenced by a combination of **vaccination uptake, behavioral adaptations, and viral exhaustion**. The steepest declines (e.g., **t4 to t9**) align with typical post-peak dissipation, where herd immunity (via prior infections or vaccinations) and waning viral transmission reduce case burdens. The flattening trend in the current month (**dP = -0.110**) may indicate either **residual low-level circulation** or the onset of intervention effects, such as **public health guidance updates** or **vaccine policy adjustments**. Given the timing, plausible drivers include **CDC or ACIP recommendations** (e.g., expanded vaccine eligibility), **FDA actions** (e.g., approval of updated formulations), or **WHO/USG reports** on waning severity. Alternatively, a **competing respiratory pathogen** (e.g., RSV or a novel subtype like H5N1) could divert attention, though the data does not yet reflect a sharp counter-trend. The marginal current-month decline hints at **stabilization rather than resurgence**, but real-time events—such as **advisories on booster doses or outbreak detections**—could explain the subtle downward pressure.

---
⟪FINAL⟫
```json
{
  "hypotheses": [
    {
      "key": "centers_for_disease_control|issue_guidance|vaccination|up"
    },
    {
      "key": "advisory_committee_on_immunization_practices|recommend_vaccination|influenza|up"
    },
    {
      "key": "food_and_drug_administration|approve_authorize|vaccine|ambiguous"
    },
    {
      "key": "united_states|report_release|cases|down"
    },
    {
      "key": "world_health_organization|detect|h5n1|ambiguous"
    }
  ]
}
```
===== END RAW GENERATION =====
[DEBUG] parsed JSON: {"hypotheses": [{"key": "centers_for_disease_control|issue_guidance|vaccination|up"}, {"key": "advisory_committee_on_immunization_practices|recommend_vaccination|influenza|up"}, {"key": "food_and_drug_administration|approve_authorize|vaccine|ambiguous"}, {"key": "united_states|report_release|cases|down"}, {"key": "world_health_organization|detect|h5n1|ambiguous"}]}
['centers_for_disease_control', 'issue_guidance', 'vaccination', 'up']
['advisory_committee_on_immunization_practices', 'recommend_vaccination', 'influenza', 'up']
['food_and_drug_administration', 'approve_authorize', 'vaccine', 'ambiguous']
['united_states', 'report_release', 'cases', 'down']
['world_health_organization', 'detect', 'h5n1', 'ambiguous']
recall_all: 0.19901960784313727 precision_all: 0.1176470588235294
