Labels:
['centers_for_disease_control', 'report_release', 'influenza', 'ambiguous']
['centers_for_disease_control', 'report_release', 'influenza', 'up']
['united_states', 'rate_change', 'hospitalizations', 'up']
['united_states', 'report_release', 'influenza', 'ambiguous']
['united_states', 'report_release', 'influenza', 'up']

===== RAW GENERATION (decoded) =====
The observed trend in the data indicates a sharp decline in U.S. influenza patient proportions from a peak of 7.371% at t1 through a sustained downward trajectory over the subsequent 12 weeks, stabilizing near 2.7% by t12. This pattern is consistent with the typical seasonal waning of influenza activity as winter transitions into spring. The current month’s weekly changes in the proportion (dOT) further reveal a deceleration in the rate of decline—starting with a notable drop of –1.020 in c0, followed by progressively smaller negative changes, and culminating in slight increases in c3 and c4 (+0.014 and +0.019). This suggests the influenza season may have reached its nadir and is now exhibiting early signs of stabilization or minor rebound, possibly due to localized outbreaks, waning population immunity, or behavioral shifts such as reduced mask-wearing or increased indoor gatherings. While the overall trend remains low, the recent uptick in dP could signal residual viral circulation or surveillance artifacts, warranting heightened vigilance despite the broader seasonal decline.

⟪FINAL⟫{
  "hypotheses": [
    {
      "key": "centers_for_disease_control|report_release|influenza|down"
    },
    {
      "key": "advisory_committee_on_immunization_practices|recommend_vaccination|vaccination|ambiguous"
    },
    {
      "key": "food_and_drug_administration|approve_authorize|vaccine|up"
    },
    {
      "key": "centers_for_disease_control|detect|respiratory_syncytial_virus|ambiguous"
    },
    {
      "key": "health_and_human_services|issue_guidance|influenza|down"
    }
  ]
}
===== END RAW GENERATION =====
[DEBUG] parsed JSON: {"hypotheses": [{"key": "centers_for_disease_control|report_release|influenza|down"}, {"key": "advisory_committee_on_immunization_practices|recommend_vaccination|vaccination|ambiguous"}, {"key": "food_and_drug_administration|approve_authorize|vaccine|up"}, {"key": "centers_for_disease_control|detect|respiratory_syncytial_virus|ambiguous"}, {"key": "health_and_human_services|issue_guidance|influenza|down"}]}
['centers_for_disease_control', 'report_release', 'influenza', 'down']
['advisory_committee_on_immunization_practices', 'recommend_vaccination', 'vaccination', 'ambiguous']
['food_and_drug_administration', 'approve_authorize', 'vaccine', 'up']
['centers_for_disease_control', 'detect', 'respiratory_syncytial_virus', 'ambiguous']
['health_and_human_services', 'issue_guidance', 'influenza', 'down']
recall_all: 0.4 precision_all: 0.2
Labels:
['centers_for_disease_control', 'report_release', 'influenza', 'up']
['centers_for_disease_control', 'report_release', 'influenza', 'ambiguous']

===== RAW GENERATION (decoded) =====
The observed trend in the data indicates a pronounced decline in influenza patient proportions over the past three months, falling from 6.462% to 2.404%, consistent with the typical seasonal waning of flu activity as winter transitions into spring. However, within the current month, the weekly changes in the rate of decline (dOT) reveal a decelerating downward trend—initially steep (dP = -0.143 at c2) but moderating in subsequent weeks (e.g., dP = -0.039 at c3)—suggesting that the seasonal trough may be stabilizing. This pattern could reflect the natural end of the flu season, but the slight fluctuations in the rate of decline might also signal external influences, such as updated public health messaging, shifts in testing behavior, or the emergence of other respiratory viruses competing for clinical attention. Given the timing and magnitude of the changes, real-time public health actions—such as revised guidance or surveillance updates—could plausibly contribute to the subtle shifts in reported proportions even as overall activity remains low.

⟪FINAL⟫{
  "hypotheses": [
    {
      "key": "centers_for_disease_control|issue_guidance|influenza|down"
    },
    {
      "key": "advisory_committee_on_immunization_practices|recommend_vaccination|vaccination|ambiguous"
    },
    {
      "key": "centers_for_disease_control|report_release|cases|down"
    },
    {
      "key": "health_and_human_services|detect|respiratory_syncytial_virus|up"
    },
    {
      "key": "world_health_organization|confirm|influenza|down"
    }
  ]
}
===== END RAW GENERATION =====
[DEBUG] parsed JSON: {"hypotheses": [{"key": "centers_for_disease_control|issue_guidance|influenza|down"}, {"key": "advisory_committee_on_immunization_practices|recommend_vaccination|vaccination|ambiguous"}, {"key": "centers_for_disease_control|report_release|cases|down"}, {"key": "health_and_human_services|detect|respiratory_syncytial_virus|up"}, {"key": "world_health_organization|confirm|influenza|down"}]}
['centers_for_disease_control', 'issue_guidance', 'influenza', 'down']
['advisory_committee_on_immunization_practices', 'recommend_vaccination', 'vaccination', 'ambiguous']
['centers_for_disease_control', 'report_release', 'cases', 'down']
['health_and_human_services', 'detect', 'respiratory_syncytial_virus', 'up']
['world_health_organization', 'confirm', 'influenza', 'down']
recall_all: 0.2 precision_all: 0.1
Labels:
['centers_for_disease_control', 'report_release', 'influenza', 'ambiguous']
['centers_for_disease_control', 'report_release', 'influenza', 'up']

===== RAW GENERATION (decoded) =====
The observed trend in the data indicates a sustained decline in the weekly proportion of U.S. influenza patients over the past three months, with values falling from 3.058 at t0 to 2.206 at t12—a clear downward trajectory consistent with the waning phase of a typical seasonal flu epidemic. This gradual decrease has continued into the current month, as evidenced by the negative weekly changes in dOT (dP = –0.022, –0.065, –0.143), suggesting ongoing subsidence of influenza activity. However, the initial slight increase at c0 (+0.031) may reflect minor late-season fluctuations or localized outbreaks before the broader decline resumed. The accelerating drop in c3 (–0.143) points to a rapid contraction in case proportions, potentially influenced by real-time public health interventions, increased vaccination coverage, or behavioral changes in response to recent health advisories. Given the timing and magnitude of the recent decline, it is plausible that one or more authoritative actions—such as updated guidance, vaccine recommendations, or surveillance reports—were issued within the current month, contributing to reduced transmission or improved case detection and management.

⟪FINAL⟫{
  "hypotheses": [
    {
      "key": "centers_for_disease_control|issue_guidance|influenza|down"
    },
    {
      "key": "advisory_committee_on_immunization_practices|recommend_vaccination|vaccination|up"
    },
    {
      "key": "centers_for_disease_control|report_release|cases|down"
    },
    {
      "key": "health_and_human_services|approve_authorize|vaccine|up"
    },
    {
      "key": "world_health_organization|detect|influenza|down"
    }
  ]
}
===== END RAW GENERATION =====
[DEBUG] parsed JSON: {"hypotheses": [{"key": "centers_for_disease_control|issue_guidance|influenza|down"}, {"key": "advisory_committee_on_immunization_practices|recommend_vaccination|vaccination|up"}, {"key": "centers_for_disease_control|report_release|cases|down"}, {"key": "health_and_human_services|approve_authorize|vaccine|up"}, {"key": "world_health_organization|detect|influenza|down"}]}
['centers_for_disease_control', 'issue_guidance', 'influenza', 'down']
['advisory_committee_on_immunization_practices', 'recommend_vaccination', 'vaccination', 'up']
['centers_for_disease_control', 'report_release', 'cases', 'down']
['health_and_human_services', 'approve_authorize', 'vaccine', 'up']
['world_health_organization', 'detect', 'influenza', 'down']
recall_all: 0.13333333333333333 precision_all: 0.06666666666666667
Labels:
['centers_for_disease_control', 'report_release', 'influenza', 'up']
['united_states', 'report_release', 'h5n1', 'ambiguous']

===== RAW GENERATION (decoded) =====
The observed trend in the data indicates a sustained decline in weekly U.S. influenza patient proportions over the past three months, falling from 2.705% to a low of 1.954% by week t11, consistent with the typical seasonal waning of flu activity as winter transitions into spring. However, the recent reversal in the current month—evidenced by two consecutive weeks of increasing proportions (dP = +0.019 and +0.044)—suggests a potential late-season uptick or a shift in respiratory virus dynamics. This modest rebound may reflect localized outbreaks, waning immunity in certain populations, or increased testing and reporting. Given the timing, it is unlikely to represent a major seasonal resurgence but could be influenced by public health actions, such as revised guidance or surveillance adjustments, or by the emergence of a minor variant prompting renewed attention. The stabilization and slight rise in cases warrant monitoring but do not yet signal a significant upward trend.

⟪FINAL⟫{
  "hypotheses": [
    {
      "key": "centers_for_disease_control|issue_guidance|influenza|ambiguous"
    },
    {
      "key": "advisory_committee_on_immunization_practices|recommend_vaccination|vaccination|up"
    },
    {
      "key": "health_and_human_services|report_release|hospitalizations|down"
    },
    {
      "key": "food_and_drug_administration|approve_authorize|vaccine|up"
    },
    {
      "key": "centers_for_disease_control|detect|respiratory_syncytial_virus|ambiguous"
    }
  ]
}
===== END RAW GENERATION =====
[DEBUG] parsed JSON: {"hypotheses": [{"key": "centers_for_disease_control|issue_guidance|influenza|ambiguous"}, {"key": "advisory_committee_on_immunization_practices|recommend_vaccination|vaccination|up"}, {"key": "health_and_human_services|report_release|hospitalizations|down"}, {"key": "food_and_drug_administration|approve_authorize|vaccine|up"}, {"key": "centers_for_disease_control|detect|respiratory_syncytial_virus|ambiguous"}]}
['centers_for_disease_control', 'issue_guidance', 'influenza', 'ambiguous']
['advisory_committee_on_immunization_practices', 'recommend_vaccination', 'vaccination', 'up']
['health_and_human_services', 'report_release', 'hospitalizations', 'down']
['food_and_drug_administration', 'approve_authorize', 'vaccine', 'up']
['centers_for_disease_control', 'detect', 'respiratory_syncytial_virus', 'ambiguous']
recall_all: 0.1 precision_all: 0.05
Labels:
['centers_for_disease_control', 'recommend_vaccination', 'vaccination', 'ambiguous']
['centers_for_disease_control', 'report_release', 'influenza', 'up']
['food_and_drug_administration', 'approve_authorize', 'vaccine', 'ambiguous']

===== RAW GENERATION (decoded) =====
The observed trend in the data indicates a prolonged decline in weekly influenza patient proportions over the past three months, consistent with the typical seasonal waning of flu activity as winter transitions into spring. However, the current month shows a sharp and anomalous drop in week c4 (dP = –0.245), far exceeding the modest fluctuations seen in prior weeks. This abrupt downward shift—following a brief, minor rebound in c3—suggests an external intervention or event that rapidly suppressed influenza transmission or reporting. While seasonal decline alone cannot explain such a steep drop, plausible real-time factors could include a sudden public health directive, a surge in vaccination uptake, or a shift in surveillance focus due to emerging threats like avian influenza (H5N1), which may have redirected clinical testing and reporting resources away from seasonal influenza. Additionally, if health authorities issued new guidance or confirmed a novel respiratory threat, public behavior (e.g., increased masking or reduced social mixing) might have indirectly curtailed flu spread, accelerating the decline beyond seasonal expectations.

⟪FINAL⟫{
  "hypotheses": [
    {
      "key": "centers_for_disease_control|issue_guidance|influenza|down"
    },
    {
      "key": "advisory_committee_on_immunization_practices|recommend_vaccination|vaccination|up"
    },
    {
      "key": "centers_for_disease_control|detect|h5n1|up"
    },
    {
      "key": "health_and_human_services|report_release|hospitalizations|down"
    },
    {
      "key": "food_and_drug_administration|approve_authorize|vaccine|up"
    }
  ]
}
===== END RAW GENERATION =====
[DEBUG] parsed JSON: {"hypotheses": [{"key": "centers_for_disease_control|issue_guidance|influenza|down"}, {"key": "advisory_committee_on_immunization_practices|recommend_vaccination|vaccination|up"}, {"key": "centers_for_disease_control|detect|h5n1|up"}, {"key": "health_and_human_services|report_release|hospitalizations|down"}, {"key": "food_and_drug_administration|approve_authorize|vaccine|up"}]}
['centers_for_disease_control', 'issue_guidance', 'influenza', 'down']
['advisory_committee_on_immunization_practices', 'recommend_vaccination', 'vaccination', 'up']
['centers_for_disease_control', 'detect', 'h5n1', 'up']
['health_and_human_services', 'report_release', 'hospitalizations', 'down']
['food_and_drug_administration', 'approve_authorize', 'vaccine', 'up']
recall_all: 0.14666666666666667 precision_all: 0.08
Labels:
['centers_for_disease_control', 'report_release', 'influenza', 'up']
['centers_for_disease_control', 'issue_guidance', 'influenza', 'ambiguous']
['centers_for_disease_control', 'report_release', 'h1n1', 'ambiguous']
['centers_for_disease_control', 'report_release', 'h5n1', 'up']
['food_and_drug_administration', 'report_release', 'influenza', 'ambiguous']

===== RAW GENERATION (decoded) =====
The observed trend in the data indicates a sustained and accelerating decline in weekly influenza patient proportions over the past three months, with the most recent four weeks (current month) continuing this downward trajectory—though the rate of decline has slightly moderated in the latest week (dP = -0.033 compared to steeper drops of -0.118 to -0.131 in prior weeks). This pattern is consistent with the typical seasonal waning of influenza activity as the U.S. moves out of peak flu season, which usually occurs between December and February. The sharp drop from t8 onward (from 1.693% to 1.291%) suggests the tail end of the seasonal epidemic curve, possibly amplified by high vaccination coverage, residual immunity from prior infections, or effective public health messaging. The flattening of the weekly decline in the most recent week may signal that influenza activity is approaching baseline inter-seasonal levels. Given the timing and trajectory, real-time events in the current month likely reflect institutional responses to low flu activity or shifts in public health focus toward other respiratory threats, rather than new influenza outbreaks.

⟪FINAL⟫{
  "hypotheses": [
    {
      "key": "centers_for_disease_control|report_release|influenza|down"
    },
    {
      "key": "advisory_committee_on_immunization_practices|recommend_vaccination|influenza|ambiguous"
    },
    {
      "key": "world_health_organization|detect|respiratory_syncytial_virus|up"
    },
    {
      "key": "health_and_human_services|issue_guidance|vaccination|ambiguous"
    },
    {
      "key": "centers_for_disease_control|rate_change|hospitalizations|down"
    }
  ]
}
===== END RAW GENERATION =====
[DEBUG] parsed JSON: {"hypotheses": [{"key": "centers_for_disease_control|report_release|influenza|down"}, {"key": "advisory_committee_on_immunization_practices|recommend_vaccination|influenza|ambiguous"}, {"key": "world_health_organization|detect|respiratory_syncytial_virus|up"}, {"key": "health_and_human_services|issue_guidance|vaccination|ambiguous"}, {"key": "centers_for_disease_control|rate_change|hospitalizations|down"}]}
['centers_for_disease_control', 'report_release', 'influenza', 'down']
['advisory_committee_on_immunization_practices', 'recommend_vaccination', 'influenza', 'ambiguous']
['world_health_organization', 'detect', 'respiratory_syncytial_virus', 'up']
['health_and_human_services', 'issue_guidance', 'vaccination', 'ambiguous']
['centers_for_disease_control', 'rate_change', 'hospitalizations', 'down']
recall_all: 0.15555555555555556 precision_all: 0.10000000000000002
Labels:
['centers_for_disease_control', 'report_release', 'influenza', 'ambiguous']
['centers_for_disease_control', 'report_release', 'influenza', 'up']
['centers_for_disease_control', 'issue_guidance', 'influenza', 'ambiguous']
['centers_for_disease_control', 'report_release', 'mortality', 'ambiguous']
['world_health_organization', 'report_release', 'h5n1', 'ambiguous']

===== RAW GENERATION (decoded) =====
The observed trend in the data indicates a prolonged decline in weekly U.S. influenza patient proportions over the past three months, reaching a low of 1.193 at t9, followed by a modest but consistent uptick in the most recent weeks (t10–t12). This reversal aligns with the current month’s differential changes (dOT), which shift from negative to positive values—culminating in a +0.098 increase in the latest week. Such a pattern suggests the tail end of the seasonal influenza wave may have passed, and the recent rise could reflect either early signs of a secondary viral surge, increased testing/reporting, or the influence of public health interventions gaining traction. Notably, the timing coincides with late-winter to early-spring transitions, when influenza activity typically wanes but other respiratory viruses (e.g., RSV) may circulate, or when updated vaccination recommendations or surveillance reports could alter case detection and reporting behaviors. The acceleration in the last two weeks of the current month hints at a potential inflection point, possibly driven by policy actions, emerging variant detection, or shifts in population immunity.

⟪FINAL⟫{
  "hypotheses": [
    {
      "key": "centers_for_disease_control|report_release|influenza|ambiguous"
    },
    {
      "key": "advisory_committee_on_immunization_practices|recommend_vaccination|vaccination|up"
    },
    {
      "key": "food_and_drug_administration|approve_authorize|vaccine|up"
    },
    {
      "key": "centers_for_disease_control|detect|respiratory_syncytial_virus|up"
    },
    {
      "key": "world_health_organization|confirm|influenza|up"
    }
  ]
}
===== END RAW GENERATION =====
[DEBUG] parsed JSON: {"hypotheses": [{"key": "centers_for_disease_control|report_release|influenza|ambiguous"}, {"key": "advisory_committee_on_immunization_practices|recommend_vaccination|vaccination|up"}, {"key": "food_and_drug_administration|approve_authorize|vaccine|up"}, {"key": "centers_for_disease_control|detect|respiratory_syncytial_virus|up"}, {"key": "world_health_organization|confirm|influenza|up"}]}
['centers_for_disease_control', 'report_release', 'influenza', 'ambiguous']
['advisory_committee_on_immunization_practices', 'recommend_vaccination', 'vaccination', 'up']
['food_and_drug_administration', 'approve_authorize', 'vaccine', 'up']
['centers_for_disease_control', 'detect', 'respiratory_syncytial_virus', 'up']
['world_health_organization', 'confirm', 'influenza', 'up']
recall_all: 0.1904761904761905 precision_all: 0.1142857142857143
Labels:
['advisory_committee_on_immunization_practices', 'issue_guidance', 'vaccination', 'ambiguous']
['centers_for_disease_control', 'report_release', 'influenza', 'ambiguous']
['health_and_human_services', 'report_release', 'influenza', 'up']
['national_institute_on_aging', 'issue_guidance', 'vaccination', 'ambiguous']

===== RAW GENERATION (decoded) =====
The observed trend in the data indicates a sustained decline in influenza patient proportions over the initial 6 weeks of the 3-month window, reaching a low of 1.193 at t5, followed by a consistent and accelerating rebound over the subsequent 7 weeks, culminating in a peak of 2.025 at t12. This reversal suggests the tail end of a seasonal trough transitioning into a new wave of influenza activity. The current month’s weekly changes in the proportion (dOT) show a sharp initial increase (+0.180 to +0.287), followed by diminishing weekly gains (+0.151, +0.047), implying the outbreak may be approaching a plateau or early peak. Such a pattern aligns with typical late-season influenza surges, possibly driven by waning immunity, increased indoor gatherings, or the emergence of a more transmissible strain. The deceleration in the most recent week (c3) could signal either the natural cresting of the outbreak or early public health interventions beginning to exert influence.

⟪FINAL⟫{
  "hypotheses": [
    {
      "key": "centers_for_disease_control|report_release|influenza|up"
    },
    {
      "key": "advisory_committee_on_immunization_practices|recommend_vaccination|vaccination|up"
    },
    {
      "key": "health_and_human_services|issue_guidance|influenza|up"
    },
    {
      "key": "centers_for_disease_control|detect|respiratory_syncytial_virus|ambiguous"
    },
    {
      "key": "food_and_drug_administration|approve_authorize|vaccine|up"
    }
  ]
}
===== END RAW GENERATION =====
[DEBUG] parsed JSON: {"hypotheses": [{"key": "centers_for_disease_control|report_release|influenza|up"}, {"key": "advisory_committee_on_immunization_practices|recommend_vaccination|vaccination|up"}, {"key": "health_and_human_services|issue_guidance|influenza|up"}, {"key": "centers_for_disease_control|detect|respiratory_syncytial_virus|ambiguous"}, {"key": "food_and_drug_administration|approve_authorize|vaccine|up"}]}
['centers_for_disease_control', 'report_release', 'influenza', 'up']
['advisory_committee_on_immunization_practices', 'recommend_vaccination', 'vaccination', 'up']
['health_and_human_services', 'issue_guidance', 'influenza', 'up']
['centers_for_disease_control', 'detect', 'respiratory_syncytial_virus', 'ambiguous']
['food_and_drug_administration', 'approve_authorize', 'vaccine', 'up']
recall_all: 0.19791666666666669 precision_all: 0.125
Labels:
['centers_for_disease_control', 'issue_guidance', 'vaccination', 'ambiguous']
['advisory_committee_on_immunization_practices', 'issue_guidance', 'vaccination', 'ambiguous']
['centers_for_disease_control', 'report_release', 'hospitalizations', 'up']
['centers_for_disease_control', 'report_release', 'influenza', 'up']

===== RAW GENERATION (decoded) =====
The observed trend in the data indicates a sustained upward trajectory in the proportion of U.S. influenza patients over the past three months, accelerating notably from t5 onward, with weekly proportions nearly doubling from 1.202 to 2.259. This suggests a significant seasonal flu surge, possibly intensified by viral strain virulence, waning population immunity, or reduced vaccination coverage. Within the current month, the week-over-week changes in the rate of increase (dOT) show continued growth—despite a minor dip in c0—followed by three consecutive weeks of positive acceleration, implying the epidemic is still expanding rather than plateauing. Such a pattern is consistent with typical late-fall or early-winter influenza dynamics, but the magnitude and persistence of the rise may also reflect concurrent circulation of other respiratory viruses, delayed vaccine uptake, or heightened healthcare-seeking behavior due to public health alerts. The absence of a deceleration in the most recent week (c3) further supports the hypothesis that real-time events—such as official outbreak declarations, updated vaccine recommendations, or reports of severe strain activity—may be influencing both surveillance detection and public response.

⟪FINAL⟫{
  "hypotheses": [
    {
      "key": "centers_for_disease_control|report_release|influenza|up"
    },
    {
      "key": "advisory_committee_on_immunization_practices|recommend_vaccination|vaccination|up"
    },
    {
      "key": "health_and_human_services|confirm|outbreak|up"
    },
    {
      "key": "food_and_drug_administration|approve_authorize|vaccine|up"
    },
    {
      "key": "centers_for_disease_control|detect|respiratory_syncytial_virus|up"
    }
  ]
}
===== END RAW GENERATION =====
[DEBUG] parsed JSON: {"hypotheses": [{"key": "centers_for_disease_control|report_release|influenza|up"}, {"key": "advisory_committee_on_immunization_practices|recommend_vaccination|vaccination|up"}, {"key": "health_and_human_services|confirm|outbreak|up"}, {"key": "food_and_drug_administration|approve_authorize|vaccine|up"}, {"key": "centers_for_disease_control|detect|respiratory_syncytial_virus|up"}]}
['centers_for_disease_control', 'report_release', 'influenza', 'up']
['advisory_committee_on_immunization_practices', 'recommend_vaccination', 'vaccination', 'up']
['health_and_human_services', 'confirm', 'outbreak', 'up']
['food_and_drug_administration', 'approve_authorize', 'vaccine', 'up']
['centers_for_disease_control', 'detect', 'respiratory_syncytial_virus', 'up']
recall_all: 0.20370370370370372 precision_all: 0.13333333333333333
Labels:
['centers_for_disease_control', 'issue_guidance', 'vaccination', 'ambiguous']
['centers_for_disease_control', 'report_release', 'influenza', 'ambiguous']
['centers_for_disease_control', 'report_release', 'influenza', 'up']
['centers_for_disease_control', 'conduct_study', 'influenza', 'ambiguous']
['centers_for_disease_control', 'conduct_study', 'respiratory_syncytial_virus', 'ambiguous']

===== RAW GENERATION (decoded) =====
The observed trend in the data indicates a steady and accelerating increase in the proportion of U.S. influenza patients over the past three months, with a particularly sharp rise in the most recent weeks. The baseline OT values show a consistent upward trajectory from 1.540 at t0 to 3.325 at t12, reflecting typical seasonal flu escalation but at an intensified pace. The current month’s weekly changes (dOT) reveal accelerating week-over-week growth—especially the jump of +0.413 in the latest week—suggesting a possible inflection point in transmission dynamics. This pattern aligns with real-world scenarios such as the emergence of a more transmissible or immune-evasive influenza strain, waning population immunity from prior seasons, or coincident circulation of other respiratory viruses straining healthcare systems and potentially increasing co-infection rates. Additionally, delayed or suboptimal vaccine uptake early in the season could amplify susceptibility, while colder weather and increased indoor gatherings may further fuel community spread.

⟪FINAL⟫{
  "hypotheses": [
    {
      "key": "centers_for_disease_control|report_release|influenza|up"
    },
    {
      "key": "advisory_committee_on_immunization_practices|recommend_vaccination|vaccination|up"
    },
    {
      "key": "food_and_drug_administration|approve_authorize|vaccine|up"
    },
    {
      "key": "centers_for_disease_control|detect|respiratory_syncytial_virus|up"
    },
    {
      "key": "health_and_human_services|issue_guidance|hospitalizations|up"
    }
  ]
}
===== END RAW GENERATION =====
[DEBUG] parsed JSON: {"hypotheses": [{"key": "centers_for_disease_control|report_release|influenza|up"}, {"key": "advisory_committee_on_immunization_practices|recommend_vaccination|vaccination|up"}, {"key": "food_and_drug_administration|approve_authorize|vaccine|up"}, {"key": "centers_for_disease_control|detect|respiratory_syncytial_virus|up"}, {"key": "health_and_human_services|issue_guidance|hospitalizations|up"}]}
['centers_for_disease_control', 'report_release', 'influenza', 'up']
['advisory_committee_on_immunization_practices', 'recommend_vaccination', 'vaccination', 'up']
['food_and_drug_administration', 'approve_authorize', 'vaccine', 'up']
['centers_for_disease_control', 'detect', 'respiratory_syncytial_virus', 'up']
['health_and_human_services', 'issue_guidance', 'hospitalizations', 'up']
recall_all: 0.22333333333333333 precision_all: 0.13999999999999999
Labels:
['centers_for_disease_control', 'report_release', 'influenza', 'up']
['centers_for_disease_control', 'approve_authorize', 'influenza', 'ambiguous']
['centers_for_disease_control', 'issue_guidance', 'influenza', 'ambiguous']
['centers_for_disease_control', 'recommend_vaccination', 'influenza', 'ambiguous']
['centers_for_disease_control', 'report_release', 'deaths', 'up']

===== RAW GENERATION (decoded) =====
The observed trend in the data indicates a sustained and accelerating increase in the proportion of U.S. influenza patients over the past 13 weeks, with weekly growth rates (dOT) in the current month showing continued upward momentum—particularly a sharp jump in the most recent week (+0.395). This pattern aligns with typical seasonal influenza dynamics, where cases rise through late fall and peak in winter; however, the steepness of the recent climb—especially after a period of gradually increasing weekly increments—suggests possible amplification beyond baseline seasonal expectations. The acceleration in the final week of the current month, following a slight deceleration in prior weeks, may reflect delayed healthcare-seeking behavior after holidays, increased indoor gatherings, or the emergence of a more transmissible or antigenically drifted influenza strain. Additionally, co-circulation with other respiratory viruses or reduced population immunity due to lower vaccination coverage could exacerbate transmission. Real-time public health responses or surveillance updates during this period might also influence reporting patterns or clinical awareness, contributing to the observed surge.

⟪FINAL⟫{
  "hypotheses": [
    {
      "key": "centers_for_disease_control|report_release|influenza|up"
    },
    {
      "key": "advisory_committee_on_immunization_practices|recommend_vaccination|vaccination|up"
    },
    {
      "key": "health_and_human_services|detect|hospitalizations|up"
    },
    {
      "key": "food_and_drug_administration|approve_authorize|vaccine|ambiguous"
    },
    {
      "key": "united_states|outbreak|respiratory_syncytial_virus|up"
    }
  ]
}
===== END RAW GENERATION =====
[DEBUG] parsed JSON: {"hypotheses": [{"key": "centers_for_disease_control|report_release|influenza|up"}, {"key": "advisory_committee_on_immunization_practices|recommend_vaccination|vaccination|up"}, {"key": "health_and_human_services|detect|hospitalizations|up"}, {"key": "food_and_drug_administration|approve_authorize|vaccine|ambiguous"}, {"key": "united_states|outbreak|respiratory_syncytial_virus|up"}]}
['centers_for_disease_control', 'report_release', 'influenza', 'up']
['advisory_committee_on_immunization_practices', 'recommend_vaccination', 'vaccination', 'up']
['health_and_human_services', 'detect', 'hospitalizations', 'up']
['food_and_drug_administration', 'approve_authorize', 'vaccine', 'ambiguous']
['united_states', 'outbreak', 'respiratory_syncytial_virus', 'up']
recall_all: 0.22121212121212122 precision_all: 0.14545454545454545
Labels:
['centers_for_disease_control', 'report_release', 'influenza', 'ambiguous']
['centers_for_disease_control', 'report_release', 'influenza', 'up']
['centers_for_disease_control', 'report_release', 'cases', 'up']
['centers_for_disease_control', 'report_release', 'h5n1', 'ambiguous']

===== RAW GENERATION (decoded) =====
The observed trend in the data indicates a sustained and accelerating increase in the proportion of U.S. influenza patients over the past 13 weeks, with a particularly sharp rise beginning around week t9 and peaking at t12 (6.904%). The weekly increments (dOT) during the current month—+0.853, +1.104, and +0.594—suggest that while the growth rate remains high, it may be starting to plateau or decelerate slightly in the most recent week. This pattern aligns with typical seasonal influenza dynamics, often intensifying in late fall to early winter, but the magnitude of the surge—especially the jump from 4.354% to 5.207% and then to 6.310%—exceeds moderate seasonal expectations. Such a rapid escalation could reflect either a particularly virulent or transmissible influenza strain circulating widely, suboptimal vaccine match or uptake, or co-circulation with other respiratory viruses increasing testing and reporting. Additionally, real-time public health actions—such as heightened surveillance, updated vaccination guidance, or official outbreak declarations—could influence both the actual transmission dynamics and the reporting intensity, contributing to the observed spike in measured proportions.

⟪FINAL⟫{
  "hypotheses": [
    {
      "key": "centers_for_disease_control|report_release|influenza|up"
    },
    {
      "key": "advisory_committee_on_immunization_practices|recommend_vaccination|vaccination|up"
    },
    {
      "key": "health_and_human_services|confirm|outbreak|up"
    },
    {
      "key": "centers_for_disease_control|detect|hospitalizations|up"
    },
    {
      "key": "world_health_organization|issue_guidance|influenza|up"
    }
  ]
}
===== END RAW GENERATION =====
[DEBUG] parsed JSON: {"hypotheses": [{"key": "centers_for_disease_control|report_release|influenza|up"}, {"key": "advisory_committee_on_immunization_practices|recommend_vaccination|vaccination|up"}, {"key": "health_and_human_services|confirm|outbreak|up"}, {"key": "centers_for_disease_control|detect|hospitalizations|up"}, {"key": "world_health_organization|issue_guidance|influenza|up"}]}
['centers_for_disease_control', 'report_release', 'influenza', 'up']
['advisory_committee_on_immunization_practices', 'recommend_vaccination', 'vaccination', 'up']
['health_and_human_services', 'confirm', 'outbreak', 'up']
['centers_for_disease_control', 'detect', 'hospitalizations', 'up']
['world_health_organization', 'issue_guidance', 'influenza', 'up']
recall_all: 0.24444444444444446 precision_all: 0.15
Labels:
['centers_for_disease_control', 'report_release', 'influenza', 'up']
['centers_for_disease_control', 'report_release', 'influenza', 'ambiguous']
['centers_for_disease_control', 'issue_guidance', 'vaccination', 'ambiguous']
['centers_for_disease_control', 'recommend_vaccination', 'vaccination', 'ambiguous']
['centers_for_disease_control', 'report_release', 'influenza', 'down']

===== RAW GENERATION (decoded) =====
The observed trend in the data indicates a recent influenza season that peaked sharply around week t7 (6.904% patient proportion), followed by a consistent decline over the subsequent weeks, with the rate of decline slowing markedly in the current month. The weekly changes in the current month (dOT) show a deceleration in the downward trend—from a steep drop of -1.143 at c0 to near stabilization by c4 (+0.054), suggesting the epidemic curve may be flattening or approaching a seasonal trough. This pattern is consistent with typical post-peak influenza dynamics, where widespread immunity (from infection or vaccination), behavioral changes, or seasonal factors (e.g., warming weather) reduce transmission. However, the slight rebound in the most recent week (c4) could signal either statistical noise, a minor localized resurgence, or the influence of real-time public health actions—such as updated guidance or vaccination campaigns—that may be altering population-level behavior or case detection. The timing and magnitude of the decline align with late-season influenza activity, but the stabilization warrants attention to possible external interventions or concurrent respiratory virus dynamics.

⟪FINAL⟫{
  "hypotheses": [
    {
      "key": "centers_for_disease_control|issue_guidance|influenza|down"
    },
    {
      "key": "advisory_committee_on_immunization_practices|recommend_vaccination|vaccination|up"
    },
    {
      "key": "food_and_drug_administration|approve_authorize|vaccine|up"
    },
    {
      "key": "world_health_organization|report_release|cases|down"
    },
    {
      "key": "health_and_human_services|conduct_study|hospitalizations|ambiguous"
    }
  ]
}
===== END RAW GENERATION =====
[DEBUG] parsed JSON: {"hypotheses": [{"key": "centers_for_disease_control|issue_guidance|influenza|down"}, {"key": "advisory_committee_on_immunization_practices|recommend_vaccination|vaccination|up"}, {"key": "food_and_drug_administration|approve_authorize|vaccine|up"}, {"key": "world_health_organization|report_release|cases|down"}, {"key": "health_and_human_services|conduct_study|hospitalizations|ambiguous"}]}
['centers_for_disease_control', 'issue_guidance', 'influenza', 'down']
['advisory_committee_on_immunization_practices', 'recommend_vaccination', 'vaccination', 'up']
['food_and_drug_administration', 'approve_authorize', 'vaccine', 'up']
['world_health_organization', 'report_release', 'cases', 'down']
['health_and_human_services', 'conduct_study', 'hospitalizations', 'ambiguous']
recall_all: 0.22564102564102567 precision_all: 0.13846153846153844
Labels:
['centers_for_disease_control', 'issue_guidance', 'influenza', 'ambiguous']
['centers_for_disease_control', 'report_release', 'influenza', 'up']
['centers_for_disease_control', 'issue_guidance', 'vaccination', 'ambiguous']
['centers_for_disease_control', 'recommend_vaccination', 'influenza', 'ambiguous']
['centers_for_disease_control', 'recommend_vaccination', 'vaccination', 'ambiguous']

===== RAW GENERATION (decoded) =====
The observed trend in the data indicates a recent peak in influenza activity approximately three weeks ago (t3: P=6.904), followed by a steady decline over the subsequent weeks, stabilizing near baseline levels by t12 (P=4.079). This pattern is consistent with the typical seasonal trajectory of influenza in the U.S., where activity often peaks in mid-winter and recedes in early spring. However, the current month’s weekly changes in proportion (dOT) reveal a modest initial increase (c0: +0.122) followed by three consecutive declines (c1 to c3), with the steepest drop in c3 (–0.239). This suggests that while there may have been a brief resurgence or reporting lag early in the month, public health interventions, increased vaccination uptake, or natural waning of the outbreak are now driving a renewed downward trend. The stabilization near pre-peak levels implies that the seasonal wave is likely subsiding, though vigilance remains warranted given the potential for late-season surges or co-circulation with other respiratory viruses.

⟪FINAL⟫{
  "hypotheses": [
    {
      "key": "centers_for_disease_control|issue_guidance|influenza|down"
    },
    {
      "key": "advisory_committee_on_immunization_practices|recommend_vaccination|vaccination|up"
    },
    {
      "key": "food_and_drug_administration|approve_authorize|vaccine|up"
    },
    {
      "key": "health_and_human_services|report_release|hospitalizations|down"
    },
    {
      "key": "centers_for_disease_control|detect|respiratory_syncytial_virus|ambiguous"
    }
  ]
}
===== END RAW GENERATION =====
[DEBUG] parsed JSON: {"hypotheses": [{"key": "centers_for_disease_control|issue_guidance|influenza|down"}, {"key": "advisory_committee_on_immunization_practices|recommend_vaccination|vaccination|up"}, {"key": "food_and_drug_administration|approve_authorize|vaccine|up"}, {"key": "health_and_human_services|report_release|hospitalizations|down"}, {"key": "centers_for_disease_control|detect|respiratory_syncytial_virus|ambiguous"}]}
['centers_for_disease_control', 'issue_guidance', 'influenza', 'down']
['advisory_committee_on_immunization_practices', 'recommend_vaccination', 'vaccination', 'up']
['food_and_drug_administration', 'approve_authorize', 'vaccine', 'up']
['health_and_human_services', 'report_release', 'hospitalizations', 'down']
['centers_for_disease_control', 'detect', 'respiratory_syncytial_virus', 'ambiguous']
recall_all: 0.22380952380952385 precision_all: 0.14285714285714285
Labels:
['centers_for_disease_control', 'report_release', 'influenza', 'up']
['centers_for_disease_control', 'report_release', 'influenza', 'ambiguous']

===== RAW GENERATION (decoded) =====
The observed trend in the data indicates a sustained decline in the proportion of U.S. influenza patients over the past three months, with weekly values falling from 5.762 at t0 to 3.030 at t12—a clear downward trajectory consistent with the typical post-peak waning of seasonal flu activity. However, within the current month, the rate of decline (dOT) has progressively slowed, as evidenced by the weekly changes in proportion shifting from -0.351 to -0.120. This deceleration in the downward trend suggests that influenza activity may be approaching a seasonal trough, but the persistence of measurable declines indicates ongoing, albeit reduced, transmission. The flattening of the decline could reflect a combination of factors, including high population immunity from prior infection or vaccination, behavioral changes (e.g., reduced indoor gatherings as weather warms), or the tail end of the seasonal epidemic curve. Crucially, the diminishing weekly drops do not signal a resurgence but rather the natural tapering of flu activity toward inter-seasonal levels, which aligns with historical late-spring patterns in the Northern Hemisphere.

⟪FINAL⟫{
  "hypotheses": [
    {
      "key": "centers_for_disease_control|report_release|influenza|down"
    },
    {
      "key": "advisory_committee_on_immunization_practices|recommend_vaccination|vaccination|ambiguous"
    },
    {
      "key": "world_health_organization|detect|influenza|down"
    },
    {
      "key": "health_and_human_services|issue_guidance|respiratory_syncytial_virus|ambiguous"
    },
    {
      "key": "food_and_drug_administration|approve_authorize|vaccine|ambiguous"
    }
  ]
}
===== END RAW GENERATION =====
[DEBUG] parsed JSON: {"hypotheses": [{"key": "centers_for_disease_control|report_release|influenza|down"}, {"key": "advisory_committee_on_immunization_practices|recommend_vaccination|vaccination|ambiguous"}, {"key": "world_health_organization|detect|influenza|down"}, {"key": "health_and_human_services|issue_guidance|respiratory_syncytial_virus|ambiguous"}, {"key": "food_and_drug_administration|approve_authorize|vaccine|ambiguous"}]}
['centers_for_disease_control', 'report_release', 'influenza', 'down']
['advisory_committee_on_immunization_practices', 'recommend_vaccination', 'vaccination', 'ambiguous']
['world_health_organization', 'detect', 'influenza', 'down']
['health_and_human_services', 'issue_guidance', 'respiratory_syncytial_virus', 'ambiguous']
['food_and_drug_administration', 'approve_authorize', 'vaccine', 'ambiguous']
recall_all: 0.2755555555555556 precision_all: 0.14666666666666664
Labels:
['centers_for_disease_control', 'report_release', 'h5n1', 'up']
['centers_for_disease_control', 'confirm', 'h5n1', 'ambiguous']
['centers_for_disease_control', 'outbreak', 'h5n1', 'ambiguous']

===== RAW GENERATION (decoded) =====
The observed trend in the data indicates a sustained and accelerating decline in the proportion of U.S. influenza patients over the past three months, with weekly values dropping from 4.400 at t0 to 2.142 at t12—a nearly 51% reduction. This consistent downward trajectory reflects the typical seasonal waning of influenza activity as winter transitions into spring. However, within the current month, the rate of decline (dOT) shows a nuanced pattern: an initial steep drop in weeks c0–c2 (dP ranging from –0.201 to –0.293), followed by a marked deceleration in c3 and c4 (dP = –0.053 and –0.098), suggesting the epidemic curve may be flattening near the seasonal trough. This inflection could be influenced by real-time public health interventions, such as late-season vaccination campaigns, updated clinical guidance, or heightened surveillance leading to behavioral changes. Alternatively, the stabilization might reflect the natural exhaustion of susceptible populations or cross-protective immunity from other circulating respiratory viruses. The modest slowdown in decline warrants attention to whether external factors—such as policy announcements or new epidemiological findings—have recently altered transmission dynamics or reporting patterns.

⟪FINAL⟫{
  "hypotheses": [
    {
      "key": "centers_for_disease_control|issue_guidance|influenza|down"
    },
    {
      "key": "advisory_committee_on_immunization_practices|recommend_vaccination|vaccination|up"
    },
    {
      "key": "food_and_drug_administration|approve_authorize|vaccine|up"
    },
    {
      "key": "world_health_organization|report_release|cases|down"
    },
    {
      "key": "health_and_human_services|conduct_study|hospitalizations|down"
    }
  ]
}
===== END RAW GENERATION =====
[DEBUG] parsed JSON: {"hypotheses": [{"key": "centers_for_disease_control|issue_guidance|influenza|down"}, {"key": "advisory_committee_on_immunization_practices|recommend_vaccination|vaccination|up"}, {"key": "food_and_drug_administration|approve_authorize|vaccine|up"}, {"key": "world_health_organization|report_release|cases|down"}, {"key": "health_and_human_services|conduct_study|hospitalizations|down"}]}
['centers_for_disease_control', 'issue_guidance', 'influenza', 'down']
['advisory_committee_on_immunization_practices', 'recommend_vaccination', 'vaccination', 'up']
['food_and_drug_administration', 'approve_authorize', 'vaccine', 'up']
['world_health_organization', 'report_release', 'cases', 'down']
['health_and_human_services', 'conduct_study', 'hospitalizations', 'down']
recall_all: 0.25833333333333336 precision_all: 0.13749999999999998
Labels:
['centers_for_disease_control', 'detect', 'h5n1', 'ambiguous']

===== RAW GENERATION (decoded) =====
The observed trend in the data indicates a sustained and accelerating decline in the proportion of U.S. influenza patients over the past 13 weeks, with the most recent weekly change (dP = –0.110) continuing this downward trajectory. This pattern aligns with the typical seasonal waning of influenza activity as winter transitions into spring, when lower transmission rates are expected due to reduced indoor crowding, increased humidity, and accumulated population immunity. The consistent week-over-week decreases—particularly the steep drop from 4.334% to 2.032% over three months—suggest the peak of the flu season has passed. The current month’s continued decline may reflect the cumulative effect of high vaccination coverage, public health messaging, and natural immunity from recent infections. Additionally, the absence of a notable uptick implies no significant emergence of a novel or vaccine-escape strain during this period, reinforcing the interpretation of a seasonally normal resolution of influenza activity.

⟪FINAL⟫{
  "hypotheses": [
    {
      "key": "centers_for_disease_control|report_release|influenza|down"
    },
    {
      "key": "advisory_committee_on_immunization_practices|recommend_vaccination|vaccination|up"
    },
    {
      "key": "united_states|outbreak|respiratory_syncytial_virus|down"
    },
    {
      "key": "health_and_human_services|issue_guidance|influenza|down"
    },
    {
      "key": "centers_for_disease_control|detect|cases|down"
    }
  ]
}
===== END RAW GENERATION =====
[DEBUG] parsed JSON: {"hypotheses": [{"key": "centers_for_disease_control|report_release|influenza|down"}, {"key": "advisory_committee_on_immunization_practices|recommend_vaccination|vaccination|up"}, {"key": "united_states|outbreak|respiratory_syncytial_virus|down"}, {"key": "health_and_human_services|issue_guidance|influenza|down"}, {"key": "centers_for_disease_control|detect|cases|down"}]}
['centers_for_disease_control', 'report_release', 'influenza', 'down']
['advisory_committee_on_immunization_practices', 'recommend_vaccination', 'vaccination', 'up']
['united_states', 'outbreak', 'respiratory_syncytial_virus', 'down']
['health_and_human_services', 'issue_guidance', 'influenza', 'down']
['centers_for_disease_control', 'detect', 'cases', 'down']
recall_all: 0.2431372549019608 precision_all: 0.12941176470588234
