Labels:
['centers_for_disease_control', 'report_release', 'influenza', 'ambiguous']
['centers_for_disease_control', 'report_release', 'influenza', 'up']
['united_states', 'rate_change', 'hospitalizations', 'up']
['united_states', 'report_release', 'influenza', 'ambiguous']
['united_states', 'report_release', 'influenza', 'up']

===== RAW GENERATION (decoded) =====

===== END RAW GENERATION =====
[DEBUG] parsed JSON: {"hypotheses": [], "summary": ""}
recall_all: 0.0 precision_all: 0.0
Labels:
['centers_for_disease_control', 'report_release', 'influenza', 'up']
['centers_for_disease_control', 'report_release', 'influenza', 'ambiguous']

===== RAW GENERATION (decoded) =====
The observed trend in the data indicates a sustained decline in U.S. influenza patient proportions over the past three months, with a notable acceleration in the current month. The context window (t0–t12) shows a steady reduction from ~6.5% to ~2.4%, suggesting long-term effectiveness of public health measures or seasonal factors. However, the current month’s dP values reveal a fluctuating but overall steepening decline, particularly at c2 (-0.143), which may signal a recent intervention or behavioral shift. The smaller dP at c3 (-0.039) could reflect stabilization or delayed response to actions taken earlier in the month. Potential drivers include heightened vaccination campaigns, updated public health guidance, or seasonal changes reducing transmission. The c2 dip might align with a policy or event that rapidly influenced compliance with preventive measures, while the c0 and c1 declines suggest ongoing baseline efforts.  

⟪FINAL⟫  
{  
  "hypotheses": [  
    {  
      "key": "centers_for_disease_control|issue_guidance|influenza|down"  
    },  
    {  
      "key": "advisory_committee_on_immunization_practices|recommend_vaccination|vaccination|down"  
    },  
    {  
      "key": "world_health_organization|report_release|influenza|down"  
    },  
    {  
      "key": "food_and_drug_administration|approve_authorize|vaccine|down"  
    },  
    {  
      "key": "health_and_human_services|detect|cases|down"  
    }  
  ]  
}
===== END RAW GENERATION =====
[DEBUG] parsed JSON: {"hypotheses": [{"key": "centers_for_disease_control|issue_guidance|influenza|down"}, {"key": "advisory_committee_on_immunization_practices|recommend_vaccination|vaccination|down"}, {"key": "world_health_organization|report_release|influenza|down"}, {"key": "food_and_drug_administration|approve_authorize|vaccine|down"}, {"key": "health_and_human_services|detect|cases|down"}]}
['centers_for_disease_control', 'issue_guidance', 'influenza', 'down']
['advisory_committee_on_immunization_practices', 'recommend_vaccination', 'vaccination', 'down']
['world_health_organization', 'report_release', 'influenza', 'down']
['food_and_drug_administration', 'approve_authorize', 'vaccine', 'down']
['health_and_human_services', 'detect', 'cases', 'down']
recall_all: 0.0 precision_all: 0.0
Labels:
['centers_for_disease_control', 'report_release', 'influenza', 'ambiguous']
['centers_for_disease_control', 'report_release', 'influenza', 'up']

===== RAW GENERATION (decoded) =====
The observed trend in the data indicates a gradual decline in U.S. influenza patient proportions over the past three months, consistent with the typical post-peak seasonal trajectory. However, the current month’s data reveals a sharp reversal: after a minor uptick in the first week (c0), the proportion drops precipitously by -0.143 in the final week (c3). This abrupt decline suggests an external intervention or event that rapidly reduced transmission or reporting. The initial increase (c0) might reflect delayed reporting or a temporary surge, but the subsequent steep drop aligns with potential public health actions, such as intensified vaccination campaigns, policy changes, or the emergence of a less virulent strain. The timing and magnitude of the decline point to a targeted, real-time response or a shift in viral dynamics within the current month.  

⟪FINAL⟫{"hypotheses": [{"key": "centers_for_disease_control|issue_guidance|influenza|down"}, {"key": "advisory_committee_on_immunization_practices|recommend_vaccination|vaccination|down"}, {"key": "food_and_drug_administration|approve_authorize|vaccine|down"}, {"key": "centers_for_disease_control|detect|h1n1|down"}, {"key": "health_and_human_services|rate_change|cases|down"}]}
===== END RAW GENERATION =====
[DEBUG] parsed JSON: {"hypotheses": [{"key": "centers_for_disease_control|issue_guidance|influenza|down"}, {"key": "advisory_committee_on_immunization_practices|recommend_vaccination|vaccination|down"}, {"key": "food_and_drug_administration|approve_authorize|vaccine|down"}, {"key": "centers_for_disease_control|detect|h1n1|down"}, {"key": "health_and_human_services|rate_change|cases|down"}]}
['centers_for_disease_control', 'issue_guidance', 'influenza', 'down']
['advisory_committee_on_immunization_practices', 'recommend_vaccination', 'vaccination', 'down']
['food_and_drug_administration', 'approve_authorize', 'vaccine', 'down']
['centers_for_disease_control', 'detect', 'h1n1', 'down']
['health_and_human_services', 'rate_change', 'cases', 'down']
recall_all: 0.0 precision_all: 0.0
Labels:
['centers_for_disease_control', 'report_release', 'influenza', 'up']
['united_states', 'report_release', 'h5n1', 'ambiguous']

===== RAW GENERATION (decoded) =====

===== END RAW GENERATION =====
[DEBUG] parsed JSON: {"hypotheses": [], "summary": ""}
recall_all: 0.0 precision_all: 0.0
Labels:
['centers_for_disease_control', 'recommend_vaccination', 'vaccination', 'ambiguous']
['centers_for_disease_control', 'report_release', 'influenza', 'up']
['food_and_drug_administration', 'approve_authorize', 'vaccine', 'ambiguous']

===== RAW GENERATION (decoded) =====
The observed trend in the data indicates a generally declining proportion of U.S. influenza patients over the past three months, with a notable dip at t4 (P=2.073) followed by a brief rebound at t6 (P=1.973) and t7 (P=2.017), before resuming a downward trajectory. This suggests a seasonal decline in influenza activity, which is typical as the peak flu season often occurs in late fall or early winter. However, the recent data from the current month shows a more erratic pattern, with a sharp drop at c4 (dP=-0.245) following a steady decline in the prior weeks. This abrupt decrease could be influenced by a combination of factors, such as public health interventions, changes in testing behavior, or a shift in circulating strains. The earlier, smaller declines (c0 to c2) may reflect ongoing mitigation efforts or early signs of waning transmission, while the sudden drop at c4 might indicate a policy change, a new guidance release, or a shift in public behavior. The slight increase at c3 (dP=+0.024) could suggest a temporary fluctuation or a delayed response to an event. Taken together, these patterns suggest that recent public health actions or environmental factors may have played a role in the observed changes in influenza patient proportions.

⟪FINAL⟫{
  "hypotheses": [
    {
      "key": "centers_for_disease_control|report_release|influenza|down"
    },
    {
      "key": "advisory_committee_on_immunization_practices|recommend_vaccination|vaccination|up"
    },
    {
      "key": "united_states|rate_change|cases|down"
    },
    {
      "key": "health_and_human_services|issue_guidance|influenza|down"
    },
    {
      "key": "world_health_organization|detect|respiratory_syncytial_virus|ambiguous"
    }
  ]
}
===== END RAW GENERATION =====
[DEBUG] parsed JSON: {"hypotheses": [{"key": "centers_for_disease_control|report_release|influenza|down"}, {"key": "advisory_committee_on_immunization_practices|recommend_vaccination|vaccination|up"}, {"key": "united_states|rate_change|cases|down"}, {"key": "health_and_human_services|issue_guidance|influenza|down"}, {"key": "world_health_organization|detect|respiratory_syncytial_virus|ambiguous"}]}
['centers_for_disease_control', 'report_release', 'influenza', 'down']
['advisory_committee_on_immunization_practices', 'recommend_vaccination', 'vaccination', 'up']
['united_states', 'rate_change', 'cases', 'down']
['health_and_human_services', 'issue_guidance', 'influenza', 'down']
['world_health_organization', 'detect', 'respiratory_syncytial_virus', 'ambiguous']
recall_all: 0.06666666666666667 precision_all: 0.04
Labels:
['centers_for_disease_control', 'report_release', 'influenza', 'up']
['centers_for_disease_control', 'issue_guidance', 'influenza', 'ambiguous']
['centers_for_disease_control', 'report_release', 'h1n1', 'ambiguous']
['centers_for_disease_control', 'report_release', 'h5n1', 'up']
['food_and_drug_administration', 'report_release', 'influenza', 'ambiguous']

===== RAW GENERATION (decoded) =====
The observed trend in the data indicates a consistent decline in the proportion of U.S. influenza patients over the past three months, with a steeper reduction in the current month. The context window (t0–t12) shows a gradual decrease from 2.073 to 1.291, suggesting a long-term downward trajectory, while the current month’s data (c0–c3) reveals a sharper drop, particularly in the first three weeks, followed by a slight moderation. This pattern could reflect seasonal waning of influenza activity as winter progresses, but the accelerated decline in the current month implies additional factors. Potential drivers include public health interventions such as updated vaccination campaigns, behavioral changes (e.g., increased mask use or hygiene practices), or policy actions by health authorities. The sharper drop in the current month may align with recent guidance or resource allocation efforts, such as the CDC issuing updated prevention protocols or the FDA approving a new vaccine. Alternatively, a surge in vaccination rates or a shift in viral circulation dynamics could contribute to the trend. The data’s consistency with real-time public health actions suggests a plausible link to recent interventions.  

⟪FINAL⟫  
{  
  "hypotheses": [  
    {  
      "key": "centers_for_disease_control|issue_guidance|influenza|down"  
    },  
    {  
      "key": "advisory_committee_on_immunization_practices|recommend_vaccination|vaccine|down"  
    },  
    {  
      "key": "food_and_drug_administration|approve_authorize|vaccine|down"  
    },  
    {  
      "key": "health_and_human_services|conduct_study|influenza|down"  
    },  
    {  
      "key": "world_health_organization|report_release|cases|down"  
    }  
  ]  
}
===== END RAW GENERATION =====
[DEBUG] parsed JSON: {"hypotheses": [{"key": "centers_for_disease_control|issue_guidance|influenza|down"}, {"key": "advisory_committee_on_immunization_practices|recommend_vaccination|vaccine|down"}, {"key": "food_and_drug_administration|approve_authorize|vaccine|down"}, {"key": "health_and_human_services|conduct_study|influenza|down"}, {"key": "world_health_organization|report_release|cases|down"}]}
['centers_for_disease_control', 'issue_guidance', 'influenza', 'down']
['advisory_committee_on_immunization_practices', 'recommend_vaccination', 'vaccine', 'down']
['food_and_drug_administration', 'approve_authorize', 'vaccine', 'down']
['health_and_human_services', 'conduct_study', 'influenza', 'down']
['world_health_organization', 'report_release', 'cases', 'down']
recall_all: 0.08888888888888889 precision_all: 0.06666666666666667
Labels:
['centers_for_disease_control', 'report_release', 'influenza', 'ambiguous']
['centers_for_disease_control', 'report_release', 'influenza', 'up']
['centers_for_disease_control', 'issue_guidance', 'influenza', 'ambiguous']
['centers_for_disease_control', 'report_release', 'mortality', 'ambiguous']
['world_health_organization', 'report_release', 'h5n1', 'ambiguous']

===== RAW GENERATION (decoded) =====
The observed trend in the data indicates a sustained decline in influenza patient proportions over the prior three months, followed by a notable resurgence in the current month. The initial decline (t0–t8) may reflect seasonal immunity, public health interventions, or reduced transmission during colder months. However, the recent upward trajectory (c0–c4) suggests a reversal, potentially driven by waning immunity, increased social mixing, or the emergence of a more transmissible strain. The sharp rise in dP during the current month (e.g., +0.098 in c4) aligns with patterns seen during influenza surges, such as post-holiday gatherings or delayed vaccination uptake. This could also signal a new variant or suboptimal vaccine efficacy against circulating strains. The interplay of behavioral, environmental, and virological factors likely underpins this shift, necessitating real-time monitoring and adaptive public health responses.

⟪FINAL⟫
{
  "hypotheses": [
    {
      "key": "centers_for_disease_control|detect|influenza|up"
    },
    {
      "key": "world_health_organization|report_release|cases|up"
    },
    {
      "key": "health_and_human_services|rate_change|hospitalizations|up"
    },
    {
      "key": "centers_for_disease_control|confirm|h1n1|up"
    },
    {
      "key": "advisory_committee_on_immunization_practices|recommend_vaccination|influenza|up"
    }
  ]
}
===== END RAW GENERATION =====
[DEBUG] parsed JSON: {"hypotheses": [{"key": "centers_for_disease_control|detect|influenza|up"}, {"key": "world_health_organization|report_release|cases|up"}, {"key": "health_and_human_services|rate_change|hospitalizations|up"}, {"key": "centers_for_disease_control|confirm|h1n1|up"}, {"key": "advisory_committee_on_immunization_practices|recommend_vaccination|influenza|up"}]}
['centers_for_disease_control', 'detect', 'influenza', 'up']
['world_health_organization', 'report_release', 'cases', 'up']
['health_and_human_services', 'rate_change', 'hospitalizations', 'up']
['centers_for_disease_control', 'confirm', 'h1n1', 'up']
['advisory_committee_on_immunization_practices', 'recommend_vaccination', 'influenza', 'up']
recall_all: 0.07619047619047618 precision_all: 0.05714285714285715
Labels:
['advisory_committee_on_immunization_practices', 'issue_guidance', 'vaccination', 'ambiguous']
['centers_for_disease_control', 'report_release', 'influenza', 'ambiguous']
['health_and_human_services', 'report_release', 'influenza', 'up']
['national_institute_on_aging', 'issue_guidance', 'vaccination', 'ambiguous']

===== RAW GENERATION (decoded) =====
The observed trend in the data indicates a recent acceleration in the proportion of U.S. influenza patients, with a sharp upward trajectory in the current month (c0–c3) following a period of relative stability and minor fluctuations in the prior three months. The initial decline from t0 to t5 (1.575 to 1.193) may reflect seasonal immunity or prior public health interventions, but the subsequent rise through t12 (1.977 to 2.025) suggests a gradual resurgence. The current month’s data, however, shows a steeper increase, with weekly dP values rising by 0.180 to 0.287, implying a potential surge in transmission. This could be driven by factors such as waning vaccine efficacy, the emergence of a more transmissible strain, reduced adherence to preventive measures, or delayed reporting of cases. The abrupt shift in trend also aligns with the possibility of a new public health event, such as a formal outbreak declaration, a policy change, or the introduction of a novel variant.  

⟪FINAL⟫  
{  
  "hypotheses": [  
    {  
      "key": "centers_for_disease_control|detect|influenza|up"  
    },  
    {  
      "key": "world_health_organization|report_release|influenza|up"  
    },  
    {  
      "key": "food_and_drug_administration|approve_authorize|vaccine|up"  
    },  
    {  
      "key": "health_and_human_services|rate_change|cases|up"  
    },  
    {  
      "key": "advisory_committee_on_immunization_practices|recommend_vaccination|vaccination|up"  
    }  
  ]  
}
===== END RAW GENERATION =====
[DEBUG] parsed JSON: {"hypotheses": [{"key": "centers_for_disease_control|detect|influenza|up"}, {"key": "world_health_organization|report_release|influenza|up"}, {"key": "food_and_drug_administration|approve_authorize|vaccine|up"}, {"key": "health_and_human_services|rate_change|cases|up"}, {"key": "advisory_committee_on_immunization_practices|recommend_vaccination|vaccination|up"}]}
['centers_for_disease_control', 'detect', 'influenza', 'up']
['world_health_organization', 'report_release', 'influenza', 'up']
['food_and_drug_administration', 'approve_authorize', 'vaccine', 'up']
['health_and_human_services', 'rate_change', 'cases', 'up']
['advisory_committee_on_immunization_practices', 'recommend_vaccination', 'vaccination', 'up']
recall_all: 0.06666666666666667 precision_all: 0.05
Labels:
['centers_for_disease_control', 'issue_guidance', 'vaccination', 'ambiguous']
['advisory_committee_on_immunization_practices', 'issue_guidance', 'vaccination', 'ambiguous']
['centers_for_disease_control', 'report_release', 'hospitalizations', 'up']
['centers_for_disease_control', 'report_release', 'influenza', 'up']

===== RAW GENERATION (decoded) =====
The observed trend in the data indicates a generally upward trajectory in U.S. influenza patient proportions over the last three months, with a notable peak at t8 (2.025) followed by a minor dip at t9 before resuming an upward climb to t12 (2.259). This pattern aligns with typical seasonal flu dynamics, where cases rise sharply during colder months and may temporarily plateau or decline due to interventions or behavioral changes. The current month’s data (c0–c3) reveals a nuanced shift: an initial decline (c0: -0.033) followed by a sharp rebound (c1: +0.143) and sustained increases (c2: +0.045, c3: +0.080). This suggests a possible response to recent public health measures (e.g., guidance or vaccination campaigns) temporarily slowing transmission, but subsequent surges may reflect waning immunity, increased indoor gatherings, or the emergence of a more transmissible strain. The interplay between mitigation efforts and viral dynamics likely drives the observed fluctuations.  

⟪FINAL⟫{  "hypotheses": [    {      "key": "centers_for_disease_control|issue_guidance|influenza|down"    },    {      "key": "advisory_committee_on_immunization_practices|recommend_vaccination|influenza|down"    },    {      "key": "world_health_organization|detect|h1n1|up"    },    {      "key": "food_and_drug_administration|approve_authorize|vaccine|down"    },    {      "key": "united_states|report_release|cases|up"    }  ]}
===== END RAW GENERATION =====
[DEBUG] parsed JSON: {"hypotheses": [{"key": "centers_for_disease_control|issue_guidance|influenza|down"}, {"key": "advisory_committee_on_immunization_practices|recommend_vaccination|influenza|down"}, {"key": "world_health_organization|detect|h1n1|up"}, {"key": "food_and_drug_administration|approve_authorize|vaccine|down"}, {"key": "united_states|report_release|cases|up"}]}
['centers_for_disease_control', 'issue_guidance', 'influenza', 'down']
['advisory_committee_on_immunization_practices', 'recommend_vaccination', 'influenza', 'down']
['world_health_organization', 'detect', 'h1n1', 'up']
['food_and_drug_administration', 'approve_authorize', 'vaccine', 'down']
['united_states', 'report_release', 'cases', 'up']
recall_all: 0.05925925925925926 precision_all: 0.044444444444444446
Labels:
['centers_for_disease_control', 'issue_guidance', 'vaccination', 'ambiguous']
['centers_for_disease_control', 'report_release', 'influenza', 'ambiguous']
['centers_for_disease_control', 'report_release', 'influenza', 'up']
['centers_for_disease_control', 'conduct_study', 'influenza', 'ambiguous']
['centers_for_disease_control', 'conduct_study', 'respiratory_syncytial_virus', 'ambiguous']

===== RAW GENERATION (decoded) =====
The observed trend in the data indicates a sharp and accelerating rise in the proportion of U.S. influenza patients over the current month, with weekly increases outpacing the gradual rise seen in the prior three months. This suggests a potential surge in influenza activity, possibly driven by seasonal factors, a new viral strain, or reduced public health mitigation measures. The rapid escalation in the current month (e.g., +0.413 in the latest week) could reflect delayed transmission due to prior mask mandates or vaccine hesitancy, or it may signal an emerging variant causing more severe or widespread illness. Public health agencies may be responding to this uptick with targeted interventions, such as vaccination campaigns or surveillance reports, to curb further spread. The pattern aligns with typical influenza seasonality but the abruptness of the increase implies additional real-time factors, such as policy changes or community behavior shifts, may be amplifying transmission.  

⟪FINAL⟫  
{  
  "hypotheses": [  
    {  
      "key": "centers_for_disease_control|detect|influenza|up"  
    },  
    {  
      "key": "advisory_committee_on_immunization_practices|recommend_vaccination|vaccine|up"  
    },  
    {  
      "key": "world_health_organization|report_release|influenza|up"  
    },  
    {  
      "key": "health_and_human_services|rate_change|hospitalizations|up"  
    },  
    {  
      "key": "united_states|outbreak|cases|up"  
    }  
  ]  
}
===== END RAW GENERATION =====
[DEBUG] parsed JSON: {"hypotheses": [{"key": "centers_for_disease_control|detect|influenza|up"}, {"key": "advisory_committee_on_immunization_practices|recommend_vaccination|vaccine|up"}, {"key": "world_health_organization|report_release|influenza|up"}, {"key": "health_and_human_services|rate_change|hospitalizations|up"}, {"key": "united_states|outbreak|cases|up"}]}
['centers_for_disease_control', 'detect', 'influenza', 'up']
['advisory_committee_on_immunization_practices', 'recommend_vaccination', 'vaccine', 'up']
['world_health_organization', 'report_release', 'influenza', 'up']
['health_and_human_services', 'rate_change', 'hospitalizations', 'up']
['united_states', 'outbreak', 'cases', 'up']
recall_all: 0.05333333333333333 precision_all: 0.04
Labels:
['centers_for_disease_control', 'report_release', 'influenza', 'up']
['centers_for_disease_control', 'approve_authorize', 'influenza', 'ambiguous']
['centers_for_disease_control', 'issue_guidance', 'influenza', 'ambiguous']
['centers_for_disease_control', 'recommend_vaccination', 'influenza', 'ambiguous']
['centers_for_disease_control', 'report_release', 'deaths', 'up']

===== RAW GENERATION (decoded) =====
The observed trend in the data indicates a consistent and accelerating rise in the proportion of U.S. influenza patients over the past three months, with a marked surge in the current month. The weekly increases (dP) in the current month show a steady rise, culminating in a sharp jump of +0.395 in the final week (c3), suggesting a potential tipping point in transmission dynamics. This pattern could reflect seasonal flu season intensification, delayed public health interventions, or the emergence of a more transmissible influenza strain. The acceleration in the current month may also align with underreported cases being captured in recent surveillance, or a surge in hospitalizations due to overwhelmed healthcare systems. Additionally, the final week’s spike implies a possible real-time event, such as a confirmed outbreak or a report highlighting a new variant, which could have triggered heightened reporting or public awareness.  

⟪FINAL⟫  
{  
  "hypotheses": [  
    {  
      "key": "centers_for_disease_control|detect|influenza|up"  
    },  
    {  
      "key": "world_health_organization|report_release|cases|up"  
    },  
    {  
      "key": "health_and_human_services|confirm|hospitalizations|up"  
    },  
    {  
      "key": "centers_for_disease_control|issue_guidance|h5n1|up"  
    },  
    {  
      "key": "advisory_committee_on_immunization_practices|recommend_vaccination|vaccination|up"  
    }  
  ]  
}
===== END RAW GENERATION =====
[DEBUG] parsed JSON: {"hypotheses": [{"key": "centers_for_disease_control|detect|influenza|up"}, {"key": "world_health_organization|report_release|cases|up"}, {"key": "health_and_human_services|confirm|hospitalizations|up"}, {"key": "centers_for_disease_control|issue_guidance|h5n1|up"}, {"key": "advisory_committee_on_immunization_practices|recommend_vaccination|vaccination|up"}]}
['centers_for_disease_control', 'detect', 'influenza', 'up']
['world_health_organization', 'report_release', 'cases', 'up']
['health_and_human_services', 'confirm', 'hospitalizations', 'up']
['centers_for_disease_control', 'issue_guidance', 'h5n1', 'up']
['advisory_committee_on_immunization_practices', 'recommend_vaccination', 'vaccination', 'up']
recall_all: 0.048484848484848485 precision_all: 0.03636363636363637
Labels:
['centers_for_disease_control', 'report_release', 'influenza', 'ambiguous']
['centers_for_disease_control', 'report_release', 'influenza', 'up']
['centers_for_disease_control', 'report_release', 'cases', 'up']
['centers_for_disease_control', 'report_release', 'h5n1', 'ambiguous']

===== RAW GENERATION (decoded) =====
The observed trend in the data indicates a consistent and accelerating rise in the proportion of U.S. influenza patients over the past three months, with a particularly sharp increase in the current month. The weekly OT values show a steady upward trajectory, culminating in a 6.904% proportion at t12, followed by a current-month surge of +0.853 and +1.104 in the first two weeks. This pattern aligns with typical flu season dynamics, where colder weather and indoor gatherings amplify transmission. However, the recent acceleration suggests additional factors, such as a new viral strain (e.g., H1N1 or H5N1) or waning immunity from prior vaccinations. The slight moderation in the third week of the current month (dP=+0.594) may reflect delayed reporting or early mitigation efforts, but the overall trend remains upward. Potential drivers include a surge in unvaccinated populations, reduced adherence to public health measures, or a delayed peak in seasonal flu activity.  

⟪FINAL⟫  
{  
  "hypotheses": [  
    {  
      "key": "centers_for_disease_control|detect|cases|up"  
    },  
    {  
      "key": "united_states|report_release|influenza|up"  
    },  
    {  
      "key": "world_health_organization|report_release|cases|up"  
    },  
    {  
      "key": "advisory_committee_on_immunization_practices|recommend_vaccination|influenza|ambiguous"  
    },  
    {  
      "key": "health_and_human_services|confirm|hospitalizations|up"  
    }  
  ]  
}
===== END RAW GENERATION =====
[DEBUG] parsed JSON: {"hypotheses": [{"key": "centers_for_disease_control|detect|cases|up"}, {"key": "united_states|report_release|influenza|up"}, {"key": "world_health_organization|report_release|cases|up"}, {"key": "advisory_committee_on_immunization_practices|recommend_vaccination|influenza|ambiguous"}, {"key": "health_and_human_services|confirm|hospitalizations|up"}]}
['centers_for_disease_control', 'detect', 'cases', 'up']
['united_states', 'report_release', 'influenza', 'up']
['world_health_organization', 'report_release', 'cases', 'up']
['advisory_committee_on_immunization_practices', 'recommend_vaccination', 'influenza', 'ambiguous']
['health_and_human_services', 'confirm', 'hospitalizations', 'up']
recall_all: 0.044444444444444446 precision_all: 0.03333333333333333
Labels:
['centers_for_disease_control', 'report_release', 'influenza', 'up']
['centers_for_disease_control', 'report_release', 'influenza', 'ambiguous']
['centers_for_disease_control', 'issue_guidance', 'vaccination', 'ambiguous']
['centers_for_disease_control', 'recommend_vaccination', 'vaccination', 'ambiguous']
['centers_for_disease_control', 'report_release', 'influenza', 'down']

===== RAW GENERATION (decoded) =====
The observed trend in the data indicates a flu season that peaked in the seventh week of the context window (t7: 6.904%) before entering a sustained decline. The sharp drop from t7 to t8 (6.904% to 5.762%) suggests a possible turning point, potentially linked to seasonal factors, public health interventions, or natural waning of the outbreak. The continued decline through t11 (4.224%) and a minor rebound at t12 (4.278%) may reflect residual transmission or reporting variability. In the current month, the weekly dP values show a consistent downward trajectory (c0 to c3), with a marginal uptick at c4 (+0.054). This pattern could indicate the tail end of the flu season, though the final week’s slight increase warrants monitoring for localized outbreaks or shifts in viral activity. The decline aligns with typical influenza seasonality, but the recent stabilization might hint at emerging factors such as waning immunity, changes in testing behavior, or early signs of a new strain.  

⟪FINAL⟫{  "hypotheses": [    {      "key": "centers_for_disease_control|report_release|influenza|down"    },    {      "key": "advisory_committee_on_immunization_practices|recommend_vaccination|influenza|down"    },    {      "key": "world_health_organization|detect|influenza|ambiguous"    },    {      "key": "health_and_human_services|rate_change|hospitalizations|down"    },    {      "key": "national_institute_on_aging|conduct_study|influenza|ambiguous"    }  ]}
===== END RAW GENERATION =====
[DEBUG] parsed JSON: {"hypotheses": [{"key": "centers_for_disease_control|report_release|influenza|down"}, {"key": "advisory_committee_on_immunization_practices|recommend_vaccination|influenza|down"}, {"key": "world_health_organization|detect|influenza|ambiguous"}, {"key": "health_and_human_services|rate_change|hospitalizations|down"}, {"key": "national_institute_on_aging|conduct_study|influenza|ambiguous"}]}
['centers_for_disease_control', 'report_release', 'influenza', 'down']
['advisory_committee_on_immunization_practices', 'recommend_vaccination', 'influenza', 'down']
['world_health_organization', 'detect', 'influenza', 'ambiguous']
['health_and_human_services', 'rate_change', 'hospitalizations', 'down']
['national_institute_on_aging', 'conduct_study', 'influenza', 'ambiguous']
recall_all: 0.08717948717948718 precision_all: 0.04615384615384616
Labels:
['centers_for_disease_control', 'issue_guidance', 'influenza', 'ambiguous']
['centers_for_disease_control', 'report_release', 'influenza', 'up']
['centers_for_disease_control', 'issue_guidance', 'vaccination', 'ambiguous']
['centers_for_disease_control', 'recommend_vaccination', 'influenza', 'ambiguous']
['centers_for_disease_control', 'recommend_vaccination', 'vaccination', 'ambiguous']

===== RAW GENERATION (decoded) =====
The observed trend in the data indicates a gradual decline in the proportion of U.S. influenza patients over the last three months, with a notable sharp drop in the final week of the current month. The initial increase in the first week of the current month (c0) may reflect a seasonal peak or delayed transmission from earlier waves, but this was followed by a steady reduction, suggesting the influence of mitigating factors. The significant decrease in c3 (dP=-0.239) could be attributed to real-time public health interventions, such as updated vaccination recommendations or policy changes, which likely accelerated preventive measures. Seasonal patterns, like waning flu activity as temperatures rise, may also play a role, but the abruptness of the c3 decline points to specific actionable events. Concurrently, the data hints at possible shifts in viral dynamics or reporting practices, though the focus remains on interventions directly tied to the current month’s changes.  

⟪FINAL⟫  
{  
  "hypotheses": [  
    {  
      "key": "centers_for_disease_control|issue_guidance|influenza|down"  
    },  
    {  
      "key": "advisory_committee_on_immunization_practices|recommend_vaccination|influenza|down"  
    },  
    {  
      "key": "food_and_drug_administration|approve_authorize|vaccine|up"  
    },  
    {  
      "key": "world_health_organization|report_release|influenza|down"  
    },  
    {  
      "key": "health_and_human_services|rate_change|influenza|down"  
    }  
  ]  
}
===== END RAW GENERATION =====
[DEBUG] parsed JSON: {"hypotheses": [{"key": "centers_for_disease_control|issue_guidance|influenza|down"}, {"key": "advisory_committee_on_immunization_practices|recommend_vaccination|influenza|down"}, {"key": "food_and_drug_administration|approve_authorize|vaccine|up"}, {"key": "world_health_organization|report_release|influenza|down"}, {"key": "health_and_human_services|rate_change|influenza|down"}]}
['centers_for_disease_control', 'issue_guidance', 'influenza', 'down']
['advisory_committee_on_immunization_practices', 'recommend_vaccination', 'influenza', 'down']
['food_and_drug_administration', 'approve_authorize', 'vaccine', 'up']
['world_health_organization', 'report_release', 'influenza', 'down']
['health_and_human_services', 'rate_change', 'influenza', 'down']
recall_all: 0.09523809523809523 precision_all: 0.05714285714285715
Labels:
['centers_for_disease_control', 'report_release', 'influenza', 'up']
['centers_for_disease_control', 'report_release', 'influenza', 'ambiguous']

===== RAW GENERATION (decoded) =====
The observed trend in the data indicates a consistent decline in the proportion of U.S. influenza patients over the past three months, with a notable deceleration in the rate of decline within the current month. The initial sharp reductions (e.g., from 5.762 to 4.224 over 12 weeks) suggest effective public health interventions or seasonal factors, such as increased vaccination uptake or behavioral changes during colder months. However, the current month’s data reveals smaller weekly decreases (-0.351 to -0.120), implying that the momentum of decline is waning. This could reflect the natural plateauing of flu season activity, reduced adherence to preventive measures, or the emergence of less transmissible strains. The slowing trend may also hint at external factors, such as competing respiratory viruses (e.g., RSV) drawing attention away from influenza, or the saturation of high-risk populations already receiving interventions. These dynamics suggest a complex interplay between public health efforts, viral evolution, and population behavior.

⟪FINAL⟫
{
  "hypotheses": [
    {
      "key": "centers_for_disease_control|issue_guidance|influenza|down"
    },
    {
      "key": "advisory_committee_on_immunization_practices|recommend_vaccination|influenza|down"
    },
    {
      "key": "food_and_drug_administration|approve_authorize|vaccine|down"
    },
    {
      "key": "world_health_organization|report_release|cases|down"
    },
    {
      "key": "united_states|detect|h1n1|ambiguous"
    }
  ]
}
===== END RAW GENERATION =====
[DEBUG] parsed JSON: {"hypotheses": [{"key": "centers_for_disease_control|issue_guidance|influenza|down"}, {"key": "advisory_committee_on_immunization_practices|recommend_vaccination|influenza|down"}, {"key": "food_and_drug_administration|approve_authorize|vaccine|down"}, {"key": "world_health_organization|report_release|cases|down"}, {"key": "united_states|detect|h1n1|ambiguous"}]}
['centers_for_disease_control', 'issue_guidance', 'influenza', 'down']
['advisory_committee_on_immunization_practices', 'recommend_vaccination', 'influenza', 'down']
['food_and_drug_administration', 'approve_authorize', 'vaccine', 'down']
['world_health_organization', 'report_release', 'cases', 'down']
['united_states', 'detect', 'h1n1', 'ambiguous']
recall_all: 0.08888888888888888 precision_all: 0.05333333333333334
Labels:
['centers_for_disease_control', 'report_release', 'h5n1', 'up']
['centers_for_disease_control', 'confirm', 'h5n1', 'ambiguous']
['centers_for_disease_control', 'outbreak', 'h5n1', 'ambiguous']

===== RAW GENERATION (decoded) =====
The observed trend in the data indicates a consistent decline in the proportion of U.S. influenza patients over the past three months, with a notable acceleration in the initial weeks of the current month followed by a recent plateau. The sharp drop in the first three weeks of the current month (c0–c2) suggests a potential intervention or external factor, such as public health campaigns or seasonal immunity, which may have temporarily reduced transmission. However, the subsequent slower decline (c3–c4) implies a possible stabilization or counteracting influence, such as waning immunity, behavioral relaxation, or the emergence of a new strain. This pattern aligns with scenarios where initial public health measures (e.g., vaccination drives or guidance) drove rapid reductions, but their effects diminished as new variables—like a detected outbreak or shifting viral dynamics—modulated the trend. The interplay between proactive interventions and evolving epidemiological conditions likely underpins the observed trajectory.  

⟪FINAL⟫  
{  
  "hypotheses": [  
    {  
      "key": "centers_for_disease_control|issue_guidance|influenza|down"  
    },  
    {  
      "key": "advisory_committee_on_immunization_practices|recommend_vaccination|vaccine|down"  
    },  
    {  
      "key": "world_health_organization|report_release|cases|ambiguous"  
    },  
    {  
      "key": "health_and_human_services|rate_change|hospitalizations|ambiguous"  
    },  
    {  
      "key": "food_and_drug_administration|approve_authorize|vaccine|down"  
    }  
  ]  
}
===== END RAW GENERATION =====
[DEBUG] parsed JSON: {"hypotheses": [{"key": "centers_for_disease_control|issue_guidance|influenza|down"}, {"key": "advisory_committee_on_immunization_practices|recommend_vaccination|vaccine|down"}, {"key": "world_health_organization|report_release|cases|ambiguous"}, {"key": "health_and_human_services|rate_change|hospitalizations|ambiguous"}, {"key": "food_and_drug_administration|approve_authorize|vaccine|down"}]}
['centers_for_disease_control', 'issue_guidance', 'influenza', 'down']
['advisory_committee_on_immunization_practices', 'recommend_vaccination', 'vaccine', 'down']
['world_health_organization', 'report_release', 'cases', 'ambiguous']
['health_and_human_services', 'rate_change', 'hospitalizations', 'ambiguous']
['food_and_drug_administration', 'approve_authorize', 'vaccine', 'down']
recall_all: 0.08333333333333333 precision_all: 0.05
Labels:
['centers_for_disease_control', 'detect', 'h5n1', 'ambiguous']

===== RAW GENERATION (decoded) =====
The observed trend in the data indicates a consistent decline in the proportion of U.S. influenza patients over the past 13 weeks, with a notable acceleration in the initial months followed by a plateau in the most recent month. This pattern aligns with typical seasonal flu dynamics, where activity peaks in the early winter months and tapers off as immunity builds and weather warms. However, the marginal decrease in the current month (c0: -0.110) suggests potential external interventions or behavioral shifts. The sustained decline could reflect widespread vaccination campaigns, public health messaging, or residual immunity from prior waves. The slight slowdown in the rate of decline might indicate waning compliance with preventive measures or a shift in reporting practices. Alternatively, it could signal the influence of real-time policy actions, such as updated guidance or targeted recommendations, which may have stabilized the trend without reversing it.  

⟪FINAL⟫  
{  
  "hypotheses": [  
    {  
      "key": "centers_for_disease_control|issue_guidance|influenza|down"  
    },  
    {  
      "key": "advisory_committee_on_immunization_practices|recommend_vaccination|vaccination|down"  
    },  
    {  
      "key": "world_health_organization|report_release|cases|down"  
    },  
    {  
      "key": "health_and_human_services|rate_change|hospitalizations|down"  
    },  
    {  
      "key": "food_and_drug_administration|approve_authorize|vaccine|down"  
    }  
  ]  
}
===== END RAW GENERATION =====
[DEBUG] parsed JSON: {"hypotheses": [{"key": "centers_for_disease_control|issue_guidance|influenza|down"}, {"key": "advisory_committee_on_immunization_practices|recommend_vaccination|vaccination|down"}, {"key": "world_health_organization|report_release|cases|down"}, {"key": "health_and_human_services|rate_change|hospitalizations|down"}, {"key": "food_and_drug_administration|approve_authorize|vaccine|down"}]}
['centers_for_disease_control', 'issue_guidance', 'influenza', 'down']
['advisory_committee_on_immunization_practices', 'recommend_vaccination', 'vaccination', 'down']
['world_health_organization', 'report_release', 'cases', 'down']
['health_and_human_services', 'rate_change', 'hospitalizations', 'down']
['food_and_drug_administration', 'approve_authorize', 'vaccine', 'down']
recall_all: 0.0784313725490196 precision_all: 0.047058823529411764
