Labels:
['centers_for_disease_control', 'report_release', 'influenza', 'ambiguous']
['centers_for_disease_control', 'report_release', 'influenza', 'up']
['united_states', 'rate_change', 'hospitalizations', 'up']
['united_states', 'report_release', 'influenza', 'ambiguous']
['united_states', 'report_release', 'influenza', 'up']

===== RAW GENERATION (decoded) =====
The observed trend in the data indicates a sustained decline in influenza patient proportions over the past three months, with a sharp drop in the early weeks of the current month followed by a minor stabilization. The initial steep decrease (c0: -1.020) suggests a significant intervention or behavioral shift, such as heightened public health measures or increased vaccination uptake. The subsequent smaller declines (c1–c2) and slight rebounds (c3–c4) may reflect waning adherence to preventive actions or the natural progression of the flu season. These fluctuations could also hint at localized outbreaks or changes in testing protocols, though the overall trajectory remains downward. The pattern aligns with seasonal flu dynamics but may also be influenced by real-time public health responses.

⟪FINAL⟫
{
  "hypotheses": [
    {
      "key": "centers_for_disease_control|recommend_vaccination|vaccination|down"
    },
    {
      "key": "health_and_human_services|issue_guidance|influenza|down"
    },
    {
      "key": "food_and_drug_administration|approve_authorize|vaccine|down"
    },
    {
      "key": "advisory_committee_on_immunization_practices|rate_change|vaccination|down"
    },
    {
      "key": "world_health_organization|detect|influenza|down"
    }
  ]
}
===== END RAW GENERATION =====
[DEBUG] parsed JSON: {"hypotheses": [{"key": "centers_for_disease_control|recommend_vaccination|vaccination|down"}, {"key": "health_and_human_services|issue_guidance|influenza|down"}, {"key": "food_and_drug_administration|approve_authorize|vaccine|down"}, {"key": "advisory_committee_on_immunization_practices|rate_change|vaccination|down"}, {"key": "world_health_organization|detect|influenza|down"}]}
['centers_for_disease_control', 'recommend_vaccination', 'vaccination', 'down']
['health_and_human_services', 'issue_guidance', 'influenza', 'down']
['food_and_drug_administration', 'approve_authorize', 'vaccine', 'down']
['advisory_committee_on_immunization_practices', 'rate_change', 'vaccination', 'down']
['world_health_organization', 'detect', 'influenza', 'down']
recall_all: 0.0 precision_all: 0.0
Labels:
['centers_for_disease_control', 'report_release', 'influenza', 'up']
['centers_for_disease_control', 'report_release', 'influenza', 'ambiguous']

===== RAW GENERATION (decoded) =====
The observed trend in the data indicates a sustained decline in the proportion of U.S. influenza patients over the past three months, with a particularly pronounced drop in the second week of the current month. This pattern suggests a combination of long-term seasonal factors and a more acute intervention or event in the recent period. The gradual decrease from t0 to t12 aligns with typical influenza seasonality, but the sharper decline in c2 (dP=-0.143) implies a specific catalyst, such as a public health measure or a shift in reporting practices. The slight rebound in c3 (dP=-0.039) may reflect temporary fluctuations or delayed effects of interventions. Potential drivers include increased vaccination uptake, policy changes, or heightened public awareness, all of which could contribute to reduced case numbers.

⟪FINAL⟫
{
  "hypotheses": [
    {
      "key": "centers_for_disease_control|recommend_vaccination|influenza|down"
    },
    {
      "key": "advisory_committee_on_immunization_practices|issue_guidance|vaccination|down"
    },
    {
      "key": "food_and_drug_administration|approve_authorize|vaccine|down"
    },
    {
      "key": "health_and_human_services|report_release|cases|down"
    },
    {
      "key": "world_health_organization|detect|influenza|down"
    }
  ]
}
===== END RAW GENERATION =====
[DEBUG] parsed JSON: {"hypotheses": [{"key": "centers_for_disease_control|recommend_vaccination|influenza|down"}, {"key": "advisory_committee_on_immunization_practices|issue_guidance|vaccination|down"}, {"key": "food_and_drug_administration|approve_authorize|vaccine|down"}, {"key": "health_and_human_services|report_release|cases|down"}, {"key": "world_health_organization|detect|influenza|down"}]}
['centers_for_disease_control', 'recommend_vaccination', 'influenza', 'down']
['advisory_committee_on_immunization_practices', 'issue_guidance', 'vaccination', 'down']
['food_and_drug_administration', 'approve_authorize', 'vaccine', 'down']
['health_and_human_services', 'report_release', 'cases', 'down']
['world_health_organization', 'detect', 'influenza', 'down']
recall_all: 0.0 precision_all: 0.0
Labels:
['centers_for_disease_control', 'report_release', 'influenza', 'ambiguous']
['centers_for_disease_control', 'report_release', 'influenza', 'up']

===== RAW GENERATION (decoded) =====
The observed trend in the data indicates a sustained decline in U.S. influenza patient proportions over the past three months, with a sharper downturn in the current month. While the initial weeks of the context window show a gradual reduction, the current month’s data reveals a more pronounced drop, particularly in the final two weeks (c2 and c3). This pattern suggests a possible acceleration in the waning of the flu season, potentially influenced by seasonal factors or public health interventions. The slight increase in the first week of the current month (c0) might reflect temporary reporting anomalies or localized outbreaks, but the subsequent steep decline implies systemic factors, such as increased vaccination uptake, behavioral changes (e.g., mask-wearing or hygiene practices), or shifts in viral activity. The sharp drop in c3 could also signal a policy change, such as a new guideline or resource allocation, that directly impacted case detection or management.

⟪FINAL⟫
{
  "hypotheses": [
    {
      "key": "advisory_committee_on_immunization_practices|recommend_vaccination|influenza|down"
    },
    {
      "key": "centers_for_disease_control|report_release|influenza|down"
    },
    {
      "key": "food_and_drug_administration|approve_authorize|vaccine|down"
    },
    {
      "key": "health_and_human_services|issue_guidance|hospitalizations|down"
    },
    {
      "key": "world_health_organization|detect|influenza|down"
    }
  ]
}
===== END RAW GENERATION =====
[DEBUG] parsed JSON: {"hypotheses": [{"key": "advisory_committee_on_immunization_practices|recommend_vaccination|influenza|down"}, {"key": "centers_for_disease_control|report_release|influenza|down"}, {"key": "food_and_drug_administration|approve_authorize|vaccine|down"}, {"key": "health_and_human_services|issue_guidance|hospitalizations|down"}, {"key": "world_health_organization|detect|influenza|down"}]}
['advisory_committee_on_immunization_practices', 'recommend_vaccination', 'influenza', 'down']
['centers_for_disease_control', 'report_release', 'influenza', 'down']
['food_and_drug_administration', 'approve_authorize', 'vaccine', 'down']
['health_and_human_services', 'issue_guidance', 'hospitalizations', 'down']
['world_health_organization', 'detect', 'influenza', 'down']
recall_all: 0.3333333333333333 precision_all: 0.06666666666666667
Labels:
['centers_for_disease_control', 'report_release', 'influenza', 'up']
['united_states', 'report_release', 'h5n1', 'ambiguous']

===== RAW GENERATION (decoded) =====
The observed trend in the data indicates a sustained decline in influenza patient proportions over the past three months, with a notable dip in the current month's early weeks (c0 and c1) followed by a modest rebound in the latter half (c2 and c3). This pattern suggests that initial public health interventions or seasonal factors may have effectively reduced transmission, but the subsequent increase could reflect localized outbreaks, changes in testing protocols, or delayed effects of behavioral shifts. The fluctuation within the current month may also hint at evolving dynamics, such as waning immunity, increased social interactions, or the introduction of a new variant. The interplay between these factors likely explains the nuanced trajectory of the data.

⟪FINAL⟫
{
  "hypotheses": [
    {
      "key": "health_and_human_services|recommend_vaccination|vaccination|up"
    },
    {
      "key": "centers_for_disease_control|report_release|cases|ambiguous"
    },
    {
      "key": "advisory_committee_on_immunization_practices|issue_guidance|vaccine|down"
    },
    {
      "key": "world_health_organization|detect|influenza|up"
    },
    {
      "key": "food_and_drug_administration|approve_authorize|vaccine|down"
    }
  ]
}
===== END RAW GENERATION =====
[DEBUG] parsed JSON: {"hypotheses": [{"key": "health_and_human_services|recommend_vaccination|vaccination|up"}, {"key": "centers_for_disease_control|report_release|cases|ambiguous"}, {"key": "advisory_committee_on_immunization_practices|issue_guidance|vaccine|down"}, {"key": "world_health_organization|detect|influenza|up"}, {"key": "food_and_drug_administration|approve_authorize|vaccine|down"}]}
['health_and_human_services', 'recommend_vaccination', 'vaccination', 'up']
['centers_for_disease_control', 'report_release', 'cases', 'ambiguous']
['advisory_committee_on_immunization_practices', 'issue_guidance', 'vaccine', 'down']
['world_health_organization', 'detect', 'influenza', 'up']
['food_and_drug_administration', 'approve_authorize', 'vaccine', 'down']
recall_all: 0.25 precision_all: 0.05
Labels:
['centers_for_disease_control', 'recommend_vaccination', 'vaccination', 'ambiguous']
['centers_for_disease_control', 'report_release', 'influenza', 'up']
['food_and_drug_administration', 'approve_authorize', 'vaccine', 'ambiguous']

===== RAW GENERATION (decoded) =====
The observed trend in the data indicates a sustained decline in influenza patient proportions over the past three months, with a notable acceleration in the current month. The initial gradual decrease from t0 to t6 suggests a seasonal waning of flu activity, but the sharp drop in the current month (particularly at c4) implies an abrupt intervention or external factor. This could be attributed to heightened public health measures, such as increased vaccination uptake or targeted public awareness campaigns, which may have reduced transmission. Alternatively, the emergence of a less virulent strain or improved treatment protocols could explain the rapid decline. The fluctuation at t6–t8 (a temporary rise) might reflect localized outbreaks or data anomalies, but the subsequent steep decline in the current month points to a systemic change, possibly linked to policy actions or real-time public health responses.

⟪FINAL⟫
{
  "hypotheses": [
    {
      "key": "centers_for_disease_control|recommend_vaccination|vaccination|down"
    },
    {
      "key": "advisory_committee_on_immunization_practices|issue_guidance|vaccination|down"
    },
    {
      "key": "food_and_drug_administration|approve_authorize|vaccine|down"
    },
    {
      "key": "centers_for_disease_control|detect|influenza|down"
    },
    {
      "key": "health_and_human_services|report_release|cases|down"
    }
  ]
}
===== END RAW GENERATION =====
[DEBUG] parsed JSON: {"hypotheses": [{"key": "centers_for_disease_control|recommend_vaccination|vaccination|down"}, {"key": "advisory_committee_on_immunization_practices|issue_guidance|vaccination|down"}, {"key": "food_and_drug_administration|approve_authorize|vaccine|down"}, {"key": "centers_for_disease_control|detect|influenza|down"}, {"key": "health_and_human_services|report_release|cases|down"}]}
['centers_for_disease_control', 'recommend_vaccination', 'vaccination', 'down']
['advisory_committee_on_immunization_practices', 'issue_guidance', 'vaccination', 'down']
['food_and_drug_administration', 'approve_authorize', 'vaccine', 'down']
['centers_for_disease_control', 'detect', 'influenza', 'down']
['health_and_human_services', 'report_release', 'cases', 'down']
recall_all: 0.3333333333333333 precision_all: 0.12000000000000002
Labels:
['centers_for_disease_control', 'report_release', 'influenza', 'up']
['centers_for_disease_control', 'issue_guidance', 'influenza', 'ambiguous']
['centers_for_disease_control', 'report_release', 'h1n1', 'ambiguous']
['centers_for_disease_control', 'report_release', 'h5n1', 'up']
['food_and_drug_administration', 'report_release', 'influenza', 'ambiguous']

===== RAW GENERATION (decoded) =====
The observed trend in the data indicates a sustained decline in influenza patient proportions over the past three months, with a notable acceleration in the current month's initial weeks. The sharp drop in the first three weeks (c0–c2) suggests a rapid reduction in cases, possibly driven by effective public health interventions or increased vaccination uptake. However, the slower decline in the final week (c3) implies a potential stabilization or waning of the initial intervention's impact. This pattern could reflect seasonal factors, such as the natural progression of the flu season, or the introduction of targeted measures (e.g., vaccination campaigns) that initially reduced cases but whose effects are now plateauing. The slowing decline might also hint at reduced adherence to preventive behaviors or the emergence of a new, less virulent strain.  

⟪FINAL⟫{  
  "hypotheses": [  
    {  
      "key": "centers_for_disease_control|recommend_vaccination|influenza|down"  
    },  
    {  
      "key": "advisory_committee_on_immunization_practices|issue_guidance|vaccination|down"  
    },  
    {  
      "key": "food_and_drug_administration|approve_authorize|vaccine|down"  
    },  
    {  
      "key": "world_health_organization|report_release|cases|down"  
    },  
    {  
      "key": "health_and_human_services|detect|respiratory_syncytial_virus|ambiguous"  
    }  
  ]  
}
===== END RAW GENERATION =====
[DEBUG] parsed JSON: {"hypotheses": [{"key": "centers_for_disease_control|recommend_vaccination|influenza|down"}, {"key": "advisory_committee_on_immunization_practices|issue_guidance|vaccination|down"}, {"key": "food_and_drug_administration|approve_authorize|vaccine|down"}, {"key": "world_health_organization|report_release|cases|down"}, {"key": "health_and_human_services|detect|respiratory_syncytial_virus|ambiguous"}]}
['centers_for_disease_control', 'recommend_vaccination', 'influenza', 'down']
['advisory_committee_on_immunization_practices', 'issue_guidance', 'vaccination', 'down']
['food_and_drug_administration', 'approve_authorize', 'vaccine', 'down']
['world_health_organization', 'report_release', 'cases', 'down']
['health_and_human_services', 'detect', 'respiratory_syncytial_virus', 'ambiguous']
recall_all: 0.27777777777777773 precision_all: 0.10000000000000002
Labels:
['centers_for_disease_control', 'report_release', 'influenza', 'ambiguous']
['centers_for_disease_control', 'report_release', 'influenza', 'up']
['centers_for_disease_control', 'issue_guidance', 'influenza', 'ambiguous']
['centers_for_disease_control', 'report_release', 'mortality', 'ambiguous']
['world_health_organization', 'report_release', 'h5n1', 'ambiguous']

===== RAW GENERATION (decoded) =====
The observed trend in the data indicates a sustained decline in the proportion of U.S. influenza patients over the past three months, with a notable dip in the current month’s early weeks (c0–c1). However, a reversal in this trend emerges by the third week (c2–c4), marked by a progressive rise in weekly proportions. This rebound suggests a potential shift in underlying dynamics, possibly linked to factors such as changes in public health interventions, testing practices, or viral activity. The initial decline may reflect the lingering effects of prior mitigation measures, while the subsequent increase could signal either a resurgence of influenza activity, a surge in testing leading to higher detection rates, or the delayed impact of a new public health initiative. The timing of the upward trend within the current month aligns with the possibility of a recent event or policy change influencing case reporting or community behavior.

⟪FINAL⟫
{
  "hypotheses": [
    {
      "key": "centers_for_disease_control|recommend_vaccination|influenza|up"
    },
    {
      "key": "food_and_drug_administration|approve_authorize|vaccine|up"
    },
    {
      "key": "centers_for_disease_control|detect|cases|up"
    },
    {
      "key": "advisory_committee_on_immunization_practices|issue_guidance|vaccination|up"
    },
    {
      "key": "health_and_human_services|report_release|cases|up"
    }
  ]
}
===== END RAW GENERATION =====
[DEBUG] parsed JSON: {"hypotheses": [{"key": "centers_for_disease_control|recommend_vaccination|influenza|up"}, {"key": "food_and_drug_administration|approve_authorize|vaccine|up"}, {"key": "centers_for_disease_control|detect|cases|up"}, {"key": "advisory_committee_on_immunization_practices|issue_guidance|vaccination|up"}, {"key": "health_and_human_services|report_release|cases|up"}]}
['centers_for_disease_control', 'recommend_vaccination', 'influenza', 'up']
['food_and_drug_administration', 'approve_authorize', 'vaccine', 'up']
['centers_for_disease_control', 'detect', 'cases', 'up']
['advisory_committee_on_immunization_practices', 'issue_guidance', 'vaccination', 'up']
['health_and_human_services', 'report_release', 'cases', 'up']
recall_all: 0.23809523809523808 precision_all: 0.08571428571428573
Labels:
['advisory_committee_on_immunization_practices', 'issue_guidance', 'vaccination', 'ambiguous']
['centers_for_disease_control', 'report_release', 'influenza', 'ambiguous']
['health_and_human_services', 'report_release', 'influenza', 'up']
['national_institute_on_aging', 'issue_guidance', 'vaccination', 'ambiguous']

===== RAW GENERATION (decoded) =====
The observed trend in the data indicates a recent upward shift in influenza patient proportions within the current month, following a prolonged decline over the preceding three months. The initial decline may reflect seasonal waning of flu activity or sustained public health interventions, such as vaccination campaigns or social distancing measures. However, the current month's data reveals a resurgence, with the most significant increase occurring in the first two weeks (c0 to c1), followed by a gradual deceleration. This pattern suggests a possible early-stage outbreak or the emergence of a more transmissible strain, potentially exacerbated by factors like reduced adherence to preventive measures, increased social interactions, or the circulation of a novel variant. The slowing rate of increase (c2 to c3) might indicate the onset of mitigating actions, such as renewed public health guidance or the rollout of targeted interventions.  

⟪FINAL⟫{  
  "hypotheses": [  
    {  
      "key": "centers_for_disease_control|report_release|influenza|up"  
    },  
    {  
      "key": "advisory_committee_on_immunization_practices|recommend_vaccination|vaccination|up"  
    },  
    {  
      "key": "world_health_organization|detect|h5n1|up"  
    },  
    {  
      "key": "food_and_drug_administration|approve_authorize|vaccine|up"  
    },  
    {  
      "key": "united_states|outbreak|influenza|up"  
    }  
  ]  
}
===== END RAW GENERATION =====
[DEBUG] parsed JSON: {"hypotheses": [{"key": "centers_for_disease_control|report_release|influenza|up"}, {"key": "advisory_committee_on_immunization_practices|recommend_vaccination|vaccination|up"}, {"key": "world_health_organization|detect|h5n1|up"}, {"key": "food_and_drug_administration|approve_authorize|vaccine|up"}, {"key": "united_states|outbreak|influenza|up"}]}
['centers_for_disease_control', 'report_release', 'influenza', 'up']
['advisory_committee_on_immunization_practices', 'recommend_vaccination', 'vaccination', 'up']
['world_health_organization', 'detect', 'h5n1', 'up']
['food_and_drug_administration', 'approve_authorize', 'vaccine', 'up']
['united_states', 'outbreak', 'influenza', 'up']
recall_all: 0.23958333333333331 precision_all: 0.1
Labels:
['centers_for_disease_control', 'issue_guidance', 'vaccination', 'ambiguous']
['advisory_committee_on_immunization_practices', 'issue_guidance', 'vaccination', 'ambiguous']
['centers_for_disease_control', 'report_release', 'hospitalizations', 'up']
['centers_for_disease_control', 'report_release', 'influenza', 'up']

===== RAW GENERATION (decoded) =====
The observed trend in the data indicates a complex interplay of factors influencing influenza patient proportions. Over the past three months, the proportion of influenza patients has shown a generally upward trajectory, with notable peaks and troughs. The current month's data begins with a slight decline (c0), followed by a steady rise in subsequent weeks. This pattern could suggest a temporary mitigation of transmission due to public health interventions, such as increased vaccination campaigns or behavioral changes, followed by a resurgence possibly linked to waning immunity, reduced adherence to preventive measures, or the emergence of a more transmissible strain. The initial dip might reflect the impact of a recent policy or public health directive, while the subsequent increases could indicate challenges in sustaining control efforts or the introduction of new variants. 

⟪FINAL⟫
{
  "hypotheses": [
    {
      "key": "centers_for_disease_control|issue_guidance|influenza|down"
    },
    {
      "key": "food_and_drug_administration|approve_authorize|vaccine|up"
    },
    {
      "key": "world_health_organization|detect|h5n1|up"
    },
    {
      "key": "health_and_human_services|report_release|outbreak|up"
    },
    {
      "key": "advisory_committee_on_immunization_practices|recommend_vaccination|vaccination|up"
    }
  ]
}
===== END RAW GENERATION =====
[DEBUG] parsed JSON: {"hypotheses": [{"key": "centers_for_disease_control|issue_guidance|influenza|down"}, {"key": "food_and_drug_administration|approve_authorize|vaccine|up"}, {"key": "world_health_organization|detect|h5n1|up"}, {"key": "health_and_human_services|report_release|outbreak|up"}, {"key": "advisory_committee_on_immunization_practices|recommend_vaccination|vaccination|up"}]}
['centers_for_disease_control', 'issue_guidance', 'influenza', 'down']
['food_and_drug_administration', 'approve_authorize', 'vaccine', 'up']
['world_health_organization', 'detect', 'h5n1', 'up']
['health_and_human_services', 'report_release', 'outbreak', 'up']
['advisory_committee_on_immunization_practices', 'recommend_vaccination', 'vaccination', 'up']
recall_all: 0.21296296296296294 precision_all: 0.08888888888888889
Labels:
['centers_for_disease_control', 'issue_guidance', 'vaccination', 'ambiguous']
['centers_for_disease_control', 'report_release', 'influenza', 'ambiguous']
['centers_for_disease_control', 'report_release', 'influenza', 'up']
['centers_for_disease_control', 'conduct_study', 'influenza', 'ambiguous']
['centers_for_disease_control', 'conduct_study', 'respiratory_syncytial_virus', 'ambiguous']

===== RAW GENERATION (decoded) =====
The observed trend in the data indicates a steady increase in the proportion of U.S. influenza patients over the past three months, with a marked acceleration in the current month. This sharp rise suggests a potential surge in transmission, possibly driven by the emergence of a more virulent strain, reduced adherence to mitigation measures, or increased social activity. The abrupt upward trajectory in the current month may reflect the detection of a novel influenza variant, a formal outbreak declaration, or a decline in vaccination rates, which could be influenced by policy shifts or public health guidance adjustments. These factors collectively align with a scenario where heightened transmissibility or waning immunity has amplified case numbers.

⟪FINAL⟫
{
  "hypotheses": [
    {
      "key": "centers_for_disease_control|detect|influenza|up"
    },
    {
      "key": "world_health_organization|report_release|influenza|up"
    },
    {
      "key": "united_states|outbreak|influenza|up"
    },
    {
      "key": "health_and_human_services|confirm|influenza|up"
    },
    {
      "key": "united_states|rate_change|vaccination|down"
    }
  ]
}
===== END RAW GENERATION =====
[DEBUG] parsed JSON: {"hypotheses": [{"key": "centers_for_disease_control|detect|influenza|up"}, {"key": "world_health_organization|report_release|influenza|up"}, {"key": "united_states|outbreak|influenza|up"}, {"key": "health_and_human_services|confirm|influenza|up"}, {"key": "united_states|rate_change|vaccination|down"}]}
['centers_for_disease_control', 'detect', 'influenza', 'up']
['world_health_organization', 'report_release', 'influenza', 'up']
['united_states', 'outbreak', 'influenza', 'up']
['health_and_human_services', 'confirm', 'influenza', 'up']
['united_states', 'rate_change', 'vaccination', 'down']
recall_all: 0.19166666666666665 precision_all: 0.08
Labels:
['centers_for_disease_control', 'report_release', 'influenza', 'up']
['centers_for_disease_control', 'approve_authorize', 'influenza', 'ambiguous']
['centers_for_disease_control', 'issue_guidance', 'influenza', 'ambiguous']
['centers_for_disease_control', 'recommend_vaccination', 'influenza', 'ambiguous']
['centers_for_disease_control', 'report_release', 'deaths', 'up']

===== RAW GENERATION (decoded) =====
The observed trend in the data indicates a consistent and accelerating rise in the proportion of U.S. influenza patients over the past three months, with a particularly pronounced surge in the current month. The gradual increase from t0 to t12 suggests a seasonal influenza pattern, but the sharp jump in the final week of the current month (c3: +0.395) implies an abrupt intensification of transmission. This could be driven by factors such as waning immunity from prior vaccinations, the emergence of a more transmissible variant, or relaxed public health measures (e.g., reduced mask use or increased indoor gatherings). The timing aligns with typical flu season, but the sudden spike may reflect a localized outbreak, delayed vaccination uptake, or environmental factors (e.g., colder weather). The data also hints at potential underreporting or increased testing, though this is less likely given the consistent upward trajectory.

⟪FINAL⟫
{
  "hypotheses": [
    {
      "key": "centers_for_disease_control|detect|influenza|up"
    },
    {
      "key": "advisory_committee_on_immunization_practices|recommend_vaccination|vaccine|up"
    },
    {
      "key": "world_health_organization|report_release|influenza|up"
    },
    {
      "key": "food_and_drug_administration|approve_authorize|vaccine|ambiguous"
    },
    {
      "key": "united_states|rate_change|hospitalizations|up"
    }
  ]
}
===== END RAW GENERATION =====
[DEBUG] parsed JSON: {"hypotheses": [{"key": "centers_for_disease_control|detect|influenza|up"}, {"key": "advisory_committee_on_immunization_practices|recommend_vaccination|vaccine|up"}, {"key": "world_health_organization|report_release|influenza|up"}, {"key": "food_and_drug_administration|approve_authorize|vaccine|ambiguous"}, {"key": "united_states|rate_change|hospitalizations|up"}]}
['centers_for_disease_control', 'detect', 'influenza', 'up']
['advisory_committee_on_immunization_practices', 'recommend_vaccination', 'vaccine', 'up']
['world_health_organization', 'report_release', 'influenza', 'up']
['food_and_drug_administration', 'approve_authorize', 'vaccine', 'ambiguous']
['united_states', 'rate_change', 'hospitalizations', 'up']
recall_all: 0.17424242424242423 precision_all: 0.07272727272727274
Labels:
['centers_for_disease_control', 'report_release', 'influenza', 'ambiguous']
['centers_for_disease_control', 'report_release', 'influenza', 'up']
['centers_for_disease_control', 'report_release', 'cases', 'up']
['centers_for_disease_control', 'report_release', 'h5n1', 'ambiguous']

===== RAW GENERATION (decoded) =====
The observed trend in the data indicates a sustained and accelerating rise in U.S. influenza patient proportions over the past three months, culminating in a sharp upward trajectory during the current month. The steady increase from t0 (2.259) to t12 (6.904) suggests a seasonal flu surge, likely exacerbated by factors such as waning immunity, increased indoor gatherings, or the emergence of a more transmissible strain. The current month’s data (c0–c2) shows a continued rise, albeit with a slight deceleration in the rate of increase after the first two weeks, which may reflect either a temporary plateau in transmission or the delayed impact of public health interventions. This pattern aligns with typical flu season dynamics but could also signal a new wave of infections or a shift in viral dominance. The timing and magnitude of the increase suggest potential drivers such as reduced vaccination coverage, relaxed mitigation measures, or a novel strain circulating in the population.

⟪FINAL⟫
{
  "hypotheses": [
    {
      "key": "centers_for_disease_control|report_release|influenza|up"
    },
    {
      "key": "united_states|detect|cases|up"
    },
    {
      "key": "advisory_committee_on_immunization_practices|recommend_vaccination|vaccine|up"
    },
    {
      "key": "food_and_drug_administration|approve_authorize|vaccine|up"
    },
    {
      "key": "health_and_human_services|rate_change|hospitalizations|up"
    }
  ]
}
===== END RAW GENERATION =====
[DEBUG] parsed JSON: {"hypotheses": [{"key": "centers_for_disease_control|report_release|influenza|up"}, {"key": "united_states|detect|cases|up"}, {"key": "advisory_committee_on_immunization_practices|recommend_vaccination|vaccine|up"}, {"key": "food_and_drug_administration|approve_authorize|vaccine|up"}, {"key": "health_and_human_services|rate_change|hospitalizations|up"}]}
['centers_for_disease_control', 'report_release', 'influenza', 'up']
['united_states', 'detect', 'cases', 'up']
['advisory_committee_on_immunization_practices', 'recommend_vaccination', 'vaccine', 'up']
['food_and_drug_administration', 'approve_authorize', 'vaccine', 'up']
['health_and_human_services', 'rate_change', 'hospitalizations', 'up']
recall_all: 0.20138888888888887 precision_all: 0.08333333333333333
Labels:
['centers_for_disease_control', 'report_release', 'influenza', 'up']
['centers_for_disease_control', 'report_release', 'influenza', 'ambiguous']
['centers_for_disease_control', 'issue_guidance', 'vaccination', 'ambiguous']
['centers_for_disease_control', 'recommend_vaccination', 'vaccination', 'ambiguous']
['centers_for_disease_control', 'report_release', 'influenza', 'down']

===== RAW GENERATION (decoded) =====
The observed trend in the data indicates a complex interplay of seasonal influenza dynamics and potential public health interventions. The initial rise in influenza patient proportions (t0–t6) aligns with typical flu season patterns, peaking sharply in week t6 before a marked decline from t7 onward. This decline may reflect the natural waning of the seasonal wave, compounded by interventions such as vaccination campaigns or public health advisories. However, the slight rebound at t12 and the current month’s mixed trend (c0–c4) suggest possible localized outbreaks, reporting adjustments, or delayed effects of interventions. The recent stabilization and minor uptick in c4 could signal either a new surge or a temporary fluctuation in case reporting, possibly influenced by diagnostic practices or concurrent respiratory illnesses. The overall trajectory implies a combination of seasonal factors and active mitigation efforts, though the precise drivers of the current month’s variations remain ambiguous without additional context.

⟪FINAL⟫
{
  "hypotheses": [
    {
      "key": "centers_for_disease_control|recommend_vaccination|influenza|down"
    },
    {
      "key": "health_and_human_services|issue_guidance|hospitalizations|down"
    },
    {
      "key": "advisory_committee_on_immunization_practices|approve_authorize|vaccine|down"
    },
    {
      "key": "food_and_drug_administration|approve_authorize|vaccine|down"
    },
    {
      "key": "centers_for_disease_control|detect|influenza|ambiguous"
    }
  ]
}
===== END RAW GENERATION =====
[DEBUG] parsed JSON: {"hypotheses": [{"key": "centers_for_disease_control|recommend_vaccination|influenza|down"}, {"key": "health_and_human_services|issue_guidance|hospitalizations|down"}, {"key": "advisory_committee_on_immunization_practices|approve_authorize|vaccine|down"}, {"key": "food_and_drug_administration|approve_authorize|vaccine|down"}, {"key": "centers_for_disease_control|detect|influenza|ambiguous"}]}
['centers_for_disease_control', 'recommend_vaccination', 'influenza', 'down']
['health_and_human_services', 'issue_guidance', 'hospitalizations', 'down']
['advisory_committee_on_immunization_practices', 'approve_authorize', 'vaccine', 'down']
['food_and_drug_administration', 'approve_authorize', 'vaccine', 'down']
['centers_for_disease_control', 'detect', 'influenza', 'ambiguous']
recall_all: 0.18589743589743588 precision_all: 0.07692307692307693
Labels:
['centers_for_disease_control', 'issue_guidance', 'influenza', 'ambiguous']
['centers_for_disease_control', 'report_release', 'influenza', 'up']
['centers_for_disease_control', 'issue_guidance', 'vaccination', 'ambiguous']
['centers_for_disease_control', 'recommend_vaccination', 'influenza', 'ambiguous']
['centers_for_disease_control', 'recommend_vaccination', 'vaccination', 'ambiguous']

===== RAW GENERATION (decoded) =====
The observed trend in the data indicates a decline in influenza patient proportions during the current month, following a slight initial increase. This pattern may reflect the delayed impact of public health interventions, such as vaccination campaigns or behavioral changes, which began to take effect after the first week. The sharp drop in the final week (c3) suggests a possible surge in preventive measures or a shift in public behavior, such as increased adherence to hygiene protocols or reduced social interactions. Alternatively, the decline could be attributed to the natural waning of the flu season, compounded by the introduction of a new vaccine or updated guidelines. The initial rise (c0) might correspond to a temporary spike in cases due to a localized event or seasonal factors, which was subsequently mitigated by coordinated efforts.

⟪FINAL⟫
{
  "hypotheses": [
    {
      "key": "centers_for_disease_control|issue_guidance|vaccination|down"
    },
    {
      "key": "advisory_committee_on_immunization_practices|recommend_vaccination|influenza|down"
    },
    {
      "key": "food_and_drug_administration|approve_authorize|vaccine|down"
    },
    {
      "key": "centers_for_disease_control|detect|h1n1|down"
    },
    {
      "key": "world_health_organization|report_release|cases|down"
    }
  ]
}
===== END RAW GENERATION =====
[DEBUG] parsed JSON: {"hypotheses": [{"key": "centers_for_disease_control|issue_guidance|vaccination|down"}, {"key": "advisory_committee_on_immunization_practices|recommend_vaccination|influenza|down"}, {"key": "food_and_drug_administration|approve_authorize|vaccine|down"}, {"key": "centers_for_disease_control|detect|h1n1|down"}, {"key": "world_health_organization|report_release|cases|down"}]}
['centers_for_disease_control', 'issue_guidance', 'vaccination', 'down']
['advisory_committee_on_immunization_practices', 'recommend_vaccination', 'influenza', 'down']
['food_and_drug_administration', 'approve_authorize', 'vaccine', 'down']
['centers_for_disease_control', 'detect', 'h1n1', 'down']
['world_health_organization', 'report_release', 'cases', 'down']
recall_all: 0.1869047619047619 precision_all: 0.08571428571428572
Labels:
['centers_for_disease_control', 'report_release', 'influenza', 'up']
['centers_for_disease_control', 'report_release', 'influenza', 'ambiguous']

===== RAW GENERATION (decoded) =====
The observed trend in the data indicates a sustained decline in U.S. influenza patient proportions over the past three months, with a gradual but consistent reduction in weekly values. This pattern suggests that the flu season may be entering a waning phase, potentially influenced by factors such as seasonal immunity, public health interventions, or changes in viral circulation. However, the current month’s data reveals a slowing rate of decline, which could signal stabilization in the trend. This might be attributed to the effectiveness of ongoing mitigation efforts, such as vaccination campaigns or public health messaging, or a natural plateau in the spread of the virus. The slowing decrease could also reflect reduced transmission due to behavioral changes, such as increased hygiene practices or reduced social interactions, or the impact of newly implemented health policies. The interplay of these factors likely contributes to the observed pattern.

⟪FINAL⟫
{
  "hypotheses": [
    {
      "key": "advisory_committee_on_immunization_practices|recommend_vaccination|influenza|down"
    },
    {
      "key": "food_and_drug_administration|approve_authorize|vaccine|down"
    },
    {
      "key": "centers_for_disease_control|report_release|cases|down"
    },
    {
      "key": "centers_for_disease_control|detect|influenza|down"
    },
    {
      "key": "advisory_committee_on_immunization_practices|rate_change|vaccination|down"
    }
  ]
}
===== END RAW GENERATION =====
[DEBUG] parsed JSON: {"hypotheses": [{"key": "advisory_committee_on_immunization_practices|recommend_vaccination|influenza|down"}, {"key": "food_and_drug_administration|approve_authorize|vaccine|down"}, {"key": "centers_for_disease_control|report_release|cases|down"}, {"key": "centers_for_disease_control|detect|influenza|down"}, {"key": "advisory_committee_on_immunization_practices|rate_change|vaccination|down"}]}
['advisory_committee_on_immunization_practices', 'recommend_vaccination', 'influenza', 'down']
['food_and_drug_administration', 'approve_authorize', 'vaccine', 'down']
['centers_for_disease_control', 'report_release', 'cases', 'down']
['centers_for_disease_control', 'detect', 'influenza', 'down']
['advisory_committee_on_immunization_practices', 'rate_change', 'vaccination', 'down']
recall_all: 0.17444444444444446 precision_all: 0.08
Labels:
['centers_for_disease_control', 'report_release', 'h5n1', 'up']
['centers_for_disease_control', 'confirm', 'h5n1', 'ambiguous']
['centers_for_disease_control', 'outbreak', 'h5n1', 'ambiguous']

===== RAW GENERATION (decoded) =====
The observed trend in the data indicates a consistent decline in the proportion of U.S. influenza patients over the past three months, with a slight fluctuation in the current month. The steady decrease from t0 to t12 suggests sustained public health interventions, such as vaccination campaigns or behavioral changes (e.g., mask-wearing, hygiene practices). However, the minor uptick in week c3 (dP=-0.053) may reflect temporary factors, such as localized outbreaks or increased testing sensitivity. The overall downward trajectory aligns with seasonal flu patterns, but the current month’s data hints at potential external influences, such as policy changes or public health messaging, that could have accelerated the decline. The slight dip in the rate of decline during week c3 might also indicate a lag in the effect of recent interventions or a shift in reporting dynamics.

⟪FINAL⟫
{
  "hypotheses": [
    {
      "key": "centers_for_disease_control|report_release|influenza|down"
    },
    {
      "key": "advisory_committee_on_immunization_practices|recommend_vaccination|vaccination|down"
    },
    {
      "key": "food_and_drug_administration|approve_authorize|vaccine|down"
    },
    {
      "key": "health_and_human_services|issue_guidance|hospitalizations|down"
    },
    {
      "key": "world_health_organization|detect|cases|ambiguous"
    }
  ]
}
===== END RAW GENERATION =====
[DEBUG] parsed JSON: {"hypotheses": [{"key": "centers_for_disease_control|report_release|influenza|down"}, {"key": "advisory_committee_on_immunization_practices|recommend_vaccination|vaccination|down"}, {"key": "food_and_drug_administration|approve_authorize|vaccine|down"}, {"key": "health_and_human_services|issue_guidance|hospitalizations|down"}, {"key": "world_health_organization|detect|cases|ambiguous"}]}
['centers_for_disease_control', 'report_release', 'influenza', 'down']
['advisory_committee_on_immunization_practices', 'recommend_vaccination', 'vaccination', 'down']
['food_and_drug_administration', 'approve_authorize', 'vaccine', 'down']
['health_and_human_services', 'issue_guidance', 'hospitalizations', 'down']
['world_health_organization', 'detect', 'cases', 'ambiguous']
recall_all: 0.16354166666666667 precision_all: 0.075
Labels:
['centers_for_disease_control', 'detect', 'h5n1', 'ambiguous']

===== RAW GENERATION (decoded) =====
The observed trend in the data indicates a consistent decline in the proportion of U.S. influenza patients over the past three months, with a further slight decrease in the current month. This downward trajectory suggests potential factors such as increased vaccination coverage, public health interventions, or shifts in viral activity. The gradual reduction may align with seasonal patterns, but the sustained decline could also reflect the impact of recent public health measures, such as updated vaccination recommendations or improved public adherence to preventive practices. Additionally, the small current-month decrease might be influenced by real-time events like the release of new guidelines, approval of enhanced vaccines, or changes in surveillance reporting. These factors collectively could contribute to reduced transmission or milder disease severity.

⟪FINAL⟫
{
  "hypotheses": [
    {
      "key": "advisory_committee_on_immunization_practices|recommend_vaccination|influenza|down"
    },
    {
      "key": "centers_for_disease_control|issue_guidance|influenza|down"
    },
    {
      "key": "food_and_drug_administration|approve_authorize|vaccine|down"
    },
    {
      "key": "world_health_organization|report_release|influenza|down"
    },
    {
      "key": "health_and_human_services|confirm|cases|down"
    }
  ]
}
===== END RAW GENERATION =====
[DEBUG] parsed JSON: {"hypotheses": [{"key": "advisory_committee_on_immunization_practices|recommend_vaccination|influenza|down"}, {"key": "centers_for_disease_control|issue_guidance|influenza|down"}, {"key": "food_and_drug_administration|approve_authorize|vaccine|down"}, {"key": "world_health_organization|report_release|influenza|down"}, {"key": "health_and_human_services|confirm|cases|down"}]}
['advisory_committee_on_immunization_practices', 'recommend_vaccination', 'influenza', 'down']
['centers_for_disease_control', 'issue_guidance', 'influenza', 'down']
['food_and_drug_administration', 'approve_authorize', 'vaccine', 'down']
['world_health_organization', 'report_release', 'influenza', 'down']
['health_and_human_services', 'confirm', 'cases', 'down']
recall_all: 0.153921568627451 precision_all: 0.07058823529411765
