2026-01-26 10:24:27,515 | INFO | log_file=run_eval_20260126_102427.log
2026-01-26 10:24:27,516 | INFO | run_config backend=itformer k_pred=5 stage=1 ts_len=600 max_new_tokens=256 data_file=rb_monthly_windows_with_answer_test_empty_reason_new_server_v1_inject.jsonl out_file=itformer_eval_report.csv
2026-01-26 10:26:30,655 | INFO | sample idx=0 gold_count=5 pred_count=5
2026-01-26 10:26:30,656 | INFO | user_prompt:
<ts>
You are given monthly U.S. Retail Broiler Composite (OT):- Context window:t0: P=2.340
t1: P=2.305
t2: P=2.180
- Current month only:c0: dP=-0.116
Task:1. Carefully analyze the time-series trends and reason step-by-step about plausible real-world causes.2. Write a short *reasoning paragraph* summarizing your interpretation of the data trend and potential driving factors.   - This paragraph should sound like an analytical narrative (e.g., “The observed trend in the data indicates…”).   - It should include your reasoning path that connects the observed pattern to possible events.3. Then, hypothesize up to 5 **REAL-TIME events** that occurred WITHIN THE CURRENT MONTH ONLY.Output format:- First, write your reasoning paragraph.- After that, write the final structured results after ⟪FINAL⟫ in strict JSON format:⟪FINAL⟫{  "hypotheses": [    {      "key": "NAME|ACTION|OBJECT|DIRECTION",    }  ]}Allowed token sets:('NAME ∈ {market, united_states, us_government_agency, poultry_industry_association, poultry_company, claxton_poultry_farms}','ACTION ∈ {price_action, forecast_action, production_action, trade_policy_action, health_event_action, report_action, subsidy_action, approval_action}','OBJECT ∈ {price, production, export, capacity, disease_event, tariff, import, poultry_product, guideline, subsidy}','DIRECTION ∈ {ambiguous, up, down}')Rules:- Do NOT fabricate tokens outside these sets.- Do NOT repeat identical AAOD keys.- Use "|" (vertical bar), **not underscores** to separate the fields.- Each "key" must strictly follow this pipe-separated pattern: NAME|ACTION|OBJECT|DIRECTION .- The reasoning paragraph should be fluent and analytic, not a list of events.
2026-01-26 10:26:30,656 | INFO | model_output:
The observed trend in the data indicates a gradual decline in the U.S. Retail Broiler Composite price from t0 to t2, with the most significant drop occurring between t1 and t2. This decline could be attributed to several factors, including increased production efficiency, which might have led to a surplus in supply, or a shift in consumer preferences towards alternative protein sources. Additionally, the current month's price decrease could be influenced by the United States government agency's forecast action, predicting a favorable market condition for poultry producers, which might have encouraged increased production and subsequent price adjustments.

⟪FINAL⟫{
  "hypotheses": [
    { "key": "united_states|forecast_action|production|down" },
    { "key": "poultry_industry_association|price_action|price|down" },
    { "key": "poultry_company|production_action|capacity|up" },
    { "key": "market|health_event_action|disease_event|ambiguous" },
    { "key": "us_government_agency|report_action|guideline|down" }
  ]
}
2026-01-26 10:26:30,657 | INFO | parsed_keys=['united_states|forecast_action|production|down', 'poultry_industry_association|price_action|price|down', 'poultry_company|production_action|capacity|up', 'market|health_event_action|disease_event|ambiguous', 'us_government_agency|report_action|guideline|down']
2026-01-26 10:26:30,657 | INFO | running_avg recall_primary@5=0.000000 precision_all=0.000000 overall=0.000000
2026-01-26 10:28:42,051 | INFO | sample idx=1 gold_count=4 pred_count=3
2026-01-26 10:28:42,052 | INFO | user_prompt:
<ts>
You are given monthly U.S. Retail Broiler Composite (OT):- Context window:t0: P=2.305
t1: P=2.180
t2: P=2.064
- Current month only:c0: dP=-0.016
Task:1. Carefully analyze the time-series trends and reason step-by-step about plausible real-world causes.2. Write a short *reasoning paragraph* summarizing your interpretation of the data trend and potential driving factors.   - This paragraph should sound like an analytical narrative (e.g., “The observed trend in the data indicates…”).   - It should include your reasoning path that connects the observed pattern to possible events.3. Then, hypothesize up to 5 **REAL-TIME events** that occurred WITHIN THE CURRENT MONTH ONLY.Output format:- First, write your reasoning paragraph.- After that, write the final structured results after ⟪FINAL⟫ in strict JSON format:⟪FINAL⟫{  "hypotheses": [    {      "key": "NAME|ACTION|OBJECT|DIRECTION",    }  ]}Allowed token sets:('NAME ∈ {market, united_states, us_government_agency, poultry_industry_association, poultry_company, claxton_poultry_farms}','ACTION ∈ {price_action, forecast_action, production_action, trade_policy_action, health_event_action, report_action, subsidy_action, approval_action}','OBJECT ∈ {price, production, export, capacity, disease_event, tariff, import, poultry_product, guideline, subsidy}','DIRECTION ∈ {ambiguous, up, down}')Rules:- Do NOT fabricate tokens outside these sets.- Do NOT repeat identical AAOD keys.- Use "|" (vertical bar), **not underscores** to separate the fields.- Each "key" must strictly follow this pipe-separated pattern: NAME|ACTION|OBJECT|DIRECTION .- The reasoning paragraph should be fluent and analytic, not a list of events.
2026-01-26 10:28:42,052 | INFO | model_output:
The observed trend in the data indicates a gradual downward movement in the U.S. Retail Broiler Composite price, which can be attributed to a combination of factors. Firstly, the price decrease from t0 to t1 suggests a potential increase in supply, possibly due to a ramp-up in production by poultry companies like Claxton Poultry Farms. This increase in production could be a response to favorable market conditions or a strategic decision to meet growing demand. Secondly, the slight decrease from t1 to t2 might reflect a minor adjustment in supply chain dynamics, such as changes in import levels or export activities, which could be influenced by trade policies or health events. The current month's price decrease of -0.016 from the previous month's price of 2.305 to 2.180, while small, indicates a steady downward trend that could be sustained if these underlying factors persist.

⟪FINAL⟫{
  "hypotheses": [
    { "key": "poultry_company|production_action|production|up" },
    { "key": "united_states|forecast_action|export|down" },
    { "key": "united_states|forecast_action|import|up" },
    { "key": "p
2026-01-26 10:28:42,053 | INFO | parsed_keys=['poultry_company|production_action|production|up', 'united_states|forecast_action|export|down', 'united_states|forecast_action|import|up']
2026-01-26 10:28:42,053 | INFO | running_avg recall_primary@5=0.000000 precision_all=0.000000 overall=0.000000
2026-01-26 10:30:53,425 | INFO | sample idx=2 gold_count=3 pred_count=3
2026-01-26 10:30:53,426 | INFO | user_prompt:
<ts>
You are given monthly U.S. Retail Broiler Composite (OT):- Context window:t0: P=2.180
t1: P=2.064
t2: P=2.048
- Current month only:c0: dP=-0.003
Task:1. Carefully analyze the time-series trends and reason step-by-step about plausible real-world causes.2. Write a short *reasoning paragraph* summarizing your interpretation of the data trend and potential driving factors.   - This paragraph should sound like an analytical narrative (e.g., “The observed trend in the data indicates…”).   - It should include your reasoning path that connects the observed pattern to possible events.3. Then, hypothesize up to 5 **REAL-TIME events** that occurred WITHIN THE CURRENT MONTH ONLY.Output format:- First, write your reasoning paragraph.- After that, write the final structured results after ⟪FINAL⟫ in strict JSON format:⟪FINAL⟫{  "hypotheses": [    {      "key": "NAME|ACTION|OBJECT|DIRECTION",    }  ]}Allowed token sets:('NAME ∈ {market, united_states, us_government_agency, poultry_industry_association, poultry_company, claxton_poultry_farms}','ACTION ∈ {price_action, forecast_action, production_action, trade_policy_action, health_event_action, report_action, subsidy_action, approval_action}','OBJECT ∈ {price, production, export, capacity, disease_event, tariff, import, poultry_product, guideline, subsidy}','DIRECTION ∈ {ambiguous, up, down}')Rules:- Do NOT fabricate tokens outside these sets.- Do NOT repeat identical AAOD keys.- Use "|" (vertical bar), **not underscores** to separate the fields.- Each "key" must strictly follow this pipe-separated pattern: NAME|ACTION|OBJECT|DIRECTION .- The reasoning paragraph should be fluent and analytic, not a list of events.
2026-01-26 10:30:53,426 | INFO | model_output:
The observed trend in the data indicates a slight downward movement in the U.S. Retail Broiler Composite price from t0 to t2, with the price dropping from 2.180 to 2.048 over the current month. This decline can be attributed to a combination of factors. Firstly, the initial price drop from t0 to t1 might have been due to a temporary increase in production capacity, possibly driven by favorable weather conditions or improved feed efficiency. However, the price continued to fall from t1 to t2, which could suggest that the market is experiencing a surplus of broilers, possibly due to a delayed response from the poultry industry to adjust production levels. Additionally, the slight decrease in price could also be influenced by a reduction in import tariffs or a decrease in demand from the poultry industry, leading to a surplus of broilers in the market.

⟪FINAL⟫{
  "hypotheses": [
    { "key": "united_states|price_action|price|down" },
    { "key": "poultry_industry_association|production_action|production|up" },
    { "key": "united_states|trade_policy_action|tariff|down" },
    { "key": "poultry
2026-01-26 10:30:53,427 | INFO | parsed_keys=['united_states|price_action|price|down', 'poultry_industry_association|production_action|production|up', 'united_states|trade_policy_action|tariff|down']
2026-01-26 10:30:53,427 | INFO | running_avg recall_primary@5=0.000000 precision_all=0.000000 overall=0.000000
2026-01-26 10:32:35,077 | INFO | sample idx=3 gold_count=3 pred_count=5
2026-01-26 10:32:35,078 | INFO | user_prompt:
<ts>
You are given monthly U.S. Retail Broiler Composite (OT):- Context window:t0: P=2.064
t1: P=2.048
t2: P=2.045
- Current month only:c0: dP=+0.113
Task:1. Carefully analyze the time-series trends and reason step-by-step about plausible real-world causes.2. Write a short *reasoning paragraph* summarizing your interpretation of the data trend and potential driving factors.   - This paragraph should sound like an analytical narrative (e.g., “The observed trend in the data indicates…”).   - It should include your reasoning path that connects the observed pattern to possible events.3. Then, hypothesize up to 5 **REAL-TIME events** that occurred WITHIN THE CURRENT MONTH ONLY.Output format:- First, write your reasoning paragraph.- After that, write the final structured results after ⟪FINAL⟫ in strict JSON format:⟪FINAL⟫{  "hypotheses": [    {      "key": "NAME|ACTION|OBJECT|DIRECTION",    }  ]}Allowed token sets:('NAME ∈ {market, united_states, us_government_agency, poultry_industry_association, poultry_company, claxton_poultry_farms}','ACTION ∈ {price_action, forecast_action, production_action, trade_policy_action, health_event_action, report_action, subsidy_action, approval_action}','OBJECT ∈ {price, production, export, capacity, disease_event, tariff, import, poultry_product, guideline, subsidy}','DIRECTION ∈ {ambiguous, up, down}')Rules:- Do NOT fabricate tokens outside these sets.- Do NOT repeat identical AAOD keys.- Use "|" (vertical bar), **not underscores** to separate the fields.- Each "key" must strictly follow this pipe-separated pattern: NAME|ACTION|OBJECT|DIRECTION .- The reasoning paragraph should be fluent and analytic, not a list of events.
2026-01-26 10:32:35,079 | INFO | model_output:
The observed trend in the data indicates a gradual increase in the U.S. Retail Broiler Composite (OT) price, which suggests that the poultry industry is experiencing some challenges or adjustments. This could be due to various factors such as supply chain disruptions, changes in production capacity, or shifts in consumer demand. Given the current month's data, it's plausible that there might have been a recent increase in production costs or a decrease in supply, leading to a slight price hike.

⟪FINAL⟫{
  "hypotheses": [
    { "key": "united_states|price_action|price|up" },
    { "key": "poultry_industry_association|production_action|production|down" },
    { "key": "united_states|report_action|report|ambiguous" },
    { "key": "poultry_company|subsidy_action|subsidy|down" },
    { "key": "market|trade_policy_action|import|down" }
  ]
}
2026-01-26 10:32:35,079 | INFO | parsed_keys=['united_states|price_action|price|up', 'poultry_industry_association|production_action|production|down', 'united_states|report_action|report|ambiguous', 'poultry_company|subsidy_action|subsidy|down', 'market|trade_policy_action|import|down']
2026-01-26 10:32:35,080 | INFO | running_avg recall_primary@5=0.000000 precision_all=0.000000 overall=0.000000
2026-01-26 10:34:23,027 | INFO | sample idx=4 gold_count=1 pred_count=5
2026-01-26 10:34:23,027 | INFO | user_prompt:
<ts>
You are given monthly U.S. Retail Broiler Composite (OT):- Context window:t0: P=2.048
t1: P=2.045
t2: P=2.158
- Current month only:c0: dP=-0.018
Task:1. Carefully analyze the time-series trends and reason step-by-step about plausible real-world causes.2. Write a short *reasoning paragraph* summarizing your interpretation of the data trend and potential driving factors.   - This paragraph should sound like an analytical narrative (e.g., “The observed trend in the data indicates…”).   - It should include your reasoning path that connects the observed pattern to possible events.3. Then, hypothesize up to 5 **REAL-TIME events** that occurred WITHIN THE CURRENT MONTH ONLY.Output format:- First, write your reasoning paragraph.- After that, write the final structured results after ⟪FINAL⟫ in strict JSON format:⟪FINAL⟫{  "hypotheses": [    {      "key": "NAME|ACTION|OBJECT|DIRECTION",    }  ]}Allowed token sets:('NAME ∈ {market, united_states, us_government_agency, poultry_industry_association, poultry_company, claxton_poultry_farms}','ACTION ∈ {price_action, forecast_action, production_action, trade_policy_action, health_event_action, report_action, subsidy_action, approval_action}','OBJECT ∈ {price, production, export, capacity, disease_event, tariff, import, poultry_product, guideline, subsidy}','DIRECTION ∈ {ambiguous, up, down}')Rules:- Do NOT fabricate tokens outside these sets.- Do NOT repeat identical AAOD keys.- Use "|" (vertical bar), **not underscores** to separate the fields.- Each "key" must strictly follow this pipe-separated pattern: NAME|ACTION|OBJECT|DIRECTION .- The reasoning paragraph should be fluent and analytic, not a list of events.
2026-01-26 10:34:23,028 | INFO | model_output:
The observed trend in the data indicates a slight downward movement in the U.S. Retail Broiler Composite price from t0 to t2, with a more pronounced decrease from t0 to t1. This suggests that the market may be responding to a combination of factors, such as a slight increase in production capacity or a minor health event affecting the poultry industry. The price drop from t1 to t2 could be due to a temporary increase in imports or a forecasted increase in supply, which might have been anticipated by the market.

⟪FINAL⟫{
  "hypotheses": [
    { "key": "united_states|price_action|price|down" },
    { "key": "poultry_industry_association|production_action|production|up" },
    { "key": "poultry_company|health_event_action|disease_event|ambiguous" },
    { "key": "import|forecast_action|import|up" },
    { "key": "united_states|report_action|guideline|ambiguous" }
  ]
}
2026-01-26 10:34:23,028 | INFO | parsed_keys=['united_states|price_action|price|down', 'poultry_industry_association|production_action|production|up', 'poultry_company|health_event_action|disease_event|ambiguous', 'import|forecast_action|import|up', 'united_states|report_action|guideline|ambiguous']
2026-01-26 10:34:23,029 | INFO | running_avg recall_primary@5=0.000000 precision_all=0.000000 overall=0.000000
2026-01-26 10:36:04,697 | INFO | sample idx=5 gold_count=4 pred_count=5
2026-01-26 10:36:04,698 | INFO | user_prompt:
<ts>
You are given monthly U.S. Retail Broiler Composite (OT):- Context window:t0: P=2.045
t1: P=2.158
t2: P=2.140
- Current month only:c0: dP=+0.123
Task:1. Carefully analyze the time-series trends and reason step-by-step about plausible real-world causes.2. Write a short *reasoning paragraph* summarizing your interpretation of the data trend and potential driving factors.   - This paragraph should sound like an analytical narrative (e.g., “The observed trend in the data indicates…”).   - It should include your reasoning path that connects the observed pattern to possible events.3. Then, hypothesize up to 5 **REAL-TIME events** that occurred WITHIN THE CURRENT MONTH ONLY.Output format:- First, write your reasoning paragraph.- After that, write the final structured results after ⟪FINAL⟫ in strict JSON format:⟪FINAL⟫{  "hypotheses": [    {      "key": "NAME|ACTION|OBJECT|DIRECTION",    }  ]}Allowed token sets:('NAME ∈ {market, united_states, us_government_agency, poultry_industry_association, poultry_company, claxton_poultry_farms}','ACTION ∈ {price_action, forecast_action, production_action, trade_policy_action, health_event_action, report_action, subsidy_action, approval_action}','OBJECT ∈ {price, production, export, capacity, disease_event, tariff, import, poultry_product, guideline, subsidy}','DIRECTION ∈ {ambiguous, up, down}')Rules:- Do NOT fabricate tokens outside these sets.- Do NOT repeat identical AAOD keys.- Use "|" (vertical bar), **not underscores** to separate the fields.- Each "key" must strictly follow this pipe-separated pattern: NAME|ACTION|OBJECT|DIRECTION .- The reasoning paragraph should be fluent and analytic, not a list of events.
2026-01-26 10:36:04,699 | INFO | model_output:
The observed trend in the data indicates a gradual increase in the U.S. Retail Broiler Composite (OT) price, which suggests that the poultry industry is experiencing some challenges or adjustments. This could be due to various factors such as supply chain disruptions, changes in production capacity, or shifts in consumer demand. Given the current month's data, it's plausible that there might have been a recent increase in production costs or a decrease in supply, leading to a slight price hike.

⟪FINAL⟫{
  "hypotheses": [
    { "key": "united_states|price_action|price|up" },
    { "key": "poultry_industry_association|production_action|production|down" },
    { "key": "united_states|report_action|report|ambiguous" },
    { "key": "poultry_company|subsidy_action|subsidy|ambiguous" },
    { "key": "market|trade_policy_action|import|down" }
  ]
}
2026-01-26 10:36:04,699 | INFO | parsed_keys=['united_states|price_action|price|up', 'poultry_industry_association|production_action|production|down', 'united_states|report_action|report|ambiguous', 'poultry_company|subsidy_action|subsidy|ambiguous', 'market|trade_policy_action|import|down']
2026-01-26 10:36:04,700 | INFO | running_avg recall_primary@5=0.000000 precision_all=0.000000 overall=0.000000
2026-01-26 10:38:16,135 | INFO | sample idx=6 gold_count=2 pred_count=5
2026-01-26 10:38:16,135 | INFO | user_prompt:
<ts>
You are given monthly U.S. Retail Broiler Composite (OT):- Context window:t0: P=2.158
t1: P=2.140
t2: P=2.263
- Current month only:c0: dP=-0.006
Task:1. Carefully analyze the time-series trends and reason step-by-step about plausible real-world causes.2. Write a short *reasoning paragraph* summarizing your interpretation of the data trend and potential driving factors.   - This paragraph should sound like an analytical narrative (e.g., “The observed trend in the data indicates…”).   - It should include your reasoning path that connects the observed pattern to possible events.3. Then, hypothesize up to 5 **REAL-TIME events** that occurred WITHIN THE CURRENT MONTH ONLY.Output format:- First, write your reasoning paragraph.- After that, write the final structured results after ⟪FINAL⟫ in strict JSON format:⟪FINAL⟫{  "hypotheses": [    {      "key": "NAME|ACTION|OBJECT|DIRECTION",    }  ]}Allowed token sets:('NAME ∈ {market, united_states, us_government_agency, poultry_industry_association, poultry_company, claxton_poultry_farms}','ACTION ∈ {price_action, forecast_action, production_action, trade_policy_action, health_event_action, report_action, subsidy_action, approval_action}','OBJECT ∈ {price, production, export, capacity, disease_event, tariff, import, poultry_product, guideline, subsidy}','DIRECTION ∈ {ambiguous, up, down}')Rules:- Do NOT fabricate tokens outside these sets.- Do NOT repeat identical AAOD keys.- Use "|" (vertical bar), **not underscores** to separate the fields.- Each "key" must strictly follow this pipe-separated pattern: NAME|ACTION|OBJECT|DIRECTION .- The reasoning paragraph should be fluent and analytic, not a list of events.
2026-01-26 10:38:16,136 | INFO | model_output:
The observed trend in the data indicates a slight downward movement in the U.S. Retail Broiler Composite price from t0 to t2, with a more pronounced decrease from t0 to t1 and a subsequent increase from t1 to t2. This pattern suggests that there might have been a temporary supply increase or a change in demand expectations within the poultry industry. The price drop from t0 to t1 could be due to a sudden increase in production capacity or a forecasted increase in imports, which might have led to a surplus in the market. The subsequent price increase from t1 to t2 might indicate a recovery in demand or a reduction in supply, possibly due to a health event affecting production or a change in trade policies.

⟪FINAL⟫{
  "hypotheses": [
    { "key": "poultry_company|production_action|production|up" },
    { "key": "united_states|forecast_action|import|up" },
    { "key": "poultry_industry_association|health_event_action|disease_event|down" },
    { "key": "united_states|trade_policy_action|tariff|down" },
    { "key": "poultry_company|production_action|production|down"
2026-01-26 10:38:16,136 | INFO | parsed_keys=['poultry_company|production_action|production|up', 'united_states|forecast_action|import|up', 'poultry_industry_association|health_event_action|disease_event|down', 'united_states|trade_policy_action|tariff|down', 'poultry_company|production_action|production|down']
2026-01-26 10:38:16,137 | INFO | running_avg recall_primary@5=0.000000 precision_all=0.000000 overall=0.000000
2026-01-26 10:40:21,664 | INFO | sample idx=7 gold_count=4 pred_count=5
2026-01-26 10:40:21,665 | INFO | user_prompt:
<ts>
You are given monthly U.S. Retail Broiler Composite (OT):- Context window:t0: P=2.140
t1: P=2.263
t2: P=2.257
- Current month only:c0: dP=+0.060
Task:1. Carefully analyze the time-series trends and reason step-by-step about plausible real-world causes.2. Write a short *reasoning paragraph* summarizing your interpretation of the data trend and potential driving factors.   - This paragraph should sound like an analytical narrative (e.g., “The observed trend in the data indicates…”).   - It should include your reasoning path that connects the observed pattern to possible events.3. Then, hypothesize up to 5 **REAL-TIME events** that occurred WITHIN THE CURRENT MONTH ONLY.Output format:- First, write your reasoning paragraph.- After that, write the final structured results after ⟪FINAL⟫ in strict JSON format:⟪FINAL⟫{  "hypotheses": [    {      "key": "NAME|ACTION|OBJECT|DIRECTION",    }  ]}Allowed token sets:('NAME ∈ {market, united_states, us_government_agency, poultry_industry_association, poultry_company, claxton_poultry_farms}','ACTION ∈ {price_action, forecast_action, production_action, trade_policy_action, health_event_action, report_action, subsidy_action, approval_action}','OBJECT ∈ {price, production, export, capacity, disease_event, tariff, import, poultry_product, guideline, subsidy}','DIRECTION ∈ {ambiguous, up, down}')Rules:- Do NOT fabricate tokens outside these sets.- Do NOT repeat identical AAOD keys.- Use "|" (vertical bar), **not underscores** to separate the fields.- Each "key" must strictly follow this pipe-separated pattern: NAME|ACTION|OBJECT|DIRECTION .- The reasoning paragraph should be fluent and analytic, not a list of events.
2026-01-26 10:40:21,665 | INFO | model_output:
The observed trend in the data indicates a gradual increase in the U.S. Retail Broiler Composite (OT) price from t0 to t2, with a slight dip at t1. This suggests that there might have been a temporary supply disruption or a change in demand patterns within the current month. The price increase from t0 to t1 could be due to a sudden increase in demand or a supply chain issue, while the slight decrease at t1 might indicate a temporary adjustment in supply or a change in consumer behavior. The price then stabilizes and slightly increases again from t1 to t2, which could be a result of ongoing market adjustments or a recovery in supply.

⟪FINAL⟫{
  "hypotheses": [
    { "key": "united_states|price_action|price|up" },
    { "key": "poultry_industry_association|production_action|production|ambiguous" },
    { "key": "poultry_company|report_action|report|up" },
    { "key": "market|forecast_action|forecast|up" },
    { "key": "united_states|subsidy_action|subsidy|ambiguous" }
  ]
}
2026-01-26 10:40:21,666 | INFO | parsed_keys=['united_states|price_action|price|up', 'poultry_industry_association|production_action|production|ambiguous', 'poultry_company|report_action|report|up', 'market|forecast_action|forecast|up', 'united_states|subsidy_action|subsidy|ambiguous']
2026-01-26 10:40:21,666 | INFO | running_avg recall_primary@5=0.000000 precision_all=0.000000 overall=0.000000
2026-01-26 10:42:30,599 | INFO | sample idx=8 gold_count=3 pred_count=5
2026-01-26 10:42:30,600 | INFO | user_prompt:
<ts>
You are given monthly U.S. Retail Broiler Composite (OT):- Context window:t0: P=2.263
t1: P=2.257
t2: P=2.317
- Current month only:c0: dP=-0.158
Task:1. Carefully analyze the time-series trends and reason step-by-step about plausible real-world causes.2. Write a short *reasoning paragraph* summarizing your interpretation of the data trend and potential driving factors.   - This paragraph should sound like an analytical narrative (e.g., “The observed trend in the data indicates…”).   - It should include your reasoning path that connects the observed pattern to possible events.3. Then, hypothesize up to 5 **REAL-TIME events** that occurred WITHIN THE CURRENT MONTH ONLY.Output format:- First, write your reasoning paragraph.- After that, write the final structured results after ⟪FINAL⟫ in strict JSON format:⟪FINAL⟫{  "hypotheses": [    {      "key": "NAME|ACTION|OBJECT|DIRECTION",    }  ]}Allowed token sets:('NAME ∈ {market, united_states, us_government_agency, poultry_industry_association, poultry_company, claxton_poultry_farms}','ACTION ∈ {price_action, forecast_action, production_action, trade_policy_action, health_event_action, report_action, subsidy_action, approval_action}','OBJECT ∈ {price, production, export, capacity, disease_event, tariff, import, poultry_product, guideline, subsidy}','DIRECTION ∈ {ambiguous, up, down}')Rules:- Do NOT fabricate tokens outside these sets.- Do NOT repeat identical AAOD keys.- Use "|" (vertical bar), **not underscores** to separate the fields.- Each "key" must strictly follow this pipe-separated pattern: NAME|ACTION|OBJECT|DIRECTION .- The reasoning paragraph should be fluent and analytic, not a list of events.
2026-01-26 10:42:30,601 | INFO | model_output:
The observed trend in the data indicates a slight downward movement in the U.S. Retail Broiler Composite price from t0 to t2, with a more pronounced decrease from t0 to t1. This suggests that the market might be responding to a combination of factors such as increased production capacity or a slight decrease in demand. The price drop from t0 to t1 could be due to a recent increase in production efficiency or a forecasted increase in supply, which might have led to a temporary surplus in the market. The subsequent increase from t1 to t2 might be a result of a slight adjustment in supply or a change in consumer behavior, possibly influenced by seasonal factors or promotional activities.

⟪FINAL⟫{
  "hypotheses": [
    { "key": "united_states|price_action|price|down" },
    { "key": "poultry_industry_association|production_action|production|up" },
    { "key": "united_states|forecast_action|export|down" },
    { "key": "poultry_company|production_action|capacity|up" },
    { "key": "poultry_industry_association|report_action|poultry_product|down" }
  ]
}
2026-01-26 10:42:30,601 | INFO | parsed_keys=['united_states|price_action|price|down', 'poultry_industry_association|production_action|production|up', 'united_states|forecast_action|export|down', 'poultry_company|production_action|capacity|up', 'poultry_industry_association|report_action|poultry_product|down']
2026-01-26 10:42:30,602 | INFO | running_avg recall_primary@5=0.000000 precision_all=0.000000 overall=0.000000
2026-01-26 10:44:21,689 | INFO | sample idx=9 gold_count=4 pred_count=5
2026-01-26 10:44:21,690 | INFO | user_prompt:
<ts>
You are given monthly U.S. Retail Broiler Composite (OT):- Context window:t0: P=2.257
t1: P=2.317
t2: P=2.159
- Current month only:c0: dP=+0.036
Task:1. Carefully analyze the time-series trends and reason step-by-step about plausible real-world causes.2. Write a short *reasoning paragraph* summarizing your interpretation of the data trend and potential driving factors.   - This paragraph should sound like an analytical narrative (e.g., “The observed trend in the data indicates…”).   - It should include your reasoning path that connects the observed pattern to possible events.3. Then, hypothesize up to 5 **REAL-TIME events** that occurred WITHIN THE CURRENT MONTH ONLY.Output format:- First, write your reasoning paragraph.- After that, write the final structured results after ⟪FINAL⟫ in strict JSON format:⟪FINAL⟫{  "hypotheses": [    {      "key": "NAME|ACTION|OBJECT|DIRECTION",    }  ]}Allowed token sets:('NAME ∈ {market, united_states, us_government_agency, poultry_industry_association, poultry_company, claxton_poultry_farms}','ACTION ∈ {price_action, forecast_action, production_action, trade_policy_action, health_event_action, report_action, subsidy_action, approval_action}','OBJECT ∈ {price, production, export, capacity, disease_event, tariff, import, poultry_product, guideline, subsidy}','DIRECTION ∈ {ambiguous, up, down}')Rules:- Do NOT fabricate tokens outside these sets.- Do NOT repeat identical AAOD keys.- Use "|" (vertical bar), **not underscores** to separate the fields.- Each "key" must strictly follow this pipe-separated pattern: NAME|ACTION|OBJECT|DIRECTION .- The reasoning paragraph should be fluent and analytic, not a list of events.
2026-01-26 10:44:21,690 | INFO | model_output:
The observed trend in the data indicates a slight increase in the U.S. Retail Broiler Composite (OT) price from t0 to t1, followed by a decrease to t2. This pattern suggests that there might have been a temporary surge in demand or a supply chain disruption that was later resolved. The price increase from t0 to t1 could be due to a forecasted increase in demand or a supply chain issue, while the subsequent decrease from t1 to t2 might indicate a resolution of the supply chain issue or a decrease in demand.

⟪FINAL⟫{
  "hypotheses": [
    { "key": "united_states|price_action|price|up" },
    { "key": "united_states|price_action|price|down" },
    { "key": "poultry_industry_association|production_action|production|up" },
    { "key": "poultry_industry_association|production_action|production|down" },
    { "key": "united_states|forecast_action|demand|up" }
  ]
}
2026-01-26 10:44:21,691 | INFO | parsed_keys=['united_states|price_action|price|up', 'united_states|price_action|price|down', 'poultry_industry_association|production_action|production|up', 'poultry_industry_association|production_action|production|down', 'united_states|forecast_action|demand|up']
2026-01-26 10:44:21,691 | INFO | running_avg recall_primary@5=0.000000 precision_all=0.000000 overall=0.000000
2026-01-26 10:46:15,029 | INFO | sample idx=10 gold_count=4 pred_count=5
2026-01-26 10:46:15,030 | INFO | user_prompt:
<ts>
You are given monthly U.S. Retail Broiler Composite (OT):- Context window:t0: P=2.317
t1: P=2.159
t2: P=2.195
- Current month only:c0: dP=-0.097
Task:1. Carefully analyze the time-series trends and reason step-by-step about plausible real-world causes.2. Write a short *reasoning paragraph* summarizing your interpretation of the data trend and potential driving factors.   - This paragraph should sound like an analytical narrative (e.g., “The observed trend in the data indicates…”).   - It should include your reasoning path that connects the observed pattern to possible events.3. Then, hypothesize up to 5 **REAL-TIME events** that occurred WITHIN THE CURRENT MONTH ONLY.Output format:- First, write your reasoning paragraph.- After that, write the final structured results after ⟪FINAL⟫ in strict JSON format:⟪FINAL⟫{  "hypotheses": [    {      "key": "NAME|ACTION|OBJECT|DIRECTION",    }  ]}Allowed token sets:('NAME ∈ {market, united_states, us_government_agency, poultry_industry_association, poultry_company, claxton_poultry_farms}','ACTION ∈ {price_action, forecast_action, production_action, trade_policy_action, health_event_action, report_action, subsidy_action, approval_action}','OBJECT ∈ {price, production, export, capacity, disease_event, tariff, import, poultry_product, guideline, subsidy}','DIRECTION ∈ {ambiguous, up, down}')Rules:- Do NOT fabricate tokens outside these sets.- Do NOT repeat identical AAOD keys.- Use "|" (vertical bar), **not underscores** to separate the fields.- Each "key" must strictly follow this pipe-separated pattern: NAME|ACTION|OBJECT|DIRECTION .- The reasoning paragraph should be fluent and analytic, not a list of events.
2026-01-26 10:46:15,031 | INFO | model_output:
The observed trend in the data indicates a gradual decline in the U.S. Retail Broiler Composite price from t0 to t2, with the most significant drop occurring between t0 and t1. This decline could be attributed to several factors, including increased production efficiency, improved broiler health, and possibly a slight easing in trade policies that might have reduced import tariffs or increased export opportunities. However, the price still shows a slight increase from t1 to t2, suggesting that these positive factors might be partially offset by other market dynamics or seasonal factors.

⟪FINAL⟫{
  "hypotheses": [
    { "key": "united_states|price_action|price|down" },
    { "key": "poultry_industry_association|production_action|production|up" },
    { "key": "united_states|trade_policy_action|import|down" },
    { "key": "poultry_industry_association|health_event_action|disease_event|down" },
    { "key": "united_states|report_action|export|up" }
  ]
}
2026-01-26 10:46:15,031 | INFO | parsed_keys=['united_states|price_action|price|down', 'poultry_industry_association|production_action|production|up', 'united_states|trade_policy_action|import|down', 'poultry_industry_association|health_event_action|disease_event|down', 'united_states|report_action|export|up']
2026-01-26 10:46:15,032 | INFO | running_avg recall_primary@5=0.000000 precision_all=0.000000 overall=0.000000
2026-01-26 10:48:24,237 | INFO | sample idx=11 gold_count=1 pred_count=5
2026-01-26 10:48:24,238 | INFO | user_prompt:
<ts>
You are given monthly U.S. Retail Broiler Composite (OT):- Context window:t0: P=2.159
t1: P=2.195
t2: P=2.098
- Current month only:c0: dP=+0.013
Task:1. Carefully analyze the time-series trends and reason step-by-step about plausible real-world causes.2. Write a short *reasoning paragraph* summarizing your interpretation of the data trend and potential driving factors.   - This paragraph should sound like an analytical narrative (e.g., “The observed trend in the data indicates…”).   - It should include your reasoning path that connects the observed pattern to possible events.3. Then, hypothesize up to 5 **REAL-TIME events** that occurred WITHIN THE CURRENT MONTH ONLY.Output format:- First, write your reasoning paragraph.- After that, write the final structured results after ⟪FINAL⟫ in strict JSON format:⟪FINAL⟫{  "hypotheses": [    {      "key": "NAME|ACTION|OBJECT|DIRECTION",    }  ]}Allowed token sets:('NAME ∈ {market, united_states, us_government_agency, poultry_industry_association, poultry_company, claxton_poultry_farms}','ACTION ∈ {price_action, forecast_action, production_action, trade_policy_action, health_event_action, report_action, subsidy_action, approval_action}','OBJECT ∈ {price, production, export, capacity, disease_event, tariff, import, poultry_product, guideline, subsidy}','DIRECTION ∈ {ambiguous, up, down}')Rules:- Do NOT fabricate tokens outside these sets.- Do NOT repeat identical AAOD keys.- Use "|" (vertical bar), **not underscores** to separate the fields.- Each "key" must strictly follow this pipe-separated pattern: NAME|ACTION|OBJECT|DIRECTION .- The reasoning paragraph should be fluent and analytic, not a list of events.
2026-01-26 10:48:24,239 | INFO | model_output:
The observed trend in the data indicates a slight increase in the U.S. Retail Broiler Composite (OT) price from t0 to t1, followed by a decrease from t1 to t2. This pattern suggests that there might have been a temporary surge in demand or a supply constraint that pushed prices up, but then a subsequent adjustment in supply or a reduction in demand that led to a price drop. Given the current month's data, it's plausible that a poultry company (e.g., Claxton Poultry Farms) took action to forecast the market and adjust its production levels, or an increase in imports from a neighboring country might have influenced the market dynamics.

⟪FINAL⟫{
  "hypotheses": [
    { "key": "poultry_company|price_action|price|up" },
    { "key": "united_states|forecast_action|production|ambiguous" },
    { "key": "united_states|import_action|poultry_product|down" },
    { "key": "poultry_industry_association|report_action|guideline|ambiguous" },
    { "key": "us_government_agency|subsidy_action|subsidy|down" }
  ]
}
2026-01-26 10:48:24,239 | INFO | parsed_keys=['poultry_company|price_action|price|up', 'united_states|forecast_action|production|ambiguous', 'united_states|import_action|poultry_product|down', 'poultry_industry_association|report_action|guideline|ambiguous', 'us_government_agency|subsidy_action|subsidy|down']
2026-01-26 10:48:24,240 | INFO | running_avg recall_primary@5=0.000000 precision_all=0.000000 overall=0.000000
2026-01-26 10:50:12,247 | INFO | sample idx=12 gold_count=4 pred_count=5
2026-01-26 10:50:12,247 | INFO | user_prompt:
<ts>
You are given monthly U.S. Retail Broiler Composite (OT):- Context window:t0: P=2.195
t1: P=2.098
t2: P=2.111
- Current month only:c0: dP=-0.046
Task:1. Carefully analyze the time-series trends and reason step-by-step about plausible real-world causes.2. Write a short *reasoning paragraph* summarizing your interpretation of the data trend and potential driving factors.   - This paragraph should sound like an analytical narrative (e.g., “The observed trend in the data indicates…”).   - It should include your reasoning path that connects the observed pattern to possible events.3. Then, hypothesize up to 5 **REAL-TIME events** that occurred WITHIN THE CURRENT MONTH ONLY.Output format:- First, write your reasoning paragraph.- After that, write the final structured results after ⟪FINAL⟫ in strict JSON format:⟪FINAL⟫{  "hypotheses": [    {      "key": "NAME|ACTION|OBJECT|DIRECTION",    }  ]}Allowed token sets:('NAME ∈ {market, united_states, us_government_agency, poultry_industry_association, poultry_company, claxton_poultry_farms}','ACTION ∈ {price_action, forecast_action, production_action, trade_policy_action, health_event_action, report_action, subsidy_action, approval_action}','OBJECT ∈ {price, production, export, capacity, disease_event, tariff, import, poultry_product, guideline, subsidy}','DIRECTION ∈ {ambiguous, up, down}')Rules:- Do NOT fabricate tokens outside these sets.- Do NOT repeat identical AAOD keys.- Use "|" (vertical bar), **not underscores** to separate the fields.- Each "key" must strictly follow this pipe-separated pattern: NAME|ACTION|OBJECT|DIRECTION .- The reasoning paragraph should be fluent and analytic, not a list of events.
2026-01-26 10:50:12,248 | INFO | model_output:
The observed trend in the data indicates a slight downward movement in the U.S. Retail Broiler Composite price from t0 to t2, with the price dropping from 2.195 to 2.111. This suggests that there might have been a reduction in production costs or an increase in supply, which could be due to improved feed efficiency or an increase in broiler production capacity. However, the price did not drop significantly, indicating that the market is still relatively stable.

⟪FINAL⟫{
  "hypotheses": [
    { "key": "united_states|price_action|price|down" },
    { "key": "poultry_industry_association|production_action|production|up" },
    { "key": "united_states|forecast_action|export|ambiguous" },
    { "key": "poultry_company|health_event_action|disease_event|ambiguous" },
    { "key": "us_government_agency|subsidy_action|subsidy|ambiguous" }
  ]
}
2026-01-26 10:50:12,248 | INFO | parsed_keys=['united_states|price_action|price|down', 'poultry_industry_association|production_action|production|up', 'united_states|forecast_action|export|ambiguous', 'poultry_company|health_event_action|disease_event|ambiguous', 'us_government_agency|subsidy_action|subsidy|ambiguous']
2026-01-26 10:50:12,249 | INFO | running_avg recall_primary@5=0.000000 precision_all=0.000000 overall=0.000000
2026-01-26 10:51:55,544 | INFO | sample idx=13 gold_count=3 pred_count=5
2026-01-26 10:51:55,544 | INFO | user_prompt:
<ts>
You are given monthly U.S. Retail Broiler Composite (OT):- Context window:t0: P=2.098
t1: P=2.111
t2: P=2.065
- Current month only:c0: dP=-0.121
Task:1. Carefully analyze the time-series trends and reason step-by-step about plausible real-world causes.2. Write a short *reasoning paragraph* summarizing your interpretation of the data trend and potential driving factors.   - This paragraph should sound like an analytical narrative (e.g., “The observed trend in the data indicates…”).   - It should include your reasoning path that connects the observed pattern to possible events.3. Then, hypothesize up to 5 **REAL-TIME events** that occurred WITHIN THE CURRENT MONTH ONLY.Output format:- First, write your reasoning paragraph.- After that, write the final structured results after ⟪FINAL⟫ in strict JSON format:⟪FINAL⟫{  "hypotheses": [    {      "key": "NAME|ACTION|OBJECT|DIRECTION",    }  ]}Allowed token sets:('NAME ∈ {market, united_states, us_government_agency, poultry_industry_association, poultry_company, claxton_poultry_farms}','ACTION ∈ {price_action, forecast_action, production_action, trade_policy_action, health_event_action, report_action, subsidy_action, approval_action}','OBJECT ∈ {price, production, export, capacity, disease_event, tariff, import, poultry_product, guideline, subsidy}','DIRECTION ∈ {ambiguous, up, down}')Rules:- Do NOT fabricate tokens outside these sets.- Do NOT repeat identical AAOD keys.- Use "|" (vertical bar), **not underscores** to separate the fields.- Each "key" must strictly follow this pipe-separated pattern: NAME|ACTION|OBJECT|DIRECTION .- The reasoning paragraph should be fluent and analytic, not a list of events.
2026-01-26 10:51:55,545 | INFO | model_output:
The observed trend in the data indicates a slight downward movement in the U.S. Retail Broiler Composite price from t0 to t2, with a more pronounced decrease from t0 to t1. This suggests that the market may be experiencing some pressure, possibly due to increased production or changes in consumer demand. The price drop from t1 to t2 could be a result of the market adjusting to these changes or as a response to potential supply-side adjustments.

⟪FINAL⟫{
  "hypotheses": [
    { "key": "united_states|price_action|price|down" },
    { "key": "poultry_industry_association|production_action|production|up" },
    { "key": "united_states|forecast_action|export|down" },
    { "key": "poultry_company|health_event_action|disease_event|ambiguous" },
    { "key": "us_government_agency|subsidy_action|subsidy|down" }
  ]
}
2026-01-26 10:51:55,545 | INFO | parsed_keys=['united_states|price_action|price|down', 'poultry_industry_association|production_action|production|up', 'united_states|forecast_action|export|down', 'poultry_company|health_event_action|disease_event|ambiguous', 'us_government_agency|subsidy_action|subsidy|down']
2026-01-26 10:51:55,546 | INFO | running_avg recall_primary@5=0.000000 precision_all=0.000000 overall=0.000000
2026-01-26 10:53:45,642 | INFO | sample idx=14 gold_count=1 pred_count=5
2026-01-26 10:53:45,643 | INFO | user_prompt:
<ts>
You are given monthly U.S. Retail Broiler Composite (OT):- Context window:t0: P=2.111
t1: P=2.065
t2: P=1.943
- Current month only:c0: dP=+0.144
Task:1. Carefully analyze the time-series trends and reason step-by-step about plausible real-world causes.2. Write a short *reasoning paragraph* summarizing your interpretation of the data trend and potential driving factors.   - This paragraph should sound like an analytical narrative (e.g., “The observed trend in the data indicates…”).   - It should include your reasoning path that connects the observed pattern to possible events.3. Then, hypothesize up to 5 **REAL-TIME events** that occurred WITHIN THE CURRENT MONTH ONLY.Output format:- First, write your reasoning paragraph.- After that, write the final structured results after ⟪FINAL⟫ in strict JSON format:⟪FINAL⟫{  "hypotheses": [    {      "key": "NAME|ACTION|OBJECT|DIRECTION",    }  ]}Allowed token sets:('NAME ∈ {market, united_states, us_government_agency, poultry_industry_association, poultry_company, claxton_poultry_farms}','ACTION ∈ {price_action, forecast_action, production_action, trade_policy_action, health_event_action, report_action, subsidy_action, approval_action}','OBJECT ∈ {price, production, export, capacity, disease_event, tariff, import, poultry_product, guideline, subsidy}','DIRECTION ∈ {ambiguous, up, down}')Rules:- Do NOT fabricate tokens outside these sets.- Do NOT repeat identical AAOD keys.- Use "|" (vertical bar), **not underscores** to separate the fields.- Each "key" must strictly follow this pipe-separated pattern: NAME|ACTION|OBJECT|DIRECTION .- The reasoning paragraph should be fluent and analytic, not a list of events.
2026-01-26 10:53:45,643 | INFO | model_output:
The observed trend in the data indicates a gradual decline in the U.S. Retail Broiler Composite (OT) price from t0 to t2, with a slight increase from t0 to t1. This suggests that the market may be experiencing a slowdown in demand or an increase in supply, possibly due to a combination of factors such as a recent increase in production capacity or a change in consumer preferences. The slight increase from t0 to t1 could be attributed to a temporary boost in demand or a strategic price adjustment by poultry companies.

⟪FINAL⟫{
  "hypotheses": [
    { "key": "poultry_company|price_action|price|down" },
    { "key": "poultry_company|production_action|production|up" },
    { "key": "united_states|forecast_action|export|down" },
    { "key": "poultry_industry_association|report_action|capacity|up" },
    { "key": "united_states|subsidy_action|subsidy|down" }
  ]
}
2026-01-26 10:53:45,644 | INFO | parsed_keys=['poultry_company|price_action|price|down', 'poultry_company|production_action|production|up', 'united_states|forecast_action|export|down', 'poultry_industry_association|report_action|capacity|up', 'united_states|subsidy_action|subsidy|down']
2026-01-26 10:53:45,644 | INFO | running_avg recall_primary@5=0.000000 precision_all=0.000000 overall=0.000000
2026-01-26 10:55:55,276 | INFO | sample idx=15 gold_count=3 pred_count=5
2026-01-26 10:55:55,276 | INFO | user_prompt:
<ts>
You are given monthly U.S. Retail Broiler Composite (OT):- Context window:t0: P=2.065
t1: P=1.943
t2: P=2.087
- Current month only:c0: dP=-0.054
Task:1. Carefully analyze the time-series trends and reason step-by-step about plausible real-world causes.2. Write a short *reasoning paragraph* summarizing your interpretation of the data trend and potential driving factors.   - This paragraph should sound like an analytical narrative (e.g., “The observed trend in the data indicates…”).   - It should include your reasoning path that connects the observed pattern to possible events.3. Then, hypothesize up to 5 **REAL-TIME events** that occurred WITHIN THE CURRENT MONTH ONLY.Output format:- First, write your reasoning paragraph.- After that, write the final structured results after ⟪FINAL⟫ in strict JSON format:⟪FINAL⟫{  "hypotheses": [    {      "key": "NAME|ACTION|OBJECT|DIRECTION",    }  ]}Allowed token sets:('NAME ∈ {market, united_states, us_government_agency, poultry_industry_association, poultry_company, claxton_poultry_farms}','ACTION ∈ {price_action, forecast_action, production_action, trade_policy_action, health_event_action, report_action, subsidy_action, approval_action}','OBJECT ∈ {price, production, export, capacity, disease_event, tariff, import, poultry_product, guideline, subsidy}','DIRECTION ∈ {ambiguous, up, down}')Rules:- Do NOT fabricate tokens outside these sets.- Do NOT repeat identical AAOD keys.- Use "|" (vertical bar), **not underscores** to separate the fields.- Each "key" must strictly follow this pipe-separated pattern: NAME|ACTION|OBJECT|DIRECTION .- The reasoning paragraph should be fluent and analytic, not a list of events.
2026-01-26 10:55:55,277 | INFO | model_output:
The observed trend in the data indicates a slight downward movement in the U.S. Retail Broiler Composite price from t0 to t2, with a more pronounced decrease from t0 to t1. This suggests that the market may be experiencing some pressure, possibly due to increased production or changes in consumer demand. The price drop from t0 to t1 could be a result of a temporary surplus in the market, which might have been exacerbated by a recent increase in production capacity or a shift in consumer preferences towards alternative protein sources. The slight increase in price from t1 to t2 might indicate a recovery or stabilization in the market, possibly due to improved demand or adjustments in supply chain management.

⟪FINAL⟫{
  "hypotheses": [
    { "key": "poultry_company|production_action|production|up" },
    { "key": "poultry_industry_association|forecast_action|export|down" },
    { "key": "united_states|report_action|poultry_product|down" },
    { "key": "market|price_action|price|down" },
    { "key": "us_government_agency|subsidy_action|subsidy|ambiguous" }
  ]
}
2026-01-26 10:55:55,277 | INFO | parsed_keys=['poultry_company|production_action|production|up', 'poultry_industry_association|forecast_action|export|down', 'united_states|report_action|poultry_product|down', 'market|price_action|price|down', 'us_government_agency|subsidy_action|subsidy|ambiguous']
2026-01-26 10:55:55,278 | INFO | running_avg recall_primary@5=0.020833 precision_all=0.012500 overall=0.152500
2026-01-26 10:55:55,304 | INFO | saved_report_csv=itformer_eval_report.csv
