Labels:
['market', 'forecast_action', 'capacity', 'up']
['market', 'forecast_action', 'price', 'up']
['market', 'price_action', 'price', 'up']
['market', 'production_action', 'production', 'up']
['market', 'trade_policy_action', 'tariff', 'down']

===== RAW GENERATION (decoded) =====
The observed trend in the data indicates a decline in the U.S. Retail Broiler Composite price over the past three months, with a notable decrease in the current month. The price has been steadily decreasing from 2.340 at t0 to 2.305 at t1 and further down to 2.180 at t2, and then a more significant drop of -0.116 in the current month. This pattern suggests a downward trend in the market price of broilers. A plausible explanation for this trend could be an increase in supply or a decrease in demand. Given that the data is specific to the U.S. retail market, factors such as changes in domestic production, imports, or consumer preferences could be driving this trend. Additionally, the poultry industry might be experiencing some form of disruption or oversupply, leading to the price drop. The current month's significant decrease could be attributed to recent events such as a surge in production, a new trade policy, or a health event affecting consumer demand.

⟪FINAL⟫
{
  "hypotheses": [
    {
      "key": "poultry_industry_association|report_action|production|up"
    },
    {
      "key": "poultry_company|production_action|production|up"
    },
    {
      "key": "us_government_agency|trade_policy_action|tariff|down"
    },
    {
      "key": "market|price_action|price|down"
    },
    {
      "key": "claxton_poultry_farms|health_event_action|disease_event|ambiguous"
    }
  ]
}
===== END RAW GENERATION =====
[DEBUG] parsed JSON: {"hypotheses": [{"key": "poultry_industry_association|report_action|production|up"}, {"key": "poultry_company|production_action|production|up"}, {"key": "us_government_agency|trade_policy_action|tariff|down"}, {"key": "market|price_action|price|down"}, {"key": "claxton_poultry_farms|health_event_action|disease_event|ambiguous"}]}
['poultry_industry_association', 'report_action', 'production', 'up']
['poultry_company', 'production_action', 'production', 'up']
['us_government_agency', 'trade_policy_action', 'tariff', 'down']
['market', 'price_action', 'price', 'down']
['claxton_poultry_farms', 'health_event_action', 'disease_event', 'ambiguous']
recall_all: 0.2 precision_all: 0.2
Labels:
['market', 'forecast_action', 'price', 'down']
['market', 'production_action', 'production', 'up']
['market', 'price_action', 'price', 'down']
['market', 'price_action', 'price', 'up']

===== RAW GENERATION (decoded) =====
The observed trend in the data indicates a consistent decline in the U.S. Retail Broiler Composite price over the last three months, with a decrease from 2.305 to 2.064. This downward trend is further supported by the current month's data, which shows a decrease of -0.016. This pattern suggests a potential oversupply or weakening demand for broiler products. A plausible explanation could be an increase in production or a decrease in consumer demand, possibly due to seasonal factors or changes in consumer preferences. Additionally, the poultry industry might be experiencing some form of disruption, such as a disease event or trade policy changes, affecting the supply chain and pricing.

⟪FINAL⟫
{
  "hypotheses": [
    {
      "key": "poultry_industry_association|report_action|production|up"
    },
    {
      "key": "market|price_action|price|down"
    },
    {
      "key": "us_government_agency|trade_policy_action|tariff|down"
    },
    {
      "key": "poultry_company|production_action|production|up"
    },
    {
      "key": "claxton_poultry_farms|health_event_action|disease_event|ambiguous"
    }
  ]
}
===== END RAW GENERATION =====
[DEBUG] parsed JSON: {"hypotheses": [{"key": "poultry_industry_association|report_action|production|up"}, {"key": "market|price_action|price|down"}, {"key": "us_government_agency|trade_policy_action|tariff|down"}, {"key": "poultry_company|production_action|production|up"}, {"key": "claxton_poultry_farms|health_event_action|disease_event|ambiguous"}]}
['poultry_industry_association', 'report_action', 'production', 'up']
['market', 'price_action', 'price', 'down']
['us_government_agency', 'trade_policy_action', 'tariff', 'down']
['poultry_company', 'production_action', 'production', 'up']
['claxton_poultry_farms', 'health_event_action', 'disease_event', 'ambiguous']
recall_all: 0.35 precision_all: 0.2
Labels:
['market', 'forecast_action', 'production', 'ambiguous']
['market', 'price_action', 'price', 'down']
['market', 'price_action', 'price', 'up']

===== RAW GENERATION (decoded) =====
The observed trend in the data indicates a consistent decline in the U.S. Retail Broiler Composite price over the last three months, with a slight decrease from 2.180 to 2.064 and then to 2.048. The current month's data shows a continued decrease, albeit slight, with dP=-0.003. This trend suggests a gradual downward movement in prices. Connecting the observed pattern to possible events, it's plausible that the poultry industry has experienced an increase in supply or a decrease in demand, leading to lower prices. Additionally, factors such as changes in production costs, trade policies, or health events could be influencing the market. The steady decline could also indicate a response to previous market conditions, such as overproduction or anticipation of future changes in demand or supply.

⟪FINAL⟫
{
  "hypotheses": [
    {
      "key": "poultry_industry_association|production_action|production|up"
    },
    {
      "key": "poultry_company|production_action|production|up"
    },
    {
      "key": "us_government_agency|trade_policy_action|tariff|down"
    },
    {
      "key": "market|price_action|price|down"
    },
    {
      "key": "claxton_poultry_farms|health_event_action|disease_event|ambiguous"
    }
  ]
}
===== END RAW GENERATION =====
[DEBUG] parsed JSON: {"hypotheses": [{"key": "poultry_industry_association|production_action|production|up"}, {"key": "poultry_company|production_action|production|up"}, {"key": "us_government_agency|trade_policy_action|tariff|down"}, {"key": "market|price_action|price|down"}, {"key": "claxton_poultry_farms|health_event_action|disease_event|ambiguous"}]}
['poultry_industry_association', 'production_action', 'production', 'up']
['poultry_company', 'production_action', 'production', 'up']
['us_government_agency', 'trade_policy_action', 'tariff', 'down']
['market', 'price_action', 'price', 'down']
['claxton_poultry_farms', 'health_event_action', 'disease_event', 'ambiguous']
recall_all: 0.45555555555555555 precision_all: 0.20000000000000004
Labels:
['market', 'price_action', 'price', 'down']
['market', 'price_action', 'price', 'up']
['united_states', 'forecast_action', 'export', 'ambiguous']

===== RAW GENERATION (decoded) =====
The observed trend in the data indicates a slight decrease in the U.S. Retail Broiler Composite price over the last three months, with prices at $2.064, $2.048, and $2.045 per pound at t0, t1, and t2, respectively. However, within the current month (c0), the price has increased by $0.113. This recent uptick suggests a potential shift in market dynamics. The gradual decrease in price over the previous months could be attributed to stable supply and demand conditions or possibly a slight oversupply. The sudden increase in the current month may be due to various factors such as changes in production levels, shifts in consumer demand, or external factors like feed cost increases or regulatory changes.

⟪FINAL⟫{
  "hypotheses": [
    {"key": "market|price_action|price|up"},
    {"key": "poultry_industry_association|report_action|production|down"},
    {"key": "us_government_agency|trade_policy_action|tariff|up"},
    {"key": "poultry_company|production_action|capacity|down"},
    {"key": "united_states|health_event_action|disease_event|ambiguous"}
  ]
}
===== END RAW GENERATION =====
[DEBUG] parsed JSON: {"hypotheses": [{"key": "market|price_action|price|up"}, {"key": "poultry_industry_association|report_action|production|down"}, {"key": "us_government_agency|trade_policy_action|tariff|up"}, {"key": "poultry_company|production_action|capacity|down"}, {"key": "united_states|health_event_action|disease_event|ambiguous"}]}
['market', 'price_action', 'price', 'up']
['poultry_industry_association', 'report_action', 'production', 'down']
['us_government_agency', 'trade_policy_action', 'tariff', 'up']
['poultry_company', 'production_action', 'capacity', 'down']
['united_states', 'health_event_action', 'disease_event', 'ambiguous']
recall_all: 0.5083333333333333 precision_all: 0.2
Labels:
['us_government_agency', 'subsidy_action', 'capacity', 'ambiguous']

===== RAW GENERATION (decoded) =====
The observed trend in the data indicates a slight decrease in the U.S. Retail Broiler Composite price from t0 to t1, followed by a notable increase from t1 to t2. The current month's data shows a decrease in price (dP = -0.018). This pattern suggests a volatile market for broiler chickens, potentially influenced by supply and demand dynamics. The initial decrease could be attributed to an increase in supply or a decrease in demand, while the subsequent increase might be due to a correction in the market or external factors such as changes in trade policies or disease events affecting production. The recent decrease in price within the current month could be a response to an increase in production or a forecast of higher production levels, indicating that the market is adjusting to new information about supply.

⟪FINAL⟫
{
  "hypotheses": [
    {
      "key": "poultry_industry_association|report_action|production|up"
    },
    {
      "key": "poultry_company|production_action|production|up"
    },
    {
      "key": "us_government_agency|trade_policy_action|tariff|down"
    },
    {
      "key": "market|price_action|price|down"
    },
    {
      "key": "claxton_poultry_farms|health_event_action|disease_event|ambiguous"
    }
  ]
}
===== END RAW GENERATION =====
[DEBUG] parsed JSON: {"hypotheses": [{"key": "poultry_industry_association|report_action|production|up"}, {"key": "poultry_company|production_action|production|up"}, {"key": "us_government_agency|trade_policy_action|tariff|down"}, {"key": "market|price_action|price|down"}, {"key": "claxton_poultry_farms|health_event_action|disease_event|ambiguous"}]}
['poultry_industry_association', 'report_action', 'production', 'up']
['poultry_company', 'production_action', 'production', 'up']
['us_government_agency', 'trade_policy_action', 'tariff', 'down']
['market', 'price_action', 'price', 'down']
['claxton_poultry_farms', 'health_event_action', 'disease_event', 'ambiguous']
recall_all: 0.4066666666666666 precision_all: 0.16
Labels:
['market', 'forecast_action', 'production', 'up']
['market', 'price_action', 'price', 'down']
['market', 'production_action', 'production', 'up']
['us_government_agency', 'approval_action', 'poultry_product', 'ambiguous']

===== RAW GENERATION (decoded) =====
The observed trend in the data indicates a slight increase in the U.S. Retail Broiler Composite price from t0 to t1, followed by a minor decrease from t1 to t2, suggesting a relatively stable market with a minor fluctuation. The current month's data point (c0) shows an increase in price (dP=+0.123), which could be indicative of an upward trend or a response to specific market conditions. Given the stability of the prices over the last three months, the increase in the current month might be attributed to factors such as changes in demand, supply chain adjustments, or external factors like trade policies and health-related events. The poultry industry is sensitive to such factors, and even minor changes in supply and demand can lead to price fluctuations.

Considering the minor increase in price in the context of the provided data, it is plausible that the market is responding to real-time events that affect the supply or demand for broiler products. 

⟪FINAL⟫
{
  "hypotheses": [
    {
      "key": "poultry_industry_association|report_action|price|up"
    },
    {
      "key": "poultry_company|production_action|production|down"
    },
    {
      "key": "us_government_agency|trade_policy_action|tariff|up"
    },
    {
      "key": "claxton_poultry_farms|health_event_action|disease_event|down"
    },
    {
      "key": "market|price_action|price|up"
    }
  ]
}
===== END RAW GENERATION =====
[DEBUG] parsed JSON: {"hypotheses": [{"key": "poultry_industry_association|report_action|price|up"}, {"key": "poultry_company|production_action|production|down"}, {"key": "us_government_agency|trade_policy_action|tariff|up"}, {"key": "claxton_poultry_farms|health_event_action|disease_event|down"}, {"key": "market|price_action|price|up"}]}
['poultry_industry_association', 'report_action', 'price', 'up']
['poultry_company', 'production_action', 'production', 'down']
['us_government_agency', 'trade_policy_action', 'tariff', 'up']
['claxton_poultry_farms', 'health_event_action', 'disease_event', 'down']
['market', 'price_action', 'price', 'up']
recall_all: 0.38055555555555554 precision_all: 0.16666666666666666
Labels:
['market', 'forecast_action', 'production', 'up']
['market', 'price_action', 'price', 'up']

===== RAW GENERATION (decoded) =====
## Step 1: Analyze the given data
The given data represents the monthly U.S. Retail Broiler Composite (OT) with prices at different time points: t0 = 2.158, t1 = 2.140, t2 = 2.263, and the current month's change (dP) is -0.006.

## 2: Identify the trend
From t0 to t1, the price decreased from 2.158 to 2.140. Then, it increased to 2.263 at t2. However, in the current month (c0), there's a slight decrease in price, from 2.263 to 2.257 (2.263 - 0.006).

## 3: Interpret the trend
The initial decrease followed by a significant increase and then a slight decrease can indicate market adjustments. The significant increase from t1 to t2 could be due to various factors such as increased demand, supply chain disruptions, or changes in production costs. The slight decrease in the current month might suggest a return to a more stable or slightly lower price point.

## 4: Reason about plausible real-world causes
The fluctuations could be due to seasonal demand changes, feed price changes, or disease outbreaks affecting poultry production. For instance, an increase in price (t1 to t2) might be due to a disease outbreak reducing supply, while a decrease (in the current month) could be due to increased production or imports.

## 5: Formulate hypotheses for real-time events
Given the data and trends, we can hypothesize about events that might have caused these changes:
- A disease outbreak in a major poultry-producing region could lead to a supply shortage, causing prices to rise (t1 to t2).
- An increase in production or imports could lead to a slight decrease in prices in the current month.

## 6: Write the reasoning paragraph
The observed trend in the data indicates a fluctuation in the U.S. Retail Broiler Composite price, with an initial decrease, followed by a significant increase, and then a slight decrease. This pattern could be attributed to various market dynamics, such as changes in supply and demand, production costs, or external factors like disease outbreaks. The significant increase in price could be due to supply chain disruptions or increased demand, while the subsequent slight decrease might indicate a stabilization of the market or response to new supply. 

## 7: Hypothesize real-time events in the required format
⟪FINAL⟫
{
  "hypotheses": [
    {
      "key": "poultry_industry|report|price|down"
    },
    {
      "key": "poultry_company|production|poultry_product|up"
    },
    {
      "key": "us_government_agency|trade_policy|tariff|ambiguous"
    },
    {
      "key": "claxton_poultry_farms|health_event|disease|down"
    },
    {
      "key": "market|forecast|price|up"
    }
  ]
}
===== END RAW GENERATION =====
[DEBUG] parsed JSON: {"hypotheses": [{"key": "poultry_industry|report|price|down"}, {"key": "poultry_company|production|poultry_product|up"}, {"key": "us_government_agency|trade_policy|tariff|ambiguous"}, {"key": "claxton_poultry_farms|health_event|disease|down"}, {"key": "market|forecast|price|up"}]}
['poultry_industry', 'report', 'price', 'down']
['poultry_company', 'production', 'poultry_product', 'up']
['us_government_agency', 'trade_policy', 'tariff', 'ambiguous']
['claxton_poultry_farms', 'health_event', 'disease', 'down']
['market', 'forecast', 'price', 'up']
recall_all: 0.3261904761904762 precision_all: 0.14285714285714285
Labels:
['market', 'forecast_action', 'price', 'up']
['market', 'price_action', 'price', 'up']
['market', 'production_action', 'production', 'up']
['market', 'trade_policy_action', 'export', 'up']

===== RAW GENERATION (decoded) =====
**Reasoning Paragraph:**

The observed trend in the data indicates a slight increase in the U.S. Retail Broiler Composite price from 2.140 to 2.257 over the three-month period, with a minor fluctuation in the current month (c0) showing a price increase of 0.060. This suggests a relatively stable market with a slight upward trend in prices. The stability in prices could be attributed to balanced supply and demand dynamics within the poultry market. However, the minor increase in the current month might be influenced by factors such as production costs, feed prices, or seasonal demand. The steady trend could also reflect the industry's response to previous market conditions, including adjustments in production levels or marketing strategies by poultry companies. Moreover, the absence of significant volatility may indicate effective management of supply chains and mitigation of risks related to disease outbreaks or regulatory changes.

**⟪FINAL⟫**

```json
{
  "hypotheses": [
    {
      "key": "poultry_company|production_action|production|up"
    },
    {
      "key": "poultry_industry_association|report_action|price|up"
    },
    {
      "key": "united_states|trade_policy_action|import|ambiguous"
    },
    {
      "key": "claxton_poultry_farms|price_action|price|up"
    },
    {
      "key": "us_government_agency|health_event_action|disease_event|down"
    }
  ]
}
```
===== END RAW GENERATION =====
[DEBUG] parsed JSON: {"hypotheses": [{"key": "poultry_company|production_action|production|up"}, {"key": "poultry_industry_association|report_action|price|up"}, {"key": "united_states|trade_policy_action|import|ambiguous"}, {"key": "claxton_poultry_farms|price_action|price|up"}, {"key": "us_government_agency|health_event_action|disease_event|down"}]}
['poultry_company', 'production_action', 'production', 'up']
['poultry_industry_association', 'report_action', 'price', 'up']
['united_states', 'trade_policy_action', 'import', 'ambiguous']
['claxton_poultry_farms', 'price_action', 'price', 'up']
['us_government_agency', 'health_event_action', 'disease_event', 'down']
recall_all: 0.28541666666666665 precision_all: 0.125
Labels:
['market', 'report_action', 'production', 'ambiguous']
['united_states', 'forecast_action', 'production', 'down']
['us_government_agency', 'forecast_action', 'price', 'down']

===== RAW GENERATION (decoded) =====
The observed trend in the data indicates a slight increase in the U.S. Retail Broiler Composite price over the last three months, from 2.263 to 2.317. However, the current month's data shows a decrease in price, with dP=-0.158. This recent decline could be a reaction to changes in market dynamics, such as adjustments in supply and demand, shifts in consumer preferences, or responses to external factors like trade policies or disease outbreaks. The steady prices in the preceding months suggest a stable market, but the drop in the current month may signal emerging challenges or opportunities that stakeholders in the poultry industry need to address.

⟪FINAL⟫
{
  "hypotheses": [
    {
      "key": "poultry_company|production_action|production|up"
    },
    {
      "key": "market|price_action|price|down"
    },
    {
      "key": "us_government_agency|trade_policy_action|tariff|ambiguous"
    },
    {
      "key": "poultry_industry_association|report_action|guideline|ambiguous"
    },
    {
      "key": "claxton_poultry_farms|health_event_action|disease_event|down"
    }
  ]
}
===== END RAW GENERATION =====
[DEBUG] parsed JSON: {"hypotheses": [{"key": "poultry_company|production_action|production|up"}, {"key": "market|price_action|price|down"}, {"key": "us_government_agency|trade_policy_action|tariff|ambiguous"}, {"key": "poultry_industry_association|report_action|guideline|ambiguous"}, {"key": "claxton_poultry_farms|health_event_action|disease_event|down"}]}
['poultry_company', 'production_action', 'production', 'up']
['market', 'price_action', 'price', 'down']
['us_government_agency', 'trade_policy_action', 'tariff', 'ambiguous']
['poultry_industry_association', 'report_action', 'guideline', 'ambiguous']
['claxton_poultry_farms', 'health_event_action', 'disease_event', 'down']
recall_all: 0.2537037037037037 precision_all: 0.1111111111111111
Labels:
['market', 'forecast_action', 'import', 'up']
['market', 'forecast_action', 'production', 'down']
['market', 'price_action', 'price', 'down']
['market', 'production_action', 'production', 'down']

===== RAW GENERATION (decoded) =====
The observed trend in the data indicates a fluctuation in the U.S. Retail Broiler Composite price over the last three months, with a recent increase in the current month. Specifically, the price increased from 2.159 at t2 to 2.317 at t1 and then dropped to 2.257 at t0, with a current month increase of +0.036. This pattern suggests a volatile market possibly influenced by supply and demand dynamics, external shocks, or policy changes. The decrease in price from t1 to t0 could be attributed to an increase in supply or a decrease in demand, while the current month's increase could be a response to a supply chain disruption, a disease event affecting poultry production, or changes in trade policies impacting imports or exports. The poultry industry is also subject to seasonal demand fluctuations, with prices often increasing during periods of high demand.

Given these observations, it is plausible that the recent price movements are influenced by real-world events such as production adjustments, trade policy changes, health events, or shifts in consumer demand.

⟪FINAL⟫
{
  "hypotheses": [
    {
      "key": "poultry_industry_association|forecast_action|production|down"
    },
    {
      "key": "us_government_agency|health_event_action|disease_event|up"
    },
    {
      "key": "poultry_company|production_action|capacity|down"
    },
    {
      "key": "united_states|trade_policy_action|tariff|up"
    },
    {
      "key": "market|price_action|price|up"
    }
  ]
}
===== END RAW GENERATION =====
[DEBUG] parsed JSON: {"hypotheses": [{"key": "poultry_industry_association|forecast_action|production|down"}, {"key": "us_government_agency|health_event_action|disease_event|up"}, {"key": "poultry_company|production_action|capacity|down"}, {"key": "united_states|trade_policy_action|tariff|up"}, {"key": "market|price_action|price|up"}]}
['poultry_industry_association', 'forecast_action', 'production', 'down']
['us_government_agency', 'health_event_action', 'disease_event', 'up']
['poultry_company', 'production_action', 'capacity', 'down']
['united_states', 'trade_policy_action', 'tariff', 'up']
['market', 'price_action', 'price', 'up']
recall_all: 0.2533333333333333 precision_all: 0.12
Labels:
['market', 'forecast_action', 'price', 'down']
['market', 'price_action', 'price', 'down']
['market', 'price_action', 'price', 'up']
['market', 'production_action', 'production', 'down']

===== RAW GENERATION (decoded) =====
The observed trend in the data indicates a slight decrease in the U.S. Retail Broiler Composite price from 2.317 to 2.159 over the past two months, followed by a minor increase to 2.195 in the most recent month. The current month's data shows a decrease of 0.097. This pattern suggests a period of price adjustment in the broiler market. The initial decline could be attributed to an increase in supply or a decrease in demand, while the recent slight increase might indicate a response to changes in production costs, feed prices, or other market factors. The current month's decrease could be due to various factors such as changes in consumer behavior, seasonal fluctuations, or reactions to recent industry developments.

⟪FINAL⟫
{
  "hypotheses": [
    {
      "key": "poultry_industry_association|report_action|production|up"
    },
    {
      "key": "poultry_company|production_action|capacity|up"
    },
    {
      "key": "us_government_agency|trade_policy_action|tariff|down"
    },
    {
      "key": "market|price_action|price|down"
    },
    {
      "key": "claxton_poultry_farms|health_event_action|disease_event|ambiguous"
    }
  ]
}
===== END RAW GENERATION =====
[DEBUG] parsed JSON: {"hypotheses": [{"key": "poultry_industry_association|report_action|production|up"}, {"key": "poultry_company|production_action|capacity|up"}, {"key": "us_government_agency|trade_policy_action|tariff|down"}, {"key": "market|price_action|price|down"}, {"key": "claxton_poultry_farms|health_event_action|disease_event|ambiguous"}]}
['poultry_industry_association', 'report_action', 'production', 'up']
['poultry_company', 'production_action', 'capacity', 'up']
['us_government_agency', 'trade_policy_action', 'tariff', 'down']
['market', 'price_action', 'price', 'down']
['claxton_poultry_farms', 'health_event_action', 'disease_event', 'ambiguous']
recall_all: 0.27575757575757576 precision_all: 0.12727272727272726
Labels:
['market', 'health_event_action', 'disease_event', 'ambiguous']

===== RAW GENERATION (decoded) =====
The observed trend in the data indicates a slight increase in the U.S. Retail Broiler Composite price from t0 to t1, followed by a decrease at t2, and then a small increase in the current month (c0) with a positive change in price (dP=+0.013). This pattern suggests some volatility in the market prices of broiler chickens. The initial price increase could be attributed to various factors such as increased demand, reduced supply, or changes in production costs. The subsequent decrease might indicate a correction in the market or a response to an oversupply. The recent uptick in price could be a reaction to new market information or changes in external factors affecting the poultry industry. Possible events that could influence these trends include changes in production levels, trade policies, health events affecting poultry, or fluctuations in feed prices. 

Given the context and focusing on real-time events within the current month, we can hypothesize the following:

⟪FINAL⟫
{
  "hypotheses": [
    {
      "key": "poultry_industry_association|report_action|price|up"
    },
    {
      "key": "poultry_company|production_action|production|down"
    },
    {
      "key": "us_government_agency|trade_policy_action|tariff|ambiguous"
    },
    {
      "key": "market|price_action|price|up"
    },
    {
      "key": "claxton_poultry_farms|health_event_action|disease_event|down"
    }
  ]
}
===== END RAW GENERATION =====
[DEBUG] parsed JSON: {"hypotheses": [{"key": "poultry_industry_association|report_action|price|up"}, {"key": "poultry_company|production_action|production|down"}, {"key": "us_government_agency|trade_policy_action|tariff|ambiguous"}, {"key": "market|price_action|price|up"}, {"key": "claxton_poultry_farms|health_event_action|disease_event|down"}]}
['poultry_industry_association', 'report_action', 'price', 'up']
['poultry_company', 'production_action', 'production', 'down']
['us_government_agency', 'trade_policy_action', 'tariff', 'ambiguous']
['market', 'price_action', 'price', 'up']
['claxton_poultry_farms', 'health_event_action', 'disease_event', 'down']
recall_all: 0.25277777777777777 precision_all: 0.11666666666666665
Labels:
['market', 'forecast_action', 'production', 'up']
['market', 'price_action', 'price', 'up']
['market', 'price_action', 'export', 'down']
['market', 'price_action', 'price', 'ambiguous']

===== RAW GENERATION (decoded) =====
The observed trend in the data indicates a fluctuating yet overall decrease in the U.S. Retail Broiler Composite price over the last three months, with prices at $2.195, $2.098, and $2.111 per pound for the three consecutive months leading up to the current month. The current month has seen a further decrease in price by $0.046. This trend suggests a potential oversupply in the market or a decrease in demand for broiler products. The slight increase from the second to the third month prior to the current month could indicate a temporary correction or stabilization, but the overall downward trend, including the current month's decrease, points towards a continued downward pressure on prices. Possible real-world causes could include changes in consumer demand, shifts in production levels, or external factors such as feed costs or trade policies affecting the poultry industry.

⟪FINAL⟫{
  "hypotheses": [
    {"key": "market|price_action|price|down"},
    {"key": "poultry_industry_association|report_action|production|up"},
    {"key": "us_government_agency|trade_policy_action|tariff|down"},
    {"key": "poultry_company|production_action|poultry_product|up"},
    {"key": "united_states|health_event_action|disease_event|ambiguous"}
  ]
}
===== END RAW GENERATION =====
[DEBUG] parsed JSON: {"hypotheses": [{"key": "market|price_action|price|down"}, {"key": "poultry_industry_association|report_action|production|up"}, {"key": "us_government_agency|trade_policy_action|tariff|down"}, {"key": "poultry_company|production_action|poultry_product|up"}, {"key": "united_states|health_event_action|disease_event|ambiguous"}]}
['market', 'price_action', 'price', 'down']
['poultry_industry_association', 'report_action', 'production', 'up']
['us_government_agency', 'trade_policy_action', 'tariff', 'down']
['poultry_company', 'production_action', 'poultry_product', 'up']
['united_states', 'health_event_action', 'disease_event', 'ambiguous']
recall_all: 0.2717948717948718 precision_all: 0.12307692307692307
Labels:
['market', 'forecast_action', 'price', 'down']
['market', 'price_action', 'price', 'up']
['market', 'production_action', 'production', 'up']

===== RAW GENERATION (decoded) =====
The observed trend in the data indicates a decline in the U.S. Retail Broiler Composite price in the current month, following a relatively stable but slightly increasing trend in the previous months. The price drop from 2.111 to 2.065 over the three-month window, with a more significant decrease to -0.121 in the current month, suggests a potential shift in market dynamics. This could be attributed to changes in supply and demand, influenced by factors such as production levels, consumer behavior, or external events affecting the poultry industry. The decrease in price might also reflect an increase in supply, possibly due to increased production or imports, or a decrease in demand, potentially driven by consumer preferences shifting away from broiler products or economic factors making consumers more price-sensitive.

Given the context, it seems plausible that market participants or industry players responded to these changes, potentially adjusting their production, pricing, or marketing strategies. Additionally, external factors such as trade policies, disease outbreaks, or regulatory changes could have played a role in shaping the observed trend.

⟪FINAL⟫
{
  "hypotheses": [
    {
      "key": "poultry_industry_association|report_action|production|up"
    },
    {
      "key": "poultry_company|production_action|capacity|up"
    },
    {
      "key": "market|price_action|price|down"
    },
    {
      "key": "us_government_agency|trade_policy_action|tariff|down"
    },
    {
      "key": "claxton_poultry_farms|health_event_action|disease_event|ambiguous"
    }
  ]
}
===== END RAW GENERATION =====
[DEBUG] parsed JSON: {"hypotheses": [{"key": "poultry_industry_association|report_action|production|up"}, {"key": "poultry_company|production_action|capacity|up"}, {"key": "market|price_action|price|down"}, {"key": "us_government_agency|trade_policy_action|tariff|down"}, {"key": "claxton_poultry_farms|health_event_action|disease_event|ambiguous"}]}
['poultry_industry_association', 'report_action', 'production', 'up']
['poultry_company', 'production_action', 'capacity', 'up']
['market', 'price_action', 'price', 'down']
['us_government_agency', 'trade_policy_action', 'tariff', 'down']
['claxton_poultry_farms', 'health_event_action', 'disease_event', 'ambiguous']
recall_all: 0.2761904761904762 precision_all: 0.12857142857142856
Labels:
['market', 'price_action', 'price', 'ambiguous']

===== RAW GENERATION (decoded) =====
The observed trend in the data indicates a decline in the U.S. Retail Broiler Composite price over the past three months, from 2.111 to 1.943. However, in the current month, there's a slight increase in the price with a dP of +0.144. This recent uptick could suggest a temporary stabilization or even a rebound in the market. The overall downward trend could be attributed to increased production or supply, potentially coupled with steady or decreasing demand. The recent price increase might be due to various factors such as adjustments in production rates, changes in consumer demand, or external factors like trade policies or health events affecting the poultry industry.

Given the context, the plausible real-world causes could include adjustments in production by poultry companies, changes in trade policies, or fluctuations in feed prices. Additionally, health events affecting poultry or changes in consumer preferences could also play a role.

⟪FINAL⟫
{
  "hypotheses": [
    {
      "key": "poultry_company|production_action|production|down"
    },
    {
      "key": "us_government_agency|trade_policy_action|tariff|ambiguous"
    },
    {
      "key": "poultry_industry_association|report_action|price|down"
    },
    {
      "key": "claxton_poultry_farms|health_event_action|disease_event|up"
    },
    {
      "key": "united_states|forecast_action|export|up"
    }
  ]
}
===== END RAW GENERATION =====
[DEBUG] parsed JSON: {"hypotheses": [{"key": "poultry_company|production_action|production|down"}, {"key": "us_government_agency|trade_policy_action|tariff|ambiguous"}, {"key": "poultry_industry_association|report_action|price|down"}, {"key": "claxton_poultry_farms|health_event_action|disease_event|up"}, {"key": "united_states|forecast_action|export|up"}]}
['poultry_company', 'production_action', 'production', 'down']
['us_government_agency', 'trade_policy_action', 'tariff', 'ambiguous']
['poultry_industry_association', 'report_action', 'price', 'down']
['claxton_poultry_farms', 'health_event_action', 'disease_event', 'up']
['united_states', 'forecast_action', 'export', 'up']
recall_all: 0.2577777777777778 precision_all: 0.11999999999999998
Labels:
['market', 'price_action', 'price', 'up']
['united_states', 'forecast_action', 'export', 'down']
['united_states', 'health_event_action', 'disease_event', 'ambiguous']

===== RAW GENERATION (decoded) =====
The observed trend in the data indicates a slight increase in the U.S. Retail Broiler Composite price from t0 to t2, with a minor dip at t1. The current month's data shows a decrease in price (dP = -0.054). This trend could suggest that the market has been relatively stable with a slight upward pressure on prices, possibly due to steady demand or supply constraints. However, the decrease in the current month might indicate a response to changes in supply or demand dynamics, such as an increase in production or a decrease in consumer demand. The stability and slight increase in prices could be attributed to the poultry industry's response to market conditions, including adjustments in production levels or pricing strategies by major poultry companies. The decrease in the current month could also be influenced by seasonal factors or external events impacting the market.

⟪FINAL⟫
{
  "hypotheses": [
    {
      "key": "poultry_company|production_action|production|up"
    },
    {
      "key": "market|price_action|price|down"
    },
    {
      "key": "us_government_agency|report_action|disease_event|ambiguous"
    },
    {
      "key": "poultry_industry_association|forecast_action|export|up"
    },
    {
      "key": "claxton_poultry_farms|production_action|capacity|down"
    }
  ]
}
===== END RAW GENERATION =====
[DEBUG] parsed JSON: {"hypotheses": [{"key": "poultry_company|production_action|production|up"}, {"key": "market|price_action|price|down"}, {"key": "us_government_agency|report_action|disease_event|ambiguous"}, {"key": "poultry_industry_association|forecast_action|export|up"}, {"key": "claxton_poultry_farms|production_action|capacity|down"}]}
['poultry_company', 'production_action', 'production', 'up']
['market', 'price_action', 'price', 'down']
['us_government_agency', 'report_action', 'disease_event', 'ambiguous']
['poultry_industry_association', 'forecast_action', 'export', 'up']
['claxton_poultry_farms', 'production_action', 'capacity', 'down']
recall_all: 0.2625 precision_all: 0.12499999999999999
