Loading checkpoint shards:   0%|          | 0/4 [00:00<?, ?it/s]Loading checkpoint shards:  25%|##5       | 1/4 [00:00<00:01,  2.28it/s]Loading checkpoint shards:  50%|#####     | 2/4 [00:00<00:00,  2.29it/s]Loading checkpoint shards:  75%|#######5  | 3/4 [00:01<00:00,  2.21it/s]Loading checkpoint shards: 100%|##########| 4/4 [00:01<00:00,  2.32it/s]Loading checkpoint shards: 100%|##########| 4/4 [00:01<00:00,  2.29it/s]

[LOG] sample_idx=0 begin_infer
[LOG] pred_keys: ['poultry_industry_association|price_action|price|down', 'us_ggovernment_agency|forecast_action|production|ambiguous', 'poultry_company|report_action|export|down', 'poultry_company|forecast_action|production|up', 'gangway|price_action|retail_demand|down']
recall_all: 0.0 precision_all: 0.0

[LOG] sample_idx=1 begin_infer
[LOG] pred_keys: ['poultry_industry_association|price_action|price|down', 'us_government_agency|forecast_action|production|down', 'poultry_company|price_action|production|down', 'poultry_company|forecast_action|export|ambiguous', 'united_states|health_event_action|capacity|down']
recall_all: 0.0 precision_all: 0.0

[LOG] sample_idx=2 begin_infer
[LOG] pred_keys: ['poultry_industry_association|price_action|price|down', 'us_ggovernment_agency|forecast_action|production|ambiguous', 'market|price_action|retail_broiler_composite|down', 'poultry_company|capacity|up|UNK', 'poultry_company|capacity|down|ambiguous']
recall_all: 0.0 precision_all: 0.0

[LOG] sample_idx=3 begin_infer
[LOG] pred_keys: ['poultry_industry_association|price_action|price|up', 'gangway|forecast_action|production|ambiguous', 'gangway|forecast_action|export|down', 'gangway|subsidy_action|gangway|down', 'gangway|health_event_action|gangway|down']
recall_all: 0.0 precision_all: 0.0

[LOG] sample_idx=4 begin_infer
[LOG] pred_keys: ['poultry_industry_association|price_action|price|down', 'united_states|forecast_action|production|ambiguous', 'poultry_company|price_action|retail_product|down', 'us_government_agency|forecast_action|export|ambiguous', 'poultry_industry_association|report_action|market|down']
recall_all: 0.0 precision_all: 0.0

[LOG] sample_idx=5 begin_infer
[LOG] pred_keys: ['name|price_action|export|down', 'poultry_industry_association|forecast_action|production|up', 'us_government_agency|forecast_action|import|up', 'poultry_company|price_action|poultry_product|up']
recall_all: 0.0 precision_all: 0.0

[LOG] sample_idx=6 begin_infer
[LOG] pred_keys: ['market|price_action|price|down', 'market|price_action|production|ambiguous', 'market|price_action|import|up', 'market|price_action|export|down', 'poultry_company|forecast_action|production|down']
recall_all: 0.07142857142857142 precision_all: 0.028571428571428574

[LOG] sample_idx=7 begin_infer
[LOG] pred_keys: ['poultry_industry_association|price_action|price|up', 'united_states|forecast_action|production|ambiguous', 'poultry_company|price_action|export|down', 'us_government_agency|forecast_action|disease_event|ambiguous']
recall_all: 0.0625 precision_all: 0.025

[LOG] sample_idx=8 begin_infer
[LOG] pred_keys: ['poultry_industry_association|price_action|price|down', 'united_states|forecast_action|production|ambiguous', 'poultry_company|capacity|export|down', 'united_states|price_action|retail_price|down', 'poultry_industry_association|report_action|market|down']
recall_all: 0.09259259259259259 precision_all: 0.044444444444444446

[LOG] sample_idx=9 begin_infer
[LOG] pred_keys: ['name|price_action|price|up', 'poultry_company|production_action|capacity|ambiguous', 'company|forecast_action|export|down', 'us_government_agency|report_action|guideline|up']
recall_all: 0.08333333333333333 precision_all: 0.04

[LOG] sample_idx=10 begin_infer
[LOG] pred_keys: ['poultry_industry_association|price_action|price|down', 'us_government_agency|forecast_action|production|ambiguous', 'market|price_action|export|down', 'poultry_company|capacity_action|capacity|down']
recall_all: 0.07575757575757575 precision_all: 0.03636363636363637

[LOG] sample_idx=11 begin_infer
[LOG] pred_keys: ['name|price_action|export|down', 'poultry_industry_association|forecast_action|production|up', 'claxton_poultry_farms|price_action|poultry_product|up', 'market|price_action|import|down']
recall_all: 0.06944444444444443 precision_all: 0.03333333333333333

[LOG] sample_idx=12 begin_infer
[LOG] pred_keys: ['poultry_company|price_action|price|down', 'us_government_agency|forecast_action|price|down', 'market|price_action|price|down', 'poultry_industry_association|forecast_action|production|down']
recall_all: 0.10256410256410256 precision_all: 0.05

[LOG] sample_idx=13 begin_infer
[LOG] pred_keys: ['market|price_action|price|down', 'united_states|production_action|production|down']
recall_all: 0.11904761904761904 precision_all: 0.08214285714285714

[LOG] sample_idx=14 begin_infer
[LOG] pred_keys: ['poultry_industry_association|price_action|price|up', 'us_government_agency|forecast_action|production|down', 'gangway|price_action|price|up', 'gangway|price_action|poultry_product|up', 'gangway|price_action|export|ambiguous']
recall_all: 0.1111111111111111 precision_all: 0.07666666666666666

[LOG] sample_idx=15 begin_infer
[LOG] pred_keys: ['poultry_industry_association|price_action|price|down', 'us_government_agency|forecast_action|retail_composite|down', 'poultry_company|capacity|retail_supplies|increased_stockpiling', 'united_states|forecast_action|wholesale_price|down', 'poultry_industry_association|report_action|market_report|UNK']
recall_all: 0.10416666666666666 precision_all: 0.071875
