Labels:
['market', 'price_change', 'price', 'up']
['eia', 'forecast_lower', 'price', 'down']
['eia', 'report_release', 'price', 'down']
['eia', 'report_release', 'price', 'up']
['eia', 'forecast_raise', 'price', 'up']
['eia', 'report_release', 'export', 'up']
['eia', 'report_release', 'production', 'ambiguous']
['eia', 'report_release', 'production', 'up']
['market', 'price_change', 'crude_oil', 'up']
['market', 'price_change', 'price', 'down']
['united_states', 'price_change', 'gasoline', 'up']
['united_states', 'report_release', 'price', 'up']

===== RAW GENERATION (decoded) =====


The observed trend in the data indicates a steady decline in weekly U.S. gasoline prices over the initial three months, followed by a slight recovery and subsequent increase. This pattern suggests a complex interplay of factors, including potential shifts in supply and demand dynamics. The initial decline could be attributed to increased production or higher exports, possibly influenced by geopolitical events or market reports. The recovery and rise in the current month might be driven by factors such as reduced supply due to production cuts, seasonal demand increases, or geopolitical tensions impacting crude oil prices.

⟪FINAL⟫
```json
{
  "hypotheses": [
    {
      "key": "eia|report_release|inventory|down"
    },
    {
      "key": "opec_plus|production_cut|crude_oil|down"
    },
    {
      "key": "united_states|sanction_impose|export|down"
    },
    {
      "key": "market|forecast_raise|gasoline|up"
    },
    {
      "key": "united_states|purchase|gasoline|up"
    }
  ]
}
```
===== END RAW GENERATION =====
[DEBUG] parsed JSON: {"hypotheses": [{"key": "eia|report_release|inventory|down"}, {"key": "opec_plus|production_cut|crude_oil|down"}, {"key": "united_states|sanction_impose|export|down"}, {"key": "market|forecast_raise|gasoline|up"}, {"key": "united_states|purchase|gasoline|up"}]}
['eia', 'report_release', 'inventory', 'down']
['opec_plus', 'production_cut', 'crude_oil', 'down']
['united_states', 'sanction_impose', 'export', 'down']
['market', 'forecast_raise', 'gasoline', 'up']
['united_states', 'purchase', 'gasoline', 'up']
recall_all: 0.0 precision_all: 0.0
Labels:
['eia', 'report_release', 'price', 'up']
['market', 'price_change', 'gasoline', 'down']
['market', 'price_change', 'gasoline', 'up']
['market', 'price_change', 'price', 'up']
['api', 'report_release', 'price', 'up']
['eia', 'report_release', 'price', 'ambiguous']
['eia', 'report_release', 'price', 'down']
['market', 'price_change', 'natural_gas', 'down']
['united_states', 'report_release', 'price', 'up']

===== RAW GENERATION (decoded) =====


The observed trend in the data indicates a general decline in U.S. gasoline prices over the past three months, with a notable dip in the current month. This downward trend could be attributed to a combination of factors, including reduced demand due to seasonal factors or increased supply from higher refinery production. Additionally, global market dynamics such as reports from the EIA or OPEC, which influence expectations about future oil prices, may be contributing to the fluctuations. The variability in the current month's prices suggests a complex interplay of events affecting supply and demand.

⟪FINAL⟫
```json
{
  "hypotheses": [
    {
      "key": "eia|report_release|forecast|down"
    },
    {
      "key": "opec|production_cut|crude_oil|down"
    },
    {
      "key": "united_states|production_raise|gasoline|up"
    },
    {
      "key": "opec_plus|forecast_lower|price|down"
    },
    {
      "key": "united_states|export|diesel|up"
    }
  ]
}
```
===== END RAW GENERATION =====
[DEBUG] parsed JSON: {"hypotheses": [{"key": "eia|report_release|forecast|down"}, {"key": "opec|production_cut|crude_oil|down"}, {"key": "united_states|production_raise|gasoline|up"}, {"key": "opec_plus|forecast_lower|price|down"}, {"key": "united_states|export|diesel|up"}]}
['eia', 'report_release', 'forecast', 'down']
['opec', 'production_cut', 'crude_oil', 'down']
['united_states', 'production_raise', 'gasoline', 'up']
['opec_plus', 'forecast_lower', 'price', 'down']
['united_states', 'export', 'diesel', 'up']
recall_all: 0.0 precision_all: 0.0
Labels:
['market', 'price_change', 'price', 'down']
['market', 'price_change', 'price', 'up']
['eia', 'forecast_lower', 'price', 'down']
['eia', 'report_release', 'price', 'ambiguous']
['eia', 'report_release', 'price', 'up']
['market', 'price_change', 'gasoline', 'up']

===== RAW GENERATION (decoded) =====


The observed trend in the data indicates a general upward trajectory in U.S. gasoline prices over the past three months, with some volatility in the current month. The initial increase from t0 to t4 suggests a tightening supply-demand balance or speculative activity in the market. The subsequent decline and fluctuation around $3.50 may reflect adjustments to geopolitical tensions, seasonal demand shifts, or inventory changes. The current month's data shows a mixed trend, with two weeks of price increases followed by a dip and a slight decrease, which could be linked to real-time events such as inventory reports, production adjustments, or geopolitical developments impacting supply.

⟪FINAL⟫  
{  
  "hypotheses": [  
    {  
      "key": "market|report_release|inventory|up"  
    },  
    {  
      "key": "eia|forecast_raise|crude_oil|up"  
    },  
    {  
      "key": "opec_plus|production_cut|crude_oil|down"  
    },  
    {  
      "key": "united_states|sanction_impose|export|down"  
    },  
    {  
      "key": "market|price_change|gasoline|up"  
    }  
  ]  
}
===== END RAW GENERATION =====
[DEBUG] parsed JSON: {"hypotheses": [{"key": "market|report_release|inventory|up"}, {"key": "eia|forecast_raise|crude_oil|up"}, {"key": "opec_plus|production_cut|crude_oil|down"}, {"key": "united_states|sanction_impose|export|down"}, {"key": "market|price_change|gasoline|up"}]}
['market', 'report_release', 'inventory', 'up']
['eia', 'forecast_raise', 'crude_oil', 'up']
['opec_plus', 'production_cut', 'crude_oil', 'down']
['united_states', 'sanction_impose', 'export', 'down']
['market', 'price_change', 'gasoline', 'up']
recall_all: 0.05555555555555555 precision_all: 0.06666666666666667
Labels:
['eia', 'report_release', 'price', 'ambiguous']
['market', 'price_change', 'gasoline', 'up']
['market', 'price_change', 'price', 'down']
['opec_plus', 'production_cut', 'crude_oil', 'down']
['eia', 'report_release', 'price', 'down']
['market', 'price_change', 'natural_gas', 'down']
['united_states', 'price_change', 'diesel', 'up']

===== RAW GENERATION (decoded) =====


The observed trend in the data indicates a general upward movement in gasoline prices over the past three months, with a notable peak at t10 ($3.703) followed by a slight decline. This suggests a period of increased demand or reduced supply, possibly influenced by seasonal factors like summer driving. The current month shows a sharp rise in prices, likely due to higher demand or unexpected supply constraints, followed by a minor dip, which could reflect a slight easing of demand or an increase in supply. Real-time events such as inventory reports, production cuts, or geopolitical developments could be driving these fluctuations.

```json
{
  "hypotheses": [
    {
      "key": "eia|report_release|inventory|down"
    },
    {
      "key": "opec_plus|production_cut|crude_oil|up"
    },
    {
      "key": "united_states|production_raise|crude_oil|up"
    },
    {
      "key": "united_states|sanction_impose|export|down"
    },
    {
      "key": "market|forecast_lower|price|up"
    }
  ]
}
```
===== END RAW GENERATION =====
[DEBUG] parsed JSON: {"hypotheses": [{"key": "eia|report_release|inventory|down"}, {"key": "opec_plus|production_cut|crude_oil|up"}, {"key": "united_states|production_raise|crude_oil|up"}, {"key": "united_states|sanction_impose|export|down"}, {"key": "market|forecast_lower|price|up"}]}
['eia', 'report_release', 'inventory', 'down']
['opec_plus', 'production_cut', 'crude_oil', 'up']
['united_states', 'production_raise', 'crude_oil', 'up']
['united_states', 'sanction_impose', 'export', 'down']
['market', 'forecast_lower', 'price', 'up']
recall_all: 0.07738095238095238 precision_all: 0.1
Labels:
['market', 'price_change', 'price', 'down']
['eia', 'report_release', 'price', 'down']
['opec_plus', 'production_cut', 'crude_oil', 'down']
['eia', 'forecast_lower', 'price', 'down']
['eia', 'report_release', 'price', 'up']
['market', 'price_change', 'crude_oil', 'down']
['market', 'price_change', 'gasoline', 'up']
['market', 'price_change', 'price', 'up']

===== RAW GENERATION (decoded) =====


The observed trend in the data indicates a period of volatility in U.S. gasoline prices. Initially, prices rose steadily, peaked, and then began to decline. This pattern suggests underlying factors such as supply and demand dynamics, geopolitical events, or market sentiment shifts. The significant drops in the first two weeks of the current month could be attributed to reports indicating lower demand or increased production, which would reduce prices. Conversely, the slight increase towards the end might reflect a stabilization or a new report suggesting higher demand. Real-time events like OPEC+ production forecasts, U.S. sanctions, EIA inventory reports, government purchases, or OPEC production cuts could be influencing these price changes.

```json
{
  "hypotheses": [
    {
      "key": "opec_plus|report_release|forecast|down"
    },
    {
      "key": "united_states|sanction_impose|crude_oil|up"
    },
    {
      "key": "eia|report_release|inventory|down"
    },
    {
      "key": "united_states|purchase|gasoline|up"
    },
    {
      "key": "opec|extend_cut|production|up"
    }
  ]
}
```
===== END RAW GENERATION =====
[DEBUG] parsed JSON: {"hypotheses": [{"key": "opec_plus|report_release|forecast|down"}, {"key": "united_states|sanction_impose|crude_oil|up"}, {"key": "eia|report_release|inventory|down"}, {"key": "united_states|purchase|gasoline|up"}, {"key": "opec|extend_cut|production|up"}]}
['opec_plus', 'report_release', 'forecast', 'down']
['united_states', 'sanction_impose', 'crude_oil', 'up']
['eia', 'report_release', 'inventory', 'down']
['united_states', 'purchase', 'gasoline', 'up']
['opec', 'extend_cut', 'production', 'up']
recall_all: 0.06190476190476191 precision_all: 0.08
Labels:
['market', 'price_change', 'price', 'down']
['eia', 'report_release', 'inventory', 'down']
['eia', 'report_release', 'price', 'down']
['market', 'price_change', 'price', 'up']

===== RAW GENERATION (decoded) =====


The observed trend in the data indicates a slight overall decline in U.S. gasoline prices over the past three months, with notable fluctuations in the current month. The price movements suggest a complex interplay of factors, including potential changes in supply and demand dynamics, geopolitical developments, and market sentiment influenced by reports from key organizations like the EIA or OPEC+. The current month's volatility, with prices dipping and rising, points to real-time events such as inventory reports, production adjustments, or geopolitical developments that could be impacting the market. These factors are likely causing the observed price changes, reflecting the dynamic nature of the energy market.

⟪FINAL⟫
{
  "hypotheses": [
    {
      "key": "EIA|report_release|inventory|up"
    },
    {
      "key": "EIA|report_release|inventory|down"
    },
    {
      "key": "market|forecast_lower|price|down"
    },
    {
      "key": "united_states|production_raise|crude_oil|up"
    },
    {
      "key": "opec_plus|extend_cut|production|down"
    }
  ]
}
===== END RAW GENERATION =====
[DEBUG] parsed JSON: {"hypotheses": [{"key": "EIA|report_release|inventory|up"}, {"key": "EIA|report_release|inventory|down"}, {"key": "market|forecast_lower|price|down"}, {"key": "united_states|production_raise|crude_oil|up"}, {"key": "opec_plus|extend_cut|production|down"}]}
['EIA', 'report_release', 'inventory', 'up']
['EIA', 'report_release', 'inventory', 'down']
['market', 'forecast_lower', 'price', 'down']
['united_states', 'production_raise', 'crude_oil', 'up']
['opec_plus', 'extend_cut', 'production', 'down']
recall_all: 0.09325396825396826 precision_all: 0.13333333333333333
Labels:
['eia', 'report_release', 'inventory', 'up']
['market', 'price_change', 'price', 'up']
['eia', 'report_release', 'inventory', 'down']
['united_states', 'report_release', 'inventory', 'down']
['united_states', 'report_release', 'price', 'up']

===== RAW GENERATION (decoded) =====


The observed trend in the data indicates a general upward trajectory in U.S. gasoline prices over the past three months, with some volatility in the current month. The slight increases and decreases in prices (e.g., from t0 to t12) suggest a balance between supply and demand dynamics. However, the significant jump in price at c4 (+0.158) stands out as a potential inflection point. This could be linked to real-world events such as changes in production levels, shifts in market sentiment, or geopolitical factors. For instance, if a major producer like OPEC+ announced a production cut, it could have driven prices higher. Additionally, the current month's price fluctuations (e.g., the drop at c0 and the subsequent rise at c1 and c2) might reflect short-term market reactions to news or data releases, such as inventory reports or demand forecasts. The overall trend suggests that supply constraints or increased demand may be playing a role in the price increases, while temporary dips could be due to oversupply or market corrections.

⟪FINAL⟫  
{  
  "hypotheses": [  
    {  
      "key": "opec_plus|production_cut|crude_oil|up"  
    },  
    {  
      "key": "united_states|sanction_impose|export|down"  
    },  
    {  
      "key": "eia|report_release|inventory|down"  
    },  
    {  
      "key": "opec|forecast_raise|price|up"  
    },  
    {  
      "key": "united_states|purchase|diesel|up"  
    }  
  ]  
}
===== END RAW GENERATION =====
[DEBUG] parsed JSON: {"hypotheses": [{"key": "opec_plus|production_cut|crude_oil|up"}, {"key": "united_states|sanction_impose|export|down"}, {"key": "eia|report_release|inventory|down"}, {"key": "opec|forecast_raise|price|up"}, {"key": "united_states|purchase|diesel|up"}]}
['opec_plus', 'production_cut', 'crude_oil', 'up']
['united_states', 'sanction_impose', 'export', 'down']
['eia', 'report_release', 'inventory', 'down']
['opec', 'forecast_raise', 'price', 'up']
['united_states', 'purchase', 'diesel', 'up']
recall_all: 0.13707482993197279 precision_all: 0.14285714285714285
Labels:
['market', 'price_change', 'price', 'up']
['market', 'price_change', 'gasoline', 'up']
['api', 'report_release', 'price', 'up']
['eia', 'report_release', 'inventory', 'up']
['eia', 'report_release', 'price', 'up']
['market', 'price_change', 'crude_oil', 'up']

===== RAW GENERATION (decoded) =====


The observed trend in the data indicates a general upward movement in U.S. gasoline prices over the past three months, with a notable peak at t11 ($3.984) followed by a slight correction at t12 ($3.931). This suggests a period of increasing demand or supply constraints, possibly influenced by geopolitical factors or seasonal trends. The current month shows a continuation of this upward trend, with smaller increments, but a significant drop at c3, which could reflect a market correction or a shift in supply dynamics. Potential driving factors include EIA inventory reports, OPEC production decisions, or geopolitical events impacting crude oil prices.

⟪FINAL⟫
```json
{
  "hypotheses": [
    {
      "key": "eia|report_release|inventory|up"
    },
    {
      "key": "opec|production_cut|crude_oil|down"
    },
    {
      "key": "united_states|sanction_impose|crude_oil|up"
    },
    {
      "key": "opec_plus|forecast_lower|price|down"
    },
    {
      "key": "market|price_change|gasoline|up"
    }
  ]
}
```
===== END RAW GENERATION =====
[DEBUG] parsed JSON: {"hypotheses": [{"key": "eia|report_release|inventory|up"}, {"key": "opec|production_cut|crude_oil|down"}, {"key": "united_states|sanction_impose|crude_oil|up"}, {"key": "opec_plus|forecast_lower|price|down"}, {"key": "market|price_change|gasoline|up"}]}
['eia', 'report_release', 'inventory', 'up']
['opec', 'production_cut', 'crude_oil', 'down']
['united_states', 'sanction_impose', 'crude_oil', 'up']
['opec_plus', 'forecast_lower', 'price', 'down']
['market', 'price_change', 'gasoline', 'up']
recall_all: 0.16160714285714287 precision_all: 0.175
Labels:
['market', 'price_change', 'price', 'up']
['united_states', 'price_change', 'gasoline', 'up']
['eia', 'forecast_raise', 'price', 'up']
['eia', 'report_release', 'forecast', 'up']
['eia', 'report_release', 'inventory', 'down']
['eia', 'report_release', 'price', 'up']
['market', 'price_change', 'crude_oil', 'up']
['market', 'price_change', 'gasoline', 'up']
['market', 'price_change', 'price', 'down']

===== RAW GENERATION (decoded) =====


The observed trend in the data indicates a general upward trajectory in U.S. gasoline prices over the past three months, with some volatility in the current month. The initial steady increase from t0 to t5 suggests a tightening supply-demand balance or rising production costs. The dip at t8 and t9 could reflect a temporary surplus or increased competition, but the subsequent rise at t10 and t11 points to renewed demand or supply constraints. The current month's data shows a more volatile pattern, with a slight decline (c0), followed by a sharp increase (c1-c2), and then a significant drop (c3). This volatility may be linked to real-time events such as inventory reports, production changes, or geopolitical developments affecting supply. The sharp increase at c2 could indicate a surprise event, such as a production cut or a bullish report, while the subsequent decline at c3 might reflect a market overreaction or a shift in demand.

⟪FINAL⟫  
{  
  "hypotheses": [  
    {  
      "key": "eia|report_release|inventory|up"  
    },  
    {  
      "key": "opec_plus|production_cut|crude_oil|up"  
    },  
    {  
      "key": "united_states|sanction_impose|export|down"  
    },  
    {  
      "key": "market|forecast_raise|price|up"  
    },  
    {  
      "key": "eia|inventory|crude_oil|down"  
    }  
  ]  
}
===== END RAW GENERATION =====
[DEBUG] parsed JSON: {"hypotheses": [{"key": "eia|report_release|inventory|up"}, {"key": "opec_plus|production_cut|crude_oil|up"}, {"key": "united_states|sanction_impose|export|down"}, {"key": "market|forecast_raise|price|up"}, {"key": "eia|inventory|crude_oil|down"}]}
['eia', 'report_release', 'inventory', 'up']
['opec_plus', 'production_cut', 'crude_oil', 'up']
['united_states', 'sanction_impose', 'export', 'down']
['market', 'forecast_raise', 'price', 'up']
['eia', 'inventory', 'crude_oil', 'down']
recall_all: 0.15599647266313935 precision_all: 0.17777777777777776
Labels:
['market', 'price_change', 'gasoline', 'down']
['market', 'price_change', 'price', 'down']
['eia', 'report_release', 'price', 'down']
['united_states', 'report_release', 'price', 'down']
['eia', 'report_release', 'production', 'up']
['united_states', 'price_change', 'gasoline', 'down']
['united_states', 'production_raise', 'crude_oil', 'up']

===== RAW GENERATION (decoded) =====


The observed trend in the data indicates a downward trajectory in U.S. gasoline prices over the past three months, with the current month experiencing a notably sharper decline. This suggests a confluence of factors influencing the market dynamics. The significant drop in prices within the current month could be attributed to a series of events that have impacted supply, demand, or market sentiment. A plausible explanation is the release of an EIA report indicating higher-than-expected gasoline inventories, which would signal an oversupply and lead to price depreciation. Additionally, OPEC+ might have announced an increase in crude oil production, further exacerbating supply and driving prices down. Market participants could have reacted to a forecast suggesting lower future prices, prompting a sell-off and contributing to the decline. The U.S. might have also increased its exports of gasoline, flooding the global market and reducing domestic prices. Furthermore, a decrease in natural gas prices, a key component in refining, could have reduced production costs, making gasoline cheaper. These factors collectively create a scenario where multiple events within the current month have conspired to lower gasoline prices.

```json
{
  "hypotheses": [
    {
      "key": "eia|report_release|inventory|down"
    },
    {
      "key": "opec_plus|production_raise|crude_oil|up"
    },
    {
      "key": "market|forecast_lower|price|down"
    },
    {
      "key": "united_states|export|gasoline|up"
    },
    {
      "key": "natural_gas|price|down|down"
    }
  ]
}
```
===== END RAW GENERATION =====
[DEBUG] parsed JSON: {"hypotheses": [{"key": "eia|report_release|inventory|down"}, {"key": "opec_plus|production_raise|crude_oil|up"}, {"key": "market|forecast_lower|price|down"}, {"key": "united_states|export|gasoline|up"}, {"key": "natural_gas|price|down|down"}]}
['eia', 'report_release', 'inventory', 'down']
['opec_plus', 'production_raise', 'crude_oil', 'up']
['market', 'forecast_lower', 'price', 'down']
['united_states', 'export', 'gasoline', 'up']
['natural_gas', 'price', 'down', 'down']
recall_all: 0.1403968253968254 precision_all: 0.15999999999999998
Labels:
['market', 'price_change', 'price', 'down']
['market', 'price_change', 'gasoline', 'down']
['market', 'price_change', 'crude_oil', 'down']
['united_states', 'price_change', 'gasoline', 'down']
['united_states', 'production_raise', 'crude_oil', 'up']
['united_states', 'report_release', 'inventory', 'down']
['united_states', 'report_release', 'production', 'up']

===== RAW GENERATION (decoded) =====


The observed trend in the data indicates a steady decline in U.S. gasoline prices over the past three months, with a more pronounced drop in the current month. This suggests a combination of factors such as increased supply, decreased demand, or market sentiment influenced by external reports. The significant price drops in the current month could be linked to events like production increases, inventory reports, or forecasts affecting market expectations.

⟪FINAL⟫
{
  "hypotheses": [
    {
      "key": "market|report_release|inventory|down"
    },
    {
      "key": "eia|report_release|crude_oil|up"
    },
    {
      "key": "opec_plus|production_raise|crude_oil|up"
    },
    {
      "key": "united_states|forecast_lower|price|down"
    },
    {
      "key": "market|sanction_impose|export|down"
    }
  ]
}
===== END RAW GENERATION =====
[DEBUG] parsed JSON: {"hypotheses": [{"key": "market|report_release|inventory|down"}, {"key": "eia|report_release|crude_oil|up"}, {"key": "opec_plus|production_raise|crude_oil|up"}, {"key": "united_states|forecast_lower|price|down"}, {"key": "market|sanction_impose|export|down"}]}
['market', 'report_release', 'inventory', 'down']
['eia', 'report_release', 'crude_oil', 'up']
['opec_plus', 'production_raise', 'crude_oil', 'up']
['united_states', 'forecast_lower', 'price', 'down']
['market', 'sanction_impose', 'export', 'down']
recall_all: 0.12763347763347765 precision_all: 0.14545454545454545
Labels:
['market', 'price_change', 'price', 'down']
['market', 'price_change', 'price', 'up']
['united_states', 'price_change', 'gasoline', 'down']
['eia', 'report_release', 'price', 'down']
['market', 'price_change', 'gasoline', 'down']
['united_states', 'price_change', 'natural_gas', 'down']
['united_states', 'production_raise', 'crude_oil', 'up']

===== RAW GENERATION (decoded) =====


The observed trend in the data indicates a general decline in U.S. gasoline prices over the past three months, with a notable increase in volatility during the current month. The steady decrease from t0 to t12 suggests a sustained market downturn, possibly influenced by factors such as increased supply, reduced demand, or geopolitical events affecting oil production. The current month's data shows a complex pattern: an initial drop, followed by a more significant decline, and then a slight recovery. This could be attributed to a combination of factors, including inventory reports, production decisions by major oil producers, and geopolitical developments. For instance, a report indicating higher inventory levels might have contributed to the price drop, while subsequent events like production cuts or geopolitical tensions could have influenced the price increase.

⟪FINAL⟫
```json
{
  "hypotheses": [
    {
      "key": "eia|report_release|inventory|down"
    },
    {
      "key": "opec_plus|production_cut|crude_oil|down"
    },
    {
      "key": "united_states|production_raise|crude_oil|up"
    },
    {
      "key": "sanction_impose|export|restriction|up"
    },
    {
      "key": "natural_gas|price_change|diesel|up"
    }
  ]
}
```
===== END RAW GENERATION =====
[DEBUG] parsed JSON: {"hypotheses": [{"key": "eia|report_release|inventory|down"}, {"key": "opec_plus|production_cut|crude_oil|down"}, {"key": "united_states|production_raise|crude_oil|up"}, {"key": "sanction_impose|export|restriction|up"}, {"key": "natural_gas|price_change|diesel|up"}]}
['eia', 'report_release', 'inventory', 'down']
['opec_plus', 'production_cut', 'crude_oil', 'down']
['united_states', 'production_raise', 'crude_oil', 'up']
['sanction_impose', 'export', 'restriction', 'up']
['natural_gas', 'price_change', 'diesel', 'up']
recall_all: 0.1289021164021164 precision_all: 0.15
Labels:
['market', 'price_change', 'price', 'up']
['eia', 'report_release', 'price', 'down']
['market', 'price_change', 'price', 'down']
['united_states', 'price_change', 'gasoline', 'down']
['eia', 'forecast_lower', 'price', 'down']
['eia', 'forecast_raise', 'production', 'up']

===== RAW GENERATION (decoded) =====


The observed trend in the data indicates a general decline in U.S. gasoline prices over the past three months, with a notable stabilization and slight volatility in the current month. The steady decrease from t0 to t5 suggests a persistent downward pressure on gasoline prices, possibly linked to factors such as increased supply, reduced demand, or geopolitical events affecting oil markets. The subsequent fluctuations in the current month (c0 to c4) could be attributed to real-time developments, such as shifts in inventory levels, production adjustments by OPEC+ or other key producers, or unexpected supply disruptions. The recent uptick in c4 (+0.033) may reflect a bullish market sentiment or a response to specific news impacting the energy sector.

⟪FINAL⟫  
{  
  "hypotheses": [  
    {  
      "key": "market|report_release|inventory|up"  
    },  
    {  
      "key": "opec_plus|production_cut|crude_oil|up"  
    },  
    {  
      "key": "united_states|sanction_impose|export|down"  
    },  
    {  
      "key": "eia|forecast_lower|natural_gas|down"  
    },  
    {  
      "key": "market|price_change|gasoline|up"  
    }  
  ]  
}
===== END RAW GENERATION =====
[DEBUG] parsed JSON: {"hypotheses": [{"key": "market|report_release|inventory|up"}, {"key": "opec_plus|production_cut|crude_oil|up"}, {"key": "united_states|sanction_impose|export|down"}, {"key": "eia|forecast_lower|natural_gas|down"}, {"key": "market|price_change|gasoline|up"}]}
['market', 'report_release', 'inventory', 'up']
['opec_plus', 'production_cut', 'crude_oil', 'up']
['united_states', 'sanction_impose', 'export', 'down']
['eia', 'forecast_lower', 'natural_gas', 'down']
['market', 'price_change', 'gasoline', 'up']
recall_all: 0.118986568986569 precision_all: 0.13846153846153844
Labels:
['eia', 'report_release', 'inventory', 'up']
['market', 'price_change', 'crude_oil', 'down']
['market', 'price_change', 'price', 'down']
['eia', 'report_release', 'price', 'ambiguous']
['eia', 'report_release', 'price', 'up']
['market', 'price_change', 'crude_oil', 'up']
['market', 'price_change', 'gasoline', 'up']
['market', 'price_change', 'natural_gas', 'down']
['market', 'price_change', 'price', 'up']

===== RAW GENERATION (decoded) =====


The observed trend in the data indicates a period of volatility in U.S. gasoline prices over the past three months, with an initial decline followed by fluctuations. The current month shows a notable increase in prices for the first three weeks, likely driven by factors such as seasonal demand, geopolitical tensions, or supply constraints. However, the fourth week saw a decrease, which could be attributed to an unexpected increase in supply, such as the release of strategic reserves or a favorable market report. These shifts highlight the dynamic interplay of supply and demand, geopolitical events, and market sentiment in shaping gasoline prices.

⟪FINAL⟫
{
  "hypotheses": [
    {
      "key": "eia|report_release|inventory|down"
    },
    {
      "key": "opec_plus|production_cut|crude_oil|up"
    },
    {
      "key": "united_states|sanction_impose|export|up"
    },
    {
      "key": "united_states|release|strategic_petroleum_reserve|down"
    },
    {
      "key": "eia|forecast_lower|gasoline|down"
    }
  ]
}
===== END RAW GENERATION =====
[DEBUG] parsed JSON: {"hypotheses": [{"key": "eia|report_release|inventory|down"}, {"key": "opec_plus|production_cut|crude_oil|up"}, {"key": "united_states|sanction_impose|export|up"}, {"key": "united_states|release|strategic_petroleum_reserve|down"}, {"key": "eia|forecast_lower|gasoline|down"}]}
['eia', 'report_release', 'inventory', 'down']
['opec_plus', 'production_cut', 'crude_oil', 'up']
['united_states', 'sanction_impose', 'export', 'up']
['united_states', 'release', 'strategic_petroleum_reserve', 'down']
['eia', 'forecast_lower', 'gasoline', 'down']
recall_all: 0.11842403628117915 precision_all: 0.14285714285714285
Labels:
['eia', 'report_release', 'price', 'up']
['eia', 'report_release', 'price', 'down']
['united_states', 'price_change', 'gasoline', 'up']
['eia', 'forecast_lower', 'price', 'down']
['eia', 'report_release', 'inventory', 'down']
['market', 'price_change', 'crude_oil', 'up']
['market', 'price_change', 'gasoline', 'up']
['market', 'price_change', 'natural_gas', 'down']
['market', 'price_change', 'price', 'up']
['united_states', 'report_release', 'price', 'up']

===== RAW GENERATION (decoded) =====


### Reasoning Paragraph  
The observed trend in the data indicates a steady upward movement in U.S. gasoline prices over the past three months, with some fluctuations. The current month's data shows a continuation of this upward trajectory, with weekly price increases ranging from +0.026 to +0.101. This suggests a tightening supply-demand balance, potentially driven by seasonal factors such as increased summer travel demand, geopolitical tensions impacting crude oil production, or production cuts by OPEC+. Additionally, recent reports from the U.S. Energy Information Administration (EIA) or OPEC+ could be influencing market sentiment. The upward trend could also reflect broader macroeconomic factors, such as inflation or supply chain disruptions, further exacerbating price pressures.

### Hypotheses  
⟪FINAL⟫  
{  
  "hypotheses": [  
    {  
      "key": "eia|report_release|inventory|down"  
    },  
    {  
      "key": "opec_plus|production_cut|crude_oil|down"  
    },  
    {  
      "key": "united_states|sanction_impose|export|down"  
    },  
    {  
      "key": "united_states|export_ban_lift|diesel|up"  
    },  
    {  
      "key": "market|forecast_raise|gasoline|up"  
    }  
  ]  
}
===== END RAW GENERATION =====
[DEBUG] parsed JSON: {"hypotheses": [{"key": "eia|report_release|inventory|down"}, {"key": "opec_plus|production_cut|crude_oil|down"}, {"key": "united_states|sanction_impose|export|down"}, {"key": "united_states|export_ban_lift|diesel|up"}, {"key": "market|forecast_raise|gasoline|up"}]}
['eia', 'report_release', 'inventory', 'down']
['opec_plus', 'production_cut', 'crude_oil', 'down']
['united_states', 'sanction_impose', 'export', 'down']
['united_states', 'export_ban_lift', 'diesel', 'up']
['market', 'forecast_raise', 'gasoline', 'up']
recall_all: 0.11719576719576721 precision_all: 0.14666666666666664
Labels:
['united_states', 'price_change', 'gasoline', 'up']
['market', 'price_change', 'natural_gas', 'down']
['market', 'price_change', 'price', 'up']
['united_states', 'report_release', 'price', 'up']

===== RAW GENERATION (decoded) =====


The observed trend in the data indicates a general upward movement in U.S. gasoline prices over the past three months, with some notable fluctuations in the current month. The sustained increase from t0 to t10 suggests a combination of factors such as rising demand, supply constraints, or geopolitical tensions affecting oil markets. However, the current month's data shows a more volatile pattern, with a slight decrease followed by significant increases and a subsequent dip. This volatility could be linked to real-time events such as inventory reports, production changes, or geopolitical developments impacting the market dynamics.

⟪FINAL⟫
{
  "hypotheses": [
    {
      "key": "eia|report_release|inventory|up"
    },
    {
      "key": "opec_plus|production_cut|crude_oil|up"
    },
    {
      "key": "market|price_change|gasoline|up"
    },
    {
      "key": "united_states|sanction_impose|export|down"
    },
    {
      "key": "eia|forecast_lower|demand|down"
    }
  ]
}
===== END RAW GENERATION =====
[DEBUG] parsed JSON: {"hypotheses": [{"key": "eia|report_release|inventory|up"}, {"key": "opec_plus|production_cut|crude_oil|up"}, {"key": "market|price_change|gasoline|up"}, {"key": "united_states|sanction_impose|export|down"}, {"key": "eia|forecast_lower|demand|down"}]}
['eia', 'report_release', 'inventory', 'up']
['opec_plus', 'production_cut', 'crude_oil', 'up']
['market', 'price_change', 'gasoline', 'up']
['united_states', 'sanction_impose', 'export', 'down']
['eia', 'forecast_lower', 'demand', 'down']
recall_all: 0.10987103174603176 precision_all: 0.13749999999999998
