Labels:
['market', 'price_change', 'price', 'up']
['eia', 'forecast_lower', 'price', 'down']
['eia', 'report_release', 'price', 'down']
['eia', 'report_release', 'price', 'up']
['eia', 'forecast_raise', 'price', 'up']
['eia', 'report_release', 'export', 'up']
['eia', 'report_release', 'production', 'ambiguous']
['eia', 'report_release', 'production', 'up']
['market', 'price_change', 'crude_oil', 'up']
['market', 'price_change', 'price', 'down']
['united_states', 'price_change', 'gasoline', 'up']
['united_states', 'report_release', 'price', 'up']

===== RAW GENERATION (decoded) =====
The observed trend in the data indicates a significant reversal in gasoline prices after a prolonged period of decline. Over the three-month context window, prices fell consistently from $3.909 to a low of $3.203, suggesting market conditions of ample supply, potentially due to subdued demand or high refinery output. However, this downward trajectory reversed sharply beginning around week t7, initiating a strong and sustained upward trend that has accelerated into the current month. This reversal points to a shift in fundamental market drivers. The steady and increasing weekly gains in the current month (dP from +0.128 to +0.075) are characteristic of a market reacting to tightening supply or rising input costs. Plausible real-world causes include OPEC+ reaffirming or extending production cuts, constraining global crude oil supply. Concurrently, geopolitical tensions or sanctions impacting key oil-producing regions could be exacerbating supply concerns. On the demand side, unexpectedly positive economic data or seasonal factors might be leading to higher-than-forecast consumption. Finally, a reported drawdown in U.S. gasoline inventories would signal a tighter physical market, directly putting upward pressure on prices.

⟪FINAL⟫
{
  "hypotheses": [
    {
      "key": "opec_plus|extend_cut|production|up"
    },
    {
      "key": "united_states|sanction_impose|crude_oil|up"
    },
    {
      "key": "market|purchase|gasoline|up"
    },
    {
      "key": "eia|report_release|inventory|down"
    },
    {
      "key": "opec|production_cut|crude_oil|up"
    }
  ]
}
===== END RAW GENERATION =====
[DEBUG] parsed JSON: {"hypotheses": [{"key": "opec_plus|extend_cut|production|up"}, {"key": "united_states|sanction_impose|crude_oil|up"}, {"key": "market|purchase|gasoline|up"}, {"key": "eia|report_release|inventory|down"}, {"key": "opec|production_cut|crude_oil|up"}]}
['opec_plus', 'extend_cut', 'production', 'up']
['united_states', 'sanction_impose', 'crude_oil', 'up']
['market', 'purchase', 'gasoline', 'up']
['eia', 'report_release', 'inventory', 'down']
['opec', 'production_cut', 'crude_oil', 'up']
recall_all: 0.0 precision_all: 0.0
Labels:
['eia', 'report_release', 'price', 'up']
['market', 'price_change', 'gasoline', 'down']
['market', 'price_change', 'gasoline', 'up']
['market', 'price_change', 'price', 'up']
['api', 'report_release', 'price', 'up']
['eia', 'report_release', 'price', 'ambiguous']
['eia', 'report_release', 'price', 'down']
['market', 'price_change', 'natural_gas', 'down']
['united_states', 'report_release', 'price', 'up']

===== RAW GENERATION (decoded) =====
The observed trend in the data indicates a period of significant price volatility over the last three months. The time-series begins with a sharp decline from t0 to t3, suggesting a potential easing of supply constraints or a drop in demand. This was followed by a steady and robust recovery from t4 to t8, a pattern often associated with tightening market fundamentals, such as production cuts or increased seasonal demand. The subsequent plateau and gradual decline from t9 to t12, which continues into the current month's negative weekly changes (dOT), point towards a shift in this momentum. The four consecutive weeks of price drops in the current month (c0 to c3) suggest a developing bearish sentiment. This could be driven by factors such as a larger-than-expected build in gasoline inventories, indicating weaker-than-forecast consumption, or by macroeconomic data dampening the demand outlook. Alternatively, it could reflect market reactions to actual or anticipated changes in production policy from major suppliers.

⟪FINAL⟫
{
  "hypotheses": [
    {
      "key": "eia|report_release|inventory|up"
    },
    {
      "key": "market|forecast_lower|demand|down"
    },
    {
      "key": "opec_plus|production_raise|production|ambiguous"
    },
    {
      "key": "united_states|release|inventory|down"
    },
    {
      "key": "eia|forecast_lower|demand|down"
    }
  ]
}
===== END RAW GENERATION =====
[DEBUG] parsed JSON: {"hypotheses": [{"key": "eia|report_release|inventory|up"}, {"key": "market|forecast_lower|demand|down"}, {"key": "opec_plus|production_raise|production|ambiguous"}, {"key": "united_states|release|inventory|down"}, {"key": "eia|forecast_lower|demand|down"}]}
['eia', 'report_release', 'inventory', 'up']
['market', 'forecast_lower', 'demand', 'down']
['opec_plus', 'production_raise', 'production', 'ambiguous']
['united_states', 'release', 'inventory', 'down']
['eia', 'forecast_lower', 'demand', 'down']
recall_all: 0.0 precision_all: 0.0
Labels:
['market', 'price_change', 'price', 'down']
['market', 'price_change', 'price', 'up']
['eia', 'forecast_lower', 'price', 'down']
['eia', 'report_release', 'price', 'ambiguous']
['eia', 'report_release', 'price', 'up']
['market', 'price_change', 'gasoline', 'up']

===== RAW GENERATION (decoded) =====
The observed trend in the data indicates a period of initial price stability followed by a significant surge and subsequent correction within the current month. The broader context window shows a gradual upward trend from t0 to t4, suggesting underlying market tightness, potentially driven by seasonal demand increases or supply constraints. The peak at t4 (P=3.594) coincides with the start of the current month's data (c0: dP=+0.048), marking a potential inflection point. The subsequent sharp increase in c1 (dP=+0.063) strongly suggests a proximate, impactful event occurred around that time, such as a supply disruption or a significant bullish inventory report. The following two weeks (c2, c3) show a rapid price decline, indicating the market's reassessment of the initial shock, perhaps due to the release of countervailing information like higher-than-expected production or signs of weakening demand. The overall pattern of a sharp spike and swift retracement is characteristic of a market reacting to a transient event rather than a fundamental shift in supply-demand dynamics.

⟪FINAL⟫
{
  "hypotheses": [
    {
      "key": "eia|report_release|inventory|down"
    },
    {
      "key": "opec|production_cut|production|up"
    },
    {
      "key": "united_states|purchase|crude_oil|up"
    },
    {
      "key": "market|forecast_raise|demand|up"
    },
    {
      "key": "eia|report_release|inventory|up"
    }
  ]
}
===== END RAW GENERATION =====
[DEBUG] parsed JSON: {"hypotheses": [{"key": "eia|report_release|inventory|down"}, {"key": "opec|production_cut|production|up"}, {"key": "united_states|purchase|crude_oil|up"}, {"key": "market|forecast_raise|demand|up"}, {"key": "eia|report_release|inventory|up"}]}
['eia', 'report_release', 'inventory', 'down']
['opec', 'production_cut', 'production', 'up']
['united_states', 'purchase', 'crude_oil', 'up']
['market', 'forecast_raise', 'demand', 'up']
['eia', 'report_release', 'inventory', 'up']
recall_all: 0.0 precision_all: 0.0
Labels:
['eia', 'report_release', 'price', 'ambiguous']
['market', 'price_change', 'gasoline', 'up']
['market', 'price_change', 'price', 'down']
['opec_plus', 'production_cut', 'crude_oil', 'down']
['eia', 'report_release', 'price', 'down']
['market', 'price_change', 'natural_gas', 'down']
['united_states', 'price_change', 'diesel', 'up']

===== RAW GENERATION (decoded) =====
The observed trend in the data indicates a period of relative price stability or slight decline through most of the three-month window, followed by a distinct and sustained upward surge beginning in the latter weeks (t9 to t12). This suggests that underlying market fundamentals were relatively balanced initially, perhaps due to adequate supply meeting seasonal demand. The sharp upward break, which continues into the current month with three significant weekly increases (c0-c2), points to a significant shift in market dynamics. This is characteristic of a supply-side shock or a sudden, robust increase in demand that outstripped available supply. The price pressure showed its first sign of abating only in the most recent data point (c3), hinting that the market may be beginning to find a new equilibrium or that the initial shock is being absorbed. Potential drivers for such a sharp increase include geopolitical events constricting crude oil flows, unexpected production cuts from a major supplier like OPEC+, or stronger-than-anticipated economic data boosting demand forecasts. The subsequent slight decrease could reflect market anticipation of a corrective action, such as a strategic reserve release, or a reassessment of the initial bullish sentiment.

⟪FINAL⟫
{
  "hypotheses": [
    {
      "key": "opec_plus|extend_cut|production|up"
    },
    {
      "key": "eia|report_release|inventory|down"
    },
    {
      "key": "market|forecast_raise|demand|up"
    },
    {
      "key": "united_states|purchase|crude_oil|up"
    },
    {
      "key": "united_states|release|inventory|down"
    }
  ]
}
===== END RAW GENERATION =====
[DEBUG] parsed JSON: {"hypotheses": [{"key": "opec_plus|extend_cut|production|up"}, {"key": "eia|report_release|inventory|down"}, {"key": "market|forecast_raise|demand|up"}, {"key": "united_states|purchase|crude_oil|up"}, {"key": "united_states|release|inventory|down"}]}
['opec_plus', 'extend_cut', 'production', 'up']
['eia', 'report_release', 'inventory', 'down']
['market', 'forecast_raise', 'demand', 'up']
['united_states', 'purchase', 'crude_oil', 'up']
['united_states', 'release', 'inventory', 'down']
recall_all: 0.0 precision_all: 0.0
Labels:
['market', 'price_change', 'price', 'down']
['eia', 'report_release', 'price', 'down']
['opec_plus', 'production_cut', 'crude_oil', 'down']
['eia', 'forecast_lower', 'price', 'down']
['eia', 'report_release', 'price', 'up']
['market', 'price_change', 'crude_oil', 'down']
['market', 'price_change', 'gasoline', 'up']
['market', 'price_change', 'price', 'up']

===== RAW GENERATION (decoded) =====
The observed trend in the data indicates a period of sustained price increases from t4 to t7, followed by a notable reversal and stabilization at a lower level. The initial upward pressure likely reflects tightening market fundamentals, potentially driven by seasonal demand increases or geopolitical supply constraints. The subsequent decline, particularly the sharp drops in the current month (c0 and c1), suggests a significant shift in market sentiment or fundamentals. This could be attributed to bearish macroeconomic data, such as higher-than-expected inflation or interest rate concerns, dampening demand outlook. Alternatively, it may reflect a market response to concrete supply-side developments, such as the release of strategic petroleum reserves or an unexpected increase in refinery output and inventory builds, alleviating previous tightness. The minimal changes in the latter part of the current month (c2, c3, c4) point towards a market searching for a new equilibrium after the initial corrective sell-off.

⟪FINAL⟫{
  "hypotheses": [
    {
      "key": "eia|report_release|inventory|up"
    },
    {
      "key": "united_states|release|inventory|ambiguous"
    },
    {
      "key": "market|forecast_lower|demand|down"
    },
    {
      "key": "opec_plus|production_raise|production|ambiguous"
    },
    {
      "key": "eia|report_release|gasoline|up"
    }
  ]
}
===== END RAW GENERATION =====
[DEBUG] parsed JSON: {"hypotheses": [{"key": "eia|report_release|inventory|up"}, {"key": "united_states|release|inventory|ambiguous"}, {"key": "market|forecast_lower|demand|down"}, {"key": "opec_plus|production_raise|production|ambiguous"}, {"key": "eia|report_release|gasoline|up"}]}
['eia', 'report_release', 'inventory', 'up']
['united_states', 'release', 'inventory', 'ambiguous']
['market', 'forecast_lower', 'demand', 'down']
['opec_plus', 'production_raise', 'production', 'ambiguous']
['eia', 'report_release', 'gasoline', 'up']
recall_all: 0.0 precision_all: 0.0
Labels:
['market', 'price_change', 'price', 'down']
['eia', 'report_release', 'inventory', 'down']
['eia', 'report_release', 'price', 'down']
['market', 'price_change', 'price', 'up']

===== RAW GENERATION (decoded) =====
The observed trend in the data indicates a period of initial price consolidation followed by a recent uptick in volatility. Over the last three months, prices climbed from a low near $3.60 to a peak of $3.77, suggesting underlying supply constraints or rising crude oil costs. This was followed by a steady decline and a period of remarkable stability, with prices hovering around $3.65 for several weeks, which typically points to a balanced market. However, the current month's data breaks this equilibrium, showing significant weekly fluctuations. The initial sharp drop (c0: -0.029) could reflect a market reaction to a bearish inventory report or demand concerns. The subsequent large increase (c1: +0.052) is a strong indicator of a supply-side shock or a sudden shift in market sentiment, potentially driven by geopolitical events or unexpected production disruptions. The final two weeks show a resumption of a slight downward trend, suggesting the initial shock may be normalizing or that bearish factors like high inventory levels are reasserting themselves as the primary market drivers.

⟪FINAL⟫{
  "hypotheses": [
    {
      "key": "eia|report_release|inventory|up"
    },
    {
      "key": "opec_plus|extend_cut|production|ambiguous"
    },
    {
      "key": "united_states|purchase|crude_oil|up"
    },
    {
      "key": "market|forecast_raise|demand|up"
    },
    {
      "key": "eia|report_release|inventory|down"
    }
  ]
}
===== END RAW GENERATION =====
[DEBUG] parsed JSON: {"hypotheses": [{"key": "eia|report_release|inventory|up"}, {"key": "opec_plus|extend_cut|production|ambiguous"}, {"key": "united_states|purchase|crude_oil|up"}, {"key": "market|forecast_raise|demand|up"}, {"key": "eia|report_release|inventory|down"}]}
['eia', 'report_release', 'inventory', 'up']
['opec_plus', 'extend_cut', 'production', 'ambiguous']
['united_states', 'purchase', 'crude_oil', 'up']
['market', 'forecast_raise', 'demand', 'up']
['eia', 'report_release', 'inventory', 'down']
recall_all: 0.041666666666666664 precision_all: 0.06666666666666667
Labels:
['eia', 'report_release', 'inventory', 'up']
['market', 'price_change', 'price', 'up']
['eia', 'report_release', 'inventory', 'down']
['united_states', 'report_release', 'inventory', 'down']
['united_states', 'report_release', 'price', 'up']

===== RAW GENERATION (decoded) =====
The observed trend in the data indicates a period of relative stability followed by a significant upward surge in gasoline prices. The initial three-month context window (t0-t11) shows prices oscillating within a narrow band around $3.67, suggesting a balanced market. However, the final price in that window (t12 at $3.869) represents a sharp break from this pattern. This inflection point aligns with the start of the current month's data (c0-c4), where after a slight initial dip, consistent weekly increases culminate in a substantial jump of +$0.158 in the final week. This pattern strongly suggests a fundamental shift in market dynamics occurring around the transition from the broader context period into the current month, likely triggered by a supply-side shock or a significant upward revision in demand forecasts. The initial dip (c0) may reflect a temporary market correction or reaction to preliminary data, but the subsequent sustained rise points to a tightening market. Potential drivers include geopolitical events impacting oil production, strategic inventory decisions by major consumers like the United States, or pivotal data releases from authoritative bodies like the EIA that revised market expectations upward.

⟪FINAL⟫
{
  "hypotheses": [
    {
      "key": "opec_plus|extend_cut|production|up"
    },
    {
      "key": "eia|report_release|inventory|down"
    },
    {
      "key": "united_states|purchase|crude_oil|up"
    },
    {
      "key": "eia|forecast_raise|demand|up"
    },
    {
      "key": "market|price_change|brent|up"
    }
  ]
}
===== END RAW GENERATION =====
[DEBUG] parsed JSON: {"hypotheses": [{"key": "opec_plus|extend_cut|production|up"}, {"key": "eia|report_release|inventory|down"}, {"key": "united_states|purchase|crude_oil|up"}, {"key": "eia|forecast_raise|demand|up"}, {"key": "market|price_change|brent|up"}]}
['opec_plus', 'extend_cut', 'production', 'up']
['eia', 'report_release', 'inventory', 'down']
['united_states', 'purchase', 'crude_oil', 'up']
['eia', 'forecast_raise', 'demand', 'up']
['market', 'price_change', 'brent', 'up']
recall_all: 0.09285714285714286 precision_all: 0.08571428571428573
Labels:
['market', 'price_change', 'price', 'up']
['market', 'price_change', 'gasoline', 'up']
['api', 'report_release', 'price', 'up']
['eia', 'report_release', 'inventory', 'up']
['eia', 'report_release', 'price', 'up']
['market', 'price_change', 'crude_oil', 'up']

===== RAW GENERATION (decoded) =====
The observed trend in the data indicates a period of initial price stability followed by a significant and sustained upward surge in gasoline prices over the last three months. The initial phase (t0-t6) shows prices fluctuating within a very tight band, suggesting a balanced market with stable supply and demand. The decisive shift begins at t7, with prices embarking on a steep, nearly uninterrupted climb for five consecutive weeks (t7-t11), adding over 30 cents per gallon. This pattern is characteristic of a supply shock or a significant shift in market sentiment, likely triggered by geopolitical tensions or coordinated production constraints that tightened global crude oil supply, the primary cost component of gasoline. The subsequent slight pullback at t12, followed by the current month's data showing initial strong gains (c0-c2) tapering into a decline (c3), suggests the market is digesting the earlier rally. The recent volatility could reflect traders taking profits, the market pricing in the completion of a bullish cycle, or the arrival of new data indicating a potential easing of the previously tight fundamentals.

⟪FINAL⟫
{
  "hypotheses": [
    {
      "key": "opec_plus|extend_cut|production|up"
    },
    {
      "key": "eia|report_release|inventory|down"
    },
    {
      "key": "united_states|purchase|crude_oil|up"
    },
    {
      "key": "market|forecast_raise|price|up"
    },
    {
      "key": "eia|report_release|inventory|up"
    }
  ]
}
===== END RAW GENERATION =====
[DEBUG] parsed JSON: {"hypotheses": [{"key": "opec_plus|extend_cut|production|up"}, {"key": "eia|report_release|inventory|down"}, {"key": "united_states|purchase|crude_oil|up"}, {"key": "market|forecast_raise|price|up"}, {"key": "eia|report_release|inventory|up"}]}
['opec_plus', 'extend_cut', 'production', 'up']
['eia', 'report_release', 'inventory', 'down']
['united_states', 'purchase', 'crude_oil', 'up']
['market', 'forecast_raise', 'price', 'up']
['eia', 'report_release', 'inventory', 'up']
recall_all: 0.10208333333333333 precision_all: 0.125
Labels:
['market', 'price_change', 'price', 'up']
['united_states', 'price_change', 'gasoline', 'up']
['eia', 'forecast_raise', 'price', 'up']
['eia', 'report_release', 'forecast', 'up']
['eia', 'report_release', 'inventory', 'down']
['eia', 'report_release', 'price', 'up']
['market', 'price_change', 'crude_oil', 'up']
['market', 'price_change', 'gasoline', 'up']
['market', 'price_change', 'price', 'down']

===== RAW GENERATION (decoded) =====
The observed trend in the data indicates a period of sustained price increases over the last three months, followed by a period of volatility and a potential peak in the current month. The consistent upward trajectory from t0 to t7 suggests a tightening market, likely driven by factors such as seasonal demand increases, refinery maintenance, or broader geopolitical tensions affecting crude oil supply. The peak at t7 (P=3.984) and the subsequent slight decline and stabilization (t8 to t12) imply a market that is finding a new equilibrium. The current month's data (dOT) shows significant volatility with a sharp rise (c2: +0.060) immediately followed by a notable drop (c3: -0.038). This pattern is characteristic of a market reacting to new, high-frequency information. The initial surge could reflect a supply shock or a bullish market report, while the subsequent sharp decline suggests a countervailing event, such as a bearish inventory report indicating higher-than-expected supply or a downward revision in demand forecasts, effectively cooling the previous rally.

⟪FINAL⟫
{
  "hypotheses": [
    {
      "key": "eia|report_release|inventory|down"
    },
    {
      "key": "opec_plus|production_cut|production|ambiguous"
    },
    {
      "key": "market|forecast_lower|demand|down"
    },
    {
      "key": "united_states|release|inventory|down"
    },
    {
      "key": "eia|report_release|forecast|down"
    }
  ]
}
===== END RAW GENERATION =====
[DEBUG] parsed JSON: {"hypotheses": [{"key": "eia|report_release|inventory|down"}, {"key": "opec_plus|production_cut|production|ambiguous"}, {"key": "market|forecast_lower|demand|down"}, {"key": "united_states|release|inventory|down"}, {"key": "eia|report_release|forecast|down"}]}
['eia', 'report_release', 'inventory', 'down']
['opec_plus', 'production_cut', 'production', 'ambiguous']
['market', 'forecast_lower', 'demand', 'down']
['united_states', 'release', 'inventory', 'down']
['eia', 'report_release', 'forecast', 'down']
recall_all: 0.11543209876543209 precision_all: 0.15555555555555556
Labels:
['market', 'price_change', 'gasoline', 'down']
['market', 'price_change', 'price', 'down']
['eia', 'report_release', 'price', 'down']
['united_states', 'report_release', 'price', 'down']
['eia', 'report_release', 'production', 'up']
['united_states', 'price_change', 'gasoline', 'down']
['united_states', 'production_raise', 'crude_oil', 'up']

===== RAW GENERATION (decoded) =====
The observed trend in the data indicates a significant and sustained decline in gasoline prices over the most recent month, following a period of relative stability and slight volatility in the preceding weeks. The initial context window (t0-t8) shows prices fluctuating within a very tight band around $3.94, suggesting a balanced market. The downturn begins at t9 ($3.814) and accelerates sharply through t12 ($3.600). The current month's differentials (dOT: c0-c4) confirm this bearish momentum, with four out of five weeks showing substantial negative changes. This pattern is characteristic of a market responding to a fundamental shift in supply and demand dynamics. Plausible real-world causes include a combination of increased refinery output maximizing gasoline production, a notable build in inventory levels suggesting weaker-than-expected consumption, and a potential downturn in global crude oil prices, which serves as the primary input cost for gasoline. The severity and consistency of the drop point to concrete market-moving events rather than mere seasonal adjustment.

⟪FINAL⟫
{
  "hypotheses": [
    {
      "key": "eia|report_release|inventory|up"
    },
    {
      "key": "united_states|release|inventory|down"
    },
    {
      "key": "market|forecast_lower|demand|down"
    },
    {
      "key": "opec_plus|production_raise|production|up"
    },
    {
      "key": "market|price_change|crude_oil|down"
    }
  ]
}
===== END RAW GENERATION =====
[DEBUG] parsed JSON: {"hypotheses": [{"key": "eia|report_release|inventory|up"}, {"key": "united_states|release|inventory|down"}, {"key": "market|forecast_lower|demand|down"}, {"key": "opec_plus|production_raise|production|up"}, {"key": "market|price_change|crude_oil|down"}]}
['eia', 'report_release', 'inventory', 'up']
['united_states', 'release', 'inventory', 'down']
['market', 'forecast_lower', 'demand', 'down']
['opec_plus', 'production_raise', 'production', 'up']
['market', 'price_change', 'crude_oil', 'down']
recall_all: 0.10388888888888888 precision_all: 0.13999999999999999
Labels:
['market', 'price_change', 'price', 'down']
['market', 'price_change', 'gasoline', 'down']
['market', 'price_change', 'crude_oil', 'down']
['united_states', 'price_change', 'gasoline', 'down']
['united_states', 'production_raise', 'crude_oil', 'up']
['united_states', 'report_release', 'inventory', 'down']
['united_states', 'report_release', 'production', 'up']

===== RAW GENERATION (decoded) =====
The observed trend in the data indicates a consistent downward trajectory in gasoline prices over the last three months, following a period of initial volatility. The initial context window (t0-t4) shows prices hovering near a peak before a sharp decline begins at t5 and accelerates through the current month. This sustained decrease suggests a significant shift in market fundamentals, likely driven by a combination of falling crude oil input costs and weakening demand. The rate of decline softened slightly in the most recent week (c0 to c3 showing smaller weekly changes than the sharp drops of t8-t10), hinting that the market might be finding a new, lower equilibrium. The pattern is characteristic of a market responding to increased supply availability—potentially from higher-than-expected production or inventory builds—coupled with seasonal or economic pressures reducing consumption.

⟪FINAL⟫
{
  "hypotheses": [
    {
      "key": "eia|report_release|inventory|up"
    },
    {
      "key": "opec_plus|production_raise|production|ambiguous"
    },
    {
      "key": "united_states|release|crude_oil|down"
    },
    {
      "key": "market|forecast_lower|demand|down"
    },
    {
      "key": "united_states|purchase|gasoline|down"
    }
]
}
===== END RAW GENERATION =====
[DEBUG] parsed JSON: {"hypotheses": [{"key": "eia|report_release|inventory|up"}, {"key": "opec_plus|production_raise|production|ambiguous"}, {"key": "united_states|release|crude_oil|down"}, {"key": "market|forecast_lower|demand|down"}, {"key": "united_states|purchase|gasoline|down"}]}
['eia', 'report_release', 'inventory', 'up']
['opec_plus', 'production_raise', 'production', 'ambiguous']
['united_states', 'release', 'crude_oil', 'down']
['market', 'forecast_lower', 'demand', 'down']
['united_states', 'purchase', 'gasoline', 'down']
recall_all: 0.09444444444444443 precision_all: 0.12727272727272726
Labels:
['market', 'price_change', 'price', 'down']
['market', 'price_change', 'price', 'up']
['united_states', 'price_change', 'gasoline', 'down']
['eia', 'report_release', 'price', 'down']
['market', 'price_change', 'gasoline', 'down']
['united_states', 'price_change', 'natural_gas', 'down']
['united_states', 'production_raise', 'crude_oil', 'up']

===== RAW GENERATION (decoded) =====
The observed trend in the data indicates a period of significant price volatility followed by stabilization. The broader three-month context window shows a consistent and pronounced decline in gasoline prices, falling from a high near $3.93 to around $3.24, suggesting a period of market rebalancing potentially driven by factors like increased refinery output, weaker-than-expected demand, or releases from strategic petroleum reserves. However, the current month's weekly deviations reveal a critical inflection point. After three weeks of continued, albeit slowing, price declines, the final week shows a notable price increase (+0.062). This reversal likely signifies a shift in market fundamentals, possibly triggered by real-time events such as an unexpected inventory draw, geopolitical tensions affecting crude supply, or a recalibration of production policy by a major supplier in response to the preceding price slump.

⟪FINAL⟫
```json
{
  "hypotheses": [
    {
      "key": "eia|report_release|inventory|down"
    },
    {
      "key": "opec|production_cut|production|up"
    },
    {
      "key": "united_states|release|inventory|down"
    },
    {
      "key": "market|forecast_raise|demand|up"
    },
    {
      "key": "opec_plus|extend_cut|production|up"
    }
  ]
}
```
===== END RAW GENERATION =====
[DEBUG] parsed JSON: {"hypotheses": [{"key": "eia|report_release|inventory|down"}, {"key": "opec|production_cut|production|up"}, {"key": "united_states|release|inventory|down"}, {"key": "market|forecast_raise|demand|up"}, {"key": "opec_plus|extend_cut|production|up"}]}
['eia', 'report_release', 'inventory', 'down']
['opec', 'production_cut', 'production', 'up']
['united_states', 'release', 'inventory', 'down']
['market', 'forecast_raise', 'demand', 'up']
['opec_plus', 'extend_cut', 'production', 'up']
recall_all: 0.08657407407407407 precision_all: 0.11666666666666665
Labels:
['market', 'price_change', 'price', 'up']
['eia', 'report_release', 'price', 'down']
['market', 'price_change', 'price', 'down']
['united_states', 'price_change', 'gasoline', 'down']
['eia', 'forecast_lower', 'price', 'down']
['eia', 'forecast_raise', 'production', 'up']

===== RAW GENERATION (decoded) =====
The observed trend in the data indicates a period of sustained decline in gasoline prices over the last three months, followed by a potential reversal and stabilization in the most recent weeks. The initial drop from t0 (3.520) to t6 (3.176) suggests a period of well-supplied markets or weakening demand, potentially driven by factors like increased refinery output or seasonal demand troughs. The subsequent minor increases at t7 and t12, and particularly the shift in the current month's differentials (dOT), are the most analytically significant. The current month data begins with continued price erosion (c0 to c2: -0.025, -0.016, -0.018) but is sharply interrupted by a substantial price jump in the final week (c4: +0.033). This inflection point strongly suggests a sudden, material change in market fundamentals within that specific week. Plausible real-world catalysts for such a reversal include a bullish inventory report showing a larger-than-expected draw on gasoline stocks, a geopolitical or production disruption that caused a spike in crude oil—the primary input cost for gasoline—or a shift in refinery utilization rates affecting supply.

⟪FINAL⟫
{
  "hypotheses": [
    {
      "key": "eia|report_release|inventory|down"
    },
    {
      "key": "opec_plus|extend_cut|production|up"
    },
    {
      "key": "market|production_cut|crude_oil|up"
    },
    {
      "key": "united_states|purchase|crude_oil|up"
    },
    {
      "key": "eia|forecast_raise|price|up"
    }
  ]
}
===== END RAW GENERATION =====
[DEBUG] parsed JSON: {"hypotheses": [{"key": "eia|report_release|inventory|down"}, {"key": "opec_plus|extend_cut|production|up"}, {"key": "market|production_cut|crude_oil|up"}, {"key": "united_states|purchase|crude_oil|up"}, {"key": "eia|forecast_raise|price|up"}]}
['eia', 'report_release', 'inventory', 'down']
['opec_plus', 'extend_cut', 'production', 'up']
['market', 'production_cut', 'crude_oil', 'up']
['united_states', 'purchase', 'crude_oil', 'up']
['eia', 'forecast_raise', 'price', 'up']
recall_all: 0.07991452991452991 precision_all: 0.10769230769230768
Labels:
['eia', 'report_release', 'inventory', 'up']
['market', 'price_change', 'crude_oil', 'down']
['market', 'price_change', 'price', 'down']
['eia', 'report_release', 'price', 'ambiguous']
['eia', 'report_release', 'price', 'up']
['market', 'price_change', 'crude_oil', 'up']
['market', 'price_change', 'gasoline', 'up']
['market', 'price_change', 'natural_gas', 'down']
['market', 'price_change', 'price', 'up']

===== RAW GENERATION (decoded) =====
### Reasoning Paragraph

The observed trend in the data indicates a clear inflection point from a period of general price stability into a new phase of significant volatility and upward pressure. The context window shows gasoline prices declining steadily from t0 to t6, suggesting a well-supplied market or subdued demand. This trend reversed at t7, marking a bottom, and was followed by a sharp and sustained rally through t11. This price surge, representing an increase of over 6% in just five weeks, is characteristic of a supply shock or a sudden, significant shift in market fundamentals. The subsequent slight pullback at t12 suggests the market is digesting these new price levels. The current month's data (c0-c3) captures the tail end of this rally and the beginning of its correction. The three consecutive weekly increases (c0-c2) are substantial and likely driven by a major geopolitical event, a fundamental supply disruption, or a decisive policy action that tightened physical market balances. The negative change in c3, while small, hints at a market response, such as the release of strategic stocks or a reassessment of the initial event's long-term impact, beginning to apply downward pressure.

⟪FINAL⟫
{
  "hypotheses": [
    {
      "key": "opec_plus|extend_cut|production|up"
    },
    {
      "key": "united_states|purchase|crude_oil|up"
    },
    {
      "key": "eia|report_release|inventory|down"
    },
    {
      "key": "market|forecast_raise|price|up"
    },
    {
      "key": "united_states|release|inventory|down"
    }
  ]
}
===== END RAW GENERATION =====
[DEBUG] parsed JSON: {"hypotheses": [{"key": "opec_plus|extend_cut|production|up"}, {"key": "united_states|purchase|crude_oil|up"}, {"key": "eia|report_release|inventory|down"}, {"key": "market|forecast_raise|price|up"}, {"key": "united_states|release|inventory|down"}]}
['opec_plus', 'extend_cut', 'production', 'up']
['united_states', 'purchase', 'crude_oil', 'up']
['eia', 'report_release', 'inventory', 'down']
['market', 'forecast_raise', 'price', 'up']
['united_states', 'release', 'inventory', 'down']
recall_all: 0.08214285714285714 precision_all: 0.11428571428571428
Labels:
['eia', 'report_release', 'price', 'up']
['eia', 'report_release', 'price', 'down']
['united_states', 'price_change', 'gasoline', 'up']
['eia', 'forecast_lower', 'price', 'down']
['eia', 'report_release', 'inventory', 'down']
['market', 'price_change', 'crude_oil', 'up']
['market', 'price_change', 'gasoline', 'up']
['market', 'price_change', 'natural_gas', 'down']
['market', 'price_change', 'price', 'up']
['united_states', 'report_release', 'price', 'up']

===== RAW GENERATION (decoded) =====
The observed trend in the data indicates a period of sustained and accelerating price increases for U.S. gasoline over the current month. The context window shows prices were relatively stable or even declining in the preceding months before beginning a steady climb from t6 onward. The current month's data (dOT), representing the most recent and sharpest increases, shows consistent weekly jumps, with the largest single increase occurring at the start of the month. This pattern suggests a significant shift in market fundamentals, likely driven by a tightening of supply relative to demand. The magnitude and persistence of the increases point beyond normal seasonal fluctuations and imply a structural shock to the market. Plausible drivers include coordinated production cuts from major oil-exporting nations, which constrict global crude supply—the primary input for gasoline. Additionally, unplanned refinery outages or geopolitical events disrupting crude flows could have exacerbated the supply crunch. Concurrently, a bullish report from a major authority like the EIA, revising demand forecasts upward or reporting a substantial drawdown in gasoline inventories, would validate and amplify the upward price pressure by signaling a tighter market than previously anticipated.

⟪FINAL⟫
{
  "hypotheses": [
    {
      "key": "opec_plus|extend_cut|production|up"
    },
    {
      "key": "eia|report_release|inventory|down"
    },
    {
      "key": "united_states|purchase|crude_oil|up"
    },
    {
      "key": "market|forecast_raise|demand|up"
    },
    {
      "key": "eia|report_release|gasoline|down"
    }
  ]
}
===== END RAW GENERATION =====
[DEBUG] parsed JSON: {"hypotheses": [{"key": "opec_plus|extend_cut|production|up"}, {"key": "eia|report_release|inventory|down"}, {"key": "united_states|purchase|crude_oil|up"}, {"key": "market|forecast_raise|demand|up"}, {"key": "eia|report_release|gasoline|down"}]}
['opec_plus', 'extend_cut', 'production', 'up']
['eia', 'report_release', 'inventory', 'down']
['united_states', 'purchase', 'crude_oil', 'up']
['market', 'forecast_raise', 'demand', 'up']
['eia', 'report_release', 'gasoline', 'down']
recall_all: 0.08333333333333333 precision_all: 0.11999999999999998
Labels:
['united_states', 'price_change', 'gasoline', 'up']
['market', 'price_change', 'natural_gas', 'down']
['market', 'price_change', 'price', 'up']
['united_states', 'report_release', 'price', 'up']

===== RAW GENERATION (decoded) =====
### Reasoning Paragraph

The observed trend in the data indicates a period of sustained price increases followed by a potential inflection point. Over the last three months, gasoline prices rose consistently from \$3.254 to \$3.791, a clear upward trajectory driven by typical market pressures such as rising crude oil costs, seasonal demand increases, and potential refinery constraints. However, the data for the current month reveals a critical shift: after three weeks of significant weekly increases (+0.076, +0.039, +0.040), the final week shows a slight decline (-0.014). This reversal suggests that the previous bullish factors may have been counterbalanced by new, bearish developments emerging in the most recent reporting period. The pattern implies a potential response to real-time events that altered the supply-demand balance, such as an unexpected build in gasoline inventories alleviating supply concerns, a change in production policy from a major supplier, or a downward revision in demand forecasts that cooled market sentiment.

⟪FINAL⟫
{
  "hypotheses": [
    {
      "key": "eia|report_release|inventory|up"
    },
    {
      "key": "opec_plus|production_raise|production|ambiguous"
    },
    {
      "key": "market|forecast_lower|demand|down"
    },
    {
      "key": "united_states|release|inventory|down"
    },
    {
      "key": "eia|forecast_lower|forecast|down"
    }
  ]
}
===== END RAW GENERATION =====
[DEBUG] parsed JSON: {"hypotheses": [{"key": "eia|report_release|inventory|up"}, {"key": "opec_plus|production_raise|production|ambiguous"}, {"key": "market|forecast_lower|demand|down"}, {"key": "united_states|release|inventory|down"}, {"key": "eia|forecast_lower|forecast|down"}]}
['eia', 'report_release', 'inventory', 'up']
['opec_plus', 'production_raise', 'production', 'ambiguous']
['market', 'forecast_lower', 'demand', 'down']
['united_states', 'release', 'inventory', 'down']
['eia', 'forecast_lower', 'forecast', 'down']
recall_all: 0.078125 precision_all: 0.11249999999999999
