Labels:
['market', 'price_change', 'price', 'up']
['eia', 'forecast_lower', 'price', 'down']
['eia', 'report_release', 'price', 'down']
['eia', 'report_release', 'price', 'up']
['eia', 'forecast_raise', 'price', 'up']
['eia', 'report_release', 'export', 'up']
['eia', 'report_release', 'production', 'ambiguous']
['eia', 'report_release', 'production', 'up']
['market', 'price_change', 'crude_oil', 'up']
['market', 'price_change', 'price', 'down']
['united_states', 'price_change', 'gasoline', 'up']
['united_states', 'report_release', 'price', 'up']

===== RAW GENERATION (decoded) =====
The observed trend in the data indicates a shift from a downward to an upward trajectory in U.S. gasoline prices. Initially, prices decreased, possibly due to increased supply or reduced demand. However, the current month shows a consistent upward movement, suggesting factors like production cuts, lower inventories, or geopolitical tensions. These elements could have influenced the market, leading to higher prices.

⟪FINAL⟫{
  "hypotheses": [
    {
      "key": "eia|report_release|inventory|down"
    },
    {
      "key": "opec|production_cut|production|down"
    },
    {
      "key": "united_states|sanction_impose|export|down"
    },
    {
      "key": "market|forecast_raise|forecast|up"
    },
    {
      "key": "eia|forecast_lower|production|down"
    }
  ]
}
===== END RAW GENERATION =====
[DEBUG] parsed JSON: {"hypotheses": [{"key": "eia|report_release|inventory|down"}, {"key": "opec|production_cut|production|down"}, {"key": "united_states|sanction_impose|export|down"}, {"key": "market|forecast_raise|forecast|up"}, {"key": "eia|forecast_lower|production|down"}]}
['eia', 'report_release', 'inventory', 'down']
['opec', 'production_cut', 'production', 'down']
['united_states', 'sanction_impose', 'export', 'down']
['market', 'forecast_raise', 'forecast', 'up']
['eia', 'forecast_lower', 'production', 'down']
recall_all: 0.0 precision_all: 0.0
Labels:
['eia', 'report_release', 'price', 'up']
['market', 'price_change', 'gasoline', 'down']
['market', 'price_change', 'gasoline', 'up']
['market', 'price_change', 'price', 'up']
['api', 'report_release', 'price', 'up']
['eia', 'report_release', 'price', 'ambiguous']
['eia', 'report_release', 'price', 'down']
['market', 'price_change', 'natural_gas', 'down']
['united_states', 'report_release', 'price', 'up']

===== RAW GENERATION (decoded) =====
The observed trend in the data indicates a downward movement in U.S. gasoline prices over the current month, following a historical period of fluctuation. This decline could be attributed to increased supply dynamics, potentially influenced by production adjustments or inventory reports. Geopolitical factors, such as sanctions being lifted or export bans removed, could also contribute to higher global oil supply, thereby lowering prices.

The reasoning suggests that the downward trend is likely due to factors increasing supply, such as production hikes or inventory releases, which would lower gasoline prices.

**Step-by-Step Explanation:**

1. **Historical Context:** Gasoline prices initially decreased, then increased, suggesting market volatility.
2. **Current Trend:** Prices are decreasing, indicating a surplus or reduced demand.
3. **Supply Factors:** Increased production by OPEC+, U.S., or lifted sanctions/export bans could boost supply.
4. **Market Reports:** EIA reports on higher inventories could signal ample supply, affecting prices.

**Hypotheses:**

1. OPEC_Plus increased production, boosting crude oil supply.
2. EIA reported higher inventories, indicating ample supply.
3. The U.S. increased oil production, contributing to supply growth.
4. Sanctions were lifted on an oil-producing country, enhancing global supply.
5. An export ban was lifted, increasing oil availability.

```json
{
  "hypotheses": [
    {
      "key": "OPEC_Plus|production_raise|crude_oil|up"
    },
    {
      "key": "EIA|report_release|inventory|up"
    },
    {
      "key": "united_states|production_raise|crude_oil|up"
    },
    {
      "key": "united_states|sanction_impose|crude_oil|down"
    },
    {
      "key": "united_states|export_ban_lift|crude_oil|up"
    }
  ]
}
```
===== END RAW GENERATION =====
[DEBUG] parsed JSON: {"hypotheses": [{"key": "OPEC_Plus|production_raise|crude_oil|up"}, {"key": "EIA|report_release|inventory|up"}, {"key": "united_states|production_raise|crude_oil|up"}, {"key": "united_states|sanction_impose|crude_oil|down"}, {"key": "united_states|export_ban_lift|crude_oil|up"}]}
['OPEC_Plus', 'production_raise', 'crude_oil', 'up']
['EIA', 'report_release', 'inventory', 'up']
['united_states', 'production_raise', 'crude_oil', 'up']
['united_states', 'sanction_impose', 'crude_oil', 'down']
['united_states', 'export_ban_lift', 'crude_oil', 'up']
recall_all: 0.0 precision_all: 0.0
Labels:
['market', 'price_change', 'price', 'down']
['market', 'price_change', 'price', 'up']
['eia', 'forecast_lower', 'price', 'down']
['eia', 'report_release', 'price', 'ambiguous']
['eia', 'report_release', 'price', 'up']
['market', 'price_change', 'gasoline', 'up']

===== RAW GENERATION (decoded) =====
The observed trend in the data indicates a fluctuation in U.S. gasoline prices over the past few months, with an initial increase followed by a decrease in the current month. The first two weeks of the month saw a rise in prices, possibly due to higher demand from summer travel or supply disruptions. The subsequent decrease could be attributed to increased supply, such as higher inventories reported by the EIA, or the resolution of supply issues. Additionally, OPEC+ production cuts might have initially driven prices up, while the EIA report on higher inventories could have contributed to the price decline.

The plausible real-time events that occurred within the current month are:

1. OPEC+ implemented a production cut, leading to higher gasoline prices.
2. The EIA released a report showing increased gasoline inventories, causing prices to drop.
3. The U.S. released strategic petroleum reserves, increasing supply and lowering prices.
4. The U.S. increased gasoline purchases, temporarily boosting demand and prices.
5. Sanctions were imposed on a major oil supplier, initially raising prices, but later lifted or compensated for, leading to a decrease.

These events collectively explain the observed fluctuations in gasoline prices.

```json
{
  "hypotheses": [
    {
      "key": "opec_plus|production_cut|gasoline|up"
    },
    {
      "key": "eia|report_release|inventory|up"
    },
    {
      "key": "united_states|release|inventory|down"
    },
    {
      "key": "united_states|purchase|gasoline|up"
    },
    {
      "key": "united_states|sanction_impose|crude_oil|up"
    }
  ]
}
```
===== END RAW GENERATION =====
[DEBUG] parsed JSON: {"hypotheses": [{"key": "opec_plus|production_cut|gasoline|up"}, {"key": "eia|report_release|inventory|up"}, {"key": "united_states|release|inventory|down"}, {"key": "united_states|purchase|gasoline|up"}, {"key": "united_states|sanction_impose|crude_oil|up"}]}
['opec_plus', 'production_cut', 'gasoline', 'up']
['eia', 'report_release', 'inventory', 'up']
['united_states', 'release', 'inventory', 'down']
['united_states', 'purchase', 'gasoline', 'up']
['united_states', 'sanction_impose', 'crude_oil', 'up']
recall_all: 0.0 precision_all: 0.0
Labels:
['eia', 'report_release', 'price', 'ambiguous']
['market', 'price_change', 'gasoline', 'up']
['market', 'price_change', 'price', 'down']
['opec_plus', 'production_cut', 'crude_oil', 'down']
['eia', 'report_release', 'price', 'down']
['market', 'price_change', 'natural_gas', 'down']
['united_states', 'price_change', 'diesel', 'up']

===== RAW GENERATION (decoded) =====
The observed trend in the data indicates a complex interplay of factors affecting U.S. gasoline prices. Initially, prices decreased, possibly due to increased supply or decreased demand, which could be linked to actions by OPEC+ or EIA reports on inventories. Subsequently, prices rose, suggesting factors like production cuts by OPEC+, geopolitical events, or EIA forecasts of lower production. The slight decrease in the last week of the current month might be attributed to the release of strategic reserves, increasing supply and temporarily lowering prices.

The reasoning path connects the observed pattern to possible events such as OPEC+ production adjustments, EIA report releases, and strategic reserve actions. These events would influence supply and demand dynamics, thereby affecting gasoline prices.

The hypotheses are as follows:

1. OPEC+ implemented production cuts, leading to higher prices.
2. EIA released a report forecasting lower production, causing prices to rise.
3. The U.S. released strategic reserves, increasing supply and slightly lowering prices.

These events align with the observed trends in the data.

```json
{
  "hypotheses": [
    {
      "key": "opec_plus|production_cut|production|up"
    },
    {
      "key": "eia|report_release|forecast|lower"
    },
    {
      "key": "united_states|release|inventory|down"
    }
  ]
}
```
===== END RAW GENERATION =====
[DEBUG] parsed JSON: {"hypotheses": [{"key": "opec_plus|production_cut|production|up"}, {"key": "eia|report_release|forecast|lower"}, {"key": "united_states|release|inventory|down"}]}
['opec_plus', 'production_cut', 'production', 'up']
['eia', 'report_release', 'forecast', 'lower']
['united_states', 'release', 'inventory', 'down']
recall_all: 0.0 precision_all: 0.0
Labels:
['market', 'price_change', 'price', 'down']
['eia', 'report_release', 'price', 'down']
['opec_plus', 'production_cut', 'crude_oil', 'down']
['eia', 'forecast_lower', 'price', 'down']
['eia', 'report_release', 'price', 'up']
['market', 'price_change', 'crude_oil', 'down']
['market', 'price_change', 'gasoline', 'up']
['market', 'price_change', 'price', 'up']

===== RAW GENERATION (decoded) =====
The observed trend in the data indicates a period of volatility in U.S. gasoline prices, with initial declines followed by stabilization and slight increases. The initial drops in the current month could be attributed to factors such as increased supply or decreased demand, potentially influenced by an EIA report showing higher inventories or a strategic reserve release. The subsequent price increases might reflect market responses to geopolitical tensions, OPEC+ production adjustments, or shifts in demand expectations.

**Hypotheses:**

1. **EIA|report_release|inventory|up** - The EIA released a report indicating higher than expected inventories, leading to initial price drops.
2. **OPEC_plus|production_cut|production|down** - OPEC+ announced production cuts, contributing to the stabilization and slight increase in prices.
3. **United_States|sanction_impose|export|down** - The U.S. imposed sanctions on a major oil-producing country, potentially disrupting supply and affecting prices.
4. **United_States|release|inventory|up** - A release of strategic petroleum reserves increased supply, contributing to the initial price decline.
5. **EIA|forecast_lower|demand|down** - An EIA forecast of lower demand or higher supply influenced market expectations, affecting price trends.

```json
{
  "hypotheses": [
    {
      "key": "EIA|report_release|inventory|up"
    },
    {
      "key": "OPEC_plus|production_cut|production|down"
    },
    {
      "key": "United_States|sanction_impose|export|down"
    },
    {
      "key": "United_States|release|inventory|up"
    },
    {
      "key": "EIA|forecast_lower|demand|down"
    }
  ]
}
```
===== END RAW GENERATION =====
[DEBUG] parsed JSON: {"hypotheses": [{"key": "EIA|report_release|inventory|up"}, {"key": "OPEC_plus|production_cut|production|down"}, {"key": "United_States|sanction_impose|export|down"}, {"key": "United_States|release|inventory|up"}, {"key": "EIA|forecast_lower|demand|down"}]}
['EIA', 'report_release', 'inventory', 'up']
['OPEC_plus', 'production_cut', 'production', 'down']
['United_States', 'sanction_impose', 'export', 'down']
['United_States', 'release', 'inventory', 'up']
['EIA', 'forecast_lower', 'demand', 'down']
recall_all: 0.0 precision_all: 0.0
Labels:
['market', 'price_change', 'price', 'down']
['eia', 'report_release', 'inventory', 'down']
['eia', 'report_release', 'price', 'down']
['market', 'price_change', 'price', 'up']

===== RAW GENERATION (decoded) =====
The observed trend in the U.S. gasoline prices over the past 13 weeks shows volatility, with fluctuations indicating a mix of supply and demand dynamics. The initial increase could be attributed to seasonal demand, such as increased travel, while the subsequent decrease might reflect higher production or refinery output. The later increase suggests possible supply constraints or geopolitical factors impacting crude oil prices. In the current month, the initial dip might be due to increased supply or lower demand, followed by a rise possibly from EIA reports indicating lower inventories or higher demand. The subsequent slight decreases could be market corrections or increased production.

The key hypotheses for real-time events within the current month are:

1. EIA released a report showing lower gasoline inventories, leading to a price increase.
2. OPEC+ decided to cut crude oil production, affecting gasoline prices.
3. The U.S. released strategic petroleum reserves, increasing supply and lowering prices.
4. Sanctions were imposed on oil-producing countries, reducing supply and raising prices.
5. The U.S. lifted an export ban on crude oil, increasing supply and lowering prices.

```json
{
  "hypotheses": [
    {
      "key": "eia|report_release|inventory|down"
    },
    {
      "key": "opec_plus|production_cut|crude_oil|up"
    },
    {
      "key": "united_states|release|inventory|down"
    },
    {
      "key": "united_states|sanction_impose|production|up"
    },
    {
      "key": "united_states|export_ban_lift|crude_oil|down"
    }
  ]
}
```
===== END RAW GENERATION =====
[DEBUG] parsed JSON: {"hypotheses": [{"key": "eia|report_release|inventory|down"}, {"key": "opec_plus|production_cut|crude_oil|up"}, {"key": "united_states|release|inventory|down"}, {"key": "united_states|sanction_impose|production|up"}, {"key": "united_states|export_ban_lift|crude_oil|down"}]}
['eia', 'report_release', 'inventory', 'down']
['opec_plus', 'production_cut', 'crude_oil', 'up']
['united_states', 'release', 'inventory', 'down']
['united_states', 'sanction_impose', 'production', 'up']
['united_states', 'export_ban_lift', 'crude_oil', 'down']
recall_all: 0.041666666666666664 precision_all: 0.03333333333333333
Labels:
['eia', 'report_release', 'inventory', 'up']
['market', 'price_change', 'price', 'up']
['eia', 'report_release', 'inventory', 'down']
['united_states', 'report_release', 'inventory', 'down']
['united_states', 'report_release', 'price', 'up']

===== RAW GENERATION (decoded) =====
The observed trend in the data indicates an initial drop in gasoline prices followed by a steady increase, culminating in a significant spike in the last week of the current month. This pattern suggests a complex interplay of factors, including market reactions to reports, production decisions, and geopolitical events. The initial drop could be attributed to a report indicating higher inventories or increased production, temporarily lowering prices. The subsequent rise, especially the sharp increase, points to factors like production cuts by OPEC+, sanctions affecting supply, or bullish forecasts from the EIA.

⟪FINAL⟫{
  "hypotheses": [
    {
      "key": "EIA|report_release|inventory|down"
    },
    {
      "key": "OPEC_plus|production_cut|production|down"
    },
    {
      "key": "united_states|sanction_impose|export|down"
    },
    {
      "key": "EIA|forecast_raise|forecast|up"
    },
    {
      "key": "OPEC|report_release|price|up"
    }
  ]
}
===== END RAW GENERATION =====
[DEBUG] parsed JSON: {"hypotheses": [{"key": "EIA|report_release|inventory|down"}, {"key": "OPEC_plus|production_cut|production|down"}, {"key": "united_states|sanction_impose|export|down"}, {"key": "EIA|forecast_raise|forecast|up"}, {"key": "OPEC|report_release|price|up"}]}
['EIA', 'report_release', 'inventory', 'down']
['OPEC_plus', 'production_cut', 'production', 'down']
['united_states', 'sanction_impose', 'export', 'down']
['EIA', 'forecast_raise', 'forecast', 'up']
['OPEC', 'report_release', 'price', 'up']
recall_all: 0.09285714285714286 precision_all: 0.05714285714285715
Labels:
['market', 'price_change', 'price', 'up']
['market', 'price_change', 'gasoline', 'up']
['api', 'report_release', 'price', 'up']
['eia', 'report_release', 'inventory', 'up']
['eia', 'report_release', 'price', 'up']
['market', 'price_change', 'crude_oil', 'up']

===== RAW GENERATION (decoded) =====
The observed trend in the data indicates a general upward movement in gasoline prices over the past three months, with notable fluctuations. In the current month, prices initially rose significantly, followed by smaller increases, and concluded with a slight decrease. This pattern suggests the influence of several real-world events. The initial sharp increase could be attributed to a report from a major organization like OPEC or EIA forecasting higher prices or production cuts. The sustained increases might reflect ongoing factors such as geopolitical tensions or continued production constraints. The subsequent drop could be due to actions like the U.S. releasing strategic reserves, increasing supply and lowering prices.

The hypotheses for real-time events within the current month are as follows:

1. EIA released a report forecasting higher prices, leading to an increase in gasoline prices.
2. OPEC+ extended production cuts, reducing supply and driving prices up.
3. The U.S. released strategic reserves, increasing supply and causing a price drop.
4. An export ban was lifted, enhancing supply and lowering prices.
5. Sanctions were imposed on a major oil-producing country, reducing supply and increasing prices.

These events align with the observed price trends and fit the specified format.

```json
{
  "hypotheses": [
    {
      "key": "EIA|report_release|forecast|up"
    },
    {
      "key": "OPEC_plus|extend_cut|production|down"
    },
    {
      "key": "united_states|release|inventory|down"
    },
    {
      "key": "united_states|export_ban_lift|export|up"
    },
    {
      "key": "united_states|sanction_impose|production|down"
    }
  ]
}
```
===== END RAW GENERATION =====
[DEBUG] parsed JSON: {"hypotheses": [{"key": "EIA|report_release|forecast|up"}, {"key": "OPEC_plus|extend_cut|production|down"}, {"key": "united_states|release|inventory|down"}, {"key": "united_states|export_ban_lift|export|up"}, {"key": "united_states|sanction_impose|production|down"}]}
['EIA', 'report_release', 'forecast', 'up']
['OPEC_plus', 'extend_cut', 'production', 'down']
['united_states', 'release', 'inventory', 'down']
['united_states', 'export_ban_lift', 'export', 'up']
['united_states', 'sanction_impose', 'production', 'down']
recall_all: 0.08125 precision_all: 0.05
Labels:
['market', 'price_change', 'price', 'up']
['united_states', 'price_change', 'gasoline', 'up']
['eia', 'forecast_raise', 'price', 'up']
['eia', 'report_release', 'forecast', 'up']
['eia', 'report_release', 'inventory', 'down']
['eia', 'report_release', 'price', 'up']
['market', 'price_change', 'crude_oil', 'up']
['market', 'price_change', 'gasoline', 'up']
['market', 'price_change', 'price', 'down']

===== RAW GENERATION (decoded) =====
The observed trend in the data indicates a complex interplay of factors affecting U.S. gasoline prices. Over the past three months, prices have generally risen, with notable fluctuations. The current month shows initial volatility, suggesting reactions to recent reports and geopolitical developments. An increase in prices could stem from production cuts by OPEC+, while a decrease might reflect higher inventory levels reported by the EIA or strategic reserve releases by the U.S. Market reactions to these events, along with sanctions impacting supply, contribute to the observed volatility.

⟪FINAL⟫{
  "hypotheses": [
    {
      "key": "eia|report_release|inventory|up"
    },
    {
      "key": "opec_plus|production_cut|production|up"
    },
    {
      "key": "united_states|sanction_impose|production|up"
    },
    {
      "key": "market|forecast_lower|price|down"
    },
    {
      "key": "united_states|release|inventory|down"
    }
  ]
}
===== END RAW GENERATION =====
[DEBUG] parsed JSON: {"hypotheses": [{"key": "eia|report_release|inventory|up"}, {"key": "opec_plus|production_cut|production|up"}, {"key": "united_states|sanction_impose|production|up"}, {"key": "market|forecast_lower|price|down"}, {"key": "united_states|release|inventory|down"}]}
['eia', 'report_release', 'inventory', 'up']
['opec_plus', 'production_cut', 'production', 'up']
['united_states', 'sanction_impose', 'production', 'up']
['market', 'forecast_lower', 'price', 'down']
['united_states', 'release', 'inventory', 'down']
recall_all: 0.0845679012345679 precision_all: 0.06666666666666668
Labels:
['market', 'price_change', 'gasoline', 'down']
['market', 'price_change', 'price', 'down']
['eia', 'report_release', 'price', 'down']
['united_states', 'report_release', 'price', 'down']
['eia', 'report_release', 'production', 'up']
['united_states', 'price_change', 'gasoline', 'down']
['united_states', 'production_raise', 'crude_oil', 'up']

===== RAW GENERATION (decoded) =====
The observed trend in the data indicates a significant decline in U.S. gasoline prices over the current month, following a broader downward trend in the preceding months. This sharp decrease could be attributed to a combination of factors affecting supply and market expectations. A plausible real-world cause is the release of reports by organizations like OPEC+ or the EIA, which might have indicated increased production or higher inventories, leading to an oversupply in the market. Additionally, geopolitical developments, such as the lifting of export bans or the release of strategic reserves by the United States, could have contributed to the price drop. Furthermore, a downward revision in market forecasts for gasoline demand might have discouraged price hikes, reinforcing the observed trend.

⟪FINAL⟫{
  "hypotheses": [
    {
      "key": "opec_plus|report_release|production|up"
    },
    {
      "key": "eia|report_release|inventory|up"
    },
    {
      "key": "united_states|export_ban_lift|gasoline|up"
    },
    {
      "key": "united_states|release|gasoline|up"
    },
    {
      "key": "market|forecast_lower|gasoline|down"
    }
  ]
}
===== END RAW GENERATION =====
[DEBUG] parsed JSON: {"hypotheses": [{"key": "opec_plus|report_release|production|up"}, {"key": "eia|report_release|inventory|up"}, {"key": "united_states|export_ban_lift|gasoline|up"}, {"key": "united_states|release|gasoline|up"}, {"key": "market|forecast_lower|gasoline|down"}]}
['opec_plus', 'report_release', 'production', 'up']
['eia', 'report_release', 'inventory', 'up']
['united_states', 'export_ban_lift', 'gasoline', 'up']
['united_states', 'release', 'gasoline', 'up']
['market', 'forecast_lower', 'gasoline', 'down']
recall_all: 0.0761111111111111 precision_all: 0.06000000000000001
Labels:
['market', 'price_change', 'price', 'down']
['market', 'price_change', 'gasoline', 'down']
['market', 'price_change', 'crude_oil', 'down']
['united_states', 'price_change', 'gasoline', 'down']
['united_states', 'production_raise', 'crude_oil', 'up']
['united_states', 'report_release', 'inventory', 'down']
['united_states', 'report_release', 'production', 'up']

===== RAW GENERATION (decoded) =====
The observed trend in the data indicates a steady decline in U.S. gasoline prices over the past three months, with a continued downward trajectory in the current month. This pattern suggests a combination of increased supply and reduced demand expectations. Possible factors include OPEC+ increasing production, leading to higher supply, and the EIA releasing reports on elevated inventories or lower demand forecasts. Additionally, the lifting of sanctions or export bans could have further contributed to the surplus in the market, driving prices down.

⟪FINAL⟫{
  "hypotheses": [
    {
      "key": "OPEC_plus|production_raise|production|up"
    },
    {
      "key": "EIA|report_release|inventory|up"
    },
    {
      "key": "EIA|forecast_lower|demand|down"
    },
    {
      "key": "united_states|sanction_impose|export|down"
    },
    {
      "key": "united_states|export_ban_lift|export|up"
    }
  ]
}
===== END RAW GENERATION =====
[DEBUG] parsed JSON: {"hypotheses": [{"key": "OPEC_plus|production_raise|production|up"}, {"key": "EIA|report_release|inventory|up"}, {"key": "EIA|forecast_lower|demand|down"}, {"key": "united_states|sanction_impose|export|down"}, {"key": "united_states|export_ban_lift|export|up"}]}
['OPEC_plus', 'production_raise', 'production', 'up']
['EIA', 'report_release', 'inventory', 'up']
['EIA', 'forecast_lower', 'demand', 'down']
['united_states', 'sanction_impose', 'export', 'down']
['united_states', 'export_ban_lift', 'export', 'up']
recall_all: 0.0691919191919192 precision_all: 0.05454545454545456
Labels:
['market', 'price_change', 'price', 'down']
['market', 'price_change', 'price', 'up']
['united_states', 'price_change', 'gasoline', 'down']
['eia', 'report_release', 'price', 'down']
['market', 'price_change', 'gasoline', 'down']
['united_states', 'price_change', 'natural_gas', 'down']
['united_states', 'production_raise', 'crude_oil', 'up']

===== RAW GENERATION (decoded) =====
The observed trend in the data indicates a general decline in U.S. gasoline prices over the past three months, with notable volatility in the current month. The downward trend could be attributed to increased supply or reduced demand, potentially influenced by actions from OPEC+ or the U.S. strategic petroleum reserve releases. The current month's volatility suggests a mix of factors: an initial decrease from an EIA report on higher inventories, a significant drop due to geopolitical sanctions, and a subsequent rise from OPEC+ production cuts.

**Hypotheses:**

1. **OPEC+|production_cut|price|up** - OPEC+ announced production cuts, leading to a price increase.
2. **EIA|report_release|inventory|up** - An EIA report indicated higher inventories, causing a price drop.
3. **Geopolitical|sanction_impose|production|down** - Sanctions on a major producer reduced supply, lowering prices.
4. **U.S.|release|reserves|down** - The U.S. released strategic reserves, increasing supply and lowering prices.
5. **OPEC+|forecast_raise|price|up** - OPEC+ forecasted higher prices, influencing market behavior.

These events reflect the complex interplay of supply, demand, and geopolitical factors affecting gasoline prices.

```json
{
  "hypotheses": [
    {
      "key": "OPEC+|production_cut|price|up"
    },
    {
      "key": "EIA|report_release|inventory|up"
    },
    {
      "key": "Geopolitical|sanction_impose|production|down"
    },
    {
      "key": "U.S.|release|reserves|down"
    },
    {
      "key": "OPEC+|forecast_raise|price|up"
    }
  ]
}
```
===== END RAW GENERATION =====
[DEBUG] parsed JSON: {"hypotheses": [{"key": "OPEC+|production_cut|price|up"}, {"key": "EIA|report_release|inventory|up"}, {"key": "Geopolitical|sanction_impose|production|down"}, {"key": "U.S.|release|reserves|down"}, {"key": "OPEC+|forecast_raise|price|up"}]}
['OPEC+', 'production_cut', 'price', 'up']
['EIA', 'report_release', 'inventory', 'up']
['Geopolitical', 'sanction_impose', 'production', 'down']
['U.S.', 'release', 'reserves', 'down']
['OPEC+', 'forecast_raise', 'price', 'up']
recall_all: 0.06342592592592593 precision_all: 0.05000000000000001
Labels:
['market', 'price_change', 'price', 'up']
['eia', 'report_release', 'price', 'down']
['market', 'price_change', 'price', 'down']
['united_states', 'price_change', 'gasoline', 'down']
['eia', 'forecast_lower', 'price', 'down']
['eia', 'forecast_raise', 'production', 'up']

===== RAW GENERATION (decoded) =====
The observed trend in the data indicates a general decline in gasoline prices over the past three months, with notable fluctuations. The initial downward trend could be attributed to increased production or higher inventory levels, which typically lower prices. However, the current month's data shows a significant increase in the last week, suggesting a shift in market dynamics. This could be due to a production cut by OPEC or OPEC+, a report from the EIA indicating lower production forecasts, or geopolitical events affecting supply. These factors likely influenced the market's response, leading to the observed price fluctuations.

**Reasoning Paragraph:**
The time-series data reveals a downward trend in gasoline prices over the past three months, with some fluctuations. The initial decline might be due to increased production or higher inventory levels, which typically reduce prices. However, the current month's data shows a significant increase in the last week, indicating a shift. This could be attributed to a production cut by OPEC or OPEC+, an EIA report forecasting lower production, or geopolitical events disrupting supply. These factors likely influenced the market's response, causing the observed price fluctuations.

**Hypotheses:**

1. OPEC|production_cut|gasoline|up
2. EIA|report_release|production|down
3. geopolitical|sanction_impose|supply|up
4. EIA|report_release|inventory|down
5. United_States|export|gasoline|up

```json
{
  "hypotheses": [
    {
      "key": "OPEC|production_cut|gasoline|up"
    },
    {
      "key": "EIA|report_release|production|down"
    },
    {
      "key": "geopolitical|sanction_impose|supply|up"
    },
    {
      "key": "EIA|report_release|inventory|down"
    },
    {
      "key": "United_States|export|gasoline|up"
    }
  ]
}
```
===== END RAW GENERATION =====
[DEBUG] parsed JSON: {"hypotheses": [{"key": "OPEC|production_cut|gasoline|up"}, {"key": "EIA|report_release|production|down"}, {"key": "geopolitical|sanction_impose|supply|up"}, {"key": "EIA|report_release|inventory|down"}, {"key": "United_States|export|gasoline|up"}]}
['OPEC', 'production_cut', 'gasoline', 'up']
['EIA', 'report_release', 'production', 'down']
['geopolitical', 'sanction_impose', 'supply', 'up']
['EIA', 'report_release', 'inventory', 'down']
['United_States', 'export', 'gasoline', 'up']
recall_all: 0.05854700854700855 precision_all: 0.04615384615384616
Labels:
['eia', 'report_release', 'inventory', 'up']
['market', 'price_change', 'crude_oil', 'down']
['market', 'price_change', 'price', 'down']
['eia', 'report_release', 'price', 'ambiguous']
['eia', 'report_release', 'price', 'up']
['market', 'price_change', 'crude_oil', 'up']
['market', 'price_change', 'gasoline', 'up']
['market', 'price_change', 'natural_gas', 'down']
['market', 'price_change', 'price', 'up']

===== RAW GENERATION (decoded) =====
The observed trend in the data indicates a complex interplay of supply and demand dynamics in the U.S. gasoline market. Initially, prices decreased, possibly due to increased supply from OPEC+ production cuts or U.S. strategic reserve releases. The subsequent rise in prices could be attributed to factors such as EIA reports on lower inventories, sanctions on oil exports, or OPEC production cuts. The slight drop in the last week might reflect a temporary market reaction to a forecast or inventory release.

⟪FINAL⟫{
  "hypotheses": [
    {
      "key": "opec_plus|production_cut|production|up"
    },
    {
      "key": "eia|report_release|inventory|down"
    },
    {
      "key": "united_states|release|inventory|up"
    },
    {
      "key": "opec|production_cut|production|up"
    },
    {
      "key": "united_states|sanction_impose|export|up"
    }
  ]
}
===== END RAW GENERATION =====
[DEBUG] parsed JSON: {"hypotheses": [{"key": "opec_plus|production_cut|production|up"}, {"key": "eia|report_release|inventory|down"}, {"key": "united_states|release|inventory|up"}, {"key": "opec|production_cut|production|up"}, {"key": "united_states|sanction_impose|export|up"}]}
['opec_plus', 'production_cut', 'production', 'up']
['eia', 'report_release', 'inventory', 'down']
['united_states', 'release', 'inventory', 'up']
['opec', 'production_cut', 'production', 'up']
['united_states', 'sanction_impose', 'export', 'up']
recall_all: 0.0623015873015873 precision_all: 0.06071428571428572
Labels:
['eia', 'report_release', 'price', 'up']
['eia', 'report_release', 'price', 'down']
['united_states', 'price_change', 'gasoline', 'up']
['eia', 'forecast_lower', 'price', 'down']
['eia', 'report_release', 'inventory', 'down']
['market', 'price_change', 'crude_oil', 'up']
['market', 'price_change', 'gasoline', 'up']
['market', 'price_change', 'natural_gas', 'down']
['market', 'price_change', 'price', 'up']
['united_states', 'report_release', 'price', 'up']

===== RAW GENERATION (decoded) =====
The observed trend in the data indicates a steady increase in U.S. gasoline prices over the current month, with each week showing a positive change. This upward movement suggests a combination of factors influencing the market. A plausible explanation is an increase in demand, possibly due to seasonal factors like the start of the summer driving season. Additionally, supply constraints could be at play, such as disruptions in oil production or refining. Geopolitical events, including tensions in oil-producing regions or sanctions, might also be contributing to the price rise. The EIA's report on lower inventories or higher demand expectations could be influencing market dynamics, while OPEC+ production adjustments or refinery issues could further exacerbate supply concerns.

⟪FINAL⟫{
  "hypotheses": [
    {
      "key": "eia|report_release|inventory|down"
    },
    {
      "key": "opec_plus|extend_cut|production|down"
    },
    {
      "key": "united_states|sanction_impose|export|down"
    },
    {
      "key": "crude_oil|price_change|price|up"
    },
    {
      "key": "refinery|production_cut|gasoline|down"
    }
  ]
}
===== END RAW GENERATION =====
[DEBUG] parsed JSON: {"hypotheses": [{"key": "eia|report_release|inventory|down"}, {"key": "opec_plus|extend_cut|production|down"}, {"key": "united_states|sanction_impose|export|down"}, {"key": "crude_oil|price_change|price|up"}, {"key": "refinery|production_cut|gasoline|down"}]}
['eia', 'report_release', 'inventory', 'down']
['opec_plus', 'extend_cut', 'production', 'down']
['united_states', 'sanction_impose', 'export', 'down']
['crude_oil', 'price_change', 'price', 'up']
['refinery', 'production_cut', 'gasoline', 'down']
recall_all: 0.06481481481481481 precision_all: 0.07
Labels:
['united_states', 'price_change', 'gasoline', 'up']
['market', 'price_change', 'natural_gas', 'down']
['market', 'price_change', 'price', 'up']
['united_states', 'report_release', 'price', 'up']

===== RAW GENERATION (decoded) =====
The observed trend in the data indicates a general upward movement in gasoline prices over the past three months, with some fluctuations. The initial slight decrease in the current month could be attributed to a temporary surplus or market correction, while the subsequent increases might reflect ongoing production cuts by OPEC+, supported by lower inventory reports from the EIA. The minor dip in the last week of the current month might be due to the U.S. releasing strategic reserves, increasing supply and slightly reducing prices.

⟪FINAL⟫{
  "hypotheses": [
    {
      "key": "OPEC_Plus|production_cut|production|down"
    },
    {
      "key": "EIA|report_release|inventory|down"
    },
    {
      "key": "United_States|sanction_impose|production|down"
    },
    {
      "key": "OPEC|forecast_raise|price|up"
    },
    {
      "key": "United_States|release|inventory|up"
    }
  ]
}
===== END RAW GENERATION =====
[DEBUG] parsed JSON: {"hypotheses": [{"key": "OPEC_Plus|production_cut|production|down"}, {"key": "EIA|report_release|inventory|down"}, {"key": "United_States|sanction_impose|production|down"}, {"key": "OPEC|forecast_raise|price|up"}, {"key": "United_States|release|inventory|up"}]}
['OPEC_Plus', 'production_cut', 'production', 'down']
['EIA', 'report_release', 'inventory', 'down']
['United_States', 'sanction_impose', 'production', 'down']
['OPEC', 'forecast_raise', 'price', 'up']
['United_States', 'release', 'inventory', 'up']
recall_all: 0.06076388888888889 precision_all: 0.065625
