2026-01-26 10:52:21,446 | INFO | log_file=run_eval_20260126_105221.log
2026-01-26 10:52:21,447 | INFO | run_config backend=itformer k_pred=5 stage=1 ts_len=600 max_new_tokens=256 data_file=monthly_windows_with_answer_test_empty_new_server_inject_ts.jsonl out_file=itformer_eval_report.csv
2026-01-26 10:55:00,526 | INFO | sample idx=0 gold_count=12 pred_count=5
2026-01-26 10:55:00,527 | INFO | user_prompt:
<ts>
You are given weekly U.S. gasoline prices (OT):- Context window (last 3 months, weekly OT):t0: P=3.909
t1: P=3.876
t2: P=3.763
t3: P=3.649
t4: P=3.504
t5: P=3.353
t6: P=3.234
t7: P=3.203
t8: P=3.331
t9: P=3.366
t10: P=3.416
t11: P=3.519
t12: P=3.594
- Current month only (weekly dOT):c0: dP=+0.128
c1: dP=+0.035
c2: dP=+0.050
c3: dP=+0.103
c4: dP=+0.075
Task:1. Carefully analyze the time-series trends and reason step-by-step about plausible real-world causes.2. Write a short *reasoning paragraph* summarizing your interpretation of the data trend and potential driving factors.   - This paragraph should sound like an analytical narrative (e.g., “The observed trend in the data indicates…”).   - It should include your reasoning path that connects the observed pattern to possible events.3. Then, hypothesize up to 5 **REAL-TIME events** that occurred WITHIN THE CURRENT MONTH ONLY.Output format:- First, write your reasoning paragraph.- After that, write the final structured results after ⟪FINAL⟫ in strict JSON format:⟪FINAL⟫{  "hypotheses": [    {      "key": "NAME|ACTION|OBJECT|DIRECTION",    }  ]}Allowed token sets:('NAME ∈ {market, eia, opec, opec_plus, united_states}','ACTION ∈ {report_release, price_change, production_cut, report_release, forecast_lower, forecast_lower, forecast_raise, production_raise, extend_cut, sanction_impose, purchase, release, export_ban_lift}','OBJECT ∈ {inventory, crude_oil, gasoline, price, production, natural_gas, inventory, diesel, export, jet_fuel, rig_count, brent, forecast}','DIRECTION ∈ {ambiguous, up, down}')Rules:- Do NOT fabricate tokens outside these sets.- Do NOT repeat identical AAOD keys.- Use "|" (vertical bar), **not underscores** to separate the fields.- Each "key" must strictly follow this pipe-separated pattern: NAME|ACTION|OBJECT|DIRECTION .- The reasoning paragraph should be fluent and analytic, not a list of events.
2026-01-26 10:55:00,527 | INFO | model_output:
The observed trend in the data indicates a steady decline in gasoline prices over the last three months, with a more pronounced drop in the current month. This suggests that the market is responding to a combination of factors, including increased production cuts by OPEC+ and potential easing of sanctions on Iran, which could increase crude oil supply. Additionally, the recent release of inventory data by the EIA showing higher-than-expected crude oil inventories might have contributed to the price decrease. The slight uptick in the current month could be due to a temporary increase in demand or a minor adjustment in supply.

⟪FINAL⟫{
  "hypotheses": [
    { "key": "opec_plus|production_cut|crude_oil|down" },
    { "key": "eia|inventory|crude_oil|up" },
    { "key": "sanction_impose|crude_oil|down|ambiguous" },
    { "key": "market|price_change|gasoline|down" },
    { "key": "eia|forecast_lower|gasoline|down" }
  ]
}
2026-01-26 10:55:00,528 | INFO | parsed_keys=['opec_plus|production_cut|crude_oil|down', 'eia|inventory|crude_oil|up', 'sanction_impose|crude_oil|down|ambiguous', 'market|price_change|gasoline|down', 'eia|forecast_lower|gasoline|down']
2026-01-26 10:55:00,528 | INFO | running_avg recall_primary@5=0.000000 precision_all=0.000000 overall=0.000000
2026-01-26 10:57:31,031 | INFO | sample idx=1 gold_count=9 pred_count=5
2026-01-26 10:57:31,032 | INFO | user_prompt:
<ts>
You are given weekly U.S. gasoline prices (OT):- Context window (last 3 months, weekly OT):t0: P=3.504
t1: P=3.353
t2: P=3.234
t3: P=3.203
t4: P=3.331
t5: P=3.366
t6: P=3.416
t7: P=3.519
t8: P=3.594
t9: P=3.552
t10: P=3.502
t11: P=3.494
t12: P=3.457
- Current month only (weekly dOT):c0: dP=-0.042
c1: dP=-0.050
c2: dP=-0.008
c3: dP=-0.037
Task:1. Carefully analyze the time-series trends and reason step-by-step about plausible real-world causes.2. Write a short *reasoning paragraph* summarizing your interpretation of the data trend and potential driving factors.   - This paragraph should sound like an analytical narrative (e.g., “The observed trend in the data indicates…”).   - It should include your reasoning path that connects the observed pattern to possible events.3. Then, hypothesize up to 5 **REAL-TIME events** that occurred WITHIN THE CURRENT MONTH ONLY.Output format:- First, write your reasoning paragraph.- After that, write the final structured results after ⟪FINAL⟫ in strict JSON format:⟪FINAL⟫{  "hypotheses": [    {      "key": "NAME|ACTION|OBJECT|DIRECTION",    }  ]}Allowed token sets:('NAME ∈ {market, eia, opec, opec_plus, united_states}','ACTION ∈ {report_release, price_change, production_cut, report_release, forecast_lower, forecast_lower, forecast_raise, production_raise, extend_cut, sanction_impose, purchase, release, export_ban_lift}','OBJECT ∈ {inventory, crude_oil, gasoline, price, production, natural_gas, inventory, diesel, export, jet_fuel, rig_count, brent, forecast}','DIRECTION ∈ {ambiguous, up, down}')Rules:- Do NOT fabricate tokens outside these sets.- Do NOT repeat identical AAOD keys.- Use "|" (vertical bar), **not underscores** to separate the fields.- Each "key" must strictly follow this pipe-separated pattern: NAME|ACTION|OBJECT|DIRECTION .- The reasoning paragraph should be fluent and analytic, not a list of events.
2026-01-26 10:57:31,032 | INFO | model_output:
The observed trend in the data indicates a gradual increase in gasoline prices over the last three months, with a more pronounced rise in the current month. The initial decrease in prices from t0 to t2 could be attributed to seasonal factors or supply chain adjustments. However, the subsequent price hikes from t3 to t12 suggest potential supply disruptions or increased demand, possibly due to economic recovery or geopolitical tensions affecting crude oil markets. The current month's price changes (c0 to c3) show a steady increase, which could be driven by OPEC+ production cuts or sanctions on oil-exporting countries.

⟪FINAL⟫{
  "hypotheses": [
    { "key": "opec|production_cut|crude_oil|down" },
    { "key": "sanction_impose|crude_oil|ambiguous|ambiguous" },
    { "key": "eia|report_release|inventory|down" },
    { "key": "opec_plus|production_cut|crude_oil|down" },
    { "key": "united_states|price_change|gasoline|up" }
  ]
}
2026-01-26 10:57:31,033 | INFO | parsed_keys=['OPEC_plus|production_cut|crude_oil|down', 'sanction_impose|crude_oil|ambiguous|ambiguous', 'eia|report_release|inventory|down', 'opec_plus|production_cut|crude_oil|down', 'united_states|price_change|gasoline|up']
2026-01-26 10:57:31,033 | INFO | running_avg recall_primary@5=0.000000 precision_all=0.000000 overall=0.000000
2026-01-26 11:00:18,433 | INFO | sample idx=2 gold_count=6 pred_count=4
2026-01-26 11:00:18,434 | INFO | user_prompt:
<ts>
You are given weekly U.S. gasoline prices (OT):- Context window (last 3 months, weekly OT):t0: P=3.331
t1: P=3.366
t2: P=3.416
t3: P=3.519
t4: P=3.594
t5: P=3.552
t6: P=3.502
t7: P=3.494
t8: P=3.457
t9: P=3.505
t10: P=3.568
t11: P=3.534
t12: P=3.533
- Current month only (weekly dOT):c0: dP=+0.048
c1: dP=+0.063
c2: dP=-0.034
c3: dP=-0.001
Task:1. Carefully analyze the time-series trends and reason step-by-step about plausible real-world causes.2. Write a short *reasoning paragraph* summarizing your interpretation of the data trend and potential driving factors.   - This paragraph should sound like an analytical narrative (e.g., “The observed trend in the data indicates…”).   - It should include your reasoning path that connects the observed pattern to possible events.3. Then, hypothesize up to 5 **REAL-TIME events** that occurred WITHIN THE CURRENT MONTH ONLY.Output format:- First, write your reasoning paragraph.- After that, write the final structured results after ⟪FINAL⟫ in strict JSON format:⟪FINAL⟫{  "hypotheses": [    {      "key": "NAME|ACTION|OBJECT|DIRECTION",    }  ]}Allowed token sets:('NAME ∈ {market, eia, opec, opec_plus, united_states}','ACTION ∈ {report_release, price_change, production_cut, report_release, forecast_lower, forecast_lower, forecast_raise, production_raise, extend_cut, sanction_impose, purchase, release, export_ban_lift}','OBJECT ∈ {inventory, crude_oil, gasoline, price, production, natural_gas, inventory, diesel, export, jet_fuel, rig_count, brent, forecast}','DIRECTION ∈ {ambiguous, up, down}')Rules:- Do NOT fabricate tokens outside these sets.- Do NOT repeat identical AAOD keys.- Use "|" (vertical bar), **not underscores** to separate the fields.- Each "key" must strictly follow this pipe-separated pattern: NAME|ACTION|OBJECT|DIRECTION .- The reasoning paragraph should be fluent and analytic, not a list of events.
2026-01-26 11:00:18,434 | INFO | model_output:
The observed trend in the data indicates a fluctuating pattern in U.S. gasoline prices over the last three months, with a notable increase in the current month. The prices initially rose steadily from t0 to t4, peaking at t4, and then showed a slight decline from t5 to t7, followed by a minor increase to t9. The current month's trend shows a slight increase from c0 to c2, followed by a decrease at c3. This pattern could be attributed to various factors, including supply chain disruptions, refinery maintenance, and seasonal demand fluctuations. The price increase from c0 to c2 might be due to refinery maintenance or supply chain issues, while the decrease at c3 could be a result of reduced demand or increased production.

⟪FINAL⟫{
  "hypotheses": [
    { "key": "united_states|production_cut|gasoline|down" },
    { "key": "united_states|sanction_impose|crude_oil|up" },
    { "key": "opec|production_cut|crude_oil|down" },
    { "key": "eia|forecast_lower|gasoline|down" },
    { "key": "opec_plus|
2026-01-26 11:00:18,435 | INFO | parsed_keys=['united_states|production_cut|gasoline|down', 'united_states|sanction_impose|crude_oil|up', 'OPEC_plus|production_cut|crude_oil|down', 'eia|forecast_lower|gasoline|down']
2026-01-26 11:00:18,435 | INFO | running_avg recall_primary@5=0.000000 precision_all=0.000000 overall=0.000000
2026-01-26 11:02:43,725 | INFO | sample idx=3 gold_count=7 pred_count=5
2026-01-26 11:02:43,726 | INFO | user_prompt:
<ts>
You are given weekly U.S. gasoline prices (OT):- Context window (last 3 months, weekly OT):t0: P=3.594
t1: P=3.552
t2: P=3.502
t3: P=3.494
t4: P=3.457
t5: P=3.505
t6: P=3.568
t7: P=3.534
t8: P=3.533
t9: P=3.606
t10: P=3.703
t11: P=3.769
t12: P=3.765
- Current month only (weekly dOT):c0: dP=+0.073
c1: dP=+0.097
c2: dP=+0.066
c3: dP=-0.004
Task:1. Carefully analyze the time-series trends and reason step-by-step about plausible real-world causes.2. Write a short *reasoning paragraph* summarizing your interpretation of the data trend and potential driving factors.   - This paragraph should sound like an analytical narrative (e.g., “The observed trend in the data indicates…”).   - It should include your reasoning path that connects the observed pattern to possible events.3. Then, hypothesize up to 5 **REAL-TIME events** that occurred WITHIN THE CURRENT MONTH ONLY.Output format:- First, write your reasoning paragraph.- After that, write the final structured results after ⟪FINAL⟫ in strict JSON format:⟪FINAL⟫{  "hypotheses": [    {      "key": "NAME|ACTION|OBJECT|DIRECTION",    }  ]}Allowed token sets:('NAME ∈ {market, eia, opec, opec_plus, united_states}','ACTION ∈ {report_release, price_change, production_cut, report_release, forecast_lower, forecast_lower, forecast_raise, production_raise, extend_cut, sanction_impose, purchase, release, export_ban_lift}','OBJECT ∈ {inventory, crude_oil, gasoline, price, production, natural_gas, inventory, diesel, export, jet_fuel, rig_count, brent, forecast}','DIRECTION ∈ {ambiguous, up, down}')Rules:- Do NOT fabricate tokens outside these sets.- Do NOT repeat identical AAOD keys.- Use "|" (vertical bar), **not underscores** to separate the fields.- Each "key" must strictly follow this pipe-separated pattern: NAME|ACTION|OBJECT|DIRECTION .- The reasoning paragraph should be fluent and analytic, not a list of events.
2026-01-26 11:02:43,727 | INFO | model_output:
The observed trend in the data indicates a significant upward movement in gasoline prices over the last three months, with a notable acceleration in the current month. The prices have been fluctuating but generally increasing, suggesting potential supply constraints or increased demand. The recent price spike could be attributed to OPEC+ production cuts, which have been extended, leading to reduced supply. Additionally, the United States' inventory levels might be lower than expected, contributing to the price increase. The market is also reacting to potential sanctions on oil-exporting countries, which could further tighten supply and drive prices higher.

⟪FINAL⟫{
  "hypotheses": [
    { "key": "opec_plus|production_cut|crude_oil|down" },
    { "key": "united_states|inventory|gasoline|down" },
    { "key": "united_states|sanction_impose|oil_exporting_countries|ambiguous" },
    { "key": "eia|forecast_raise|price|up" },
    { "key": "opec|forecast_lower|production|down" }
  ]
}
2026-01-26 11:02:43,727 | INFO | parsed_keys=['opec_plus|production_cut|crude_oil|down', 'united_states|inventory|gasoline|down', 'united_states|sanction_impose|oil_exporting_countries|ambiguous', 'eia|forecast_raise|price|up', 'OPEC_plus|forecast_lower|production|down']
2026-01-26 11:02:43,728 | INFO | running_avg recall_primary@5=0.035714 precision_all=0.050000 overall=0.115000
2026-01-26 11:05:33,960 | INFO | sample idx=4 gold_count=8 pred_count=5
2026-01-26 11:05:33,961 | INFO | user_prompt:
<ts>
You are given weekly U.S. gasoline prices (OT):- Context window (last 3 months, weekly OT):t0: P=3.505
t1: P=3.568
t2: P=3.534
t3: P=3.533
t4: P=3.606
t5: P=3.703
t6: P=3.769
t7: P=3.765
t8: P=3.711
t9: P=3.644
t10: P=3.647
t11: P=3.645
t12: P=3.684
- Current month only (weekly dOT):c0: dP=-0.054
c1: dP=-0.067
c2: dP=+0.003
c3: dP=-0.002
c4: dP=+0.039
Task:1. Carefully analyze the time-series trends and reason step-by-step about plausible real-world causes.2. Write a short *reasoning paragraph* summarizing your interpretation of the data trend and potential driving factors.   - This paragraph should sound like an analytical narrative (e.g., “The observed trend in the data indicates…”).   - It should include your reasoning path that connects the observed pattern to possible events.3. Then, hypothesize up to 5 **REAL-TIME events** that occurred WITHIN THE CURRENT MONTH ONLY.Output format:- First, write your reasoning paragraph.- After that, write the final structured results after ⟪FINAL⟫ in strict JSON format:⟪FINAL⟫{  "hypotheses": [    {      "key": "NAME|ACTION|OBJECT|DIRECTION",    }  ]}Allowed token sets:('NAME ∈ {market, eia, opec, opec_plus, united_states}','ACTION ∈ {report_release, price_change, production_cut, report_release, forecast_lower, forecast_lower, forecast_raise, production_raise, extend_cut, sanction_impose, purchase, release, export_ban_lift}','OBJECT ∈ {inventory, crude_oil, gasoline, price, production, natural_gas, inventory, diesel, export, jet_fuel, rig_count, brent, forecast}','DIRECTION ∈ {ambiguous, up, down}')Rules:- Do NOT fabricate tokens outside these sets.- Do NOT repeat identical AAOD keys.- Use "|" (vertical bar), **not underscores** to separate the fields.- Each "key" must strictly follow this pipe-separated pattern: NAME|ACTION|OBJECT|DIRECTION .- The reasoning paragraph should be fluent and analytic, not a list of events.
2026-01-26 11:05:33,961 | INFO | model_output:
The observed trend in the data indicates a volatile pattern in U.S. gasoline prices, with a significant increase in the current month. From t0 to t5, the prices steadily increased, peaking at t5. However, from t6 to t12, there was a slight decrease, but the prices remained relatively high. This pattern suggests that the market might be responding to a combination of factors, including supply disruptions, geopolitical tensions, and changes in production levels. The price increase from t0 to t5 could be attributed to supply chain disruptions or geopolitical events affecting crude oil production. The slight decrease from t6 to t12 might indicate a temporary adjustment in supply or a change in demand, possibly due to seasonal factors or government interventions.

⟪FINAL⟫{
  "hypotheses": [
    { "key": "market|production_cut|crude_oil|down" },
    { "key": "market|sanction_impose|crude_oil|down" },
    { "key": "market|forecast_lower|gasoline|down" },
    { "key": "market|production_raise|crude_oil|up" },
    { "key": "market|export_ban_lift|gasoline|up"
2026-01-26 11:05:33,961 | INFO | parsed_keys=['market|production_cut|crude_oil|down', 'market|sanction_impose|crude_oil|down', 'market|forecast_lower|gasoline|down', 'market|production_raise|crude_oil|up', 'market|export_ban_lift|gasoline|up']
2026-01-26 11:05:33,962 | INFO | running_avg recall_primary@5=0.028571 precision_all=0.040000 overall=0.000000
2026-01-26 11:08:21,167 | INFO | sample idx=5 gold_count=4 pred_count=1
2026-01-26 11:08:21,168 | INFO | user_prompt:
<ts>
You are given weekly U.S. gasoline prices (OT):- Context window (last 3 months, weekly OT):t0: P=3.606
t1: P=3.703
t2: P=3.769
t3: P=3.765
t4: P=3.711
t5: P=3.644
t6: P=3.647
t7: P=3.645
t8: P=3.684
t9: P=3.655
t10: P=3.707
t11: P=3.690
t12: P=3.685
- Current month only (weekly dOT):c0: dP=-0.029
c1: dP=+0.052
c2: dP=-0.017
c3: dP=-0.005
Task:1. Carefully analyze the time-series trends and reason step-by-step about plausible real-world causes.2. Write a short *reasoning paragraph* summarizing your interpretation of the data trend and potential driving factors.   - This paragraph should sound like an analytical narrative (e.g., “The observed trend in the data indicates…”).   - It should include your reasoning path that connects the observed pattern to possible events.3. Then, hypothesize up to 5 **REAL-TIME events** that occurred WITHIN THE CURRENT MONTH ONLY.Output format:- First, write your reasoning paragraph.- After that, write the final structured results after ⟪FINAL⟫ in strict JSON format:⟪FINAL⟫{  "hypotheses": [    {      "key": "NAME|ACTION|OBJECT|DIRECTION",    }  ]}Allowed token sets:('NAME ∈ {market, eia, opec, opec_plus, united_states}','ACTION ∈ {report_release, price_change, production_cut, report_release, forecast_lower, forecast_lower, forecast_raise, production_raise, extend_cut, sanction_impose, purchase, release, export_ban_lift}','OBJECT ∈ {inventory, crude_oil, gasoline, price, production, natural_gas, inventory, diesel, export, jet_fuel, rig_count, brent, forecast}','DIRECTION ∈ {ambiguous, up, down}')Rules:- Do NOT fabricate tokens outside these sets.- Do NOT repeat identical AAOD keys.- Use "|" (vertical bar), **not underscores** to separate the fields.- Each "key" must strictly follow this pipe-separated pattern: NAME|ACTION|OBJECT|DIRECTION .- The reasoning paragraph should be fluent and analytic, not a list of events.
2026-01-26 11:08:21,168 | INFO | model_output:
The observed trend in the data indicates a slight fluctuation in gasoline prices over the last three months, with a notable increase in the current month. The price initially decreased from $3.606 to $3.644, then increased to $3.707, and finally decreased again to $3.685. This pattern suggests that there might have been a temporary supply disruption or a change in demand that caused the price to rise, followed by a recovery as supply normalized or demand decreased.

The price increase in the current month could be due to a report release from the EIA or OPEC, which might have indicated a potential shortage or forecasted higher prices. Alternatively, it could be a result of a production cut by OPEC+ or a sanction imposition that affected crude oil production, leading to a temporary increase in gasoline prices. The subsequent decrease in prices might be due to a release of emergency crude oil from the Strategic Petroleum Reserve or a forecasted lower price that influenced market expectations.

⟪FINAL⟫{
  "hypotheses": [
    { "key": "eia_report_release|forecast_raise|crude_oil|up" },
    { "key": "opec_production_cut|production_cut|crude_oil
2026-01-26 11:08:21,169 | INFO | parsed_keys=['eia_report_release|forecast_raise|crude_oil|up']
2026-01-26 11:08:21,169 | INFO | running_avg recall_primary@5=0.023810 precision_all=0.033333 overall=0.000000
2026-01-26 11:11:01,288 | INFO | sample idx=6 gold_count=5 pred_count=5
2026-01-26 11:11:01,289 | INFO | user_prompt:
<ts>
You are given weekly U.S. gasoline prices (OT):- Context window (last 3 months, weekly OT):t0: P=3.644
t1: P=3.647
t2: P=3.645
t3: P=3.684
t4: P=3.655
t5: P=3.707
t6: P=3.690
t7: P=3.685
t8: P=3.643
t9: P=3.663
t10: P=3.676
t11: P=3.711
t12: P=3.869
- Current month only (weekly dOT):c0: dP=-0.042
c1: dP=+0.020
c2: dP=+0.013
c3: dP=+0.035
c4: dP=+0.158
Task:1. Carefully analyze the time-series trends and reason step-by-step about plausible real-world causes.2. Write a short *reasoning paragraph* summarizing your interpretation of the data trend and potential driving factors.   - This paragraph should sound like an analytical narrative (e.g., “The observed trend in the data indicates…”).   - It should include your reasoning path that connects the observed pattern to possible events.3. Then, hypothesize up to 5 **REAL-TIME events** that occurred WITHIN THE CURRENT MONTH ONLY.Output format:- First, write your reasoning paragraph.- After that, write the final structured results after ⟪FINAL⟫ in strict JSON format:⟪FINAL⟫{  "hypotheses": [    {      "key": "NAME|ACTION|OBJECT|DIRECTION",    }  ]}Allowed token sets:('NAME ∈ {market, eia, opec, opec_plus, united_states}','ACTION ∈ {report_release, price_change, production_cut, report_release, forecast_lower, forecast_lower, forecast_raise, production_raise, extend_cut, sanction_impose, purchase, release, export_ban_lift}','OBJECT ∈ {inventory, crude_oil, gasoline, price, production, natural_gas, inventory, diesel, export, jet_fuel, rig_count, brent, forecast}','DIRECTION ∈ {ambiguous, up, down}')Rules:- Do NOT fabricate tokens outside these sets.- Do NOT repeat identical AAOD keys.- Use "|" (vertical bar), **not underscores** to separate the fields.- Each "key" must strictly follow this pipe-separated pattern: NAME|ACTION|OBJECT|DIRECTION .- The reasoning paragraph should be fluent and analytic, not a list of events.
2026-01-26 11:11:01,289 | INFO | model_output:
The observed trend in the data indicates a significant increase in gasoline prices, with a notable spike from week 4 to week 5, followed by a slight decrease in weeks 6 and 7, and then another increase in week 8. This pattern suggests that there might have been a supply disruption or a production cut by OPEC+ in week 4, leading to a price increase. The slight decrease in weeks 6 and 7 could be due to a temporary increase in inventory or a release of strategic reserves. However, the price increase in week 8 might indicate a renewed supply concern or a forecasted increase in demand.

⟪FINAL⟫{
  "hypotheses": [
    { "key": "opec_plus|production_cut|crude_oil|down" },
    { "key": "united_states|inventory_increase|gasoline|up" },
    { "key": "united_states|strategic_reserve_release|gasoline|down" },
    { "key": "opec_plus|production_cut|crude_oil|up" },
    { "key": "forecast|demand_increase|gasoline|up" }
  ]
}
2026-01-26 11:11:01,290 | INFO | parsed_keys=['opec_plus|production_cut|crude_oil|down', 'united_states|inventory_increase|gasoline|up', 'united_states|strategic_reserve_release|gasoline|down', 'opec_plus|production_cut|crude_oil|up', 'forecast|demand_increase|gasoline|up']
2026-01-26 11:11:01,290 | INFO | running_avg recall_primary@5=0.020408 precision_all=0.028571 overall=0.000000
2026-01-26 11:13:21,502 | INFO | sample idx=7 gold_count=6 pred_count=5
2026-01-26 11:13:21,503 | INFO | user_prompt:
<ts>
You are given weekly U.S. gasoline prices (OT):- Context window (last 3 months, weekly OT):t0: P=3.655
t1: P=3.707
t2: P=3.690
t3: P=3.685
t4: P=3.643
t5: P=3.663
t6: P=3.676
t7: P=3.711
t8: P=3.869
t9: P=3.940
t10: P=3.962
t11: P=3.984
t12: P=3.931
- Current month only (weekly dOT):c0: dP=+0.071
c1: dP=+0.022
c2: dP=+0.022
c3: dP=-0.053
Task:1. Carefully analyze the time-series trends and reason step-by-step about plausible real-world causes.2. Write a short *reasoning paragraph* summarizing your interpretation of the data trend and potential driving factors.   - This paragraph should sound like an analytical narrative (e.g., “The observed trend in the data indicates…”).   - It should include your reasoning path that connects the observed pattern to possible events.3. Then, hypothesize up to 5 **REAL-TIME events** that occurred WITHIN THE CURRENT MONTH ONLY.Output format:- First, write your reasoning paragraph.- After that, write the final structured results after ⟪FINAL⟫ in strict JSON format:⟪FINAL⟫{  "hypotheses": [    {      "key": "NAME|ACTION|OBJECT|DIRECTION",    }  ]}Allowed token sets:('NAME ∈ {market, eia, opec, opec_plus, united_states}','ACTION ∈ {report_release, price_change, production_cut, report_release, forecast_lower, forecast_lower, forecast_raise, production_raise, extend_cut, sanction_impose, purchase, release, export_ban_lift}','OBJECT ∈ {inventory, crude_oil, gasoline, price, production, natural_gas, inventory, diesel, export, jet_fuel, rig_count, brent, forecast}','DIRECTION ∈ {ambiguous, up, down}')Rules:- Do NOT fabricate tokens outside these sets.- Do NOT repeat identical AAOD keys.- Use "|" (vertical bar), **not underscores** to separate the fields.- Each "key" must strictly follow this pipe-separated pattern: NAME|ACTION|OBJECT|DIRECTION .- The reasoning paragraph should be fluent and analytic, not a list of events.
2026-01-26 11:13:21,504 | INFO | model_output:
The observed trend in the data indicates a significant upward movement in gasoline prices, with a notable spike from week 7 to week 8, followed by a more gradual increase until week 11. This pattern suggests that the market is experiencing supply constraints or increased demand pressures, which could be driven by factors such as OPEC+ production cuts, geopolitical tensions affecting crude oil supply, or seasonal demand increases. The price drop in week 3 might be a temporary adjustment due to market corrections or inventory build-ups.

⟪FINAL⟫{
  "hypotheses": [
    { "key": "opec_plus|production_cut|crude_oil|down" },
    { "key": "geopolitical_tensions|sanction_impose|crude_oil|down" },
    { "key": "seasonal_demand|forecast_raise|gasoline|up" },
    { "key": "market_correction|price_change|gasoline|down" },
    { "key": "inventory_build-up|forecast_lower|gasoline|down" }
  ]
}
2026-01-26 11:13:21,504 | INFO | parsed_keys=['opec_plus|production_cut|crude_oil|down', 'geopolitical_tensions|sanction_impose|crude_oil|down', 'seasonal_demand|forecast_raise|gasoline|up', 'market_correction|price_change|gasoline|down', 'inventory_build_up|forecast_lower|gasoline|down']
2026-01-26 11:13:21,505 | INFO | running_avg recall_primary@5=0.017857 precision_all=0.025000 overall=0.000000
2026-01-26 11:16:08,186 | INFO | sample idx=8 gold_count=9 pred_count=5
2026-01-26 11:16:08,187 | INFO | user_prompt:
<ts>
You are given weekly U.S. gasoline prices (OT):- Context window (last 3 months, weekly OT):t0: P=3.643
t1: P=3.663
t2: P=3.676
t3: P=3.711
t4: P=3.869
t5: P=3.940
t6: P=3.962
t7: P=3.984
t8: P=3.931
t9: P=3.925
t10: P=3.941
t11: P=4.001
t12: P=3.963
- Current month only (weekly dOT):c0: dP=-0.006
c1: dP=+0.016
c2: dP=+0.060
c3: dP=-0.038
Task:1. Carefully analyze the time-series trends and reason step-by-step about plausible real-world causes.2. Write a short *reasoning paragraph* summarizing your interpretation of the data trend and potential driving factors.   - This paragraph should sound like an analytical narrative (e.g., “The observed trend in the data indicates…”).   - It should include your reasoning path that connects the observed pattern to possible events.3. Then, hypothesize up to 5 **REAL-TIME events** that occurred WITHIN THE CURRENT MONTH ONLY.Output format:- First, write your reasoning paragraph.- After that, write the final structured results after ⟪FINAL⟫ in strict JSON format:⟪FINAL⟫{  "hypotheses": [    {      "key": "NAME|ACTION|OBJECT|DIRECTION",    }  ]}Allowed token sets:('NAME ∈ {market, eia, opec, opec_plus, united_states}','ACTION ∈ {report_release, price_change, production_cut, report_release, forecast_lower, forecast_lower, forecast_raise, production_raise, extend_cut, sanction_impose, purchase, release, export_ban_lift}','OBJECT ∈ {inventory, crude_oil, gasoline, price, production, natural_gas, inventory, diesel, export, jet_fuel, rig_count, brent, forecast}','DIRECTION ∈ {ambiguous, up, down}')Rules:- Do NOT fabricate tokens outside these sets.- Do NOT repeat identical AAOD keys.- Use "|" (vertical bar), **not underscores** to separate the fields.- Each "key" must strictly follow this pipe-separated pattern: NAME|ACTION|OBJECT|DIRECTION .- The reasoning paragraph should be fluent and analytic, not a list of events.
2026-01-26 11:16:08,187 | INFO | model_output:
The observed trend in the data indicates a significant fluctuation in U.S. gasoline prices over the last three months, with a notable increase in the current month. The price started to rise from t0 to t4, peaking at t5, and then slightly decreased at t6 before increasing again at t7. This pattern suggests that there might have been a combination of factors affecting the market, such as supply chain disruptions, geopolitical tensions, and seasonal demand changes. The price drop at t8 and t9 could be due to temporary inventory adjustments or market corrections. The increase at t10 and t11 might be linked to increased production cuts or sanctions on oil-producing countries.

⟪FINAL⟫{
  "hypotheses": [
    { "key": "united_states|production_cut|gasoline|down" },
    { "key": "opec|production_cut|crude_oil|down" },
    { "key": "united_states|sanction_impose|crude_oil|down" },
    { "key": "eia|inventory_adjustment|gasoline|up" },
    { "key": "opec_plus|production_cut|crude_oil|down" }
  ]
}
2026-01-26 11:16:08,188 | INFO | parsed_keys=['united_states|production_cut|gasoline|down', 'OPEC_plus|production_cut|crude_oil|down', 'united_states|sanction_impose|crude_oil|down', 'eia|inventory_adjustment|gasoline|up', 'opec_plus|production_cut|crude_oil|down']
2026-01-26 11:16:08,188 | INFO | running_avg recall_primary@5=0.015873 precision_all=0.022222 overall=0.000000
2026-01-26 11:18:32,378 | INFO | sample idx=9 gold_count=7 pred_count=5
2026-01-26 11:18:32,379 | INFO | user_prompt:
<ts>
You are given weekly U.S. gasoline prices (OT):- Context window (last 3 months, weekly OT):t0: P=3.940
t1: P=3.962
t2: P=3.984
t3: P=3.931
t4: P=3.925
t5: P=3.941
t6: P=4.001
t7: P=3.963
t8: P=3.930
t9: P=3.814
t10: P=3.706
t11: P=3.660
t12: P=3.600
- Current month only (weekly dOT):c0: dP=-0.033
c1: dP=-0.116
c2: dP=-0.108
c3: dP=-0.046
c4: dP=-0.060
Task:1. Carefully analyze the time-series trends and reason step-by-step about plausible real-world causes.2. Write a short *reasoning paragraph* summarizing your interpretation of the data trend and potential driving factors.   - This paragraph should sound like an analytical narrative (e.g., “The observed trend in the data indicates…”).   - It should include your reasoning path that connects the observed pattern to possible events.3. Then, hypothesize up to 5 **REAL-TIME events** that occurred WITHIN THE CURRENT MONTH ONLY.Output format:- First, write your reasoning paragraph.- After that, write the final structured results after ⟪FINAL⟫ in strict JSON format:⟪FINAL⟫{  "hypotheses": [    {      "key": "NAME|ACTION|OBJECT|DIRECTION",    }  ]}Allowed token sets:('NAME ∈ {market, eia, opec, opec_plus, united_states}','ACTION ∈ {report_release, price_change, production_cut, report_release, forecast_lower, forecast_lower, forecast_raise, production_raise, extend_cut, sanction_impose, purchase, release, export_ban_lift}','OBJECT ∈ {inventory, crude_oil, gasoline, price, production, natural_gas, inventory, diesel, export, jet_fuel, rig_count, brent, forecast}','DIRECTION ∈ {ambiguous, up, down}')Rules:- Do NOT fabricate tokens outside these sets.- Do NOT repeat identical AAOD keys.- Use "|" (vertical bar), **not underscores** to separate the fields.- Each "key" must strictly follow this pipe-separated pattern: NAME|ACTION|OBJECT|DIRECTION .- The reasoning paragraph should be fluent and analytic, not a list of events.
2026-01-26 11:18:32,379 | INFO | model_output:
The observed trend in the data indicates a significant and rapid decline in gasoline prices over the last three months, with a particularly sharp drop in the current month. This suggests that there might be a combination of factors at play, including increased crude oil production, a release of strategic petroleum reserves, and possibly a reduction in demand due to seasonal changes or economic factors. The price drop in the current month could also be influenced by the OPEC+ agreement to extend production cuts, which might have led to a surplus in the market, driving prices down.

⟪FINAL⟫{
  "hypotheses": [
    { "key": "opec_plus|production_cut|crude_oil|down" },
    { "key": "united_states|inventory|gasoline|down" },
    { "key": "eia|price_change|gasoline|down" },
    { "key": "opec|forecast_lower|crude_oil|down" },
    { "key": "united_states|sanction_impose|oil_imports|down" }
  ]
}
2026-01-26 11:18:32,380 | INFO | parsed_keys=['opec_plus|production_cut|crude_oil|down', 'united_states|inventory|gasoline|down', 'eia|price_change|gasoline|down', 'OPEC_plus|forecast_lower|crude_oil|down', 'united_states|sanction_impose|oil_imports|down']
2026-01-26 11:18:32,380 | INFO | running_avg recall_primary@5=0.014286 precision_all=0.020000 overall=0.000000
2026-01-26 11:21:19,299 | INFO | sample idx=10 gold_count=7 pred_count=5
2026-01-26 11:21:19,299 | INFO | user_prompt:
<ts>
You are given weekly U.S. gasoline prices (OT):- Context window (last 3 months, weekly OT):t0: P=3.925
t1: P=3.941
t2: P=4.001
t3: P=3.963
t4: P=3.930
t5: P=3.814
t6: P=3.706
t7: P=3.660
t8: P=3.600
t9: P=3.520
t10: P=3.473
t11: P=3.414
t12: P=3.363
- Current month only (weekly dOT):c0: dP=-0.080
c1: dP=-0.047
c2: dP=-0.059
c3: dP=-0.051
Task:1. Carefully analyze the time-series trends and reason step-by-step about plausible real-world causes.2. Write a short *reasoning paragraph* summarizing your interpretation of the data trend and potential driving factors.   - This paragraph should sound like an analytical narrative (e.g., “The observed trend in the data indicates…”).   - It should include your reasoning path that connects the observed pattern to possible events.3. Then, hypothesize up to 5 **REAL-TIME events** that occurred WITHIN THE CURRENT MONTH ONLY.Output format:- First, write your reasoning paragraph.- After that, write the final structured results after ⟪FINAL⟫ in strict JSON format:⟪FINAL⟫{  "hypotheses": [    {      "key": "NAME|ACTION|OBJECT|DIRECTION",    }  ]}Allowed token sets:('NAME ∈ {market, eia, opec, opec_plus, united_states}','ACTION ∈ {report_release, price_change, production_cut, report_release, forecast_lower, forecast_lower, forecast_raise, production_raise, extend_cut, sanction_impose, purchase, release, export_ban_lift}','OBJECT ∈ {inventory, crude_oil, gasoline, price, production, natural_gas, inventory, diesel, export, jet_fuel, rig_count, brent, forecast}','DIRECTION ∈ {ambiguous, up, down}')Rules:- Do NOT fabricate tokens outside these sets.- Do NOT repeat identical AAOD keys.- Use "|" (vertical bar), **not underscores** to separate the fields.- Each "key" must strictly follow this pipe-separated pattern: NAME|ACTION|OBJECT|DIRECTION .- The reasoning paragraph should be fluent and analytic, not a list of events.
2026-01-26 11:21:19,300 | INFO | model_output:
The observed trend in the data indicates a significant and rapid decline in gasoline prices over the last three months, with a particularly sharp drop in the current month. This pattern suggests that there might have been a substantial increase in supply or a decrease in demand, or both, which could be attributed to several factors. One plausible reason is the release of emergency crude oil from the Strategic Petroleum Reserve (SPR) by the United States, which could have increased the supply of crude oil and subsequently gasoline. Another potential factor is the easing of travel restrictions and the gradual return to normalcy in the economy, leading to a decrease in demand for gasoline. Additionally, the OPEC+ agreement to increase production could have contributed to the supply-side pressure, further driving down prices.

⟪FINAL⟫{
  "hypotheses": [
    { "key": "united_states|release|crude_oil|down" },
    { "key": "eia|forecast_lower|gasoline|down" },
    { "key": "opec_plus|production_raise|crude_oil|up" },
    { "key": "united_states|forecast_lower|gasoline|down" },
    { "key": "eia|forecast_lower|production|down"
2026-01-26 11:21:19,300 | INFO | parsed_keys=['united_states|release|crude_oil|down', 'eia|forecast_lower|gasoline|down', 'opec_plus|production_raise|crude_oil|up', 'united_states|forecast_lower|gasoline|down', 'eia|forecast_lower|production|down']
2026-01-26 11:21:19,301 | INFO | running_avg recall_primary@5=0.012987 precision_all=0.018182 overall=0.000000
2026-01-26 11:23:52,899 | INFO | sample idx=11 gold_count=7 pred_count=5
2026-01-26 11:23:52,900 | INFO | user_prompt:
<ts>
You are given weekly U.S. gasoline prices (OT):- Context window (last 3 months, weekly OT):t0: P=3.930
t1: P=3.814
t2: P=3.706
t3: P=3.660
t4: P=3.600
t5: P=3.520
t6: P=3.473
t7: P=3.414
t8: P=3.363
t9: P=3.355
t10: P=3.259
t11: P=3.176
t12: P=3.238
- Current month only (weekly dOT):c0: dP=-0.008
c1: dP=-0.096
c2: dP=-0.083
c3: dP=+0.062
Task:1. Carefully analyze the time-series trends and reason step-by-step about plausible real-world causes.2. Write a short *reasoning paragraph* summarizing your interpretation of the data trend and potential driving factors.   - This paragraph should sound like an analytical narrative (e.g., “The observed trend in the data indicates…”).   - It should include your reasoning path that connects the observed pattern to possible events.3. Then, hypothesize up to 5 **REAL-TIME events** that occurred WITHIN THE CURRENT MONTH ONLY.Output format:- First, write your reasoning paragraph.- After that, write the final structured results after ⟪FINAL⟫ in strict JSON format:⟪FINAL⟫{  "hypotheses": [    {      "key": "NAME|ACTION|OBJECT|DIRECTION",    }  ]}Allowed token sets:('NAME ∈ {market, eia, opec, opec_plus, united_states}','ACTION ∈ {report_release, price_change, production_cut, report_release, forecast_lower, forecast_lower, forecast_raise, production_raise, extend_cut, sanction_impose, purchase, release, export_ban_lift}','OBJECT ∈ {inventory, crude_oil, gasoline, price, production, natural_gas, inventory, diesel, export, jet_fuel, rig_count, brent, forecast}','DIRECTION ∈ {ambiguous, up, down}')Rules:- Do NOT fabricate tokens outside these sets.- Do NOT repeat identical AAOD keys.- Use "|" (vertical bar), **not underscores** to separate the fields.- Each "key" must strictly follow this pipe-separated pattern: NAME|ACTION|OBJECT|DIRECTION .- The reasoning paragraph should be fluent and analytic, not a list of events.
2026-01-26 11:23:52,900 | INFO | model_output:
The observed trend in the data indicates a significant and rapid decline in gasoline prices over the last three months, with a notable acceleration in the current month. The price has been steadily decreasing, with the most substantial drop occurring in the last two weeks. This rapid decline could be attributed to several factors, including increased crude oil production, which has led to a surplus in the market, and a potential easing of sanctions on oil-exporting countries, thereby increasing the supply of crude oil. Additionally, the market may be anticipating a forecasted increase in production from OPEC+ countries, which could further contribute to the downward pressure on prices.

⟪FINAL⟫{
  "hypotheses": [
    { "key": "opec_plus|production_raise|crude_oil|up" },
    { "key": "sanction_impose|crude_oil|ambiguous|down" },
    { "key": "eia|report_release|inventory|down" },
    { "key": "opec|forecast_raise|crude_oil|up" },
    { "key": "united_states|price_change|gasoline|down" }
  ]
}
2026-01-26 11:23:52,901 | INFO | parsed_keys=['opec_plus|production_raise|crude_oil|up', 'sanction_impose|crude_oil|ambiguous|down', 'eia|report_release|inventory|down', 'OPEC_plus|forecast_raise|crude_oil|up', 'united_states|price_change|gasoline|down']
2026-01-26 11:23:52,901 | INFO | running_avg recall_primary@5=0.023810 precision_all=0.033333 overall=0.115000
2026-01-26 11:25:59,089 | INFO | sample idx=12 gold_count=6 pred_count=5
2026-01-26 11:25:59,089 | INFO | user_prompt:
<ts>
You are given weekly U.S. gasoline prices (OT):- Context window (last 3 months, weekly OT):t0: P=3.520
t1: P=3.473
t2: P=3.414
t3: P=3.363
t4: P=3.355
t5: P=3.259
t6: P=3.176
t7: P=3.238
t8: P=3.213
t9: P=3.197
t10: P=3.179
t11: P=3.181
t12: P=3.214
- Current month only (weekly dOT):c0: dP=-0.025
c1: dP=-0.016
c2: dP=-0.018
c3: dP=+0.002
c4: dP=+0.033
Task:1. Carefully analyze the time-series trends and reason step-by-step about plausible real-world causes.2. Write a short *reasoning paragraph* summarizing your interpretation of the data trend and potential driving factors.   - This paragraph should sound like an analytical narrative (e.g., “The observed trend in the data indicates…”).   - It should include your reasoning path that connects the observed pattern to possible events.3. Then, hypothesize up to 5 **REAL-TIME events** that occurred WITHIN THE CURRENT MONTH ONLY.Output format:- First, write your reasoning paragraph.- After that, write the final structured results after ⟪FINAL⟫ in strict JSON format:⟪FINAL⟫{  "hypotheses": [    {      "key": "NAME|ACTION|OBJECT|DIRECTION",    }  ]}Allowed token sets:('NAME ∈ {market, eia, opec, opec_plus, united_states}','ACTION ∈ {report_release, price_change, production_cut, report_release, forecast_lower, forecast_lower, forecast_raise, production_raise, extend_cut, sanction_impose, purchase, release, export_ban_lift}','OBJECT ∈ {inventory, crude_oil, gasoline, price, production, natural_gas, inventory, diesel, export, jet_fuel, rig_count, brent, forecast}','DIRECTION ∈ {ambiguous, up, down}')Rules:- Do NOT fabricate tokens outside these sets.- Do NOT repeat identical AAOD keys.- Use "|" (vertical bar), **not underscores** to separate the fields.- Each "key" must strictly follow this pipe-separated pattern: NAME|ACTION|OBJECT|DIRECTION .- The reasoning paragraph should be fluent and analytic, not a list of events.
2026-01-26 11:25:59,090 | INFO | model_output:
The observed trend in the data indicates a gradual decline in gasoline prices over the last three months, with a more significant drop in the current month. The initial decline can be attributed to the market's response to the easing of travel restrictions and increased demand as the economy reopened. However, the recent price increase might be due to supply chain disruptions or geopolitical tensions affecting crude oil prices, which are a key input for gasoline production.

⟪FINAL⟫{
  "hypotheses": [
    { "key": "market|price_change|gasoline|down" },
    { "key": "market|price_change|gasoline|up" },
    { "key": "eia|forecast_lower|crude_oil|down" },
    { "key": "opec|production_cut|crude_oil|down" },
    { "key": "united_states|sanction_impose|crude_oil|down" }
  ]
}
2026-01-26 11:25:59,090 | INFO | parsed_keys=['market|price_change|gasoline|down', 'market|price_change|gasoline|up', 'eia|forecast_lower|crude_oil|down', 'OPEC_plus|production_cut|crude_oil|down', 'united_states|sanction_impose|crude_oil|down']
2026-01-26 11:25:59,091 | INFO | running_avg recall_primary@5=0.021978 precision_all=0.030769 overall=0.000000
2026-01-26 11:28:46,755 | INFO | sample idx=13 gold_count=9 pred_count=5
2026-01-26 11:28:46,756 | INFO | user_prompt:
<ts>
You are given weekly U.S. gasoline prices (OT):- Context window (last 3 months, weekly OT):t0: P=3.355
t1: P=3.259
t2: P=3.176
t3: P=3.238
t4: P=3.213
t5: P=3.197
t6: P=3.179
t7: P=3.181
t8: P=3.214
t9: P=3.254
t10: P=3.309
t11: P=3.385
t12: P=3.365
- Current month only (weekly dOT):c0: dP=+0.040
c1: dP=+0.055
c2: dP=+0.076
c3: dP=-0.020
Task:1. Carefully analyze the time-series trends and reason step-by-step about plausible real-world causes.2. Write a short *reasoning paragraph* summarizing your interpretation of the data trend and potential driving factors.   - This paragraph should sound like an analytical narrative (e.g., “The observed trend in the data indicates…”).   - It should include your reasoning path that connects the observed pattern to possible events.3. Then, hypothesize up to 5 **REAL-TIME events** that occurred WITHIN THE CURRENT MONTH ONLY.Output format:- First, write your reasoning paragraph.- After that, write the final structured results after ⟪FINAL⟫ in strict JSON format:⟪FINAL⟫{  "hypotheses": [    {      "key": "NAME|ACTION|OBJECT|DIRECTION",    }  ]}Allowed token sets:('NAME ∈ {market, eia, opec, opec_plus, united_states}','ACTION ∈ {report_release, price_change, production_cut, report_release, forecast_lower, forecast_lower, forecast_raise, production_raise, extend_cut, sanction_impose, purchase, release, export_ban_lift}','OBJECT ∈ {inventory, crude_oil, gasoline, price, production, natural_gas, inventory, diesel, export, jet_fuel, rig_count, brent, forecast}','DIRECTION ∈ {ambiguous, up, down}')Rules:- Do NOT fabricate tokens outside these sets.- Do NOT repeat identical AAOD keys.- Use "|" (vertical bar), **not underscores** to separate the fields.- Each "key" must strictly follow this pipe-separated pattern: NAME|ACTION|OBJECT|DIRECTION .- The reasoning paragraph should be fluent and analytic, not a list of events.
2026-01-26 11:28:46,757 | INFO | model_output:
The observed trend in the data indicates a fluctuating pattern in U.S. gasoline prices over the last three months, with a general downward trend followed by a slight upward movement in the current month. The initial decrease in prices from t0 to t5 suggests a potential decrease in crude oil production or an increase in inventory, which could be due to OPEC+ production cuts or increased imports. However, the subsequent increase in prices from t6 to t11, followed by a slight decrease in t12, might be attributed to market speculation, seasonal demand changes, or geopolitical events affecting crude oil prices. The current month's price increase could also be influenced by the release of a positive economic report or a forecast raise from the EIA.

⟪FINAL⟫{
  "hypotheses": [
    { "key": "opec_plus|production_cut|crude_oil|down" },
    { "key": "eia|report_release|price|up" },
    { "key": "market|forecast_raise|price|up" },
    { "key": "united_states|sanction_impose|crude_oil|down" },
    { "key": "market|seasonal_demand_change|gasoline|up" }
2026-01-26 11:28:46,757 | INFO | parsed_keys=['opec_plus|production_cut|crude_oil|down', 'eia|report_release|price|up', 'market|forecast_raise|price|up', 'united_states|sanction_impose|crude_oil|down', 'market|seasonal_demand_change|gasoline|up']
2026-01-26 11:28:46,758 | INFO | running_avg recall_primary@5=0.036281 precision_all=0.042857 overall=0.134737
2026-01-26 11:31:28,571 | INFO | sample idx=14 gold_count=10 pred_count=5
2026-01-26 11:31:28,571 | INFO | user_prompt:
<ts>
You are given weekly U.S. gasoline prices (OT):- Context window (last 3 months, weekly OT):t0: P=3.213
t1: P=3.197
t2: P=3.179
t3: P=3.181
t4: P=3.214
t5: P=3.254
t6: P=3.309
t7: P=3.385
t8: P=3.365
t9: P=3.466
t10: P=3.492
t11: P=3.569
t12: P=3.639
- Current month only (weekly dOT):c0: dP=+0.101
c1: dP=+0.026
c2: dP=+0.077
c3: dP=+0.070
Task:1. Carefully analyze the time-series trends and reason step-by-step about plausible real-world causes.2. Write a short *reasoning paragraph* summarizing your interpretation of the data trend and potential driving factors.   - This paragraph should sound like an analytical narrative (e.g., “The observed trend in the data indicates…”).   - It should include your reasoning path that connects the observed pattern to possible events.3. Then, hypothesize up to 5 **REAL-TIME events** that occurred WITHIN THE CURRENT MONTH ONLY.Output format:- First, write your reasoning paragraph.- After that, write the final structured results after ⟪FINAL⟫ in strict JSON format:⟪FINAL⟫{  "hypotheses": [    {      "key": "NAME|ACTION|OBJECT|DIRECTION",    }  ]}Allowed token sets:('NAME ∈ {market, eia, opec, opec_plus, united_states}','ACTION ∈ {report_release, price_change, production_cut, report_release, forecast_lower, forecast_lower, forecast_raise, production_raise, extend_cut, sanction_impose, purchase, release, export_ban_lift}','OBJECT ∈ {inventory, crude_oil, gasoline, price, production, natural_gas, inventory, diesel, export, jet_fuel, rig_count, brent, forecast}','DIRECTION ∈ {ambiguous, up, down}')Rules:- Do NOT fabricate tokens outside these sets.- Do NOT repeat identical AAOD keys.- Use "|" (vertical bar), **not underscores** to separate the fields.- Each "key" must strictly follow this pipe-separated pattern: NAME|ACTION|OBJECT|DIRECTION .- The reasoning paragraph should be fluent and analytic, not a list of events.
2026-01-26 11:31:28,572 | INFO | model_output:
The observed trend in the data indicates a steady increase in gasoline prices over the last three months, with a more pronounced rise in the current month. The initial slight decrease from t0 to t1 might be due to seasonal factors or temporary supply adjustments. However, the subsequent increases from t2 to t12 suggest a tightening of supply or increased demand, possibly driven by factors such as colder weather increasing heating oil demand, OPEC+ production cuts, or geopolitical tensions affecting crude oil prices. The current month's price increase could also be influenced by the release of a new EIA report indicating lower-than-expected inventories or a forecast raise in crude oil prices.

⟪FINAL⟫{
  "hypotheses": [
    { "key": "eia|report_release|inventory|down" },
    { "key": "opec_plus|production_cut|crude_oil|down" },
    { "key": "united_states|forecast_raise|crude_oil|up" },
    { "key": "united_states|sanction_impose|crude_oil|down" },
    { "key": "eia|price_change|gasoline|up" }
  ]
}
2026-01-26 11:31:28,572 | INFO | parsed_keys=['eia|report_release|inventory|down', 'opec_plus|production_cut|crude_oil|down', 'united_states|forecast_raise|crude_oil|up', 'united_states|sanction_impose|crude_oil|down', 'eia|price_change|gasoline|up']
2026-01-26 11:31:28,573 | INFO | running_avg recall_primary@5=0.040529 precision_all=0.053333 overall=0.100000
2026-01-26 11:34:05,381 | INFO | sample idx=15 gold_count=4 pred_count=5
2026-01-26 11:34:05,382 | INFO | user_prompt:
<ts>
You are given weekly U.S. gasoline prices (OT):- Context window (last 3 months, weekly OT):t0: P=3.254
t1: P=3.309
t2: P=3.385
t3: P=3.365
t4: P=3.466
t5: P=3.492
t6: P=3.569
t7: P=3.639
t8: P=3.636
t9: P=3.712
t10: P=3.751
t11: P=3.791
t12: P=3.777
- Current month only (weekly dOT):c0: dP=-0.003
c1: dP=+0.076
c2: dP=+0.039
c3: dP=+0.040
c4: dP=-0.014
Task:1. Carefully analyze the time-series trends and reason step-by-step about plausible real-world causes.2. Write a short *reasoning paragraph* summarizing your interpretation of the data trend and potential driving factors.   - This paragraph should sound like an analytical narrative (e.g., “The observed trend in the data indicates…”).   - It should include your reasoning path that connects the observed pattern to possible events.3. Then, hypothesize up to 5 **REAL-TIME events** that occurred WITHIN THE CURRENT MONTH ONLY.Output format:- First, write your reasoning paragraph.- After that, write the final structured results after ⟪FINAL⟫ in strict JSON format:⟪FINAL⟫{  "hypotheses": [    {      "key": "NAME|ACTION|OBJECT|DIRECTION",    }  ]}Allowed token sets:('NAME ∈ {market, eia, opec, opec_plus, united_states}','ACTION ∈ {report_release, price_change, production_cut, report_release, forecast_lower, forecast_lower, forecast_raise, production_raise, extend_cut, sanction_impose, purchase, release, export_ban_lift}','OBJECT ∈ {inventory, crude_oil, gasoline, price, production, natural_gas, inventory, diesel, export, jet_fuel, rig_count, brent, forecast}','DIRECTION ∈ {ambiguous, up, down}')Rules:- Do NOT fabricate tokens outside these sets.- Do NOT repeat identical AAOD keys.- Use "|" (vertical bar), **not underscores** to separate the fields.- Each "key" must strictly follow this pipe-separated pattern: NAME|ACTION|OBJECT|DIRECTION .- The reasoning paragraph should be fluent and analytic, not a list of events.
2026-01-26 11:34:05,382 | INFO | model_output:
The observed trend in the data indicates a significant increase in gasoline prices over the last three months, with a notable acceleration in the current month. The price started to rise gradually from t0 to t3, followed by a more pronounced increase from t4 to t12. This upward trend could be attributed to several factors, including OPEC+ production cuts, which have reduced global oil supply, and the ongoing economic recovery, which has increased demand for gasoline. Additionally, the current month's data shows a slight decrease in price from t11 to t12, which might be due to temporary market adjustments or inventory restocking.

⟪FINAL⟫{
  "hypotheses": [
    { "key": "opec_plus|production_cut|crude_oil|down" },
    { "key": "united_states|price_change|gasoline|up" },
    { "key": "eia|inventory|gasoline|up" },
    { "key": "opec|forecast_raise|crude_oil|up" },
    { "key": "united_states|forecast_lower|gasoline|down" }
  ]
}
2026-01-26 11:34:05,383 | INFO | parsed_keys=['opec_plus|production_cut|crude_oil|down', 'united_states|price_change|gasoline|up', 'eia|inventory|gasoline|up', 'OPEC_plus|forecast_raise|crude_oil|up', 'united_states|forecast_lower|gasoline|down']
2026-01-26 11:34:05,383 | INFO | running_avg recall_primary@5=0.053621 precision_all=0.062500 overall=0.140000
2026-01-26 11:34:05,393 | INFO | saved_report_csv=itformer_eval_report.csv
