Labels:
['centers_for_disease_control', 'report_release', 'influenza', 'ambiguous']
['centers_for_disease_control', 'report_release', 'influenza', 'up']
['united_states', 'rate_change', 'hospitalizations', 'up']
['united_states', 'report_release', 'influenza', 'ambiguous']
['united_states', 'report_release', 'influenza', 'up']

===== RAW GENERATION (decoded) =====
The observed trend in the data indicates a significant decrease in weekly U.S. gasoline prices over the last three months, with a slight fluctuation within the current month. From t0 to t12, the prices decreased from 5.735 to 2.705, showing a general downward trend. Within the current month, the prices have slightly increased from 2.707 to 2.705 is not an increase,  however from c0 to c4, we see a very small increase from 2.686 to 2.705,  indicating a stabilization or a very slight increase. This pattern could be connected to possible events such as changes in crude oil prices, inventory levels, or production rates. The sharp decline in prices over the three months could be attributed to an increase in production or a decrease in demand, possibly influenced by forecasts of ample supply or weak demand. The slight increase in prices within the current month might suggest a response to recent production cuts, changes in inventory levels, or other market adjustments.

⟪FINAL⟫
{
  "hypotheses": [
    {
      "key": "market|forecast_lower|crude_oil|down"
    },
    {
      "key": "opec_plus|production_raise|crude_oil|down"
    },
    {
      "key": "united_states|report_release|inventory|up"
    },
    {
      "key": "market|price_change|gasoline|up"
    },
    {
      "key": "eia|report_release|inventory|down"
    }
  ]
}
===== END RAW GENERATION =====
[DEBUG] parsed JSON: {"hypotheses": [{"key": "market|forecast_lower|crude_oil|down"}, {"key": "opec_plus|production_raise|crude_oil|down"}, {"key": "united_states|report_release|inventory|up"}, {"key": "market|price_change|gasoline|up"}, {"key": "eia|report_release|inventory|down"}]}
['market', 'forecast_lower', 'crude_oil', 'down']
['opec_plus', 'production_raise', 'crude_oil', 'down']
['united_states', 'report_release', 'inventory', 'up']
['market', 'price_change', 'gasoline', 'up']
['eia', 'report_release', 'inventory', 'down']
recall_all: 0.0 precision_all: 0.0
Labels:
['centers_for_disease_control', 'report_release', 'influenza', 'up']
['centers_for_disease_control', 'report_release', 'influenza', 'ambiguous']

===== RAW GENERATION (decoded) =====
The observed trend in the data indicates a consistent decrease in U.S. gasoline prices over the last three months, with a more pronounced decline in the earlier weeks and a relatively stable but still decreasing trend in the current month. The sharp decline from t0 to t3 suggests a significant event or series of events impacting the market, potentially related to changes in crude oil prices, inventory levels, or production rates. The stabilization in the current month, as indicated by the weekly changes (c0 to c3), suggests that the market has started to adjust or that the factors causing the sharp decline have begun to stabilize. The overall downward trend could be attributed to increased production, changes in OPEC or OPEC+ policies, adjustments in U.S. production, or shifts in global demand. Specifically, the slight decreases in the current month could be due to market reactions to inventory reports, forecasts, or geopolitical events influencing crude oil and gasoline prices.

⟪FINAL⟫
{
  "hypotheses": [
    {
      "key": "EIA|report_release|inventory|down"
    },
    {
      "key": "OPEC+|forecast_lower|crude_oil|down"
    },
    {
      "key": "United_States|production_raise|crude_oil|up"
    },
    {
      "key": "market|price_change|gasoline|down"
    },
    {
      "key": "OPEC|report_release|production|ambiguous"
    }
  ]
}
===== END RAW GENERATION =====
[DEBUG] parsed JSON: {"hypotheses": [{"key": "EIA|report_release|inventory|down"}, {"key": "OPEC+|forecast_lower|crude_oil|down"}, {"key": "United_States|production_raise|crude_oil|up"}, {"key": "market|price_change|gasoline|down"}, {"key": "OPEC|report_release|production|ambiguous"}]}
['EIA', 'report_release', 'inventory', 'down']
['OPEC+', 'forecast_lower', 'crude_oil', 'down']
['United_States', 'production_raise', 'crude_oil', 'up']
['market', 'price_change', 'gasoline', 'down']
['OPEC', 'report_release', 'production', 'ambiguous']
recall_all: 0.0 precision_all: 0.0
Labels:
['centers_for_disease_control', 'report_release', 'influenza', 'ambiguous']
['centers_for_disease_control', 'report_release', 'influenza', 'up']

===== RAW GENERATION (decoded) =====
The observed trend in the data indicates a decline in weekly U.S. gasoline prices over the past three months, with some fluctuations. Specifically, the prices decreased from $3.058 at t0 to $2.206 at t12. Within the current month, the trend continues to show a decline, with prices dropping from $2.349 at c0 to $2.206 at c3. The weekly changes in the current month also show a decline, with a slight increase at c0 (+0.031) followed by decreases at c1 (-0.022), c2 (-0.065), and c3 (-0.143). This trend could be attributed to a decrease in crude oil prices, increased gasoline inventory, or a decrease in demand. The consistent decline in prices suggests that market forces, such as changes in supply and demand, are at play. The sharp decline in the current month could be due to a bearish report from the EIA, a forecast of increased production, or a decrease in geopolitical tensions affecting oil-producing countries.

⟪FINAL⟫
{
  "hypotheses": [
    {
      "key": "EIA|report_release|inventory|up"
    },
    {
      "key": "market|forecast_raise|production|up"
    },
    {
      "key": "OPEC_plus|production_raise|crude_oil|up"
    },
    {
      "key": "united_states|forecast_lower|demand|down"
    },
    {
      "key": "OPEC|report_release|price|down"
    }
  ]
}
===== END RAW GENERATION =====
[DEBUG] parsed JSON: {"hypotheses": [{"key": "EIA|report_release|inventory|up"}, {"key": "market|forecast_raise|production|up"}, {"key": "OPEC_plus|production_raise|crude_oil|up"}, {"key": "united_states|forecast_lower|demand|down"}, {"key": "OPEC|report_release|price|down"}]}
['EIA', 'report_release', 'inventory', 'up']
['market', 'forecast_raise', 'production', 'up']
['OPEC_plus', 'production_raise', 'crude_oil', 'up']
['united_states', 'forecast_lower', 'demand', 'down']
['OPEC', 'report_release', 'price', 'down']
recall_all: 0.0 precision_all: 0.0
Labels:
['centers_for_disease_control', 'report_release', 'influenza', 'up']
['united_states', 'report_release', 'h5n1', 'ambiguous']

===== RAW GENERATION (decoded) =====
The observed trend in the data indicates a decline in weekly U.S. gasoline prices over the last three months, with some fluctuations within the current month. The overall downward trend suggests a decrease in demand or an increase in supply. The recent price changes within the current month, with a significant drop followed by a slight increase, may be attributed to market reactions to inventory levels, production rates, or global events influencing oil prices. The decrease in prices could be linked to an increase in gasoline production or a decrease in demand due to seasonal factors or economic conditions. The slight increase in prices in the last couple of weeks of the current month might be due to a reaction to a report or forecast indicating a potential tightening of supply.

⟪FINAL⟫
```json
{
  "hypotheses": [
    {
      "key": "EIA|report_release|inventory|up"
    },
    {
      "key": "market|forecast_lower|price|down"
    },
    {
      "key": "OPEC_plus|production_raise|crude_oil|up"
    },
    {
      "key": "United_States|report_release|inventory|down"
    },
    {
      "key": "market|forecast_raise|price|up"
    }
  ]
}
```
===== END RAW GENERATION =====
[DEBUG] parsed JSON: {"hypotheses": [{"key": "EIA|report_release|inventory|up"}, {"key": "market|forecast_lower|price|down"}, {"key": "OPEC_plus|production_raise|crude_oil|up"}, {"key": "United_States|report_release|inventory|down"}, {"key": "market|forecast_raise|price|up"}]}
['EIA', 'report_release', 'inventory', 'up']
['market', 'forecast_lower', 'price', 'down']
['OPEC_plus', 'production_raise', 'crude_oil', 'up']
['United_States', 'report_release', 'inventory', 'down']
['market', 'forecast_raise', 'price', 'up']
recall_all: 0.0 precision_all: 0.0
Labels:
['centers_for_disease_control', 'recommend_vaccination', 'vaccination', 'ambiguous']
['centers_for_disease_control', 'report_release', 'influenza', 'up']
['food_and_drug_administration', 'approve_authorize', 'vaccine', 'ambiguous']

===== RAW GENERATION (decoded) =====
## Step 1: Analyze the given data
The provided data consists of weekly U.S. gasoline prices over a period, with a focus on the most recent weeks leading up to the current month. The prices are as follows:
- $t_0$ to $t_{12}$: 2.435, 2.413, 2.349, 2.206, 2.073, 1.954, 1.973, 2.017, 1.993, 1.966, 1.914, 1.938, 1.693
- Current month changes: -0.024, -0.027, -0.052, +0.024, -0.245

## 2: Identify trends in the data
The overall trend in the provided historical data shows a decline in gasoline prices over the period. More recently, the changes in prices have been: a decrease of 0.024, then 0.027, followed by a decrease of 0.052, a slight increase of 0.024, and then a significant decrease of 0.245.

## 3: Interpret the trend
The trend indicates that while there have been some fluctuations, the general direction of gasoline prices has been downward. The most significant drop was -0.245, which is a substantial change and likely reflects a significant event or set of events affecting the market.

## 4: Reason about potential causes
The decline in gasoline prices can be attributed to several factors, including changes in crude oil prices, production levels, refinery capacity, and geopolitical events. A significant drop, such as -0.245, often corresponds with major events like changes in OPEC production policies, sanctions, or large inventory releases.

## 5: Formulate hypotheses for recent events
Given the data, we can hypothesize that recent events have contributed to the downward trend in gasoline prices. Specifically, the large drop of -0.245 suggests a significant event such as an increase in production, a decrease in demand, or a geopolitical event affecting oil-producing regions.

## 6: Construct a narrative
The observed trend in the data indicates a general decline in gasoline prices, with a particularly notable drop in the most recent period. This trend suggests that the market has been influenced by factors such as increased production, potentially from OPEC or other major producers, or decreased demand due to seasonal or economic factors. The significant drop could also be indicative of a response to inventory levels or geopolitical tensions easing.

## 7: Propose real-time events
Based on the trend and potential factors influencing it, we can propose the following real-time events:
- An unexpected increase in crude oil production from major producers.
- A significant release of strategic petroleum reserves.
- A decrease in global demand for gasoline due to economic factors or seasonal changes.
- OPEC or OPEC+ decisions to increase production or end production cuts.

## 8: Format the hypotheses
Given the constraints and focusing on the most likely events that could have influenced the market:

⟪FINAL⟪
{
  "hypotheses": [
    {
      "key": "market|report_release|inventory|down"
    },
    {
      "key": "OPEC|production|crude_oil|up"
    },
    {
      "key": "eia|report_release|forecast|down"
    },
    {
      "key": "united_states|forecast_lower|price|down"
    },
    {
      "key": "opec_plus|extend_cut|production|down"
    }
  ]
}
===== END RAW GENERATION =====
[DEBUG] parsed JSON: {"hypotheses": [{"key": "market|report_release|inventory|down", "conf": 0.3}, {"key": "OPEC|production|crude_oil|up", "conf": 0.3}, {"key": "eia|report_release|forecast|down", "conf": 0.3}, {"key": "united_states|forecast_lower|price|down", "conf": 0.3}, {"key": "opec_plus|extend_cut|production|down", "conf": 0.3}], "summary": ""}
['market', 'report_release', 'inventory', 'down']
['OPEC', 'production', 'crude_oil', 'up']
['eia', 'report_release', 'forecast', 'down']
['united_states', 'forecast_lower', 'price', 'down']
['opec_plus', 'extend_cut', 'production', 'down']
recall_all: 0.0 precision_all: 0.0
Labels:
['centers_for_disease_control', 'report_release', 'influenza', 'up']
['centers_for_disease_control', 'issue_guidance', 'influenza', 'ambiguous']
['centers_for_disease_control', 'report_release', 'h1n1', 'ambiguous']
['centers_for_disease_control', 'report_release', 'h5n1', 'up']
['food_and_drug_administration', 'report_release', 'influenza', 'ambiguous']

===== RAW GENERATION (decoded) =====
The observed trend in the data indicates a consistent decrease in weekly U.S. gasoline prices over the past three months, with a more pronounced decline in the current month. The prices have been steadily decreasing from 2.073 at t0 to 1.291 at t12. In the current month, the decreases are more significant, with drops of 0.118, 0.131, 0.120, and 0.033. This trend suggests that there are downward pressures on gasoline prices, which could be attributed to changes in crude oil prices, inventory levels, or production rates. A likely cause of this trend could be an increase in crude oil production or a decrease in demand for gasoline. Given that OPEC and OPEC+ have been adjusting production levels to stabilize prices, it's plausible that their actions, along with changes in U.S. inventory levels and production rates, are influencing the market.

⟪FINAL⟫
{
  "hypotheses": [
    {
      "key": "OPEC|production_raise|crude_oil|up"
    },
    {
      "key": "EIA|report_release|inventory|up"
    },
    {
      "key": "United_States|production_raise|crude_oil|up"
    },
    {
      "key": "OPEC_plus|extend_cut|crude_oil|down"
    },
    {
      "key": "market|forecast_lower|price|down"
    }
  ]
}
===== END RAW GENERATION =====
[DEBUG] parsed JSON: {"hypotheses": [{"key": "OPEC|production_raise|crude_oil|up"}, {"key": "EIA|report_release|inventory|up"}, {"key": "United_States|production_raise|crude_oil|up"}, {"key": "OPEC_plus|extend_cut|crude_oil|down"}, {"key": "market|forecast_lower|price|down"}]}
['OPEC', 'production_raise', 'crude_oil', 'up']
['EIA', 'report_release', 'inventory', 'up']
['United_States', 'production_raise', 'crude_oil', 'up']
['OPEC_plus', 'extend_cut', 'crude_oil', 'down']
['market', 'forecast_lower', 'price', 'down']
recall_all: 0.0 precision_all: 0.0
Labels:
['centers_for_disease_control', 'report_release', 'influenza', 'ambiguous']
['centers_for_disease_control', 'report_release', 'influenza', 'up']
['centers_for_disease_control', 'issue_guidance', 'influenza', 'ambiguous']
['centers_for_disease_control', 'report_release', 'mortality', 'ambiguous']
['world_health_organization', 'report_release', 'h5n1', 'ambiguous']

===== RAW GENERATION (decoded) =====
The observed trend in the data indicates a significant decline in weekly U.S. gasoline prices over the last three months, with some fluctuations within the current month. From t0 to t12, the price decreased from 1.966 to 1.359, showing a general downward trend. However, within the current month, there has been a notable increase in prices, rising from 1.202 at c0 to 1.359 at c12. This increase suggests that factors influencing gasoline prices have shifted, potentially due to changes in supply and demand dynamics, inventory levels, or external events such as policy changes or global market shifts. The sharp decline in prices prior to the current month could be attributed to increased production, changes in global oil prices, or a decrease in demand. The recent uptick in prices within the current month might be due to a reaction to inventory levels, with a decrease in inventory leading to higher prices, or it could reflect anticipation of future supply constraints.

⟪FINAL⟫
{
  "hypotheses": [
    {
      "key": "EIA|report_release|inventory|down"
    },
    {
      "key": "market|forecast_lower|crude_oil|up"
    },
    {
      "key": "OPEC_plus|production_cut|crude_oil|up"
    },
    {
      "key": "United_States|forecast_lower|gasoline|down"
    },
    {
      "key": "market|price_change|gasoline|up"
    }
  ]
}
===== END RAW GENERATION =====
[DEBUG] parsed JSON: {"hypotheses": [{"key": "EIA|report_release|inventory|down"}, {"key": "market|forecast_lower|crude_oil|up"}, {"key": "OPEC_plus|production_cut|crude_oil|up"}, {"key": "United_States|forecast_lower|gasoline|down"}, {"key": "market|price_change|gasoline|up"}]}
['EIA', 'report_release', 'inventory', 'down']
['market', 'forecast_lower', 'crude_oil', 'up']
['OPEC_plus', 'production_cut', 'crude_oil', 'up']
['United_States', 'forecast_lower', 'gasoline', 'down']
['market', 'price_change', 'gasoline', 'up']
recall_all: 0.0 precision_all: 0.0
Labels:
['advisory_committee_on_immunization_practices', 'issue_guidance', 'vaccination', 'ambiguous']
['centers_for_disease_control', 'report_release', 'influenza', 'ambiguous']
['health_and_human_services', 'report_release', 'influenza', 'up']
['national_institute_on_aging', 'issue_guidance', 'vaccination', 'ambiguous']

===== RAW GENERATION (decoded) =====
## Step 1: Analyze the given data
The provided data shows weekly U.S. gasoline prices over a period, with a focus on the current month's weekly changes. The historical prices (P) are given as: t0=1.575, t1=1.444, t2=1.324, t3=1.291, t4=1.202, t5=1.193, t6=1.231, t7=1.261, t8=1.359, t9=1.540, t10=1.826, t11=1.977, t12=2.025. The current month's weekly changes (dP) are: +0.180, +0.287, +0.151, +0.047.

## 2: Identify trends in the data
The historical prices show a general downward trend from t0 to t5, followed by an upward trend from t6 to t12. The current month's changes indicate a consistent increase in price.

## 3: Interpret the trends
The initial decrease in prices could be due to various factors such as increased production, decreased demand, or changes in inventory levels. The subsequent increase in prices, especially the sharp increases in the current month, suggests a shift towards higher demand or reduced supply.

## 4: Consider potential causes
Potential causes for the observed trends include changes in crude oil prices, refinery production levels, geopolitical events affecting oil-producing countries, and seasonal demand changes. The recent increase in prices could be due to factors like production cuts, sanctions, or increased demand due to economic recovery or seasonal travel.

## 5: Formulate hypotheses
Based on the trend of increasing prices, especially in the current month, it seems there might be supply constraints or increased demand. The hypotheses could involve OPEC's production decisions, changes in U.S. crude oil inventory, or other geopolitical factors affecting oil production and distribution.

## 6: Construct the reasoning paragraph
The observed trend in the data indicates a significant increase in gasoline prices over the current month, suggesting a shift towards higher demand or reduced supply. This trend could be attributed to various factors, including changes in crude oil prices, production levels, and geopolitical events. The consistent upward movement in prices, especially in the last few weeks, implies that the market is reacting to perceived or actual shortages or increased demand. This scenario could be a result of OPEC's production decisions, changes in U.S. crude oil inventory levels, or other external factors influencing the global oil market.

## 7: Propose real-time events
Given the information and typical influences on oil prices, several real-time events could explain the trend:
- An unexpected increase in U.S. crude oil inventory drawdown could indicate strong demand or supply chain disruptions.
- OPEC's decision to cut production would lead to decreased supply and increased prices.
- Sanctions imposed on oil-producing countries could reduce global supply.

## 8: Format the final output
⟪FINAL⟫
{
  "hypotheses": [
    {
      "key": "market|report_release|price|up"
    },
    {
      "key": "opec|production_cut|crude_oil|up"
    },
    {
      "key": "united_states|forecast_lower|inventory|down"
    },
    {
      "key": "opec_plus|extend_cut|crude_oil|up"
    },
    {
      "key": "eia|report_release|inventory|down"
    }
  ]
}
===== END RAW GENERATION =====
[DEBUG] parsed JSON: {"hypotheses": [{"key": "market|report_release|price|up"}, {"key": "opec|production_cut|crude_oil|up"}, {"key": "united_states|forecast_lower|inventory|down"}, {"key": "opec_plus|extend_cut|crude_oil|up"}, {"key": "eia|report_release|inventory|down"}]}
['market', 'report_release', 'price', 'up']
['opec', 'production_cut', 'crude_oil', 'up']
['united_states', 'forecast_lower', 'inventory', 'down']
['opec_plus', 'extend_cut', 'crude_oil', 'up']
['eia', 'report_release', 'inventory', 'down']
recall_all: 0.0 precision_all: 0.0
Labels:
['centers_for_disease_control', 'issue_guidance', 'vaccination', 'ambiguous']
['advisory_committee_on_immunization_practices', 'issue_guidance', 'vaccination', 'ambiguous']
['centers_for_disease_control', 'report_release', 'hospitalizations', 'up']
['centers_for_disease_control', 'report_release', 'influenza', 'up']

===== RAW GENERATION (decoded) =====
The observed trend in the data indicates a significant increase in U.S. gasoline prices over the last three months, with a notable acceleration in the current month. From the weekly prices provided, we see a steady increase from t0 to t12, with the most pronounced jumps between t5 and t6, and t9 to t12. The current month's weekly changes (c0 to c3) show a slight dip followed by consistent increases. This pattern suggests a response to supply and demand dynamics, possibly influenced by geopolitical events, inventory levels, and production rates. The sharp increases could be attributed to supply chain disruptions, production cuts, or increased demand forecasts. Given the timing and magnitude of these changes, it's plausible that market reactions to reports from influential bodies like OPEC or the EIA, as well as responses to changes in crude oil prices, played a role.

⟪FINAL⟫
{
  "hypotheses": [
    {
      "key": "EIA|report_release|inventory|down"
    },
    {
      "key": "OPEC|production_cut|crude_oil|up"
    },
    {
      "key": "market|forecast_raise|price|up"
    },
    {
      "key": "OPEC_plus|extend_cut|crude_oil|up"
    },
    {
      "key": "united_states|report_release|inventory|down"
    }
  ]
}
===== END RAW GENERATION =====
[DEBUG] parsed JSON: {"hypotheses": [{"key": "EIA|report_release|inventory|down"}, {"key": "OPEC|production_cut|crude_oil|up"}, {"key": "market|forecast_raise|price|up"}, {"key": "OPEC_plus|extend_cut|crude_oil|up"}, {"key": "united_states|report_release|inventory|down"}]}
['EIA', 'report_release', 'inventory', 'down']
['OPEC', 'production_cut', 'crude_oil', 'up']
['market', 'forecast_raise', 'price', 'up']
['OPEC_plus', 'extend_cut', 'crude_oil', 'up']
['united_states', 'report_release', 'inventory', 'down']
recall_all: 0.0 precision_all: 0.0
Labels:
['centers_for_disease_control', 'issue_guidance', 'vaccination', 'ambiguous']
['centers_for_disease_control', 'report_release', 'influenza', 'ambiguous']
['centers_for_disease_control', 'report_release', 'influenza', 'up']
['centers_for_disease_control', 'conduct_study', 'influenza', 'ambiguous']
['centers_for_disease_control', 'conduct_study', 'respiratory_syncytial_virus', 'ambiguous']

===== RAW GENERATION (decoded) =====
The observed trend in the data indicates a consistent increase in weekly U.S. gasoline prices over the past three months, with a more pronounced upward trajectory in the current month. The prices have been steadily rising from $1.540 at t0 to $3.325 at t12. Notably, the current month's weekly changes show significant increases, particularly with a $0.413 rise in the most recent week. This pattern suggests that market forces, possibly influenced by supply and demand imbalances, are driving the price hikes. The steady and significant increases in price, especially in the current month, could be indicative of major market events or reports that have altered expectations about future supply and demand. Given the magnitude of the changes, it's plausible that influential reports from bodies like the EIA (U.S. Energy Information Administration) or actions by major oil-producing countries like OPEC+ have played a role.

⟪FINAL⟫
{
  "hypotheses": [
    {
      "key": "EIA|report_release|inventory|down"
    },
    {
      "key": "OPEC_plus|production_cut|crude_oil|down"
    },
    {
      "key": "market|forecast_lower|inventory|down"
    },
    {
      "key": "United_States|sanction_impose|crude_oil|down"
    },
    {
      "key": "OPEC|report_release|production|ambiguous"
    }
  ]
}
===== END RAW GENERATION =====
[DEBUG] parsed JSON: {"hypotheses": [{"key": "EIA|report_release|inventory|down"}, {"key": "OPEC_plus|production_cut|crude_oil|down"}, {"key": "market|forecast_lower|inventory|down"}, {"key": "United_States|sanction_impose|crude_oil|down"}, {"key": "OPEC|report_release|production|ambiguous"}]}
['EIA', 'report_release', 'inventory', 'down']
['OPEC_plus', 'production_cut', 'crude_oil', 'down']
['market', 'forecast_lower', 'inventory', 'down']
['United_States', 'sanction_impose', 'crude_oil', 'down']
['OPEC', 'report_release', 'production', 'ambiguous']
recall_all: 0.0 precision_all: 0.0
Labels:
['centers_for_disease_control', 'report_release', 'influenza', 'up']
['centers_for_disease_control', 'approve_authorize', 'influenza', 'ambiguous']
['centers_for_disease_control', 'issue_guidance', 'influenza', 'ambiguous']
['centers_for_disease_control', 'recommend_vaccination', 'influenza', 'ambiguous']
['centers_for_disease_control', 'report_release', 'deaths', 'up']

===== RAW GENERATION (decoded) =====
The observed trend in the data indicates a consistent increase in weekly U.S. gasoline prices over the past three months, with a notable acceleration in the current month. The prices have been steadily rising, from $1.991 at t0 to $4.354 at t12. In the current month, the weekly changes in prices have been significant, with increases of $0.247, $0.216, $0.171, and $0.395. This pattern suggests that there are strong upward pressures on gasoline prices, likely driven by supply and demand imbalances. The recent surge in prices could be attributed to several factors, including changes in crude oil prices, refinery production, and inventory levels. The large increase of $0.395 in the last week of the current month may indicate a significant event or announcement that affected market sentiment.

⟪FINAL⟫
{
  "hypotheses": [
    {
      "key": "EIA|report_release|inventory|down"
    },
    {
      "key": "OPEC|production_cut|crude_oil|up"
    },
    {
      "key": "market|price_change|crude_oil|up"
    },
    {
      "key": "United_States|sanction_impose|export|down"
    },
    {
      "key": "OPEC_plus|forecast_lower|production|down"
    }
  ]
}
===== END RAW GENERATION =====
[DEBUG] parsed JSON: {"hypotheses": [{"key": "EIA|report_release|inventory|down"}, {"key": "OPEC|production_cut|crude_oil|up"}, {"key": "market|price_change|crude_oil|up"}, {"key": "United_States|sanction_impose|export|down"}, {"key": "OPEC_plus|forecast_lower|production|down"}]}
['EIA', 'report_release', 'inventory', 'down']
['OPEC', 'production_cut', 'crude_oil', 'up']
['market', 'price_change', 'crude_oil', 'up']
['United_States', 'sanction_impose', 'export', 'down']
['OPEC_plus', 'forecast_lower', 'production', 'down']
recall_all: 0.0 precision_all: 0.0
Labels:
['centers_for_disease_control', 'report_release', 'influenza', 'ambiguous']
['centers_for_disease_control', 'report_release', 'influenza', 'up']
['centers_for_disease_control', 'report_release', 'cases', 'up']
['centers_for_disease_control', 'report_release', 'h5n1', 'ambiguous']

===== RAW GENERATION (decoded) =====
The observed trend in the data indicates a significant increase in weekly U.S. gasoline prices over the past three months, with a particularly sharp rise in the current month. The prices have been steadily increasing, with some weeks showing more substantial jumps than others. Notably, the current month's data shows a dramatic increase, with prices rising from 3.959 to 6.904 in just a few weeks. This trend suggests that there may have been some significant events or announcements that have impacted the market. A closer look at the weekly changes in the current month reveals large increases, such as +0.853, +1.104, and +0.594, which are substantial and indicate a high level of volatility. These patterns are consistent with supply and demand imbalances, potentially caused by production cuts, inventory drawdowns, or increased demand. Given the magnitude and rapidity of the price increases, it is likely that market participants have been responding to news related to supply chain disruptions, geopolitical events, or changes in production levels.

⟪FINAL⟫
{
  "hypotheses": [
    {
      "key": "OPEC|production_cut|crude_oil|up"
    },
    {
      "key": "market|price_change|gasoline|up"
    },
    {
      "key": "EIA|report_release|inventory|down"
    },
    {
      "key": "United_States|export_ban_lift|crude_oil|up"
    },
    {
      "key": "OPEC_plus|extend_cut|crude_oil|up"
    }
  ]
}
===== END RAW GENERATION =====
[DEBUG] parsed JSON: {"hypotheses": [{"key": "OPEC|production_cut|crude_oil|up"}, {"key": "market|price_change|gasoline|up"}, {"key": "EIA|report_release|inventory|down"}, {"key": "United_States|export_ban_lift|crude_oil|up"}, {"key": "OPEC_plus|extend_cut|crude_oil|up"}]}
['OPEC', 'production_cut', 'crude_oil', 'up']
['market', 'price_change', 'gasoline', 'up']
['EIA', 'report_release', 'inventory', 'down']
['United_States', 'export_ban_lift', 'crude_oil', 'up']
['OPEC_plus', 'extend_cut', 'crude_oil', 'up']
recall_all: 0.0 precision_all: 0.0
Labels:
['centers_for_disease_control', 'report_release', 'influenza', 'up']
['centers_for_disease_control', 'report_release', 'influenza', 'ambiguous']
['centers_for_disease_control', 'issue_guidance', 'vaccination', 'ambiguous']
['centers_for_disease_control', 'recommend_vaccination', 'vaccination', 'ambiguous']
['centers_for_disease_control', 'report_release', 'influenza', 'down']

===== RAW GENERATION (decoded) =====
The observed trend in the data indicates a significant fluctuation in weekly U.S. gasoline prices over the last three months, with a particularly sharp increase followed by a steep decline within the current month. From t0 to t7, prices steadily increased from $3.325 to $6.904, suggesting a period of rising demand or supply constraints. However, from t8 onwards, prices drastically dropped to $4.224 by t11, indicating a sudden shift in market dynamics. This downturn, especially within the current month (as seen in c0 to c4), with decreases in prices (dP) being -1.143, -1.009, -0.402, -0.127, and then a slight increase of +0.054, suggests a response to changes in supply or demand. The sharp decline could be attributed to an increase in supply or a decrease in demand. Given that these changes are happening within a short timeframe, it's plausible that the market reacted to specific events such as reports on inventory levels, production changes, or policy decisions affecting the oil market.

The consistent decrease in the current month, followed by a minor increase, suggests that the market might have initially overreacted to news or data, and then adjusted as more information became available. The involvement of major market influencers like OPEC, OPEC+, and the U.S. government's strategic decisions on oil reserves could play a crucial role in these fluctuations.

⟪FINAL⟫
{
  "hypotheses": [
    {
      "key": "EIA|report_release|inventory|up"
    },
    {
      "key": "OPEC_plus|production_raise|crude_oil|up"
    },
    {
      "key": "United_States|release|crude_oil|up"
    },
    {
      "key": "market|forecast_lower|price|down"
    },
    {
      "key": "OPEC|report_release|production|ambiguous"
    }
  ]
}
===== END RAW GENERATION =====
[DEBUG] parsed JSON: {"hypotheses": [{"key": "EIA|report_release|inventory|up"}, {"key": "OPEC_plus|production_raise|crude_oil|up"}, {"key": "United_States|release|crude_oil|up"}, {"key": "market|forecast_lower|price|down"}, {"key": "OPEC|report_release|production|ambiguous"}]}
['EIA', 'report_release', 'inventory', 'up']
['OPEC_plus', 'production_raise', 'crude_oil', 'up']
['United_States', 'release', 'crude_oil', 'up']
['market', 'forecast_lower', 'price', 'down']
['OPEC', 'report_release', 'production', 'ambiguous']
recall_all: 0.0 precision_all: 0.0
Labels:
['centers_for_disease_control', 'issue_guidance', 'influenza', 'ambiguous']
['centers_for_disease_control', 'report_release', 'influenza', 'up']
['centers_for_disease_control', 'issue_guidance', 'vaccination', 'ambiguous']
['centers_for_disease_control', 'recommend_vaccination', 'influenza', 'ambiguous']
['centers_for_disease_control', 'recommend_vaccination', 'vaccination', 'ambiguous']

===== RAW GENERATION (decoded) =====
The observed trend in the data indicates a decline in U.S. gasoline prices over the current month, following a significant increase and subsequent decrease in the preceding three months. The initial rise in prices from $4.354 to $6.904 could be attributed to various factors such as increased demand during summer or supply chain disruptions. However, the subsequent decline to around $4.318 suggests a correction or adjustment in the market. The current month's data shows a continued downward trend with fluctuations, ending with a notable decrease. This pattern could be influenced by factors such as changes in crude oil prices, adjustments in production levels by major oil-producing countries, or shifts in demand due to seasonal changes.

The recent weekly changes within the current month (c0 to c3) show an initial increase followed by successive decreases, suggesting that the market is experiencing a downward pressure on gasoline prices. This could be due to real-time events that have impacted the supply and demand dynamics.

⟪FINAL⟫
{
  "hypotheses": [
    {
      "key": "opec_plus|production_raise|crude_oil|up"
    },
    {
      "key": "eia|report_release|inventory|up"
    },
    {
      "key": "market|price_change|gasoline|down"
    },
    {
      "key": "united_states|release|crude_oil|up"
    },
    {
      "key": "opec|production_cut|crude_oil|down"
    }
  ]
}
===== END RAW GENERATION =====
[DEBUG] parsed JSON: {"hypotheses": [{"key": "opec_plus|production_raise|crude_oil|up"}, {"key": "eia|report_release|inventory|up"}, {"key": "market|price_change|gasoline|down"}, {"key": "united_states|release|crude_oil|up"}, {"key": "opec|production_cut|crude_oil|down"}]}
['opec_plus', 'production_raise', 'crude_oil', 'up']
['eia', 'report_release', 'inventory', 'up']
['market', 'price_change', 'gasoline', 'down']
['united_states', 'release', 'crude_oil', 'up']
['opec', 'production_cut', 'crude_oil', 'down']
recall_all: 0.0 precision_all: 0.0
Labels:
['centers_for_disease_control', 'report_release', 'influenza', 'up']
['centers_for_disease_control', 'report_release', 'influenza', 'ambiguous']

===== RAW GENERATION (decoded) =====
## Step 1: Analyze the given data
The provided data shows weekly U.S. gasoline prices over a period of time, with a focus on the most recent weeks leading up to the current month. The prices are as follows: 
- Past weeks: $5.762, 4.753, 4.351, 4.224, 4.278, 4.400, 4.334, 4.318, 4.079, 3.728, 3.398, 3.150, 3.030$
- Current month changes: $-0.351, -0.329, -0.248, -0.120$

## 2: Identify trends in the data
The overall trend in the past weeks shows a significant decrease in gasoline prices. From $5.762, the price has been decreasing with some fluctuations. The most recent data points show a consistent decrease: $3.150 to $3.030, indicating a continued downward trend.

## 3: Interpret the trend
The consistent decrease in gasoline prices over the observed period suggests a surplus in supply, increased production, or decreased demand. Given the context, several factors could be influencing this trend, including changes in crude oil prices, production levels, geopolitical events, and seasonal demand variations.

## 4: Reason about potential causes
The decrease in gasoline prices could be due to several factors:
- An increase in crude oil production or a decrease in crude oil prices, making the input cost for gasoline lower.
- A reduction in demand due to seasonal changes or economic factors.
- Policy changes, such as a release from strategic petroleum reserves or changes in taxation.

## 5: Formulate hypotheses for recent events
Given the consistent decrease in prices, recent events could include:
- An increase in domestic production or a decrease in imports of crude oil, leading to a surplus.
- A forecast of decreased demand.
- Geopolitical events that have reduced tensions, potentially leading to increased supply.

## 6: Write the reasoning paragraph
The observed trend in the data indicates a significant and consistent decrease in gasoline prices over the past several weeks. This trend suggests that there has been an increase in supply, a decrease in demand, or a combination of both. The recent weeks have seen prices decrease from $3.150 to $3.030, indicating that the market is responding to current supply and demand dynamics. Factors contributing to this trend could include increased production of crude oil, changes in global demand due to economic conditions, or geopolitical events that have impacted the supply chain. The consistent nature of the decrease suggests that these are not isolated events but part of a broader trend.

## 7: Hypothesize real-time events
Based on the trend and potential factors influencing it, several real-time events could be occurring:
- An increase in U.S. crude oil production.
- A decrease in global demand for gasoline.
- OPEC or OPEC+ decisions to increase production or end production cuts.

## 8: Format the hypotheses
Given the constraints and focusing on the required format for the final output:

⟪FINAL⟫
```json
{
  "hypotheses": [
    {
      "key": "market|report_release|price|down"
    },
    {
      "key": "opec|production|crude_oil|up"
    },
    {
      "key": "united_states|forecast_lower|demand|down"
    },
    {
      "key": "opec_plus|extend_cut|false"
    },
    {
      "key": "eia|report_release|inventory|up"
    }
  ]
}
```
===== END RAW GENERATION =====
[DEBUG] parsed JSON: {"hypotheses": [{"key": "market|report_release|price|down"}, {"key": "opec|production|crude_oil|up"}, {"key": "united_states|forecast_lower|demand|down"}, {"key": "opec_plus|extend_cut|false"}, {"key": "eia|report_release|inventory|up"}]}
['market', 'report_release', 'price', 'down']
['opec', 'production', 'crude_oil', 'up']
['united_states', 'forecast_lower', 'demand', 'down']
['opec_plus', 'extend_cut', 'false', '']
['eia', 'report_release', 'inventory', 'up']
recall_all: 0.0 precision_all: 0.0
Labels:
['centers_for_disease_control', 'report_release', 'h5n1', 'up']
['centers_for_disease_control', 'confirm', 'h5n1', 'ambiguous']
['centers_for_disease_control', 'outbreak', 'h5n1', 'ambiguous']

===== RAW GENERATION (decoded) =====
The observed trend in the data indicates a consistent decrease in weekly U.S. gasoline prices over the last three months, with a more pronounced decline in the current month. The prices have been steadily dropping, from $4.400 at t0 to $2.142 at t12, with the most significant weekly decreases happening in the current month, as seen in the daily changes (dP) provided. This trend suggests a significant shift in market dynamics, likely influenced by changes in supply and demand. A plausible explanation for this trend is the reaction to an increase in supply and/or a decrease in demand. Given that gasoline prices are a key indicator of economic activity and are heavily influenced by crude oil prices, a decrease in prices could be attributed to actions by major oil-producing countries or changes in inventory levels. The consistent downward trend in prices, especially the notable decreases in the current month, could be a response to an increase in production or release of inventories by major oil producers or the United States itself.

The sharp declines in gasoline prices within the current month, as evidenced by the weekly changes, suggest recent actions or announcements that have directly impacted the market's perception of future supply and demand balances. The decreases could be attributed to decisions made by OPEC or OPEC+ regarding production levels, changes in U.S. policies regarding oil and gasoline, or shifts in global economic conditions affecting demand.

⟪FINAL⟫
{
  "hypotheses": [
    {
      "key": "OPEC+|production_raise|crude_oil|up"
    },
    {
      "key": "United_States|release|inventory|up"
    },
    {
      "key": "market|forecast_lower|price|down"
    },
    {
      "key": "EIA|report_release|inventory|down"
    },
    {
      "key": "OPEC+|extend_cut|production|ambiguous"
    }
  ]
}
===== END RAW GENERATION =====
[DEBUG] parsed JSON: {"hypotheses": [{"key": "OPEC+|production_raise|crude_oil|up"}, {"key": "United_States|release|inventory|up"}, {"key": "market|forecast_lower|price|down"}, {"key": "EIA|report_release|inventory|down"}, {"key": "OPEC+|extend_cut|production|ambiguous"}]}
['OPEC+', 'production_raise', 'crude_oil', 'up']
['United_States', 'release', 'inventory', 'up']
['market', 'forecast_lower', 'price', 'down']
['EIA', 'report_release', 'inventory', 'down']
['OPEC+', 'extend_cut', 'production', 'ambiguous']
recall_all: 0.0 precision_all: 0.0
Labels:
['centers_for_disease_control', 'detect', 'h5n1', 'ambiguous']

===== RAW GENERATION (decoded) =====
The observed trend in the data indicates a consistent decline in weekly U.S. gasoline prices over the past three months, with a notable acceleration in the rate of decrease in recent weeks. The prices have dropped from $4.334 to $2.032, showing a significant reduction in gasoline prices. This trend suggests that there have been changes in the supply and demand dynamics or external factors influencing the gasoline market. A plausible explanation for this trend could be an increase in supply, possibly due to increased production or releases from strategic reserves, or a decrease in demand, potentially driven by seasonal factors or economic conditions. Additionally, the recent price changes could be influenced by reports from key market players such as OPEC, OPEC+, or the EIA, which might have adjusted their forecasts or taken actions affecting crude oil and gasoline prices.

Given the context and focusing on real-time events within the current month only, we can infer that market reactions to various stimuli have been crucial. The decrease in price in the current month, as indicated by dP=-0.110, suggests that recent events have been pushing prices down.

⟪FINAL⟫
{
  "hypotheses": [
    {
      "key": "EIA|report_release|inventory|up"
    },
    {
      "key": "market|price_change|gasoline|down"
    },
    {
      "key": "OPEC|forecast_lower|price|down"
    },
    {
      "key": "united_states|production_raise|crude_oil|up"
    },
    {
      "key": "OPEC_plus|production_cut|crude_oil|ambiguous"
    }
  ]
}
===== END RAW GENERATION =====
[DEBUG] parsed JSON: {"hypotheses": [{"key": "EIA|report_release|inventory|up"}, {"key": "market|price_change|gasoline|down"}, {"key": "OPEC|forecast_lower|price|down"}, {"key": "united_states|production_raise|crude_oil|up"}, {"key": "OPEC_plus|production_cut|crude_oil|ambiguous"}]}
['EIA', 'report_release', 'inventory', 'up']
['market', 'price_change', 'gasoline', 'down']
['OPEC', 'forecast_lower', 'price', 'down']
['united_states', 'production_raise', 'crude_oil', 'up']
['OPEC_plus', 'production_cut', 'crude_oil', 'ambiguous']
recall_all: 0.0 precision_all: 0.0
Labels:
['market', 'price_change', 'price', 'up']
['eia', 'forecast_lower', 'price', 'down']
['eia', 'report_release', 'price', 'down']
['eia', 'report_release', 'price', 'up']
['eia', 'forecast_raise', 'price', 'up']
['eia', 'report_release', 'export', 'up']
['eia', 'report_release', 'production', 'ambiguous']
['eia', 'report_release', 'production', 'up']
['market', 'price_change', 'crude_oil', 'up']
['market', 'price_change', 'price', 'down']
['united_states', 'price_change', 'gasoline', 'up']
['united_states', 'report_release', 'price', 'up']

===== RAW GENERATION (decoded) =====
## Step 1: Analyze the given data
The given data consists of weekly U.S. gasoline prices over a period, with a focus on the current month's data showing a sequence of price changes.

## 2: Identify trends in the data
The prices given are: 3.909, 3.876, 3.763, 3.649, 3.504, 3.353, 3.234, 3.203, 3.331, 3.366, 3.416, 3.519, 3.594. The changes in prices (dP) for the current month are: +0.128, +0.035, +0.050, +0.103, +0.075.

## 3: Interpret the trend
The overall trend in the provided historical data shows a decrease in gasoline prices over the longer term but an increase in the current month. The prices were generally decreasing from t0 to t7, indicating a downward trend. However, from t7 onwards, there's a noticeable increase in prices (from 3.203 to 3.594), suggesting a change in the trend within the current month.

## 4: Reason about plausible causes
The initial decrease in prices could be attributed to various factors such as increased production, reduced demand, or changes in inventory levels. The subsequent increase in prices within the current month could be due to factors like supply chain disruptions, increased demand due to better economic indicators, or geopolitical tensions affecting oil-producing regions.

## 5: Formulate hypotheses for real-time events
Given the increase in gasoline prices within the current month, we can hypothesize that events leading to reduced supply or increased demand could be occurring. Possible events include OPEC or OPEC+ decisions to cut production, sanctions imposed on oil-producing countries, or forecasts indicating stronger economic growth leading to higher demand for gasoline.

## 6: Write the reasoning paragraph
The observed trend in the data indicates a shift from a decreasing to an increasing trajectory in gasoline prices within the current month. This shift suggests that factors influencing the market have changed, potentially due to supply-side constraints or an increase in demand. The initial decrease in prices could be attributed to an oversupply or reduced demand, but the recent uptick suggests that the market has started to tighten or that demand has picked up. This could be due to various factors including production cuts by OPEC, changes in inventory levels, or shifts in global economic conditions.

## 7: Hypothesize real-time events
Based on the trend and potential factors influencing it, we can hypothesize the following real-time events:
- An unexpected increase in demand due to better economic forecasts.
- Supply chain disruptions leading to a reduction in gasoline production or distribution.
- OPEC or OPEC+ decisions to cut production, reducing the global supply of crude oil.

## 8: Format the hypotheses
Given the constraints and the analysis, here are the hypotheses formatted as required:

⟪FINAL⟪
{
  "hypotheses": [
    {
      "key": "market|report_release|price|up"
    },
    {
      "key": "opec|report_release|production|down"
    },
    {
      "key": "united_states|report_release|inventory|down"
    },
    {
      "key": "opec_plus|report_release|production|down"
    },
    {
      "key": "market|forecast|price|up"
    }
  ]
}
===== END RAW GENERATION =====
[DEBUG] parsed JSON: {"hypotheses": [{"key": "market|report_release|price|up"}, {"key": "opec|report_release|production|down"}, {"key": "united_states|report_release|inventory|down"}, {"key": "opec_plus|report_release|production|down"}, {"key": "market|forecast|price|up"}]}
['market', 'report_release', 'price', 'up']
['opec', 'report_release', 'production', 'down']
['united_states', 'report_release', 'inventory', 'down']
['opec_plus', 'report_release', 'production', 'down']
['market', 'forecast', 'price', 'up']
recall_all: 0.0 precision_all: 0.0
Labels:
['eia', 'report_release', 'price', 'up']
['market', 'price_change', 'gasoline', 'down']
['market', 'price_change', 'gasoline', 'up']
['market', 'price_change', 'price', 'up']
['api', 'report_release', 'price', 'up']
['eia', 'report_release', 'price', 'ambiguous']
['eia', 'report_release', 'price', 'down']
['market', 'price_change', 'natural_gas', 'down']
['united_states', 'report_release', 'price', 'up']

===== RAW GENERATION (decoded) =====
The observed trend in the data indicates a general decrease in weekly U.S. gasoline prices over the last three months, with some fluctuations. Specifically, the prices decreased from $3.504 at t0 to $3.457 at t12. However, within the current month, the trend continues with decreases in prices: -0.042, -0.050, -0.008, and -0.037. This pattern suggests that the market is experiencing a downward pressure on gasoline prices. A plausible explanation for this trend could be related to changes in crude oil prices, inventory levels, or production rates. Given that the prices are decreasing, it is likely that there is an increase in inventory levels or production rates, or a decrease in crude oil prices. Additionally, the release of inventory or a forecast of lower demand could also contribute to the downward trend in gasoline prices.

⟪FINAL⟫
{
  "hypotheses": [
    {
      "key": "EIA|report_release|inventory|up"
    },
    {
      "key": "OPEC|production_raise|crude_oil|up"
    },
    {
      "key": "market|forecast_lower|price|down"
    },
    {
      "key": "United_States|release|inventory|up"
    },
    {
      "key": "OPEC_plus|extend_cut|crude_oil|ambiguous"
    }
  ]
}
===== END RAW GENERATION =====
[DEBUG] parsed JSON: {"hypotheses": [{"key": "EIA|report_release|inventory|up"}, {"key": "OPEC|production_raise|crude_oil|up"}, {"key": "market|forecast_lower|price|down"}, {"key": "United_States|release|inventory|up"}, {"key": "OPEC_plus|extend_cut|crude_oil|ambiguous"}]}
['EIA', 'report_release', 'inventory', 'up']
['OPEC', 'production_raise', 'crude_oil', 'up']
['market', 'forecast_lower', 'price', 'down']
['United_States', 'release', 'inventory', 'up']
['OPEC_plus', 'extend_cut', 'crude_oil', 'ambiguous']
recall_all: 0.0 precision_all: 0.0
Labels:
['market', 'price_change', 'price', 'down']
['market', 'price_change', 'price', 'up']
['eia', 'forecast_lower', 'price', 'down']
['eia', 'report_release', 'price', 'ambiguous']
['eia', 'report_release', 'price', 'up']
['market', 'price_change', 'gasoline', 'up']

===== RAW GENERATION (decoded) =====
The observed trend in the data indicates a fluctuating pattern in weekly U.S. gasoline prices over the last three months, with a recent stabilization and slight increase. The prices rose from 3.331 to 3.594, then decreased to 3.457, and slightly increased again to 3.568. The changes in the current month show an increase of 0.048 and 0.063, followed by decreases of 0.034 and 0.001. This pattern suggests that the market has been reacting to various factors, possibly related to supply and demand dynamics. The initial increases could be attributed to factors such as production cuts or increased demand forecasts. The subsequent decreases might be due to inventory increases or forecasts of higher production. The recent stabilization could indicate a balance between these factors.

⟪FINAL⟫
{
  "hypotheses": [
    {
      "key": "EIA|report_release|inventory|down"
    },
    {
      "key": "OPEC|production_cut|crude_oil|up"
    },
    {
      "key": "market|forecast_raise|demand|up"
    },
    {
      "key": "United_States|report_release|inventory|up"
    },
    {
      "key": "OPEC_plus|extend_cut|crude_oil|up"
    }
  ]
}
===== END RAW GENERATION =====
[DEBUG] parsed JSON: {"hypotheses": [{"key": "EIA|report_release|inventory|down"}, {"key": "OPEC|production_cut|crude_oil|up"}, {"key": "market|forecast_raise|demand|up"}, {"key": "United_States|report_release|inventory|up"}, {"key": "OPEC_plus|extend_cut|crude_oil|up"}]}
['EIA', 'report_release', 'inventory', 'down']
['OPEC', 'production_cut', 'crude_oil', 'up']
['market', 'forecast_raise', 'demand', 'up']
['United_States', 'report_release', 'inventory', 'up']
['OPEC_plus', 'extend_cut', 'crude_oil', 'up']
recall_all: 0.0 precision_all: 0.0
Labels:
['eia', 'report_release', 'price', 'ambiguous']
['market', 'price_change', 'gasoline', 'up']
['market', 'price_change', 'price', 'down']
['opec_plus', 'production_cut', 'crude_oil', 'down']
['eia', 'report_release', 'price', 'down']
['market', 'price_change', 'natural_gas', 'down']
['united_states', 'price_change', 'diesel', 'up']

===== RAW GENERATION (decoded) =====
## Step 1: Analyze the given data
The given data consists of weekly U.S. gasoline prices over a period of time, with a focus on the current month's data. The prices are as follows: t0 = 3.594, t1 = 3.552, t2 = 3.502, t3 = 3.494, t4 = 3.457, t5 = 3.505, t6 = 3.568, t7 = 3.534, t8 = 3.533, t9 = 3.606, t10 = 3.703, t11 = 3.769, t12 = 3.765. The current month's data shows changes in prices: c0 = +0.073, c1 = +0.097, c2 = +0.066, c3 = -0.004.

## 2: Identify trends in the data
The overall trend in the data seems to be an increase in gasoline prices over the observed period, with some fluctuations. Specifically, after an initial decrease, there's a noticeable upward trend towards the end of the data series.

## 3: Interpret the trend
The trend suggests that after a period of relatively stable or decreasing prices, there was an increase in gasoline prices. This could be due to various factors such as changes in crude oil prices, geopolitical events affecting oil production, changes in demand due to seasonal variations, or adjustments in inventory levels.

## 4: Reason about potential causes
The increase in prices towards the end of the series could be attributed to several factors:
- **Supply and Demand Imbalance**: An increase in demand or a decrease in supply can lead to higher prices.
- **Crude Oil Prices**: As gasoline is a refined product of crude oil, changes in crude oil prices can directly impact gasoline prices.
- **Geopolitical Events**: Events such as conflicts in oil-producing regions can disrupt supply, leading to price increases.
- **Seasonal Demand**: Gasoline demand typically increases during summer months due to travel, which can drive up prices.

## 5: Formulate hypotheses for real-time events
Given the trend and potential causes, we can hypothesize the following real-time events that could have influenced the gasoline prices within the current month:
- An increase in crude oil prices.
- A decrease in gasoline inventory levels.
- An increase in demand due to summer travel or other seasonal factors.
- Geopolitical tensions affecting oil production or distribution.

## 6: Structure the hypotheses
Based on the potential causes and the requirement for a specific format, the hypotheses can be structured as follows:

## 7: Write the reasoning paragraph
The observed trend in the data indicates a period of relatively stable prices followed by an increase, suggesting that market factors such as supply and demand imbalance, changes in crude oil prices, or geopolitical events may have influenced gasoline prices. The recent upward trend could be attributed to increased demand, possibly due to seasonal factors, or supply-side issues. This pattern suggests that the market is sensitive to changes in inventory levels, crude oil prices, and possibly geopolitical events.

## 8: Provide the final structured results
⟪FINAL⟫
{
  "hypotheses": [
    {
      "key": "market|report_release|crude_oil|up"
    },
    {
      "key": "opec|production_cut|crude_oil|up"
    },
    {
      "key": "united_states|report_release|gasoline|up"
    },
    {
      "key": "eia|forecast_lower|inventory|down"
    },
    {
      "key": "opec_plus|extend_cut|crude_oil|up"
    }
  ]
}
===== END RAW GENERATION =====
[DEBUG] parsed JSON: {"hypotheses": [{"key": "market|report_release|crude_oil|up"}, {"key": "opec|production_cut|crude_oil|up"}, {"key": "united_states|report_release|gasoline|up"}, {"key": "eia|forecast_lower|inventory|down"}, {"key": "opec_plus|extend_cut|crude_oil|up"}]}
['market', 'report_release', 'crude_oil', 'up']
['opec', 'production_cut', 'crude_oil', 'up']
['united_states', 'report_release', 'gasoline', 'up']
['eia', 'forecast_lower', 'inventory', 'down']
['opec_plus', 'extend_cut', 'crude_oil', 'up']
recall_all: 0.03571428571428571 precision_all: 0.05
Labels:
['market', 'price_change', 'price', 'down']
['eia', 'report_release', 'price', 'down']
['opec_plus', 'production_cut', 'crude_oil', 'down']
['eia', 'forecast_lower', 'price', 'down']
['eia', 'report_release', 'price', 'up']
['market', 'price_change', 'crude_oil', 'down']
['market', 'price_change', 'gasoline', 'up']
['market', 'price_change', 'price', 'up']

===== RAW GENERATION (decoded) =====
The observed trend in the data indicates a fluctuating pattern in weekly U.S. gasoline prices over the last three months, with a slight increase in the overall trend. In the current month, the changes in gasoline prices (dP) have been negative initially, followed by a small positive change, and then a return to negative changes before ending on a positive note. This pattern suggests that the market has been reacting to various factors, possibly related to supply and demand dynamics, geopolitical events, and economic indicators. The initial decrease in the current month could be attributed to an increase in inventory levels or a decrease in crude oil prices, while the subsequent increase might be due to production cuts or forecasts of higher demand. The overall volatility in prices could be influenced by reports from the Energy Information Administration (EIA) and decisions from OPEC and OPEC+ regarding production levels.

⟪FINAL⟫
{
  "hypotheses": [
    {
      "key": "EIA|report_release|inventory|down"
    },
    {
      "key": "OPEC_plus|production_cut|crude_oil|down"
    },
    {
      "key": "market|forecast_raise|demand|up"
    },
    {
      "key": "united_states|report_release|inventory|ambiguous"
    },
    {
      "key": "OPEC|forecast_lower|crude_oil|down"
    }
  ]
}
===== END RAW GENERATION =====
[DEBUG] parsed JSON: {"hypotheses": [{"key": "EIA|report_release|inventory|down"}, {"key": "OPEC_plus|production_cut|crude_oil|down"}, {"key": "market|forecast_raise|demand|up"}, {"key": "united_states|report_release|inventory|ambiguous"}, {"key": "OPEC|forecast_lower|crude_oil|down"}]}
['EIA', 'report_release', 'inventory', 'down']
['OPEC_plus', 'production_cut', 'crude_oil', 'down']
['market', 'forecast_raise', 'demand', 'up']
['united_states', 'report_release', 'inventory', 'ambiguous']
['OPEC', 'forecast_lower', 'crude_oil', 'down']
recall_all: 0.05357142857142857 precision_all: 0.08
Labels:
['market', 'price_change', 'price', 'down']
['eia', 'report_release', 'inventory', 'down']
['eia', 'report_release', 'price', 'down']
['market', 'price_change', 'price', 'up']

===== RAW GENERATION (decoded) =====
The observed trend in the data indicates a relatively stable but slightly decreasing gasoline price over the last three months, with minor fluctuations. Focusing on the current month, the weekly changes in prices show a decrease followed by an increase and then two consecutive decreases. This pattern suggests that there might have been initial concerns or events that led to a drop in prices, followed by a recovery, and then further adjustments. A plausible explanation for these trends could involve inventory levels and production rates. For instance, an initial decrease in prices could be attributed to an unexpected increase in inventory levels or production cuts not being as stringent as anticipated. The subsequent increase and then decrease could reflect market reactions to forecasts or reports about future supply and demand dynamics.

Given the context and focusing on real-world causes, it's reasonable to consider that market reactions, possibly spurred by reports or forecasts from influential bodies like the EIA (Energy Information Administration) or OPEC (Organization of the Petroleum Exporting Countries), could be driving these price changes. Additionally, changes in production levels, either by OPEC+ or the United States, could also significantly impact gasoline prices.

⟪FINAL⟫
{
  "hypotheses": [
    {
      "key": "EIA|report_release|inventory|down"
    },
    {
      "key": "OPEC_plus|forecast_lower|production|down"
    },
    {
      "key": "United_States|production_raise|crude_oil|up"
    },
    {
      "key": "market|price_change|gasoline|down"
    },
    {
      "key": "OPEC|forecast_lower|price|down"
    }
  ]
}
===== END RAW GENERATION =====
[DEBUG] parsed JSON: {"hypotheses": [{"key": "EIA|report_release|inventory|down"}, {"key": "OPEC_plus|forecast_lower|production|down"}, {"key": "United_States|production_raise|crude_oil|up"}, {"key": "market|price_change|gasoline|down"}, {"key": "OPEC|forecast_lower|price|down"}]}
['EIA', 'report_release', 'inventory', 'down']
['OPEC_plus', 'forecast_lower', 'production', 'down']
['United_States', 'production_raise', 'crude_oil', 'up']
['market', 'price_change', 'gasoline', 'down']
['OPEC', 'forecast_lower', 'price', 'down']
recall_all: 0.0863095238095238 precision_all: 0.10000000000000002
Labels:
['eia', 'report_release', 'inventory', 'up']
['market', 'price_change', 'price', 'up']
['eia', 'report_release', 'inventory', 'down']
['united_states', 'report_release', 'inventory', 'down']
['united_states', 'report_release', 'price', 'up']

===== RAW GENERATION (decoded) =====
The observed trend in the data indicates a notable increase in U.S. gasoline prices over the current month, with a significant jump in the most recent week. The prices have shown a general upward trend, with some minor fluctuations. The most recent data point shows a substantial increase of 0.158, which is the largest change in the given time series. This could be indicative of a significant event impacting the gasoline market. 

Upon closer inspection, it appears that the increases are not uniform and are punctuated by periods of relative stability or minor changes. This pattern suggests that the market is responding to specific events or announcements rather than a gradual change in supply or demand. The recent surge in prices could be due to factors such as changes in crude oil prices, geopolitical tensions, or significant announcements from major oil-producing countries or the U.S. government.

The weekly changes in gasoline prices suggest that market participants are highly sensitive to news that could impact supply or demand. The fact that prices have been steadily increasing, with a significant spike in the latest week, implies that the market is likely reacting to real-time information about supply chain disruptions, inventory levels, or future market expectations.

Given the recent trend and the significant increase in the latest week, it is plausible that the market is reacting to a combination of factors including but not limited to inventory levels, production rates, and geopolitical events.

⟪FINAL⟫
{
  "hypotheses": [
    {
      "key": "EIA|report_release|inventory|down"
    },
    {
      "key": "OPEC_plus|production_cut|crude_oil|up"
    },
    {
      "key": "United_States|sanction_impose|crude_oil|up"
    },
    {
      "key": "market|forecast_lower|inventory|down"
    },
    {
      "key": "OPEC|forecast_raise|price|up"
    }
  ]
}
===== END RAW GENERATION =====
[DEBUG] parsed JSON: {"hypotheses": [{"key": "EIA|report_release|inventory|down"}, {"key": "OPEC_plus|production_cut|crude_oil|up"}, {"key": "United_States|sanction_impose|crude_oil|up"}, {"key": "market|forecast_lower|inventory|down"}, {"key": "OPEC|forecast_raise|price|up"}]}
['EIA', 'report_release', 'inventory', 'down']
['OPEC_plus', 'production_cut', 'crude_oil', 'up']
['United_States', 'sanction_impose', 'crude_oil', 'up']
['market', 'forecast_lower', 'inventory', 'down']
['OPEC', 'forecast_raise', 'price', 'up']
recall_all: 0.13112244897959183 precision_all: 0.1142857142857143
Labels:
['market', 'price_change', 'price', 'up']
['market', 'price_change', 'gasoline', 'up']
['api', 'report_release', 'price', 'up']
['eia', 'report_release', 'inventory', 'up']
['eia', 'report_release', 'price', 'up']
['market', 'price_change', 'crude_oil', 'up']

===== RAW GENERATION (decoded) =====
The observed trend in the data indicates a general increase in weekly U.S. gasoline prices over the past three months, with a more pronounced increase in the current month. The prices have been steadily rising, with a slight dip in the middle of the period. This trend suggests that there may be underlying factors driving the price increase, such as changes in global oil prices, refinery production, or inventory levels. The recent price increases could be attributed to the current month's events, which may have led to supply chain disruptions or increased demand. Notably, the current month's data points show a consistent increase in prices, followed by a slight decrease, which could indicate a market reaction to new information or events.

⟪FINAL⟫
{
  "hypotheses": [
    {
      "key": "EIA|report_release|inventory|down"
    },
    {
      "key": "OPEC|production_cut|crude_oil|up"
    },
    {
      "key": "market|price_change|gasoline|up"
    },
    {
      "key": "United_States|export_ban_lift|crude_oil|ambiguous"
    },
    {
      "key": "OPEC_plus|forecast_lower|crude_oil|down"
    }
  ]
}
===== END RAW GENERATION =====
[DEBUG] parsed JSON: {"hypotheses": [{"key": "EIA|report_release|inventory|down"}, {"key": "OPEC|production_cut|crude_oil|up"}, {"key": "market|price_change|gasoline|up"}, {"key": "United_States|export_ban_lift|crude_oil|ambiguous"}, {"key": "OPEC_plus|forecast_lower|crude_oil|down"}]}
['EIA', 'report_release', 'inventory', 'down']
['OPEC', 'production_cut', 'crude_oil', 'up']
['market', 'price_change', 'gasoline', 'up']
['United_States', 'export_ban_lift', 'crude_oil', 'ambiguous']
['OPEC_plus', 'forecast_lower', 'crude_oil', 'down']
recall_all: 0.15639880952380952 precision_all: 0.15000000000000002
Labels:
['market', 'price_change', 'price', 'up']
['united_states', 'price_change', 'gasoline', 'up']
['eia', 'forecast_raise', 'price', 'up']
['eia', 'report_release', 'forecast', 'up']
['eia', 'report_release', 'inventory', 'down']
['eia', 'report_release', 'price', 'up']
['market', 'price_change', 'crude_oil', 'up']
['market', 'price_change', 'gasoline', 'up']
['market', 'price_change', 'price', 'down']

===== RAW GENERATION (decoded) =====
The observed trend in the data indicates a general increase in U.S. gasoline prices over the last three months, with some fluctuations within the current month. The prices rose from 3.643 at t0 to 4.001 at t11, suggesting an overall upward trend. However, within the current month, there have been some variations, with prices decreasing and then increasing. Specifically, the data points for the current month show a decrease followed by increases and then another decrease. This pattern could be indicative of market reactions to various factors, including inventory levels, production rates, and global events.

The variations in the current month might be attributed to several real-time events. The initial decrease could be a reaction to an increase in inventory or production, while the subsequent increases might reflect responses to supply chain disruptions or changes in global demand. The decrease in the last data point could indicate a correction due to an increase in production or a forecast of lower demand.

⟪FINAL⟫
{
  "hypotheses": [
    {
      "key": "EIA|report_release|inventory|down"
    },
    {
      "key": "OPEC|production_cut|crude_oil|up"
    },
    {
      "key": "market|price_change|price|up"
    },
    {
      "key": "United_States|forecast_lower|demand|down"
    },
    {
      "key": "OPEC_plus|extend_cut|crude_oil|up"
    }
  ]
}
===== END RAW GENERATION =====
[DEBUG] parsed JSON: {"hypotheses": [{"key": "EIA|report_release|inventory|down"}, {"key": "OPEC|production_cut|crude_oil|up"}, {"key": "market|price_change|price|up"}, {"key": "United_States|forecast_lower|demand|down"}, {"key": "OPEC_plus|extend_cut|crude_oil|up"}]}
['EIA', 'report_release', 'inventory', 'down']
['OPEC', 'production_cut', 'crude_oil', 'up']
['market', 'price_change', 'price', 'up']
['United_States', 'forecast_lower', 'demand', 'down']
['OPEC_plus', 'extend_cut', 'crude_oil', 'up']
recall_all: 0.17605820105820105 precision_all: 0.17777777777777778
Labels:
['market', 'price_change', 'gasoline', 'down']
['market', 'price_change', 'price', 'down']
['eia', 'report_release', 'price', 'down']
['united_states', 'report_release', 'price', 'down']
['eia', 'report_release', 'production', 'up']
['united_states', 'price_change', 'gasoline', 'down']
['united_states', 'production_raise', 'crude_oil', 'up']

===== RAW GENERATION (decoded) =====
The observed trend in the data indicates a consistent decline in weekly U.S. gasoline prices within the current month. From the start of the month, prices have decreased steadily, with the most significant drops occurring between c1 and c2, where the price decreased by 0.116 and 0.108, respectively. This downward trend suggests that the market has been influenced by factors leading to decreased costs or increased supply. Given that the trend is specific to the current month and not reflective of a longer-term pattern, it is likely that recent market events or reports have influenced prices. The steady decline could be attributed to an increase in supply, possibly due to production increases or releases from inventories. Additionally, if there were forecasts indicating a future increase in supply or a decrease in demand, this could also drive prices down. 

The consistent decline in prices without significant volatility suggests that the market has been responding to information that has been gradually incorporated into prices, rather than reacting to sudden shocks. This pattern could be associated with the release of reports or data that have gradually changed market expectations about future supply and demand balances.

⟪FINAL⟫
{
  "hypotheses": [
    {
      "key": "EIA|report_release|inventory|up"
    },
    {
      "key": "market|forecast_raise|production|up"
    },
    {
      "key": "OPEC_plus|production_raise|crude_oil|up"
    },
    {
      "key": "United_States|release|crude_oil|up"
    },
    {
      "key": "market|forecast_lower|price|down"
    }
  ]
}
===== END RAW GENERATION =====
[DEBUG] parsed JSON: {"hypotheses": [{"key": "EIA|report_release|inventory|up"}, {"key": "market|forecast_raise|production|up"}, {"key": "OPEC_plus|production_raise|crude_oil|up"}, {"key": "United_States|release|crude_oil|up"}, {"key": "market|forecast_lower|price|down"}]}
['EIA', 'report_release', 'inventory', 'up']
['market', 'forecast_raise', 'production', 'up']
['OPEC_plus', 'production_raise', 'crude_oil', 'up']
['United_States', 'release', 'crude_oil', 'up']
['market', 'forecast_lower', 'price', 'down']
recall_all: 0.15845238095238096 precision_all: 0.16
Labels:
['market', 'price_change', 'price', 'down']
['market', 'price_change', 'gasoline', 'down']
['market', 'price_change', 'crude_oil', 'down']
['united_states', 'price_change', 'gasoline', 'down']
['united_states', 'production_raise', 'crude_oil', 'up']
['united_states', 'report_release', 'inventory', 'down']
['united_states', 'report_release', 'production', 'up']

===== RAW GENERATION (decoded) =====
## Step 1: Analyze the given data
The provided data shows weekly U.S. gasoline prices over a period of time, with a focus on the current month's prices and changes. The prices are given as follows:
- Past weekly prices (OT): $3.925, 3.941, 4.001, 3.963, 3.930, 3.814, 3.706, 3.660, 3.600, 3.520, 3.473, 3.414, 3.363$
- Current month's changes (dP): $-0.080, -0.047, -0.059, -0.051$

## 2: Interpret the trend in prices
The overall trend in the past weekly prices shows a general decrease over time, with some fluctuations. More recently, the prices have been decreasing steadily.

## 3: Identify significant changes and trends
The most significant changes in the current month show consistent decreases in price: $-0.080, -0.047, -0.059, -0.051$. This indicates a continuous downward trend in gasoline prices.

## 4: Reason about plausible causes
The consistent decrease in gasoline prices could be due to several factors, including changes in crude oil prices, inventory levels, production rates, and geopolitical events. Given that the prices have been steadily decreasing, it suggests that the supply of gasoline has been sufficient or increasing, or that demand has been decreasing.

## 5: Consider the role of external factors
External factors such as OPEC's production decisions, U.S. sanctions on oil-producing countries, and changes in global demand can significantly impact gasoline prices. A decrease in prices might also reflect expectations of increased production or decreased demand.

## 6: Formulate hypotheses for real-time events
Given the trend and potential factors influencing it, we can hypothesize that:
- There might have been an increase in crude oil production or a decrease in demand for gasoline.
- OPEC or other oil-producing countries might have decided to increase production or not cut it as much as previously expected.
- There could have been a release of oil from strategic reserves or a decrease in geopolitical tensions that previously threatened supply.

## 7: Write the reasoning paragraph
The observed trend in the data indicates a consistent decrease in gasoline prices over the current month, suggesting that supply-side increases or demand-side decreases are at play. This trend could be attributed to various factors including increased production of crude oil, changes in inventory levels, or shifts in global demand due to economic conditions or seasonal variations. The steady nature of these decreases suggests a response to current market conditions rather than a singular event.

## 8: Hypothesize real-time events in the required format
⟪FINAL⟫
{
  "hypotheses": [
    {
      "key": "market|report_release|inventory|down"
    },
    {
      "key": "OPEC|production|crude_oil|up"
    },
    {
      "key": "united_states|forecast_lower|price|down"
    },
    {
      "key": "opec_plus|extend_cut|false"
    },
    {
      "key": "market|purchase|crude_oil|up"
    }
  ]
}
===== END RAW GENERATION =====
[DEBUG] parsed JSON: {"hypotheses": [{"key": "market|report_release|inventory|down"}, {"key": "OPEC|production|crude_oil|up"}, {"key": "united_states|forecast_lower|price|down"}, {"key": "opec_plus|extend_cut|false"}, {"key": "market|purchase|crude_oil|up"}]}
['market', 'report_release', 'inventory', 'down']
['OPEC', 'production', 'crude_oil', 'up']
['united_states', 'forecast_lower', 'price', 'down']
['opec_plus', 'extend_cut', 'false', '']
['market', 'purchase', 'crude_oil', 'up']
recall_all: 0.14404761904761904 precision_all: 0.14545454545454548
Labels:
['market', 'price_change', 'price', 'down']
['market', 'price_change', 'price', 'up']
['united_states', 'price_change', 'gasoline', 'down']
['eia', 'report_release', 'price', 'down']
['market', 'price_change', 'gasoline', 'down']
['united_states', 'price_change', 'natural_gas', 'down']
['united_states', 'production_raise', 'crude_oil', 'up']

===== RAW GENERATION (decoded) =====
## Step 1: Analyze the given data
The provided data shows weekly U.S. gasoline prices over a period, with a focus on the current month's changes. The prices are as follows: 
- Past prices (OT): t0 to t12
- Current month changes (dOT): c0 to c3

## 2: Identify trends in the data
Looking at the past prices, there is a general downward trend. In the current month, the changes are: -0.008, -0.096, -0.083, +0.062. 

## 3: Interpret the trends
The overall trend in the past prices shows a decrease, indicating that gasoline prices have been dropping. In the current month, there was a significant drop in prices (-0.096 and -0.083), followed by a slight increase (+0.062). 

## 4: Reason about plausible real-world causes
The consistent decrease in gasoline prices could be due to several factors, including an increase in supply, a decrease in demand, or geopolitical factors that influence oil production and distribution. The sharp drops could be related to announcements or events that significantly impact these factors, such as changes in production levels by OPEC, sanctions, or significant changes in inventory levels.

## 5: Formulate a narrative
The observed trend in the data indicates a general decrease in gasoline prices over the past period, with notable drops in the current month. This trend could be attributed to an increase in supply, possibly due to increased production or releases from strategic reserves. The slight increase in price in the last week of the current month could be due to market reactions to potential future supply changes or adjustments in production levels by major oil-producing countries.

## 6: Hypothesize real-time events
Given the trends, several real-time events could explain the observed changes:
- An unexpected increase in U.S. crude inventory could have led to the initial price drops.
- Announcements from OPEC about increasing production could also contribute to the downward trend.
- Any reports of decreased demand due to economic factors could further explain the price drops.

## 7: Structure the hypotheses
Based on the analysis, here are the structured hypotheses:

⟪FINAL⟫
{
  "hypotheses": [
    {
      "key": "market|report_release|inventory|down"
    },
    {
      "key": "opec|report_release|production|up"
    },
    {
      "key": "united_states|report_release|crude|up"
    },
    {
      "key": "market|forecast_lower|price|down"
    },
    {
      "key": "opec|action|production|up"
    }
  ]
}
===== END RAW GENERATION =====
[DEBUG] parsed JSON: {"hypotheses": [{"key": "market|report_release|inventory|down"}, {"key": "opec|report_release|production|up"}, {"key": "united_states|report_release|crude|up"}, {"key": "market|forecast_lower|price|down"}, {"key": "opec|action|production|up"}]}
['market', 'report_release', 'inventory', 'down']
['opec', 'report_release', 'production', 'up']
['united_states', 'report_release', 'crude', 'up']
['market', 'forecast_lower', 'price', 'down']
['opec', 'action', 'production', 'up']
recall_all: 0.1320436507936508 precision_all: 0.13333333333333333
Labels:
['market', 'price_change', 'price', 'up']
['eia', 'report_release', 'price', 'down']
['market', 'price_change', 'price', 'down']
['united_states', 'price_change', 'gasoline', 'down']
['eia', 'forecast_lower', 'price', 'down']
['eia', 'forecast_raise', 'production', 'up']

===== RAW GENERATION (decoded) =====
## Step 1: Analyze the given data
The provided data consists of weekly U.S. gasoline prices over a period, with a focus on the most recent weeks leading up to the current month. The prices are as follows:
- t0 to t12: 3.520, 3.473, 3.414, 3.363, 3.355, 3.259, 3.176, 3.238, 3.213, 3.197, 3.179, 3.181, 3.214
- Current month changes (dP): -0.025, -0.016, -0.018, +0.002, +0.033

## 2: Identify trends in the data
The overall trend in the weekly prices shows a decline from t0 to t6, indicating a decrease in gasoline prices over several weeks. However, from t6 to t12, there's a noticeable fluctuation: a slight increase from t6 to t8, followed by a decrease, and then a small increase again. The most recent changes (c0 to c4) show a negative change initially, followed by a positive change.

## 3: Interpret the trend
The initial decline in prices could be attributed to various factors such as increased production, decreased demand, or changes in inventory levels. The fluctuations towards the end of the given period might indicate responses to market adjustments, geopolitical events, or seasonal changes in demand.

## 4: Reason about potential causes
The decline in prices could be due to an increase in supply (e.g., increased production, release of inventories) or a decrease in demand (e.g., post-holiday season, economic downturn). The recent slight increases could be due to market adjustments, expectations of future demand, or reactions to global events affecting oil production.

## 5: Formulate hypotheses for recent events
Given the recent changes, it seems there was an initial downward pressure on prices, potentially due to an increase in supply or decrease in demand. The subsequent increase could indicate a correction or response to new information (e.g., geopolitical tensions, production cuts).

## 6: Write the reasoning paragraph
The observed trend in the data indicates a general decline in gasoline prices over the period, with recent fluctuations suggesting market sensitivity to supply and demand dynamics. The initial decline could be attributed to increased supply or decreased demand, while the recent increases may signal market adjustments to new information or expectations of future supply and demand. This pattern could be influenced by factors such as OPEC's production decisions, changes in U.S. production, or shifts in global demand.

## 7: Hypothesize real-time events
Given the trends, here are hypothesized real-time events:
- A production increase by OPEC or U.S. producers could have led to the initial price drops.
- Expectations of future production cuts or increased demand could have caused the recent price increases.

## 8: Format the hypotheses
⟪FINAL⟫
```json
{
  "hypotheses": [
    {
      "key": "market|report_release|price|down"
    },
    {
      "key": "opec|production|crude_oil|down"
    },
    {
      "key": "united_states|production|crude_oil|up"
    },
    {
      "key": "market|forecast_lower|price|down"
    },
    {
      "key": "opec|extend_cut|crude_oil|down"
    }
  ]
}
```

The final answer is: 
⟪FINAL⟫
```json
{
  "hypotheses": [
    {
      "key": "market|report_release|price|down"
    },
    {
      "key": "opec|production|crude_oil|down"
    },
    {
      "key": "united_states|production|crude_oil|up"
    },
    {
      "key": "market|forecast_lower|price|down"
    },
    {
      "key": "opec|extend_cut|crude_oil|down"
    }
  ]
}
```
===== END RAW GENERATION =====
[DEBUG] parsed JSON: {"hypotheses": [{"key": "market|report_release|price|down"}, {"key": "opec|production|crude_oil|down"}, {"key": "united_states|production|crude_oil|up"}, {"key": "market|forecast_lower|price|down"}, {"key": "opec|extend_cut|crude_oil|down"}]}
['market', 'report_release', 'price', 'down']
['opec', 'production', 'crude_oil', 'down']
['united_states', 'production', 'crude_oil', 'up']
['market', 'forecast_lower', 'price', 'down']
['opec', 'extend_cut', 'crude_oil', 'down']
recall_all: 0.12188644688644688 precision_all: 0.12307692307692308
Labels:
['eia', 'report_release', 'inventory', 'up']
['market', 'price_change', 'crude_oil', 'down']
['market', 'price_change', 'price', 'down']
['eia', 'report_release', 'price', 'ambiguous']
['eia', 'report_release', 'price', 'up']
['market', 'price_change', 'crude_oil', 'up']
['market', 'price_change', 'gasoline', 'up']
['market', 'price_change', 'natural_gas', 'down']
['market', 'price_change', 'price', 'up']

===== RAW GENERATION (decoded) =====
## Step 1: Analyze the given data
The provided data consists of weekly U.S. gasoline prices over a period of time, with a focus on the current month's data showing changes in prices (dP) for four consecutive weeks.

## 2: Identify trends in the data
Looking at the current month's data: c0: dP=+0.040, c1: dP=+0.055, c2: dP=+0.076, c3: dP=-0.020, there is an overall increase in prices over the first three weeks, followed by a decrease in the fourth week.

## 3: Interpret the trend
The initial increase in prices (+0.040, +0.055, +0.076) suggests a steady upward trend, which could be due to increased demand, supply chain issues, or geopolitical tensions affecting crude oil prices. The subsequent decrease (-0.020) indicates a slight reversal, which could be attributed to various factors such as changes in production levels, inventory releases, or shifts in market sentiment.

## 4: Consider external factors
External factors such as OPEC meetings, changes in U.S. oil production, inventory levels, and global demand can significantly impact gasoline prices. An increase in prices might be due to production cuts or increased demand forecasts, while a decrease could result from increased production or a decrease in demand.

## 5: Formulate hypotheses
Given the trend and potential external factors, we can hypothesize that the observed changes in gasoline prices could be due to several real-time events such as changes in production levels, inventory releases, or shifts in market sentiment.

## 6: Construct the reasoning paragraph
The observed trend in the data indicates an initial period of consistent price increases, suggesting upward pressure on gasoline prices, potentially due to increased demand or supply constraints. This is followed by a slight decrease, which could indicate a response to the previous price increases or new market information. The fluctuations could be attributed to various factors including changes in crude oil prices, production levels, and inventory releases. 

## 7: Generate hypotheses in the required format
Given the analysis, here are the hypotheses in the required format:

⟪FINAL⟪
{
  "hypotheses": [
    {
      "key": "market|report_release|price|up"
    },
    {
      "key": "opec|production_cut|crude_oil|up"
    },
    {
      "key": "united_states|report_release|inventory|down"
    },
    {
      "key": "market|forecast_lower|price|down"
    },
    {
      "key": "opec_plus|extend_cut|crude_oil|up"
    }
  ]
}
⟫

However, to strictly follow the format and provide a coherent conclusion:

The final answer is: 
⟪FINAL⟫
{
  "hypotheses": [
    {
      "key": "market|report_release|price|up"
    },
    {
      "key": "opec|production_cut|crude_oil|up"
    },
    {
      "key": "united_states|report_release|inventory|down"
    },
    {
      "key": "market|forecast_lower|price|down"
    },
    {
      "key": "opec_plus|extend_cut|crude_oil|up"
    }
  ]
}
===== END RAW GENERATION =====
[DEBUG] parsed JSON: {"hypotheses": [{"key": "market|report_release|price|up"}, {"key": "opec|production_cut|crude_oil|up"}, {"key": "united_states|report_release|inventory|down"}, {"key": "market|forecast_lower|price|down"}, {"key": "opec_plus|extend_cut|crude_oil|up"}]}
['market', 'report_release', 'price', 'up']
['opec', 'production_cut', 'crude_oil', 'up']
['united_states', 'report_release', 'inventory', 'down']
['market', 'forecast_lower', 'price', 'down']
['opec_plus', 'extend_cut', 'crude_oil', 'up']
recall_all: 0.11318027210884353 precision_all: 0.1142857142857143
Labels:
['eia', 'report_release', 'price', 'up']
['eia', 'report_release', 'price', 'down']
['united_states', 'price_change', 'gasoline', 'up']
['eia', 'forecast_lower', 'price', 'down']
['eia', 'report_release', 'inventory', 'down']
['market', 'price_change', 'crude_oil', 'up']
['market', 'price_change', 'gasoline', 'up']
['market', 'price_change', 'natural_gas', 'down']
['market', 'price_change', 'price', 'up']
['united_states', 'report_release', 'price', 'up']

===== RAW GENERATION (decoded) =====
## Step 1: Analyze the given data
The given data consists of weekly U.S. gasoline prices over a period of time, with a focus on the current month's data showing changes in prices (dP). The prices are given as: t0 to t12 for previous weeks and c0 to c3 for the current month.

## 2: Identify trends in the data
Looking at the prices: 3.213, 3.197, 3.179, 3.181, 3.214, 3.254, 3.309, 3.385, 3.365, 3.466, 3.492, 3.569, 3.639, we see an overall increasing trend. The changes in the current month are: +0.101, +0.026, +0.077, +0.070, indicating a general increase in prices.

## 3: Interpret the trend
The overall trend shows an increase in gasoline prices over time, with some fluctuations. The current month's data indicates a consistent increase, suggesting that the factors influencing the price are persistent.

## 4: Reason about potential causes
The increase in gasoline prices can be attributed to several factors including changes in crude oil prices, demand for gasoline, geopolitical events, and changes in production levels. Given that the data does not provide explicit information on these factors, we can infer based on common market dynamics.

## 5: Formulate hypotheses for real-time events
Based on the increasing trend of gasoline prices, we can hypothesize that there might be events related to supply chain disruptions, increased demand, or production cuts. The consistent increase suggests a sustained impact rather than a one-time event.

## 6: Write the reasoning paragraph
The observed trend in the data indicates a consistent increase in gasoline prices over the past several weeks, with a notable uptick in the current month. This suggests that the market is experiencing upward pressure on prices, potentially due to increased demand as the economy recovers or supply chain issues. The steady rise in prices without significant volatility implies that the factors driving this trend are persistent rather than transient. This pattern could be attributed to various factors including production cuts by oil-producing countries, increased demand due to warmer weather or economic recovery, or geopolitical tensions affecting oil supply.

## 7: Hypothesize real-time events
Given the information and common market dynamics, here are hypothesized real-time events:

⟪FINAL⟫
{
  "hypotheses": [
    {
      "key": "OPEC|production_cut|crude_oil|up"
    },
    {
      "key": "market|forecast_lower|production|down"
    },
    {
      "key": "united_states|report_release|inventory|down"
    },
    {
      "key": "eia|report_release|inventory|down"
    },
    {
      "key": "opec_plus|extend_cut|crude_oil|up"
    }
  ]
}
===== END RAW GENERATION =====
[DEBUG] parsed JSON: {"hypotheses": [{"key": "OPEC|production_cut|crude_oil|up"}, {"key": "market|forecast_lower|production|down"}, {"key": "united_states|report_release|inventory|down"}, {"key": "eia|report_release|inventory|down"}, {"key": "opec_plus|extend_cut|crude_oil|up"}]}
['OPEC', 'production_cut', 'crude_oil', 'up']
['market', 'forecast_lower', 'production', 'down']
['united_states', 'report_release', 'inventory', 'down']
['eia', 'report_release', 'inventory', 'down']
['opec_plus', 'extend_cut', 'crude_oil', 'up']
recall_all: 0.1123015873015873 precision_all: 0.12000000000000001
Labels:
['united_states', 'price_change', 'gasoline', 'up']
['market', 'price_change', 'natural_gas', 'down']
['market', 'price_change', 'price', 'up']
['united_states', 'report_release', 'price', 'up']

===== RAW GENERATION (decoded) =====
The observed trend in the data indicates a general upward trajectory in U.S. gasoline prices over the last three months, with some fluctuations within the current month. The prices have been steadily increasing from t0 to t11, with a slight dip at t12. Within the current month, the changes in prices have been mixed, with a small decrease of -0.003 at c0, followed by increases of +0.076, +0.039, and +0.040 at c1, c2, and c3 respectively, and then a decrease of -0.014 at c4. This pattern suggests that there may have been some volatility in the market, potentially driven by changes in inventory levels, production rates, or external factors such as geopolitical events. The overall upward trend could be indicative of increased demand, supply chain disruptions, or changes in global oil prices.

The trend could also be influenced by reports from key market players such as the EIA (U.S. Energy Information Administration) or OPEC (Organization of the Petroleum Exporting Countries), which could have provided insights into future supply and demand balances. Additionally, any forecasts of lower inventory levels or production cuts could have contributed to the price increases.

Given the constraints and patterns observed, here are some hypotheses for real-time events within the current month:

⟪FINAL⟫
{
  "hypotheses": [
    {
      "key": "EIA|report_release|inventory|down"
    },
    {
      "key": "OPEC|forecast_lower|production|ambiguous"
    },
    {
      "key": "market|price_change|crude_oil|up"
    },
    {
      "key": "united_states|report_release|inventory|down"
    },
    {
      "key": "OPEC_plus|extend_cut|production|down"
    }
  ]
}
===== END RAW GENERATION =====
[DEBUG] parsed JSON: {"hypotheses": [{"key": "EIA|report_release|inventory|down"}, {"key": "OPEC|forecast_lower|production|ambiguous"}, {"key": "market|price_change|crude_oil|up"}, {"key": "united_states|report_release|inventory|down"}, {"key": "OPEC_plus|extend_cut|production|down"}]}
['EIA', 'report_release', 'inventory', 'down']
['OPEC', 'forecast_lower', 'production', 'ambiguous']
['market', 'price_change', 'crude_oil', 'up']
['united_states', 'report_release', 'inventory', 'down']
['OPEC_plus', 'extend_cut', 'production', 'down']
recall_all: 0.1052827380952381 precision_all: 0.1125
