Labels:
['market', 'price_change', 'price', 'up']
['eia', 'forecast_lower', 'price', 'down']
['eia', 'report_release', 'price', 'down']
['eia', 'report_release', 'price', 'up']
['eia', 'forecast_raise', 'price', 'up']
['eia', 'report_release', 'export', 'up']
['eia', 'report_release', 'production', 'ambiguous']
['eia', 'report_release', 'production', 'up']
['market', 'price_change', 'crude_oil', 'up']
['market', 'price_change', 'price', 'down']
['united_states', 'price_change', 'gasoline', 'up']
['united_states', 'report_release', 'price', 'up']

===== RAW GENERATION (decoded) =====
**Reasoning Paragraph:**

The observed trend in U.S. gasoline prices over the past three months reveals a distinct two-phase pattern. Initially, from **t0 to t7**, prices exhibited a steady decline—dropping from **$3.909 to $3.203**—likely driven by a combination of seasonal demand softening (post-summer driving season), potential inventory builds, or easing crude oil costs. However, this downward trajectory reversed sharply at **t8**, with prices rebounding to **$3.331** and continuing upward through **t12 ($3.594)**, suggesting a structural shift. This inflection aligns with possible OPEC+ production adjustments, geopolitical tensions, or refinery maintenance reducing supply. The **current month’s weekly changes (dP)** further amplify this upward momentum, with consistent increases (e.g., **+0.128, +0.103**), hinting at acute supply-side pressures or unexpected demand surges. Given the timing, plausible catalysts include **OPEC+ extending production cuts**, a **bullish EIA inventory report** (e.g., larger-than-expected crude/diesel drawdowns), or **geopolitical disruptions** (e.g., sanctions or export bans) tightening global oil flows. The absence of a downward correction in the current month reinforces the likelihood of sustained supply constraints or speculative trading amplifying the rally.

---
⟪FINAL⟫
```json
{
  "hypotheses": [
    {
      "key": "opec_plus|extend_cut|production|down"
    },
    {
      "key": "eia|report_release|inventory|down"
    },
    {
      "key": "united_states|release|inventory|down"
    },
    {
      "key": "opec_plus|forecast_raise|price|up"
    },
    {
      "key": "market|price_change|gasoline|up"
    }
  ]
}
```
===== END RAW GENERATION =====
[DEBUG] parsed JSON: {"hypotheses": [{"key": "opec_plus|extend_cut|production|down"}, {"key": "eia|report_release|inventory|down"}, {"key": "united_states|release|inventory|down"}, {"key": "opec_plus|forecast_raise|price|up"}, {"key": "market|price_change|gasoline|up"}]}
['opec_plus', 'extend_cut', 'production', 'down']
['eia', 'report_release', 'inventory', 'down']
['united_states', 'release', 'inventory', 'down']
['opec_plus', 'forecast_raise', 'price', 'up']
['market', 'price_change', 'gasoline', 'up']
recall_all: 0.0 precision_all: 0.0
Labels:
['eia', 'report_release', 'price', 'up']
['market', 'price_change', 'gasoline', 'down']
['market', 'price_change', 'gasoline', 'up']
['market', 'price_change', 'price', 'up']
['api', 'report_release', 'price', 'up']
['eia', 'report_release', 'price', 'ambiguous']
['eia', 'report_release', 'price', 'down']
['market', 'price_change', 'natural_gas', 'down']
['united_states', 'report_release', 'price', 'up']

===== RAW GENERATION (decoded) =====
**Reasoning Paragraph:**

The observed trend in U.S. gasoline prices over the past three months reveals a distinct two-phase pattern. Initially, prices exhibited a **gradual decline** from **$3.504 (t0)** to a low of **$3.203 (t3)**, likely reflecting a combination of **seasonal demand softening** (post-summer driving season), **rising inventories**, or **easing crude oil costs** due to stable supply. However, from **t4 onward**, prices rebounded sharply, peaking at **$3.594 (t8)**, before stabilizing around **$3.457 (t12)**. This upward correction suggests **supply-side tightening**—potentially driven by **OPEC+ production cuts**, **refinery maintenance**, or **geopolitical tensions** disrupting crude flows. The **current month’s weekly changes (dP)** show a **consistent downward drift** (c0: **-0.042** to c3: **-0.037**), signaling a reversal. This decline could stem from **demand destruction** (e.g., economic slowdown concerns), **inventory builds** (EIA reporting higher-than-expected stocks), or **crude price pullbacks** amid profit-taking. Alternatively, **OPEC+ may have signaled a pause in further cuts**, or **U.S. strategic reserves releases** could have eased pressure. The **magnitude of drops** (largest at **-0.050 in c1**) hints at a **sudden shift in market sentiment**, possibly tied to **macro data (e.g., weaker-than-expected GDP)** or **energy-specific reports** (e.g., EIA forecasting lower winter demand).

---

⟪FINAL⟫
```json
{
  "hypotheses": [
    {
      "key": "eia|report_release|inventory|up"
    },
    {
      "key": "market|price_change|crude_oil|down"
    },
    {
      "key": "united_states|release|gasoline|down"
    },
    {
      "key": "opec_plus|forecast_raise|production|ambiguous"
    },
    {
      "key": "eia|forecast_lower|demand|down"
    }
  ]
}
```
===== END RAW GENERATION =====
[DEBUG] parsed JSON: {"hypotheses": [{"key": "eia|report_release|inventory|up"}, {"key": "market|price_change|crude_oil|down"}, {"key": "united_states|release|gasoline|down"}, {"key": "opec_plus|forecast_raise|production|ambiguous"}, {"key": "eia|forecast_lower|demand|down"}]}
['eia', 'report_release', 'inventory', 'up']
['market', 'price_change', 'crude_oil', 'down']
['united_states', 'release', 'gasoline', 'down']
['opec_plus', 'forecast_raise', 'production', 'ambiguous']
['eia', 'forecast_lower', 'demand', 'down']
recall_all: 0.0 precision_all: 0.0
Labels:
['market', 'price_change', 'price', 'down']
['market', 'price_change', 'price', 'up']
['eia', 'forecast_lower', 'price', 'down']
['eia', 'report_release', 'price', 'ambiguous']
['eia', 'report_release', 'price', 'up']
['market', 'price_change', 'gasoline', 'up']

===== RAW GENERATION (decoded) =====
**Reasoning Paragraph:**

The observed trend in U.S. gasoline prices over the past three months reveals a volatile but broadly stabilizing pattern, followed by a subtle shift in the current month. Initially, prices climbed steadily from **$3.331 to $3.594** (t0–t4), likely driven by seasonal demand (summer driving), geopolitical tensions, or supply constraints—such as OPEC+ production cuts or refinery maintenance. The subsequent decline to **$3.457** (t4–t8) suggests easing pressures, possibly due to inventory builds (e.g., EIA reporting higher stockpiles) or demand destruction from elevated prices. The minor rebound to **$3.568** (t8–t10) aligns with late-summer travel or hurricane-related supply disruptions, before stabilizing around **$3.533** (t11–t12), hinting at a supply-demand equilibrium.

In the **current month**, the weekly changes (dP) paint a mixed picture: initial upward pressure (**+0.048, +0.063**) could reflect unexpected inventory draws or regional supply tightness, while the subsequent drop (**−0.034**) and near-stagnation (**−0.001**) suggest corrective market reactions—perhaps due to demand concerns (e.g., economic slowdown fears) or offsetting factors like a sudden inventory release or OPEC+ signaling production adjustments. The lack of a strong directional trend implies competing forces, such as **bullish** refinery outages or **bearish** macroeconomic data, balancing out.

---

⟪FINAL⟫
```json
{
  "hypotheses": [
    {
      "key": "eia|report_release|inventory|down"
    },
    {
      "key": "united_states|release|gasoline|up"
    },
    {
      "key": "opec_plus|forecast_raise|production|ambiguous"
    },
    {
      "key": "market|price_change|crude_oil|down"
    },
    {
      "key": "eia|report_release|inventory|up"
    }
  ]
}
```
===== END RAW GENERATION =====
[DEBUG] parsed JSON: {"hypotheses": [{"key": "eia|report_release|inventory|down"}, {"key": "united_states|release|gasoline|up"}, {"key": "opec_plus|forecast_raise|production|ambiguous"}, {"key": "market|price_change|crude_oil|down"}, {"key": "eia|report_release|inventory|up"}]}
['eia', 'report_release', 'inventory', 'down']
['united_states', 'release', 'gasoline', 'up']
['opec_plus', 'forecast_raise', 'production', 'ambiguous']
['market', 'price_change', 'crude_oil', 'down']
['eia', 'report_release', 'inventory', 'up']
recall_all: 0.0 precision_all: 0.0
Labels:
['eia', 'report_release', 'price', 'ambiguous']
['market', 'price_change', 'gasoline', 'up']
['market', 'price_change', 'price', 'down']
['opec_plus', 'production_cut', 'crude_oil', 'down']
['eia', 'report_release', 'price', 'down']
['market', 'price_change', 'natural_gas', 'down']
['united_states', 'price_change', 'diesel', 'up']

===== RAW GENERATION (decoded) =====
**Reasoning Paragraph:**

The observed trend in U.S. gasoline prices over the past three months reveals a distinct two-phase pattern. Initially, from **t0 to t5**, prices exhibited a gradual decline (3.594 → 3.457), likely driven by seasonal demand softening post-summer travel, stable crude oil supply, or modest inventory builds. However, this downward pressure reversed sharply from **t6 onward**, with prices climbing steadily (3.457 → 3.769) through **t12**, suggesting tightening supply or geopolitical disruptions. The current month’s weekly differentials (dOT) further amplify this volatility: three consecutive weekly increases (**c0–c2**: +0.073, +0.097, +0.066) followed by a marginal dip (**c3**: -0.004) hint at a temporary stabilization or profit-taking after a rapid ascent. This pattern aligns with plausible real-world triggers such as **OPEC+ production adjustments**, **unexpected inventory draws**, or **geopolitical tensions** disrupting crude flows. The abrupt price spikes in the current month, despite the minor pullback, suggest a supply-side shock or speculative trading reacting to fresh macroeconomic data or policy announcements.

---
⟪FINAL⟫
```json
{
  "hypotheses": [
    {
      "key": "eia|report_release|inventory|down"
    },
    {
      "key": "opec_plus|production_cut|crude_oil|up"
    },
    {
      "key": "united_states|release|inventory|down"
    },
    {
      "key": "market|forecast_raise|gasoline|up"
    },
    {
      "key": "opec|extend_cut|production|ambiguous"
    }
  ]
}
```
===== END RAW GENERATION =====
[DEBUG] parsed JSON: {"hypotheses": [{"key": "eia|report_release|inventory|down"}, {"key": "opec_plus|production_cut|crude_oil|up"}, {"key": "united_states|release|inventory|down"}, {"key": "market|forecast_raise|gasoline|up"}, {"key": "opec|extend_cut|production|ambiguous"}]}
['eia', 'report_release', 'inventory', 'down']
['opec_plus', 'production_cut', 'crude_oil', 'up']
['united_states', 'release', 'inventory', 'down']
['market', 'forecast_raise', 'gasoline', 'up']
['opec', 'extend_cut', 'production', 'ambiguous']
recall_all: 0.03571428571428571 precision_all: 0.05
Labels:
['market', 'price_change', 'price', 'down']
['eia', 'report_release', 'price', 'down']
['opec_plus', 'production_cut', 'crude_oil', 'down']
['eia', 'forecast_lower', 'price', 'down']
['eia', 'report_release', 'price', 'up']
['market', 'price_change', 'crude_oil', 'down']
['market', 'price_change', 'gasoline', 'up']
['market', 'price_change', 'price', 'up']

===== RAW GENERATION (decoded) =====
**Reasoning Paragraph:**

The observed trend in U.S. gasoline prices over the past three months reveals a distinct pattern of volatility followed by stabilization and a recent modest uptick. Initially, prices climbed steadily from **$3.505 (t0)** to a peak of **$3.769 (t6)**, likely driven by seasonal demand (summer driving), geopolitical tensions, or supply constraints—such as OPEC+ production cuts or refinery maintenance. The subsequent decline to **$3.644 (t9)** suggests easing pressures, possibly due to inventory builds (e.g., EIA reporting higher stockpiles) or demand softening as summer travel waned. The stabilization around **$3.64–$3.68** in the latter weeks (t10–t12) implies a temporary equilibrium between supply and demand.

In the **current month**, the weekly price changes (*dP*) paint a more nuanced picture. The initial drops (**−0.054, −0.067**) could reflect bearish market sentiment—perhaps triggered by a **forecast revision downward** (e.g., EIA lowering demand projections) or a **surprise inventory build**. The negligible movements (**+0.003, −0.002**) suggest indecision, potentially tied to mixed signals (e.g., conflicting reports on crude draws vs. gasoline stockpiles). The abrupt **+0.039** spike in *c4* points to a sudden bullish catalyst, such as an **OPEC+ announcement** (e.g., extending production cuts), a **supply disruption** (e.g., refinery outage), or a **strategic reserve release pause** by the U.S. The lack of a sustained rally afterward hints at transient factors rather than structural shifts.

---

⟪FINAL⟫
```json
{
  "hypotheses": [
    {
      "key": "eia|report_release|inventory|up"
    },
    {
      "key": "eia|forecast_lower|gasoline|down"
    },
    {
      "key": "opec_plus|extend_cut|production|down"
    },
    {
      "key": "united_states|release|crude_oil|down"
    },
    {
      "key": "market|price_change|gasoline|up"
    }
  ]
}
```
===== END RAW GENERATION =====
[DEBUG] parsed JSON: {"hypotheses": [{"key": "eia|report_release|inventory|up"}, {"key": "eia|forecast_lower|gasoline|down"}, {"key": "opec_plus|extend_cut|production|down"}, {"key": "united_states|release|crude_oil|down"}, {"key": "market|price_change|gasoline|up"}]}
['eia', 'report_release', 'inventory', 'up']
['eia', 'forecast_lower', 'gasoline', 'down']
['opec_plus', 'extend_cut', 'production', 'down']
['united_states', 'release', 'crude_oil', 'down']
['market', 'price_change', 'gasoline', 'up']
recall_all: 0.05357142857142857 precision_all: 0.08
Labels:
['market', 'price_change', 'price', 'down']
['eia', 'report_release', 'inventory', 'down']
['eia', 'report_release', 'price', 'down']
['market', 'price_change', 'price', 'up']

===== RAW GENERATION (decoded) =====
**Reasoning Paragraph:**

The observed trend in U.S. gasoline prices over the past three months reveals a cyclical yet subtly volatile pattern, with an initial upward surge in the context window (peaking at **$3.769** in *t2*) followed by a gradual decline and stabilization around **$3.65–$3.70** by *t12*. This suggests a market adjusting to supply-side pressures—likely influenced by geopolitical tensions, OPEC+ production decisions, or seasonal demand shifts—before settling into a narrower trading range. The current month’s weekly changes (*dOT*) further refine this narrative: the initial **$0.029 drop (c0)** may reflect easing supply constraints or demand softening, but the subsequent **$0.052 rebound (c1)** hints at a transient disruption—potentially a bullish inventory report, unexpected production cuts, or regional supply chain bottlenecks. The modest declines in *c2* and *c3* (–$0.017 and –$0.005, respectively) imply a correction rather than a structural shift, possibly tied to profit-taking or revised forecasts tempering earlier optimism. Real-world drivers could include **OPEC+ policy adjustments**, **U.S. inventory fluctuations** (e.g., EIA reports), or **macroeconomic signals** (e.g., Fed rate expectations) dampening fuel demand. The lack of extreme volatility in *dOT* suggests no black-swan event, but rather a market recalibrating to incremental data releases.

---
⟪FINAL⟫
```json
{
  "hypotheses": [
    {
      "key": "eia|report_release|inventory|down"
    },
    {
      "key": "opec_plus|production_cut|crude_oil|ambiguous"
    },
    {
      "key": "united_states|forecast_lower|gasoline|down"
    },
    {
      "key": "market|price_change|gasoline|up"
    },
    {
      "key": "eia|report_release|gasoline|up"
    }
  ]
}
```
===== END RAW GENERATION =====
[DEBUG] parsed JSON: {"hypotheses": [{"key": "eia|report_release|inventory|down"}, {"key": "opec_plus|production_cut|crude_oil|ambiguous"}, {"key": "united_states|forecast_lower|gasoline|down"}, {"key": "market|price_change|gasoline|up"}, {"key": "eia|report_release|gasoline|up"}]}
['eia', 'report_release', 'inventory', 'down']
['opec_plus', 'production_cut', 'crude_oil', 'ambiguous']
['united_states', 'forecast_lower', 'gasoline', 'down']
['market', 'price_change', 'gasoline', 'up']
['eia', 'report_release', 'gasoline', 'up']
recall_all: 0.0863095238095238 precision_all: 0.10000000000000002
Labels:
['eia', 'report_release', 'inventory', 'up']
['market', 'price_change', 'price', 'up']
['eia', 'report_release', 'inventory', 'down']
['united_states', 'report_release', 'inventory', 'down']
['united_states', 'report_release', 'price', 'up']

===== RAW GENERATION (decoded) =====
**Reasoning Paragraph:**

The observed trend in U.S. gasoline prices over the past three months reveals two distinct phases. Initially, prices exhibited modest volatility within a narrow band (3.64–3.71) from **t0 to t11**, suggesting a period of relative stability driven by balanced supply-demand dynamics, possibly influenced by steady crude oil inputs and muted geopolitical disruptions. However, the sharp spike to **3.869 at t12** marks a clear inflection point, likely tied to a supply-side shock or a sudden demand surge. Turning to the current month’s weekly changes (dOT), the initial decline (**dP = -0.042 at c0**) may reflect profit-taking or a temporary easing of tensions, but the subsequent incremental rises (**+0.020, +0.013, +0.035**) hint at underlying upward pressure. The dramatic **+0.158 jump at c4**—the largest in the series—strongly suggests a **real-time disruptive event**, such as an OPEC+ production cut announcement, a bullish EIA inventory report, or a geopolitical escalation (e.g., sanctions or export bans). The timing and magnitude align with historical patterns where sudden supply constraints or forecast revisions trigger rapid price adjustments. Given the absence of gradual build-up, the driver is more likely an **exogenous shock** (e.g., a policy decision or unplanned outage) rather than organic demand growth.

---
⟪FINAL⟫
```json
{
  "hypotheses": [
    {
      "key": "opec_plus|production_cut|crude_oil|up"
    },
    {
      "key": "eia|report_release|inventory|down"
    },
    {
      "key": "united_states|sanction_impose|export|up"
    },
    {
      "key": "opec|forecast_raise|price|up"
    },
    {
      "key": "united_states|release|inventory|ambiguous"
    }
  ]
}
```
===== END RAW GENERATION =====
[DEBUG] parsed JSON: {"hypotheses": [{"key": "opec_plus|production_cut|crude_oil|up"}, {"key": "eia|report_release|inventory|down"}, {"key": "united_states|sanction_impose|export|up"}, {"key": "opec|forecast_raise|price|up"}, {"key": "united_states|release|inventory|ambiguous"}]}
['opec_plus', 'production_cut', 'crude_oil', 'up']
['eia', 'report_release', 'inventory', 'down']
['united_states', 'sanction_impose', 'export', 'up']
['opec', 'forecast_raise', 'price', 'up']
['united_states', 'release', 'inventory', 'ambiguous']
recall_all: 0.13112244897959183 precision_all: 0.1142857142857143
Labels:
['market', 'price_change', 'price', 'up']
['market', 'price_change', 'gasoline', 'up']
['api', 'report_release', 'price', 'up']
['eia', 'report_release', 'inventory', 'up']
['eia', 'report_release', 'price', 'up']
['market', 'price_change', 'crude_oil', 'up']

===== RAW GENERATION (decoded) =====
**Reasoning Paragraph:**

The observed trend in U.S. gasoline prices over the past three months reveals a clear upward trajectory, punctuated by a sharp acceleration in late stages before a modest correction. Initially, prices hovered around **$3.65–$3.70** (t0–t3), reflecting relative stability likely tied to balanced supply-demand dynamics and steady crude oil inputs. However, from **t8 onward**, prices surged by **~10%** in just five weeks (t8: $3.869 → t11: $3.984), suggesting a supply-side shock or geopolitical disruption. The peak at **t11 ($3.984)** aligns with historical patterns where OPEC+ production cuts or unexpected inventory draws amplify refining margins. The subsequent dip at **t12 ($3.931)** may indicate profit-taking or a temporary easing of constraints—perhaps a release from strategic reserves or a demand pullback.

In the **current month**, the weekly differentials (dP) paint a volatile picture: two consecutive modest gains (**c0: +$0.071, c1/c2: +$0.022**) followed by a sharp reversal (**c3: -$0.053**). This pattern implies a **short-lived bullish catalyst** (e.g., a bullish EIA inventory report or OPEC+ rhetoric) followed by a corrective downturn, potentially triggered by demand concerns (e.g., weaker-than-expected economic data) or a sudden supply relief (e.g., unexpected inventory builds or a lift on export restrictions). The magnitude of the **c3 drop** suggests a discrete event rather than gradual market sentiment shifts.

---
**⟪FINAL⟫**
```json
{
  "hypotheses": [
    {
      "key": "eia|report_release|inventory|down"
    },
    {
      "key": "united_states|release|gasoline|up"
    },
    {
      "key": "opec_plus|extend_cut|production|down"
    },
    {
      "key": "market|forecast_raise|crude_oil|up"
    },
    {
      "key": "united_states|purchase|strategic_reserve|down"
    }
  ]
}
```
===== END RAW GENERATION =====
[DEBUG] parsed JSON: {"hypotheses": [{"key": "eia|report_release|inventory|down"}, {"key": "united_states|release|gasoline|up"}, {"key": "opec_plus|extend_cut|production|down"}, {"key": "market|forecast_raise|crude_oil|up"}, {"key": "united_states|purchase|strategic_reserve|down"}]}
['eia', 'report_release', 'inventory', 'down']
['united_states', 'release', 'gasoline', 'up']
['opec_plus', 'extend_cut', 'production', 'down']
['market', 'forecast_raise', 'crude_oil', 'up']
['united_states', 'purchase', 'strategic_reserve', 'down']
recall_all: 0.13556547619047618 precision_all: 0.125
Labels:
['market', 'price_change', 'price', 'up']
['united_states', 'price_change', 'gasoline', 'up']
['eia', 'forecast_raise', 'price', 'up']
['eia', 'report_release', 'forecast', 'up']
['eia', 'report_release', 'inventory', 'down']
['eia', 'report_release', 'price', 'up']
['market', 'price_change', 'crude_oil', 'up']
['market', 'price_change', 'gasoline', 'up']
['market', 'price_change', 'price', 'down']

===== RAW GENERATION (decoded) =====
**Reasoning Paragraph:**

The observed trend in U.S. gasoline prices over the past three months reveals a clear upward trajectory in the context window, with prices rising from **$3.643** to a peak of **$4.001** before a slight correction to **$3.963**. This initial surge aligns with typical seasonal demand patterns (e.g., summer driving season) and broader energy market dynamics, such as **OPEC+ production cuts** or **geopolitical tensions** disrupting supply chains. The sharp increase between **t4 ($3.869) and t5 ($3.940)** suggests a possible supply shock or speculative trading, while the subsequent stabilization near **$3.95–$4.00** may reflect market adjustment to sustained higher crude prices or refined product constraints.

In the current month, the weekly differentials (dOT) paint a more volatile picture: an initial **decline (dP=-0.006)** followed by a **rebound (dP=+0.016, +0.060)**, then a **sharp drop (dP=-0.038)**. This pattern could indicate **short-term supply-demand imbalances**, such as unexpected **inventory builds** (e.g., EIA reporting higher-than-expected gasoline stocks) or **demand destruction** from economic concerns. The mid-month spike (**+0.060**) might correlate with a **bullish EIA crude inventory report** or **OPEC+ signaling extended cuts**, while the subsequent retreat (**-0.038**) could reflect **profit-taking**, **recession fears**, or a **strategic release from the U.S. Strategic Petroleum Reserve (SPR)**. Alternatively, regional disruptions (e.g., **refinery outages**) or **export policy shifts** (e.g., lifting a gasoline export ban) could explain the abrupt reversals.

---
⟪FINAL⟫
```json
{
  "hypotheses": [
    {
      "key": "eia|report_release|inventory|down"
    },
    {
      "key": "united_states|release|crude_oil|down"
    },
    {
      "key": "opec_plus|extend_cut|production|up"
    },
    {
      "key": "market|price_change|gasoline|ambiguous"
    },
    {
      "key": "eia|report_release|gasoline|up"
    }
  ]
}
```
===== END RAW GENERATION =====
[DEBUG] parsed JSON: {"hypotheses": [{"key": "eia|report_release|inventory|down"}, {"key": "united_states|release|crude_oil|down"}, {"key": "opec_plus|extend_cut|production|up"}, {"key": "market|price_change|gasoline|ambiguous"}, {"key": "eia|report_release|gasoline|up"}]}
['eia', 'report_release', 'inventory', 'down']
['united_states', 'release', 'crude_oil', 'down']
['opec_plus', 'extend_cut', 'production', 'up']
['market', 'price_change', 'gasoline', 'ambiguous']
['eia', 'report_release', 'gasoline', 'up']
recall_all: 0.14519400352733683 precision_all: 0.15555555555555556
Labels:
['market', 'price_change', 'gasoline', 'down']
['market', 'price_change', 'price', 'down']
['eia', 'report_release', 'price', 'down']
['united_states', 'report_release', 'price', 'down']
['eia', 'report_release', 'production', 'up']
['united_states', 'price_change', 'gasoline', 'down']
['united_states', 'production_raise', 'crude_oil', 'up']

===== RAW GENERATION (decoded) =====
**Reasoning Paragraph:**

The observed trend in U.S. gasoline prices reveals a clear downward trajectory over the past three months, with a particularly sharp decline accelerating in the current month. Initially, prices exhibited minor volatility, fluctuating narrowly around the $3.90–$4.00 range (t0–t8), suggesting a period of relative stability influenced by balanced supply-demand dynamics or modest geopolitical tensions. However, a notable inflection point occurred at t9, where prices dropped to $3.814, followed by a steeper decline to $3.600 by t12. This downward momentum intensified in the current month, as reflected in the weekly differentials (dP), with consistent negative changes (e.g., -$0.116 in c1, -$0.108 in c2). Such a pattern strongly indicates a **supply-side expansion** or **demand contraction**—or a combination of both.

Plausible drivers include:
1. **Supply-side relief**: A sudden increase in gasoline or crude oil supply, potentially due to strategic reserve releases (e.g., U.S. SPR drawdowns), OPEC+ production adjustments, or easing of export restrictions.
2. **Demand destruction**: Macroeconomic headwinds (e.g., recession fears, lower consumer spending) or seasonal declines in driving demand post-summer could reduce gasoline consumption.
3. **Market sentiment shifts**: Bearish forecasts from agencies like the EIA or OPEC, or downward revisions in price outlooks, may have triggered speculative selling.
4. **Geopolitical de-escalation**: Lifting of sanctions or resolution of supply chain disruptions (e.g., in refining capacity) could improve availability.

The **current-month acceleration** in price drops (dP values) suggests a **cumulative effect** of these factors, with real-time events likely amplifying the trend—such as a major inventory build, a surprise production hike, or a demand warning from a key institution.

---
⟪FINAL⟫
```json
{
  "hypotheses": [
    {
      "key": "eia|report_release|inventory|up"
    },
    {
      "key": "united_states|release|crude_oil|down"
    },
    {
      "key": "opec_plus|production_raise|production|down"
    },
    {
      "key": "eia|forecast_lower|gasoline|down"
    },
    {
      "key": "market|price_change|brent|down"
    }
  ]
}
```
===== END RAW GENERATION =====
[DEBUG] parsed JSON: {"hypotheses": [{"key": "eia|report_release|inventory|up"}, {"key": "united_states|release|crude_oil|down"}, {"key": "opec_plus|production_raise|production|down"}, {"key": "eia|forecast_lower|gasoline|down"}, {"key": "market|price_change|brent|down"}]}
['eia', 'report_release', 'inventory', 'up']
['united_states', 'release', 'crude_oil', 'down']
['opec_plus', 'production_raise', 'production', 'down']
['eia', 'forecast_lower', 'gasoline', 'down']
['market', 'price_change', 'brent', 'down']
recall_all: 0.13067460317460317 precision_all: 0.13999999999999999
Labels:
['market', 'price_change', 'price', 'down']
['market', 'price_change', 'gasoline', 'down']
['market', 'price_change', 'crude_oil', 'down']
['united_states', 'price_change', 'gasoline', 'down']
['united_states', 'production_raise', 'crude_oil', 'up']
['united_states', 'report_release', 'inventory', 'down']
['united_states', 'report_release', 'production', 'up']

===== RAW GENERATION (decoded) =====
**Reasoning Paragraph:**

The observed trend in U.S. gasoline prices over the past three months reveals a clear downward trajectory, accelerating sharply in the current month. The context window (t0–t12) shows a gradual but persistent decline from **$3.925** to **$3.363**, reflecting a **~14% drop** over 12 weeks. This suggests a structural shift in supply-demand dynamics, likely driven by macroeconomic factors such as **softening demand** (e.g., post-summer travel season lull), **rising inventories**, or **easing crude oil costs**. The current month’s weekly changes (c0–c3) intensify this pattern, with consistent negative differentials (dP ranging from **-0.047 to -0.080**), indicating **short-term bearish pressure**. Plausible real-world causes include:
1) **Supply-side relief**: A potential **release of strategic reserves** or **higher-than-expected refinery output** could have boosted gasoline supply, pushing prices down.
2) **Demand destruction**: Economic slowdown signals (e.g., weaker consumer spending or recession fears) may have reduced fuel consumption.
3) **Crude oil softness**: If **Brent or WTI prices fell** due to OPEC+ production adjustments or demand concerns, gasoline prices would follow.
4) **Inventory builds**: Unexpected **EIA-reported stockpile increases** in gasoline or crude could have triggered sell-offs.
5) **Geopolitical de-escalation**: Lifting of export bans or sanctions (e.g., on Russian refined products) might have improved global supply flows.

The **steepening decline in the current month** (vs. the prior gradual drop) suggests a **catalytic event**—such as a **sudden inventory surge**, a **downward forecast revision**, or a **policy intervention**—rather than organic market forces alone.

---
⟪FINAL⟫
```json
{
  "hypotheses": [
    {
      "key": "eia|report_release|inventory|down"
    },
    {
      "key": "united_states|release|gasoline|down"
    },
    {
      "key": "market|forecast_lower|price|down"
    },
    {
      "key": "opec_plus|production_raise|crude_oil|down"
    },
    {
      "key": "united_states|export_ban_lift|diesel|ambiguous"
    }
  ]
}
```
===== END RAW GENERATION =====
[DEBUG] parsed JSON: {"hypotheses": [{"key": "eia|report_release|inventory|down"}, {"key": "united_states|release|gasoline|down"}, {"key": "market|forecast_lower|price|down"}, {"key": "opec_plus|production_raise|crude_oil|down"}, {"key": "united_states|export_ban_lift|diesel|ambiguous"}]}
['eia', 'report_release', 'inventory', 'down']
['united_states', 'release', 'gasoline', 'down']
['market', 'forecast_lower', 'price', 'down']
['opec_plus', 'production_raise', 'crude_oil', 'down']
['united_states', 'export_ban_lift', 'diesel', 'ambiguous']
recall_all: 0.11879509379509377 precision_all: 0.12727272727272726
Labels:
['market', 'price_change', 'price', 'down']
['market', 'price_change', 'price', 'up']
['united_states', 'price_change', 'gasoline', 'down']
['eia', 'report_release', 'price', 'down']
['market', 'price_change', 'gasoline', 'down']
['united_states', 'price_change', 'natural_gas', 'down']
['united_states', 'production_raise', 'crude_oil', 'up']

===== RAW GENERATION (decoded) =====
**Reasoning Paragraph:**

The observed trend in U.S. gasoline prices over the past three months reveals a clear downward trajectory, with prices declining from **$3.930** at *t0* to **$3.176** at *t11*—a cumulative drop of ~19%. This sustained decrease aligns with a period of easing crude oil prices, potentially driven by macroeconomic concerns (e.g., recession fears, demand destruction) or supply-side adjustments, such as **OPEC+ production cuts losing steam** or **unexpected inventory builds**. The slight uptick at *t12* ($3.238) suggests a temporary correction, possibly due to geopolitical tensions or a short-lived supply disruption. Turning to the **current month**, the initial declines (*c0*: -$0.008, *c1*: -$0.096, *c2*: -$0.083) reinforce the bearish momentum, but the abrupt reversal at *c3* (+$0.062) signals a **supply-side shock or speculative rebound**. Plausible triggers include: (1) a **bullish EIA inventory report** showing larger-than-expected draws in gasoline stocks, (2) **OPEC+ extending production cuts** to stabilize prices, or (3) **geopolitical risks** (e.g., sanctions or export bans) tightening supply. The volatility in *c3* contrasts sharply with the prior downward trend, implying a **real-time disruption** rather than a demand-driven shift.

---

⟪FINAL⟫
```json
{
  "hypotheses": [
    {
      "key": "eia|report_release|inventory|down"
    },
    {
      "key": "opec_plus|extend_cut|production|ambiguous"
    },
    {
      "key": "united_states|release|inventory|down"
    },
    {
      "key": "market|price_change|gasoline|up"
    },
    {
      "key": "opec|forecast_raise|crude_oil|up"
    }
  ]
}
```
===== END RAW GENERATION =====
[DEBUG] parsed JSON: {"hypotheses": [{"key": "eia|report_release|inventory|down"}, {"key": "opec_plus|extend_cut|production|ambiguous"}, {"key": "united_states|release|inventory|down"}, {"key": "market|price_change|gasoline|up"}, {"key": "opec|forecast_raise|crude_oil|up"}]}
['eia', 'report_release', 'inventory', 'down']
['opec_plus', 'extend_cut', 'production', 'ambiguous']
['united_states', 'release', 'inventory', 'down']
['market', 'price_change', 'gasoline', 'up']
['opec', 'forecast_raise', 'crude_oil', 'up']
recall_all: 0.12080026455026453 precision_all: 0.13333333333333333
Labels:
['market', 'price_change', 'price', 'up']
['eia', 'report_release', 'price', 'down']
['market', 'price_change', 'price', 'down']
['united_states', 'price_change', 'gasoline', 'down']
['eia', 'forecast_lower', 'price', 'down']
['eia', 'forecast_raise', 'production', 'up']

===== RAW GENERATION (decoded) =====
**Reasoning Paragraph:**

The observed trend in U.S. gasoline prices over the past three months reveals a clear downward trajectory in the context window (OT), with prices falling from **$3.520** at *t0* to **$3.179** at *t10*, followed by a slight stabilization around **$3.18–$3.21** by *t12*. This decline aligns with typical seasonal patterns—post-summer demand softening—as well as potential macroeconomic pressures like easing inflation or recessionary fears reducing fuel consumption. However, the current month’s weekly changes (dOT) introduce a nuanced shift: after three consecutive declines (*c0–c2*), prices tick upward in *c3* (+0.002) and spike notably in *c4* (+0.033). This reversal suggests a **supply-side disruption or unexpected demand shock** within the month. Possible drivers include geopolitical tensions (e.g., OPEC+ production adjustments or sanctions), unplanned refinery outages, or a bullish market reaction to inventory draws reported by the EIA. The abrupt upward correction in *c4* is particularly telling, as it breaks the prior downward momentum, hinting at a **short-term supply tightness** or speculative trading responding to breaking news.

---

⟪FINAL⟫
```json
{
  "hypotheses": [
    {
      "key": "eia|report_release|inventory|down"
    },
    {
      "key": "opec_plus|production_cut|crude_oil|ambiguous"
    },
    {
      "key": "united_states|release|inventory|down"
    },
    {
      "key": "market|price_change|gasoline|up"
    },
    {
      "key": "opec|forecast_raise|price|up"
    }
  ]
}
```
===== END RAW GENERATION =====
[DEBUG] parsed JSON: {"hypotheses": [{"key": "eia|report_release|inventory|down"}, {"key": "opec_plus|production_cut|crude_oil|ambiguous"}, {"key": "united_states|release|inventory|down"}, {"key": "market|price_change|gasoline|up"}, {"key": "opec|forecast_raise|price|up"}]}
['eia', 'report_release', 'inventory', 'down']
['opec_plus', 'production_cut', 'crude_oil', 'ambiguous']
['united_states', 'release', 'inventory', 'down']
['market', 'price_change', 'gasoline', 'up']
['opec', 'forecast_raise', 'price', 'up']
recall_all: 0.11150793650793649 precision_all: 0.12307692307692307
Labels:
['eia', 'report_release', 'inventory', 'up']
['market', 'price_change', 'crude_oil', 'down']
['market', 'price_change', 'price', 'down']
['eia', 'report_release', 'price', 'ambiguous']
['eia', 'report_release', 'price', 'up']
['market', 'price_change', 'crude_oil', 'up']
['market', 'price_change', 'gasoline', 'up']
['market', 'price_change', 'natural_gas', 'down']
['market', 'price_change', 'price', 'up']

===== RAW GENERATION (decoded) =====
**Reasoning Paragraph:**

The observed trend in U.S. gasoline prices over the past three months reveals a distinct pattern of volatility, with an initial decline followed by a sharp upward trajectory. From **t0 to t7**, prices exhibited a gradual downward trend (3.355 → 3.179), likely reflecting seasonal demand adjustments post-summer driving season, stable crude oil supply, or modest inventory builds reported by the **EIA**. However, beginning at **t8**, prices reversed course, climbing steadily (3.181 → 3.365 by t12), suggesting tightening supply conditions or geopolitical tensions impacting crude markets. The **current month’s weekly changes (dP)** further amplify this volatility: three consecutive increases (+0.040, +0.055, +0.076) followed by a slight correction (-0.020). This pattern aligns with plausible real-time drivers such as **OPEC+ production decisions**, unexpected **crude inventory draws**, or **geopolitical disruptions** (e.g., sanctions or export shifts). The initial price surge in the current month may reflect market reactions to **bullish EIA inventory reports** or **OPEC+ extending production cuts**, while the subsequent dip could indicate profit-taking or a temporary demand lull. Given the upward momentum, the dominant narrative points to **supply-side constraints**—either through coordinated cuts or unplanned outages—outweighing demand-side softness.

---
⟪FINAL⟫
```json
{
  "hypotheses": [
    {
      "key": "eia|report_release|inventory|down"
    },
    {
      "key": "opec_plus|extend_cut|production|down"
    },
    {
      "key": "united_states|release|crude_oil|up"
    },
    {
      "key": "market|price_change|gasoline|up"
    },
    {
      "key": "opec|forecast_raise|price|up"
    }
  ]
}
```
===== END RAW GENERATION =====
[DEBUG] parsed JSON: {"hypotheses": [{"key": "eia|report_release|inventory|down"}, {"key": "opec_plus|extend_cut|production|down"}, {"key": "united_states|release|crude_oil|up"}, {"key": "market|price_change|gasoline|up"}, {"key": "opec|forecast_raise|price|up"}]}
['eia', 'report_release', 'inventory', 'down']
['opec_plus', 'extend_cut', 'production', 'down']
['united_states', 'release', 'crude_oil', 'up']
['market', 'price_change', 'gasoline', 'up']
['opec', 'forecast_raise', 'price', 'up']
recall_all: 0.11941609977324262 precision_all: 0.14285714285714285
Labels:
['eia', 'report_release', 'price', 'up']
['eia', 'report_release', 'price', 'down']
['united_states', 'price_change', 'gasoline', 'up']
['eia', 'forecast_lower', 'price', 'down']
['eia', 'report_release', 'inventory', 'down']
['market', 'price_change', 'crude_oil', 'up']
['market', 'price_change', 'gasoline', 'up']
['market', 'price_change', 'natural_gas', 'down']
['market', 'price_change', 'price', 'up']
['united_states', 'report_release', 'price', 'up']

===== RAW GENERATION (decoded) =====
**Reasoning Paragraph:**

The observed trend in U.S. gasoline prices over the past three months reveals a clear upward trajectory, accelerating sharply in the current month. The context window (t0–t12) shows a steady climb from **$3.213** to **$3.639**, reflecting a **13.3%** increase over 12 weeks. This gradual rise suggests underlying supply-side pressures, likely tied to **crude oil market dynamics**—such as OPEC+ production cuts or tightening global inventories—compounded by seasonal demand shifts (e.g., summer driving season preparations). However, the **current month’s weekly changes (dP)** exhibit an even more aggressive surge: cumulative increases of **+0.274** in just four weeks, with the largest single-week jump (**+0.101**) at the start of the month. This abrupt acceleration points to **acute, short-term disruptions** rather than gradual market forces.

Potential drivers include:
1. **Geopolitical shocks** (e.g., unexpected supply constraints like sanctions or export bans being lifted on key producers, paradoxically tightening markets if replacements lag).
2. **Domestic inventory draws**, as evidenced by possible **EIA reports** showing sharper-than-expected declines in gasoline or crude stocks, signaling refined product shortages.
3. **OPEC+ policy shifts**, such as an extension of production cuts or downward revisions to output forecasts, which would amplify upward pressure on crude—and thus gasoline—prices.
4. **Refinery bottlenecks**, where unplanned outages or maintenance delays reduce gasoline supply despite stable crude inputs.
5. **Speculative trading**, where market participants react to macroeconomic signals (e.g., stronger-than-expected U.S. demand data or inflation fears) by bidding up futures contracts.

The **non-linear spike in the current month** (particularly the **+0.101** jump in c0) strongly suggests a **black swan-style event**—such as a sudden production halt, a major inventory report surprise, or a policy announcement—rather than organic demand growth alone.

---
⟪FINAL⟫
```json
{
  "hypotheses": [
    {
      "key": "eia|report_release|inventory|down"
    },
    {
      "key": "opec_plus|extend_cut|production|down"
    },
    {
      "key": "united_states|release|inventory|down"
    },
    {
      "key": "market|price_change|gasoline|up"
    },
    {
      "key": "opec|forecast_raise|price|up"
    }
  ]
}
```
===== END RAW GENERATION =====
[DEBUG] parsed JSON: {"hypotheses": [{"key": "eia|report_release|inventory|down"}, {"key": "opec_plus|extend_cut|production|down"}, {"key": "united_states|release|inventory|down"}, {"key": "market|price_change|gasoline|up"}, {"key": "opec|forecast_raise|price|up"}]}
['eia', 'report_release', 'inventory', 'down']
['opec_plus', 'extend_cut', 'production', 'down']
['united_states', 'release', 'inventory', 'down']
['market', 'price_change', 'gasoline', 'up']
['opec', 'forecast_raise', 'price', 'up']
recall_all: 0.12478835978835977 precision_all: 0.16
Labels:
['united_states', 'price_change', 'gasoline', 'up']
['market', 'price_change', 'natural_gas', 'down']
['market', 'price_change', 'price', 'up']
['united_states', 'report_release', 'price', 'up']

===== RAW GENERATION (decoded) =====
**Reasoning Paragraph:**

The observed trend in U.S. gasoline prices over the past three months reveals a clear upward trajectory, with prices rising from **$3.254** to **$3.791** before a slight correction to **$3.777** by the end of the context window. This steady climb suggests persistent supply-side pressures, likely driven by tightening crude oil markets, geopolitical tensions, or refinery constraints. The **current month’s weekly changes (dOT)** further reinforce this narrative: after an initial marginal dip (**−0.003**), prices surged in three consecutive weeks (**+0.076, +0.039, +0.040**), indicating a sudden supply shock or bullish sentiment—possibly triggered by an OPEC+ production decision, a major inventory drawdown, or an unexpected demand spike. The subsequent minor pullback (**−0.014**) may reflect profit-taking or a temporary easing of concerns, but the dominant trend remains upward. Real-world drivers could include **OPEC+ extending production cuts**, a **surprise drop in U.S. gasoline inventories** (as reported by the EIA), or **geopolitical disruptions** (e.g., sanctions or export bans) tightening global oil flows. The lack of a sharp reversal suggests these pressures are structural rather than speculative.

---
⟪FINAL⟫
```json
{
  "hypotheses": [
    {
      "key": "opec_plus|extend_cut|production|up"
    },
    {
      "key": "eia|report_release|inventory|down"
    },
    {
      "key": "united_states|release|inventory|down"
    },
    {
      "key": "opec|production_cut|crude_oil|up"
    },
    {
      "key": "market|price_change|gasoline|up"
    }
  ]
}
```
===== END RAW GENERATION =====
[DEBUG] parsed JSON: {"hypotheses": [{"key": "opec_plus|extend_cut|production|up"}, {"key": "eia|report_release|inventory|down"}, {"key": "united_states|release|inventory|down"}, {"key": "opec|production_cut|crude_oil|up"}, {"key": "market|price_change|gasoline|up"}]}
['opec_plus', 'extend_cut', 'production', 'up']
['eia', 'report_release', 'inventory', 'down']
['united_states', 'release', 'inventory', 'down']
['opec', 'production_cut', 'crude_oil', 'up']
['market', 'price_change', 'gasoline', 'up']
recall_all: 0.11698908730158729 precision_all: 0.15
