Labels:
['market', 'price_change', 'price', 'up']
['eia', 'forecast_lower', 'price', 'down']
['eia', 'report_release', 'price', 'down']
['eia', 'report_release', 'price', 'up']
['eia', 'forecast_raise', 'price', 'up']
['eia', 'report_release', 'export', 'up']
['eia', 'report_release', 'production', 'ambiguous']
['eia', 'report_release', 'production', 'up']
['market', 'price_change', 'crude_oil', 'up']
['market', 'price_change', 'price', 'down']
['united_states', 'price_change', 'gasoline', 'up']
['united_states', 'report_release', 'price', 'up']

===== RAW GENERATION (decoded) =====
The observed trend in the data indicates a pronounced decline in U.S. gasoline prices over the past three months, bottoming out at $3.203 in week t7, followed by a steady and accelerating rebound through the current month. The initial downward trajectory—from $3.909 to $3.203—suggests sustained downward pressure, likely driven by weakening demand expectations, increased refinery throughput, or elevated fuel inventories. However, the reversal beginning in week t8 and intensifying in the current month—with weekly price increases totaling $0.391 over five weeks—points to a shift in market dynamics. The consistent positive weekly deltas (dP) in the current month, particularly the larger jumps in c0 (+0.128) and c3 (+0.103), imply a tightening supply-demand balance. This could stem from seasonal demand uptick (e.g., summer driving), unexpected supply constraints, or geopolitical disruptions affecting crude oil. The accelerating pace of increases suggests reactive market behavior, possibly triggered by inventory draws, production adjustments, or revised outlooks from authoritative sources.

⟪FINAL⟫{
  "hypotheses": [
    {
      "key": "eia|report_release|inventory|down"
    },
    {
      "key": "opec_plus|production_cut|crude_oil|down"
    },
    {
      "key": "market|price_change|gasoline|up"
    },
    {
      "key": "eia|forecast_raise|price|up"
    },
    {
      "key": "united_states|release|inventory|down"
    }
  ]
}
===== END RAW GENERATION =====
[DEBUG] parsed JSON: {"hypotheses": [{"key": "eia|report_release|inventory|down"}, {"key": "opec_plus|production_cut|crude_oil|down"}, {"key": "market|price_change|gasoline|up"}, {"key": "eia|forecast_raise|price|up"}, {"key": "united_states|release|inventory|down"}]}
['eia', 'report_release', 'inventory', 'down']
['opec_plus', 'production_cut', 'crude_oil', 'down']
['market', 'price_change', 'gasoline', 'up']
['eia', 'forecast_raise', 'price', 'up']
['united_states', 'release', 'inventory', 'down']
recall_all: 0.08333333333333333 precision_all: 0.2
Labels:
['eia', 'report_release', 'price', 'up']
['market', 'price_change', 'gasoline', 'down']
['market', 'price_change', 'gasoline', 'up']
['market', 'price_change', 'price', 'up']
['api', 'report_release', 'price', 'up']
['eia', 'report_release', 'price', 'ambiguous']
['eia', 'report_release', 'price', 'down']
['market', 'price_change', 'natural_gas', 'down']
['united_states', 'report_release', 'price', 'up']

===== RAW GENERATION (decoded) =====
The observed trend in the data indicates a recent softening in U.S. gasoline prices following a mid-spring rally. Over the past three months, prices rose steadily from $3.203 at t3 to a peak of $3.594 at t8, likely reflecting seasonal demand buildup and tightening global crude markets. However, the last four weeks (c0–c3) show consistent weekly declines totaling $0.137, suggesting a reversal in near-term pricing pressure. This recent dip aligns with falling crude oil prices, possibly due to weaker-than-expected global demand signals or increased inventory builds. The magnitude and consistency of the weekly drops—despite the typical summer driving season—hint at either a supply-side response (e.g., strategic reserve releases or increased refining throughput) or demand-side softening, potentially tied to macroeconomic caution or higher interest rates dampening discretionary travel. Additionally, recent EIA data may have revealed larger-than-anticipated gasoline inventories, reinforcing downward price momentum.

⟪FINAL⟫{
  "hypotheses": [
    {
      "key": "eia|report_release|inventory|up"
    },
    {
      "key": "market|price_change|crude_oil|down"
    },
    {
      "key": "opec_plus|production_raise|production|up"
    },
    {
      "key": "united_states|release|inventory|up"
    },
    {
      "key": "eia|forecast_lower|forecast|down"
    }
  ]
}
===== END RAW GENERATION =====
[DEBUG] parsed JSON: {"hypotheses": [{"key": "eia|report_release|inventory|up"}, {"key": "market|price_change|crude_oil|down"}, {"key": "opec_plus|production_raise|production|up"}, {"key": "united_states|release|inventory|up"}, {"key": "eia|forecast_lower|forecast|down"}]}
['eia', 'report_release', 'inventory', 'up']
['market', 'price_change', 'crude_oil', 'down']
['opec_plus', 'production_raise', 'production', 'up']
['united_states', 'release', 'inventory', 'up']
['eia', 'forecast_lower', 'forecast', 'down']
recall_all: 0.041666666666666664 precision_all: 0.1
Labels:
['market', 'price_change', 'price', 'down']
['market', 'price_change', 'price', 'up']
['eia', 'forecast_lower', 'price', 'down']
['eia', 'report_release', 'price', 'ambiguous']
['eia', 'report_release', 'price', 'up']
['market', 'price_change', 'gasoline', 'up']

===== RAW GENERATION (decoded) =====
The observed trend in the data indicates a period of rising gasoline prices over the past three months, peaking around t4 at $3.594, followed by a moderate correction and recent stabilization. The initial upward trajectory aligns with typical seasonal demand increases and potential supply constraints, while the subsequent pullback from t4 to t8 may reflect easing crude oil markets or reduced speculative pressure. Notably, the current month shows a small net increase in prices (+0.048 to +0.063 early in the month), followed by a slight retreat (−0.034, −0.001), suggesting short-term volatility driven by inventory reports, geopolitical developments, or shifts in refining activity. The near-flat change in the final week (c3: −0.001) hints at market equilibrium reasserting itself, possibly due to balanced supply-demand dynamics or policy interventions. Given the narrow scope of the current month, plausible real-time catalysts likely include official data releases, strategic petroleum reserve actions, or OPEC+ signaling that influenced near-term crude and refined product expectations.

⟪FINAL⟫{
  "hypotheses": [
    {
      "key": "eia|report_release|inventory|down"
    },
    {
      "key": "united_states|release|inventory|up"
    },
    {
      "key": "opec_plus|extend_cut|production|down"
    },
    {
      "key": "market|price_change|gasoline|ambiguous"
    },
    {
      "key": "eia|forecast_lower|forecast|down"
    }
  ]
}
===== END RAW GENERATION =====
[DEBUG] parsed JSON: {"hypotheses": [{"key": "eia|report_release|inventory|down"}, {"key": "united_states|release|inventory|up"}, {"key": "opec_plus|extend_cut|production|down"}, {"key": "market|price_change|gasoline|ambiguous"}, {"key": "eia|forecast_lower|forecast|down"}]}
['eia', 'report_release', 'inventory', 'down']
['united_states', 'release', 'inventory', 'up']
['opec_plus', 'extend_cut', 'production', 'down']
['market', 'price_change', 'gasoline', 'ambiguous']
['eia', 'forecast_lower', 'forecast', 'down']
recall_all: 0.08333333333333333 precision_all: 0.13333333333333333
Labels:
['eia', 'report_release', 'price', 'ambiguous']
['market', 'price_change', 'gasoline', 'up']
['market', 'price_change', 'price', 'down']
['opec_plus', 'production_cut', 'crude_oil', 'down']
['eia', 'report_release', 'price', 'down']
['market', 'price_change', 'natural_gas', 'down']
['united_states', 'price_change', 'diesel', 'up']

===== RAW GENERATION (decoded) =====
The observed trend in the data indicates a pronounced reversal in gasoline price dynamics over the past month. After a sustained decline from early January (t0 = $3.594) to mid-February (t5 = $3.505), prices began climbing steadily, accelerating notably in the last four weeks (c0 to c3), with three consecutive weekly increases totaling +$0.236 before a minor dip in the most recent week. This sharp upward movement aligns with seasonal demand recovery, refinery maintenance cycles, and potential supply constraints. The current-month weekly changes—particularly the large +$0.097 and +$0.073 jumps—suggest heightened market sensitivity to real-time supply-demand imbalances, possibly exacerbated by geopolitical tensions or inventory drawdowns. The slight retreat in the latest week (c3: –$0.004) may signal temporary stabilization or profit-taking, but the overall trajectory remains upward, consistent with early-spring tightening in the U.S. gasoline market.

⟪FINAL⟫{
  "hypotheses": [
    {
      "key": "eia|report_release|inventory|down"
    },
    {
      "key": "opec_plus|production_cut|crude_oil|down"
    },
    {
      "key": "united_states|release|inventory|down"
    },
    {
      "key": "market|price_change|gasoline|up"
    },
    {
      "key": "eia|forecast_raise|price|up"
    }
  ]
}
===== END RAW GENERATION =====
[DEBUG] parsed JSON: {"hypotheses": [{"key": "eia|report_release|inventory|down"}, {"key": "opec_plus|production_cut|crude_oil|down"}, {"key": "united_states|release|inventory|down"}, {"key": "market|price_change|gasoline|up"}, {"key": "eia|forecast_raise|price|up"}]}
['eia', 'report_release', 'inventory', 'down']
['opec_plus', 'production_cut', 'crude_oil', 'down']
['united_states', 'release', 'inventory', 'down']
['market', 'price_change', 'gasoline', 'up']
['eia', 'forecast_raise', 'price', 'up']
recall_all: 0.13392857142857142 precision_all: 0.2
Labels:
['market', 'price_change', 'price', 'down']
['eia', 'report_release', 'price', 'down']
['opec_plus', 'production_cut', 'crude_oil', 'down']
['eia', 'forecast_lower', 'price', 'down']
['eia', 'report_release', 'price', 'up']
['market', 'price_change', 'crude_oil', 'down']
['market', 'price_change', 'gasoline', 'up']
['market', 'price_change', 'price', 'up']

===== RAW GENERATION (decoded) =====
The observed trend in the data indicates a recent stabilization in U.S. gasoline prices following a sharp upward surge over the prior two months. From t0 to t7, prices climbed steadily from $3.505 to a peak of $3.769, likely reflecting heightened crude oil costs, seasonal demand increases, or supply constraints. However, the subsequent weeks (t8–t12) show a modest pullback and consolidation around $3.64–$3.68, suggesting easing pressures. The current month’s weekly changes (dOT) reveal heightened volatility: an initial decline (c0, c1), followed by near-flat movement (c2, c3), and a modest rebound (c4). This pattern aligns with real-time market reactions to inventory data, geopolitical developments, or shifts in crude oil benchmarks. The brief dip may reflect temporary demand softness or inventory builds, while the recent uptick could signal renewed supply concerns or a reversal in crude oil trends. Given the narrow window of the current month, these fluctuations are likely tied to specific, timely events such as inventory reports, production announcements, or policy actions.

⟪FINAL⟫{
  "hypotheses": [
    {
      "key": "eia|report_release|inventory|down"
    },
    {
      "key": "opec_plus|production_cut|crude_oil|ambiguous"
    },
    {
      "key": "united_states|release|inventory|up"
    },
    {
      "key": "market|price_change|gasoline|down"
    },
    {
      "key": "eia|report_release|forecast|up"
    }
  ]
}
===== END RAW GENERATION =====
[DEBUG] parsed JSON: {"hypotheses": [{"key": "eia|report_release|inventory|down"}, {"key": "opec_plus|production_cut|crude_oil|ambiguous"}, {"key": "united_states|release|inventory|up"}, {"key": "market|price_change|gasoline|down"}, {"key": "eia|report_release|forecast|up"}]}
['eia', 'report_release', 'inventory', 'down']
['opec_plus', 'production_cut', 'crude_oil', 'ambiguous']
['united_states', 'release', 'inventory', 'up']
['market', 'price_change', 'gasoline', 'down']
['eia', 'report_release', 'forecast', 'up']
recall_all: 0.15714285714285714 precision_all: 0.24000000000000005
Labels:
['market', 'price_change', 'price', 'down']
['eia', 'report_release', 'inventory', 'down']
['eia', 'report_release', 'price', 'down']
['market', 'price_change', 'price', 'up']

===== RAW GENERATION (decoded) =====
The observed trend in the data indicates a period of relative stabilization in U.S. gasoline prices following a modest peak in early weeks of the three-month window, with prices climbing from $3.606 to $3.769 before retreating and consolidating in a narrow band between $3.64 and $3.71 over the last six weeks. The current month’s weekly changes—characterized by a small drop, followed by a brief uptick, then two consecutive minor declines—suggest muted volatility and potential market equilibrium. This pattern may reflect a balance between seasonal demand fluctuations (e.g., post-summer driving season tapering) and supply-side adjustments. The slight rebound in c1 (+0.052) could signal a temporary supply concern or inventory draw, while the subsequent declines (c2 and c3) may indicate easing pressures, possibly due to strategic petroleum reserve releases, stable crude imports, or softer demand forecasts. Given the narrow price movements and lack of sharp directional momentum, the market appears to be reacting to incremental data rather than major geopolitical or policy shocks, pointing toward data-driven adjustments such as weekly EIA inventory reports or refined product demand revisions.

⟪FINAL⟫{
  "hypotheses": [
    {
      "key": "eia|report_release|inventory|down"
    },
    {
      "key": "eia|report_release|gasoline|down"
    },
    {
      "key": "united_states|release|inventory|up"
    },
    {
      "key": "opec_plus|extend_cut|production|down"
    },
    {
      "key": "eia|forecast_lower|gasoline|down"
    }
  ]
}
===== END RAW GENERATION =====
[DEBUG] parsed JSON: {"hypotheses": [{"key": "eia|report_release|inventory|down"}, {"key": "eia|report_release|gasoline|down"}, {"key": "united_states|release|inventory|up"}, {"key": "opec_plus|extend_cut|production|down"}, {"key": "eia|forecast_lower|gasoline|down"}]}
['eia', 'report_release', 'inventory', 'down']
['eia', 'report_release', 'gasoline', 'down']
['united_states', 'release', 'inventory', 'up']
['opec_plus', 'extend_cut', 'production', 'down']
['eia', 'forecast_lower', 'gasoline', 'down']
recall_all: 0.1726190476190476 precision_all: 0.23333333333333336
Labels:
['eia', 'report_release', 'inventory', 'up']
['market', 'price_change', 'price', 'up']
['eia', 'report_release', 'inventory', 'down']
['united_states', 'report_release', 'inventory', 'down']
['united_states', 'report_release', 'price', 'up']

===== RAW GENERATION (decoded) =====
The observed trend in the data indicates a period of relative price stability in U.S. gasoline prices over the past three months, with weekly fluctuations generally confined to a narrow band between $3.64 and $3.71 per gallon. However, this equilibrium was abruptly disrupted in the current month, culminating in a sharp $0.158 increase in the most recent week (c4), which aligns with the jump from $3.711 to $3.869 in the absolute price series. The preceding weeks of the current month show a progressive buildup of upward pressure—starting with a modest dip (c0: –0.042), followed by three consecutive weekly gains (c1–c3: +0.020, +0.013, +0.035)—suggesting accumulating market tensions rather than a sudden shock. Such a pattern is consistent with either a supply-side constraint (e.g., refinery outages, geopolitical disruptions to crude supply, or OPEC+ policy shifts) or a demand-side surge (e.g., seasonal travel demand, inventory drawdowns). The magnitude of the final weekly jump, the largest in the dataset, points to a catalytic event—potentially a bullish EIA inventory report showing a larger-than-expected draw in gasoline stocks, or an OPEC+ announcement to extend or deepen production cuts, thereby tightening global crude markets and feeding into refined product prices.

⟪FINAL⟫{
  "hypotheses": [
    {
      "key": "eia|report_release|inventory|down"
    },
    {
      "key": "opec_plus|extend_cut|production|down"
    },
    {
      "key": "market|price_change|gasoline|up"
    },
    {
      "key": "united_states|release|inventory|down"
    },
    {
      "key": "opec_plus|production_cut|crude_oil|down"
    }
  ]
}
===== END RAW GENERATION =====
[DEBUG] parsed JSON: {"hypotheses": [{"key": "eia|report_release|inventory|down"}, {"key": "opec_plus|extend_cut|production|down"}, {"key": "market|price_change|gasoline|up"}, {"key": "united_states|release|inventory|down"}, {"key": "opec_plus|production_cut|crude_oil|down"}]}
['eia', 'report_release', 'inventory', 'down']
['opec_plus', 'extend_cut', 'production', 'down']
['market', 'price_change', 'gasoline', 'up']
['united_states', 'release', 'inventory', 'down']
['opec_plus', 'production_cut', 'crude_oil', 'down']
recall_all: 0.2051020408163265 precision_all: 0.2285714285714286
Labels:
['market', 'price_change', 'price', 'up']
['market', 'price_change', 'gasoline', 'up']
['api', 'report_release', 'price', 'up']
['eia', 'report_release', 'inventory', 'up']
['eia', 'report_release', 'price', 'up']
['market', 'price_change', 'crude_oil', 'up']

===== RAW GENERATION (decoded) =====
The observed trend in the data indicates a sharp acceleration in gasoline prices over the past month, following a period of relative stability and modest increases in the preceding weeks. From t8 to t11, prices rose steadily from $3.869 to $3.984, suggesting building upward pressure—likely tied to seasonal demand, supply constraints, or crude oil market dynamics. The subsequent weekly drop at t12 (to $3.931) aligns with the current month’s dOT values, which show a strong initial increase (+0.071) followed by two smaller gains (+0.022 each) and then a notable decline (–0.053). This pattern suggests a short-term price spike that was partially reversed, possibly due to a strategic release of inventories, easing geopolitical tensions, or a shift in market expectations. Given the timing and magnitude of changes, plausible real-time triggers within the current month could include inventory reports signaling higher-than-expected gasoline stocks, a U.S. Strategic Petroleum Reserve release, or OPEC+ decisions influencing crude oil benchmarks that feed into refined product pricing.

⟪FINAL⟫{
  "hypotheses": [
    {
      "key": "eia|report_release|inventory|up"
    },
    {
      "key": "united_states|release|inventory|up"
    },
    {
      "key": "opec_plus|production_cut|crude_oil|down"
    },
    {
      "key": "market|price_change|gasoline|down"
    },
    {
      "key": "eia|forecast_lower|forecast|down"
    }
  ]
}
===== END RAW GENERATION =====
[DEBUG] parsed JSON: {"hypotheses": [{"key": "eia|report_release|inventory|up"}, {"key": "united_states|release|inventory|up"}, {"key": "opec_plus|production_cut|crude_oil|down"}, {"key": "market|price_change|gasoline|down"}, {"key": "eia|forecast_lower|forecast|down"}]}
['eia', 'report_release', 'inventory', 'up']
['united_states', 'release', 'inventory', 'up']
['opec_plus', 'production_cut', 'crude_oil', 'down']
['market', 'price_change', 'gasoline', 'down']
['eia', 'forecast_lower', 'forecast', 'down']
recall_all: 0.22113095238095234 precision_all: 0.25
Labels:
['market', 'price_change', 'price', 'up']
['united_states', 'price_change', 'gasoline', 'up']
['eia', 'forecast_raise', 'price', 'up']
['eia', 'report_release', 'forecast', 'up']
['eia', 'report_release', 'inventory', 'down']
['eia', 'report_release', 'price', 'up']
['market', 'price_change', 'crude_oil', 'up']
['market', 'price_change', 'gasoline', 'up']
['market', 'price_change', 'price', 'down']

===== RAW GENERATION (decoded) =====
The observed trend in the data indicates a recent period of gasoline price volatility following a sustained upward trajectory over the prior three months. From t0 to t11, prices climbed steadily from $3.643 to a peak of $4.001, reflecting tightening supply conditions or heightened demand—potentially driven by seasonal summer driving patterns or upstream crude oil market dynamics. However, in the current month, the weekly changes (dOT) reveal a shift: an initial minor dip (c0: –0.006), followed by a modest rebound (c1: +0.016), a sharper increase (c2: +0.060), and then a notable decline (c3: –0.038). This reversal in the final week suggests a potential supply-side intervention or weakening demand signal. The mid-month spike could align with a crude oil price surge or inventory drawdown, while the subsequent drop may reflect a strategic petroleum reserve release, easing geopolitical tensions, or a bearish EIA inventory report. Together, these movements point to active market recalibration in response to real-time supply-demand signals or policy actions.

⟪FINAL⟫{
  "hypotheses": [
    {
      "key": "eia|report_release|inventory|down"
    },
    {
      "key": "united_states|release|inventory|up"
    },
    {
      "key": "opec_plus|production_cut|crude_oil|down"
    },
    {
      "key": "market|price_change|gasoline|ambiguous"
    },
    {
      "key": "eia|forecast_lower|forecast|down"
    }
  ]
}
===== END RAW GENERATION =====
[DEBUG] parsed JSON: {"hypotheses": [{"key": "eia|report_release|inventory|down"}, {"key": "united_states|release|inventory|up"}, {"key": "opec_plus|production_cut|crude_oil|down"}, {"key": "market|price_change|gasoline|ambiguous"}, {"key": "eia|forecast_lower|forecast|down"}]}
['eia', 'report_release', 'inventory', 'down']
['united_states', 'release', 'inventory', 'up']
['opec_plus', 'production_cut', 'crude_oil', 'down']
['market', 'price_change', 'gasoline', 'ambiguous']
['eia', 'forecast_lower', 'forecast', 'down']
recall_all: 0.22125220458553788 precision_all: 0.26666666666666666
Labels:
['market', 'price_change', 'gasoline', 'down']
['market', 'price_change', 'price', 'down']
['eia', 'report_release', 'price', 'down']
['united_states', 'report_release', 'price', 'down']
['eia', 'report_release', 'production', 'up']
['united_states', 'price_change', 'gasoline', 'down']
['united_states', 'production_raise', 'crude_oil', 'up']

===== RAW GENERATION (decoded) =====
The observed trend in the data indicates a sustained and accelerating decline in U.S. gasoline prices over the past month, following a period of relative stability and modest volatility in the preceding three months. The context window shows prices hovering around $3.90–$4.00 per gallon from t0 to t8, with only minor fluctuations, suggesting a balanced market. However, starting at t9, a sharp and consistent downward trajectory emerges, with weekly declines intensifying through t12, culminating in a current-month cumulative drop of approximately $0.39 per gallon. The weekly changes in the current month (dP) are all negative and notably larger in magnitude than prior fluctuations, pointing to a structural shift rather than temporary noise. This pattern strongly suggests a combination of weakening demand—potentially due to seasonal factors or economic softening—and/or increasing supply availability. Real-time drivers could include a significant drawdown in crude oil prices, a strategic release from U.S. petroleum reserves, or bearish inventory reports indicating surplus supply. Additionally, global production decisions or revised demand forecasts may have contributed to downward pressure on refined product prices.

⟪FINAL⟫{
  "hypotheses": [
    {
      "key": "eia|report_release|inventory|down"
    },
    {
      "key": "united_states|release|inventory|up"
    },
    {
      "key": "opec_plus|production_raise|crude_oil|up"
    },
    {
      "key": "eia|forecast_lower|forecast|down"
    },
    {
      "key": "market|price_change|gasoline|down"
    }
  ]
}
===== END RAW GENERATION =====
[DEBUG] parsed JSON: {"hypotheses": [{"key": "eia|report_release|inventory|down"}, {"key": "united_states|release|inventory|up"}, {"key": "opec_plus|production_raise|crude_oil|up"}, {"key": "eia|forecast_lower|forecast|down"}, {"key": "market|price_change|gasoline|down"}]}
['eia', 'report_release', 'inventory', 'down']
['united_states', 'release', 'inventory', 'up']
['opec_plus', 'production_raise', 'crude_oil', 'up']
['eia', 'forecast_lower', 'forecast', 'down']
['market', 'price_change', 'gasoline', 'down']
recall_all: 0.21341269841269836 precision_all: 0.26
Labels:
['market', 'price_change', 'price', 'down']
['market', 'price_change', 'gasoline', 'down']
['market', 'price_change', 'crude_oil', 'down']
['united_states', 'price_change', 'gasoline', 'down']
['united_states', 'production_raise', 'crude_oil', 'up']
['united_states', 'report_release', 'inventory', 'down']
['united_states', 'report_release', 'production', 'up']

===== RAW GENERATION (decoded) =====
The observed trend in the data indicates a sustained and accelerating decline in U.S. gasoline prices over the past three months, with the most recent four weeks continuing a consistent downward trajectory. Starting from a peak of $4.001 in early February, prices have fallen nearly $0.64 per gallon by the end of the current month, reflecting a cumulative drop of over 15%. The weekly declines in the current month—ranging from –$0.047 to –$0.080—suggest persistent downward pressure rather than temporary volatility. This pattern aligns with typical seasonal demand softening post-winter, but the magnitude and consistency of the drop point to broader market forces. Likely contributors include easing global crude oil prices, increased U.S. domestic production, and strategic inventory releases. Additionally, softer-than-expected demand forecasts or macroeconomic concerns may be dampening price expectations. The steady week-over-week decreases in the current month imply that recent real-time events—such as bearish inventory reports, OPEC+ policy decisions, or U.S. government actions—have reinforced market sentiment toward lower fuel costs.

⟪FINAL⟫{
  "hypotheses": [
    {
      "key": "eia|report_release|inventory|down"
    },
    {
      "key": "opec_plus|production_raise|crude_oil|up"
    },
    {
      "key": "united_states|release|inventory|down"
    },
    {
      "key": "eia|forecast_lower|gasoline|down"
    },
    {
      "key": "market|price_change|brent|down"
    }
  ]
}
===== END RAW GENERATION =====
[DEBUG] parsed JSON: {"hypotheses": [{"key": "eia|report_release|inventory|down"}, {"key": "opec_plus|production_raise|crude_oil|up"}, {"key": "united_states|release|inventory|down"}, {"key": "eia|forecast_lower|gasoline|down"}, {"key": "market|price_change|brent|down"}]}
['eia', 'report_release', 'inventory', 'down']
['opec_plus', 'production_raise', 'crude_oil', 'up']
['united_states', 'release', 'inventory', 'down']
['eia', 'forecast_lower', 'gasoline', 'down']
['market', 'price_change', 'brent', 'down']
recall_all: 0.19401154401154397 precision_all: 0.23636363636363636
Labels:
['market', 'price_change', 'price', 'down']
['market', 'price_change', 'price', 'up']
['united_states', 'price_change', 'gasoline', 'down']
['eia', 'report_release', 'price', 'down']
['market', 'price_change', 'gasoline', 'down']
['united_states', 'price_change', 'natural_gas', 'down']
['united_states', 'production_raise', 'crude_oil', 'up']

===== RAW GENERATION (decoded) =====
The observed trend in the data indicates a sustained decline in U.S. gasoline prices over the past three months, falling from $3.930 to $3.176—a drop of roughly $0.75 per gallon—reflecting easing crude oil costs, robust domestic supply, and seasonal demand softness. However, the most recent four weeks (the current month) show a nuanced shift: after three consecutive weeks of further declines (including a sharp $0.096 drop in week c1), prices reversed course in week c3 with a $0.062 increase. This rebound suggests a potential short-term supply constraint or a demand uptick, possibly tied to early summer travel expectations or inventory adjustments. The prior weeks’ steep drops may have reflected high gasoline inventories or weaker-than-expected demand, while the latest uptick could signal market recalibration ahead of peak driving season or a reaction to new data on crude or product stocks.

⟪FINAL⟫{
  "hypotheses": [
    {
      "key": "eia|report_release|inventory|down"
    },
    {
      "key": "market|price_change|gasoline|up"
    },
    {
      "key": "opec_plus|production_cut|crude_oil|down"
    },
    {
      "key": "united_states|release|inventory|down"
    },
    {
      "key": "eia|forecast_lower|forecast|down"
    }
  ]
}
===== END RAW GENERATION =====
[DEBUG] parsed JSON: {"hypotheses": [{"key": "eia|report_release|inventory|down"}, {"key": "market|price_change|gasoline|up"}, {"key": "opec_plus|production_cut|crude_oil|down"}, {"key": "united_states|release|inventory|down"}, {"key": "eia|forecast_lower|forecast|down"}]}
['eia', 'report_release', 'inventory', 'down']
['market', 'price_change', 'gasoline', 'up']
['opec_plus', 'production_cut', 'crude_oil', 'down']
['united_states', 'release', 'inventory', 'down']
['eia', 'forecast_lower', 'forecast', 'down']
recall_all: 0.1897486772486772 precision_all: 0.23333333333333336
Labels:
['market', 'price_change', 'price', 'up']
['eia', 'report_release', 'price', 'down']
['market', 'price_change', 'price', 'down']
['united_states', 'price_change', 'gasoline', 'down']
['eia', 'forecast_lower', 'price', 'down']
['eia', 'forecast_raise', 'production', 'up']

===== RAW GENERATION (decoded) =====
The observed trend in the data indicates a sustained decline in U.S. gasoline prices over the past three months, bottoming out around t10–t11 before a modest rebound in the most recent weeks. The initial steady drop—from $3.520 at t0 to $3.179 at t10—suggests weakening demand, possibly tied to seasonal factors (e.g., post-summer driving lull) or broader macroeconomic softening. However, the recent weekly changes in the current month (dOT) reveal a shift: after continued small declines in c0–c2, prices stabilized (c3: +0.002) and then rose notably in c4 (+0.033), signaling a potential reversal. This inflection aligns with real-time market interventions or supply-side developments, such as a strategic petroleum reserve release tapering off, unexpected refinery outages, or geopolitical supply constraints affecting crude inputs. The modest but accelerating upward movement in the latest week may reflect tightening gasoline inventories or a rebound in crude oil prices, possibly driven by OPEC+ supply discipline or revised U.S. demand forecasts.

⟪FINAL⟫{
  "hypotheses": [
    {
      "key": "eia|report_release|inventory|down"
    },
    {
      "key": "opec_plus|production_cut|crude_oil|down"
    },
    {
      "key": "united_states|release|inventory|down"
    },
    {
      "key": "market|price_change|gasoline|up"
    },
    {
      "key": "eia|forecast_raise|price|up"
    }
  ]
}
===== END RAW GENERATION =====
[DEBUG] parsed JSON: {"hypotheses": [{"key": "eia|report_release|inventory|down"}, {"key": "opec_plus|production_cut|crude_oil|down"}, {"key": "united_states|release|inventory|down"}, {"key": "market|price_change|gasoline|up"}, {"key": "eia|forecast_raise|price|up"}]}
['eia', 'report_release', 'inventory', 'down']
['opec_plus', 'production_cut', 'crude_oil', 'down']
['united_states', 'release', 'inventory', 'down']
['market', 'price_change', 'gasoline', 'up']
['eia', 'forecast_raise', 'price', 'up']
recall_all: 0.1751526251526251 precision_all: 0.2153846153846154
Labels:
['eia', 'report_release', 'inventory', 'up']
['market', 'price_change', 'crude_oil', 'down']
['market', 'price_change', 'price', 'down']
['eia', 'report_release', 'price', 'ambiguous']
['eia', 'report_release', 'price', 'up']
['market', 'price_change', 'crude_oil', 'up']
['market', 'price_change', 'gasoline', 'up']
['market', 'price_change', 'natural_gas', 'down']
['market', 'price_change', 'price', 'up']

===== RAW GENERATION (decoded) =====
The observed trend in the data indicates a recent reversal in the downward trajectory of U.S. gasoline prices, which had been steadily declining from 3.355 at t0 to a low of 3.179 at t6 before beginning to climb again. Over the past month, the weekly changes (dOT) show three consecutive increases—+0.040, +0.055, and +0.076—followed by a modest pullback of -0.020 in the most recent week. This pattern suggests a short-term supply-demand imbalance or external market pressure pushing prices upward. The initial decline may have reflected easing crude oil costs or reduced seasonal demand, but the recent uptick aligns with potential supply constraints, heightened refinery activity, or geopolitical developments affecting crude markets. The sharp acceleration in price gains during weeks c1 and c2, followed by a slight correction, is consistent with market reactions to real-time data releases (e.g., EIA inventory reports) or OPEC+ policy signals that influence crude oil benchmarks, which in turn feed into gasoline pricing.

⟪FINAL⟫{
  "hypotheses": [
    {
      "key": "eia|report_release|inventory|down"
    },
    {
      "key": "opec_plus|production_cut|crude_oil|down"
    },
    {
      "key": "market|price_change|gasoline|up"
    },
    {
      "key": "united_states|release|inventory|down"
    },
    {
      "key": "eia|report_release|forecast|up"
    }
  ]
}
===== END RAW GENERATION =====
[DEBUG] parsed JSON: {"hypotheses": [{"key": "eia|report_release|inventory|down"}, {"key": "opec_plus|production_cut|crude_oil|down"}, {"key": "market|price_change|gasoline|up"}, {"key": "united_states|release|inventory|down"}, {"key": "eia|report_release|forecast|up"}]}
['eia', 'report_release', 'inventory', 'down']
['opec_plus', 'production_cut', 'crude_oil', 'down']
['market', 'price_change', 'gasoline', 'up']
['united_states', 'release', 'inventory', 'down']
['eia', 'report_release', 'forecast', 'up']
recall_all: 0.17851473922902492 precision_all: 0.2285714285714286
Labels:
['eia', 'report_release', 'price', 'up']
['eia', 'report_release', 'price', 'down']
['united_states', 'price_change', 'gasoline', 'up']
['eia', 'forecast_lower', 'price', 'down']
['eia', 'report_release', 'inventory', 'down']
['market', 'price_change', 'crude_oil', 'up']
['market', 'price_change', 'gasoline', 'up']
['market', 'price_change', 'natural_gas', 'down']
['market', 'price_change', 'price', 'up']
['united_states', 'report_release', 'price', 'up']

===== RAW GENERATION (decoded) =====
The observed trend in the data indicates a sustained upward trajectory in U.S. gasoline prices over the past three months, accelerating notably in the most recent weeks. Starting from a modest $3.213 at t0, prices climbed steadily to $3.639 by t12, with the steepest weekly increases occurring in the current month (dP values of +0.101, +0.026, +0.077, and +0.070). This pattern suggests mounting pressure on refined fuel markets, likely driven by a combination of tightening crude oil supply, robust seasonal demand, and potential inventory constraints. The sharp jump in the first week of the current month (+0.101) may reflect a delayed reaction to geopolitical supply disruptions or stronger-than-expected consumption data, while the continued gains—even if slightly moderated—point to sustained market tightness. Given the lag between crude price movements and retail gasoline prices, recent crude oil market dynamics, such as OPEC+ supply discipline or unexpected outages, could be materializing now at the pump. Additionally, refinery maintenance seasons or logistical bottlenecks might exacerbate price sensitivity during this period.

⟪FINAL⟫{
  "hypotheses": [
    {
      "key": "opec_plus|production_cut|crude_oil|down"
    },
    {
      "key": "eia|report_release|inventory|down"
    },
    {
      "key": "market|price_change|gasoline|up"
    },
    {
      "key": "united_states|release|inventory|down"
    },
    {
      "key": "eia|report_release|forecast|up"
    }
  ]
}
===== END RAW GENERATION =====
[DEBUG] parsed JSON: {"hypotheses": [{"key": "opec_plus|production_cut|crude_oil|down"}, {"key": "eia|report_release|inventory|down"}, {"key": "market|price_change|gasoline|up"}, {"key": "united_states|release|inventory|down"}, {"key": "eia|report_release|forecast|up"}]}
['opec_plus', 'production_cut', 'crude_oil', 'down']
['eia', 'report_release', 'inventory', 'down']
['market', 'price_change', 'gasoline', 'up']
['united_states', 'release', 'inventory', 'down']
['eia', 'report_release', 'forecast', 'up']
recall_all: 0.17994708994708994 precision_all: 0.24000000000000002
Labels:
['united_states', 'price_change', 'gasoline', 'up']
['market', 'price_change', 'natural_gas', 'down']
['market', 'price_change', 'price', 'up']
['united_states', 'report_release', 'price', 'up']

===== RAW GENERATION (decoded) =====
The observed trend in the data indicates a sustained upward trajectory in U.S. gasoline prices over the past three months, with weekly prices climbing from $3.254 to a recent peak of $3.791 before a slight dip to $3.777. This consistent increase suggests strong underlying demand, tightening supply conditions, or both. Notably, the current month’s week-over-week changes (dOT) show continued volatility but net positive momentum—particularly a sharp +$0.076 increase in the first week—followed by smaller gains and a modest decline in the most recent week. Such patterns often align with seasonal demand surges (e.g., summer driving season), refinery maintenance constraints, or global crude oil market dynamics. The recent plateau and slight pullback may reflect temporary demand softening or inventory builds, but the overall elevated price level points to persistent cost pressures, possibly driven by geopolitical tensions, OPEC+ supply discipline, or U.S. strategic petroleum reserve actions. The magnitude and timing of the weekly shifts—especially the early-month jump—hint at a specific market-moving event occurring just before or at the start of the current month.

⟪FINAL⟫{
  "hypotheses": [
    {
      "key": "opec_plus|extend_cut|production|down"
    },
    {
      "key": "eia|report_release|inventory|down"
    },
    {
      "key": "united_states|release|inventory|up"
    },
    {
      "key": "market|price_change|gasoline|up"
    },
    {
      "key": "eia|forecast_raise|price|up"
    }
  ]
}
===== END RAW GENERATION =====
[DEBUG] parsed JSON: {"hypotheses": [{"key": "opec_plus|extend_cut|production|down"}, {"key": "eia|report_release|inventory|down"}, {"key": "united_states|release|inventory|up"}, {"key": "market|price_change|gasoline|up"}, {"key": "eia|forecast_raise|price|up"}]}
['opec_plus', 'extend_cut', 'production', 'down']
['eia', 'report_release', 'inventory', 'down']
['united_states', 'release', 'inventory', 'up']
['market', 'price_change', 'gasoline', 'up']
['eia', 'forecast_raise', 'price', 'up']
recall_all: 0.1687003968253968 precision_all: 0.225
